[2023-02-23T12:12:47.211+0000][0.081s][info][gc,heap] Heap region size: 1M
[2023-02-23T12:12:47.227+0000][0.098s][info][gc     ] Using G1
[2023-02-23T12:12:47.228+0000][0.098s][info][gc,heap,coops] Heap address: 0x0000000740200000, size: 3070 MB, Compressed Oops mode: Zero based, Oop shift amount: 3
[2023-02-23T12:12:47.234+0000][0.104s][info][gc,cds       ] Mark closed archive regions in map: [0x00000007bfc00000, 0x00000007bfc6aff8]
[2023-02-23T12:12:47.235+0000][0.105s][info][gc,cds       ] Mark open archive regions in map: [0x00000007bf800000, 0x00000007bf847ff8]
[2023-02-23T12:12:47.561+0000][0.432s][debug][safepoint    ] Safepoint synchronization initiated. (10 threads)
[2023-02-23T12:12:47.562+0000][0.432s][info ][safepoint    ] Application time: 0.1230343 seconds
[2023-02-23T12:12:47.563+0000][0.433s][info ][safepoint    ] Entering safepoint region: Deoptimize
[2023-02-23T12:12:47.564+0000][0.434s][info ][safepoint    ] Leaving safepoint region
[2023-02-23T12:12:47.564+0000][0.434s][info ][safepoint    ] Total time for which application threads were stopped: 0.0013812 seconds, Stopping threads took: 0.0005093 seconds
[2023-02-23T12:12:48.565+0000][1.435s][debug][safepoint    ] Safepoint synchronization initiated. (14 threads)
[2023-02-23T12:12:48.565+0000][1.436s][info ][safepoint    ] Application time: 1.0008964 seconds
[2023-02-23T12:12:48.566+0000][1.436s][info ][safepoint    ] Entering safepoint region: Cleanup
[2023-02-23T12:12:48.567+0000][1.437s][info ][safepoint    ] Leaving safepoint region
[2023-02-23T12:12:48.567+0000][1.438s][info ][safepoint    ] Total time for which application threads were stopped: 0.0012207 seconds, Stopping threads took: 0.0004715 seconds
[2023-02-23T12:12:49.058+0000][1.928s][debug][safepoint    ] Safepoint synchronization initiated. (19 threads)
[2023-02-23T12:12:49.058+0000][1.929s][info ][safepoint    ] Application time: 0.4906534 seconds
[2023-02-23T12:12:49.059+0000][1.929s][info ][safepoint    ] Entering safepoint region: G1CollectForAllocation
[2023-02-23T12:12:49.059+0000][1.930s][info ][gc,start     ] GC(0) Pause Young (Normal) (G1 Evacuation Pause)
[2023-02-23T12:12:49.061+0000][1.931s][info ][gc,task      ] GC(0) Using 4 workers of 13 for evacuation
[2023-02-23T12:12:49.076+0000][1.946s][info ][gc,phases    ] GC(0)   Pre Evacuate Collection Set: 0.0ms
[2023-02-23T12:12:49.076+0000][1.946s][info ][gc,phases    ] GC(0)   Evacuate Collection Set: 12.6ms
[2023-02-23T12:12:49.076+0000][1.947s][info ][gc,phases    ] GC(0)   Post Evacuate Collection Set: 1.6ms
[2023-02-23T12:12:49.077+0000][1.947s][info ][gc,phases    ] GC(0)   Other: 2.1ms
[2023-02-23T12:12:49.077+0000][1.947s][info ][gc,heap      ] GC(0) Eden regions: 63->0(107)
[2023-02-23T12:12:49.077+0000][1.947s][info ][gc,heap      ] GC(0) Survivor regions: 0->8(8)
[2023-02-23T12:12:49.077+0000][1.947s][info ][gc,heap      ] GC(0) Old regions: 2->2
[2023-02-23T12:12:49.077+0000][1.948s][info ][gc,heap      ] GC(0) Humongous regions: 1->0
[2023-02-23T12:12:49.078+0000][1.948s][info ][gc,metaspace ] GC(0) Metaspace: 2956K->2956K(1056768K)
[2023-02-23T12:12:49.078+0000][1.948s][info ][gc           ] GC(0) Pause Young (Normal) (G1 Evacuation Pause) 64M->8M(194M) 18.539ms
[2023-02-23T12:12:49.078+0000][1.948s][info ][gc,cpu       ] GC(0) User=0.12s Sys=0.02s Real=0.01s
[2023-02-23T12:12:49.078+0000][1.949s][info ][safepoint    ] Leaving safepoint region
[2023-02-23T12:12:49.079+0000][1.949s][info ][safepoint    ] Total time for which application threads were stopped: 0.0199179 seconds, Stopping threads took: 0.0003281 seconds
[2023-02-23T12:12:49.167+0000][2.038s][debug][safepoint    ] Safepoint synchronization initiated. (19 threads)
[2023-02-23T12:12:49.168+0000][2.038s][info ][safepoint    ] Application time: 0.0891303 seconds
[2023-02-23T12:12:49.168+0000][2.039s][info ][safepoint    ] Entering safepoint region: Deoptimize
[2023-02-23T12:12:49.169+0000][2.039s][info ][safepoint    ] Leaving safepoint region
[2023-02-23T12:12:49.170+0000][2.040s][info ][safepoint    ] Total time for which application threads were stopped: 0.0012765 seconds, Stopping threads took: 0.0003977 seconds
[2023-02-23T12:12:49.183+0000][2.054s][debug][safepoint    ] Safepoint synchronization initiated. (19 threads)
[2023-02-23T12:12:49.184+0000][2.054s][info ][safepoint    ] Application time: 0.0138777 seconds
[2023-02-23T12:12:49.184+0000][2.054s][info ][safepoint    ] Entering safepoint region: Deoptimize
[2023-02-23T12:12:49.185+0000][2.055s][info ][safepoint    ] Leaving safepoint region
[2023-02-23T12:12:49.185+0000][2.056s][info ][safepoint    ] Total time for which application threads were stopped: 0.0011582 seconds, Stopping threads took: 0.0002870 seconds
[2023-02-23T12:12:49.355+0000][2.225s][debug][safepoint    ] Safepoint synchronization initiated. (19 threads)
[2023-02-23T12:12:49.355+0000][2.226s][info ][safepoint    ] Application time: 0.1695687 seconds
[2023-02-23T12:12:49.356+0000][2.226s][info ][safepoint    ] Entering safepoint region: Deoptimize
[2023-02-23T12:12:49.356+0000][2.227s][info ][safepoint    ] Leaving safepoint region
[2023-02-23T12:12:49.357+0000][2.227s][info ][safepoint    ] Total time for which application threads were stopped: 0.0011458 seconds, Stopping threads took: 0.0002920 seconds
[2023-02-23T12:12:49.376+0000][2.246s][debug][safepoint    ] Safepoint synchronization initiated. (19 threads)
[2023-02-23T12:12:49.376+0000][2.247s][info ][safepoint    ] Application time: 0.0191731 seconds
[2023-02-23T12:12:49.377+0000][2.247s][info ][safepoint    ] Entering safepoint region: Deoptimize
[2023-02-23T12:12:49.377+0000][2.248s][info ][safepoint    ] Leaving safepoint region
[2023-02-23T12:12:49.378+0000][2.248s][info ][safepoint    ] Total time for which application threads were stopped: 0.0011557 seconds, Stopping threads took: 0.0002655 seconds
[2023-02-23T12:12:50.335+0000][3.205s][debug][safepoint    ] Safepoint synchronization initiated. (14 threads)
[2023-02-23T12:12:50.335+0000][3.206s][info ][safepoint    ] Application time: 0.9572666 seconds
[2023-02-23T12:12:50.336+0000][3.206s][info ][safepoint    ] Entering safepoint region: G1CollectForAllocation
[2023-02-23T12:12:50.337+0000][3.207s][info ][gc,start     ] GC(1) Pause Young (Normal) (G1 Evacuation Pause)
[2023-02-23T12:12:50.337+0000][3.207s][info ][gc,task      ] GC(1) Using 4 workers of 13 for evacuation
[2023-02-23T12:12:50.352+0000][3.223s][info ][gc,phases    ] GC(1)   Pre Evacuate Collection Set: 0.0ms
[2023-02-23T12:12:50.353+0000][3.223s][info ][gc,phases    ] GC(1)   Evacuate Collection Set: 13.4ms
[2023-02-23T12:12:50.353+0000][3.224s][info ][gc,phases    ] GC(1)   Post Evacuate Collection Set: 1.4ms
[2023-02-23T12:12:50.354+0000][3.224s][info ][gc,phases    ] GC(1)   Other: 1.1ms
[2023-02-23T12:12:50.354+0000][3.224s][info ][gc,heap      ] GC(1) Eden regions: 107->0(112)
[2023-02-23T12:12:50.355+0000][3.225s][info ][gc,heap      ] GC(1) Survivor regions: 8->3(15)
[2023-02-23T12:12:50.355+0000][3.225s][info ][gc,heap      ] GC(1) Old regions: 2->10
[2023-02-23T12:12:50.355+0000][3.225s][info ][gc,heap      ] GC(1) Humongous regions: 0->0
[2023-02-23T12:12:50.356+0000][3.226s][info ][gc,metaspace ] GC(1) Metaspace: 7386K->7386K(1056768K)
[2023-02-23T12:12:50.356+0000][3.226s][info ][gc           ] GC(1) Pause Young (Normal) (G1 Evacuation Pause) 115M->10M(194M) 19.235ms
[2023-02-23T12:12:50.356+0000][3.226s][info ][gc,cpu       ] GC(1) User=0.07s Sys=0.00s Real=0.02s
[2023-02-23T12:12:50.356+0000][3.226s][info ][safepoint    ] Leaving safepoint region
[2023-02-23T12:12:50.356+0000][3.227s][info ][safepoint    ] Total time for which application threads were stopped: 0.0206665 seconds, Stopping threads took: 0.0003248 seconds
[2023-02-23T12:12:50.357+0000][3.227s][info ][gc,stringdedup] Concurrent String Deduplication (3.227s)
[2023-02-23T12:12:50.382+0000][3.253s][info ][gc,stringdedup] Concurrent String Deduplication 2144.9K->1953.4K(191.5K) avg 7.9% (3.227s, 3.253s) 25.648ms
[2023-02-23T12:12:51.292+0000][4.163s][debug][safepoint     ] Safepoint synchronization initiated. (16 threads)
[2023-02-23T12:12:51.293+0000][4.163s][info ][safepoint     ] Application time: 0.9363193 seconds
[2023-02-23T12:12:51.293+0000][4.164s][info ][safepoint     ] Entering safepoint region: G1CollectForAllocation
[2023-02-23T12:12:51.294+0000][4.165s][info ][gc,start      ] GC(2) Pause Young (Normal) (G1 Evacuation Pause)
[2023-02-23T12:12:51.295+0000][4.165s][info ][gc,task       ] GC(2) Using 4 workers of 13 for evacuation
[2023-02-23T12:12:51.304+0000][4.174s][info ][gc,phases     ] GC(2)   Pre Evacuate Collection Set: 0.0ms
[2023-02-23T12:12:51.304+0000][4.174s][info ][gc,phases     ] GC(2)   Evacuate Collection Set: 5.9ms
[2023-02-23T12:12:51.305+0000][4.175s][info ][gc,phases     ] GC(2)   Post Evacuate Collection Set: 2.2ms
[2023-02-23T12:12:51.305+0000][4.175s][info ][gc,phases     ] GC(2)   Other: 1.2ms
[2023-02-23T12:12:51.305+0000][4.175s][info ][gc,heap       ] GC(2) Eden regions: 112->0(111)
[2023-02-23T12:12:51.305+0000][4.176s][info ][gc,heap       ] GC(2) Survivor regions: 3->4(15)
[2023-02-23T12:12:51.306+0000][4.176s][info ][gc,heap       ] GC(2) Old regions: 10->10
[2023-02-23T12:12:51.306+0000][4.176s][info ][gc,heap       ] GC(2) Humongous regions: 0->0
[2023-02-23T12:12:51.306+0000][4.176s][info ][gc,metaspace  ] GC(2) Metaspace: 11230K->11230K(1060864K)
[2023-02-23T12:12:51.306+0000][4.176s][info ][gc            ] GC(2) Pause Young (Normal) (G1 Evacuation Pause) 122M->11M(194M) 11.951ms
[2023-02-23T12:12:51.306+0000][4.177s][info ][gc,cpu        ] GC(2) User=0.05s Sys=0.01s Real=0.01s
[2023-02-23T12:12:51.307+0000][4.177s][info ][safepoint     ] Leaving safepoint region
[2023-02-23T12:12:51.307+0000][4.177s][info ][safepoint     ] Total time for which application threads were stopped: 0.0133862 seconds, Stopping threads took: 0.0004071 seconds
[2023-02-23T12:12:51.317+0000][4.187s][debug][safepoint     ] Safepoint synchronization initiated. (16 threads)
[2023-02-23T12:12:51.317+0000][4.188s][info ][safepoint     ] Application time: 0.0102407 seconds
[2023-02-23T12:12:51.318+0000][4.188s][info ][safepoint     ] Entering safepoint region: Deoptimize
[2023-02-23T12:12:51.319+0000][4.189s][info ][safepoint     ] Leaving safepoint region
[2023-02-23T12:12:51.319+0000][4.189s][info ][safepoint     ] Total time for which application threads were stopped: 0.0015176 seconds, Stopping threads took: 0.0003921 seconds
[2023-02-23T12:12:51.528+0000][4.398s][debug][safepoint     ] Safepoint synchronization initiated. (16 threads)
[2023-02-23T12:12:51.528+0000][4.399s][info ][safepoint     ] Application time: 0.2088549 seconds
[2023-02-23T12:12:51.529+0000][4.399s][info ][safepoint     ] Entering safepoint region: ICBufferFull
[2023-02-23T12:12:51.529+0000][4.400s][info ][safepoint     ] Leaving safepoint region
[2023-02-23T12:12:51.530+0000][4.400s][info ][safepoint     ] Total time for which application threads were stopped: 0.0009867 seconds, Stopping threads took: 0.0003333 seconds
[2023-02-23T12:12:51.961+0000][4.831s][debug][safepoint     ] Safepoint synchronization initiated. (18 threads)
[2023-02-23T12:12:51.961+0000][4.832s][info ][safepoint     ] Application time: 0.4314167 seconds
[2023-02-23T12:12:51.962+0000][4.832s][debug][safepoint     ] ... found polling page return exception at pc = 0x00007f24614e6d02, stub =0x00007f246085a800
[2023-02-23T12:12:51.963+0000][4.833s][debug][safepoint     ] Waiting for 3 thread(s) to block
[2023-02-23T12:12:51.964+0000][4.834s][info ][safepoint     ] Entering safepoint region: G1CollectForAllocation
[2023-02-23T12:12:51.964+0000][4.835s][info ][gc,start      ] GC(3) Pause Young (Normal) (G1 Evacuation Pause)
[2023-02-23T12:12:51.965+0000][4.835s][info ][gc,task       ] GC(3) Using 4 workers of 13 for evacuation
[2023-02-23T12:12:51.978+0000][4.848s][info ][gc,phases     ] GC(3)   Pre Evacuate Collection Set: 0.0ms
[2023-02-23T12:12:51.978+0000][4.849s][info ][gc,phases     ] GC(3)   Evacuate Collection Set: 10.1ms
[2023-02-23T12:12:51.979+0000][4.849s][info ][gc,phases     ] GC(3)   Post Evacuate Collection Set: 2.6ms
[2023-02-23T12:12:51.979+0000][4.849s][info ][gc,phases     ] GC(3)   Other: 1.0ms
[2023-02-23T12:12:51.979+0000][4.849s][info ][gc,heap       ] GC(3) Eden regions: 111->0(109)
[2023-02-23T12:12:51.980+0000][4.850s][info ][gc,heap       ] GC(3) Survivor regions: 4->6(15)
[2023-02-23T12:12:51.980+0000][4.850s][info ][gc,heap       ] GC(3) Old regions: 10->10
[2023-02-23T12:12:51.980+0000][4.850s][info ][gc,heap       ] GC(3) Humongous regions: 0->0
[2023-02-23T12:12:51.980+0000][4.851s][info ][gc,metaspace  ] GC(3) Metaspace: 15464K->15464K(1062912K)
[2023-02-23T12:12:51.981+0000][4.851s][info ][gc            ] GC(3) Pause Young (Normal) (G1 Evacuation Pause) 122M->13M(194M) 16.234ms
[2023-02-23T12:12:51.981+0000][4.851s][info ][gc,cpu        ] GC(3) User=0.08s Sys=0.00s Real=0.02s
[2023-02-23T12:12:51.981+0000][4.851s][info ][safepoint     ] Leaving safepoint region
[2023-02-23T12:12:51.981+0000][4.851s][info ][safepoint     ] Total time for which application threads were stopped: 0.0193158 seconds, Stopping threads took: 0.0021160 seconds
[2023-02-23T12:12:51.981+0000][4.852s][info ][gc,stringdedup] Concurrent String Deduplication (4.852s)
[2023-02-23T12:12:51.985+0000][4.856s][info ][gc,stringdedup] Concurrent String Deduplication 158.2K->50112.0B(109.3K) avg 11.7% (4.852s, 4.856s) 3.915ms
[2023-02-23T12:12:52.233+0000][5.103s][debug][safepoint     ] Safepoint synchronization initiated. (18 threads)
[2023-02-23T12:12:52.234+0000][5.104s][info ][safepoint     ] Application time: 0.2522819 seconds
[2023-02-23T12:12:52.234+0000][5.104s][debug][safepoint     ] ... found polling page return exception at pc = 0x00007f24683f726c, stub =0x00007f246085a800
[2023-02-23T12:12:52.234+0000][5.105s][debug][safepoint     ] Waiting for 1 thread(s) to block
[2023-02-23T12:12:52.235+0000][5.105s][info ][safepoint     ] Entering safepoint region: Deoptimize
[2023-02-23T12:12:52.236+0000][5.106s][info ][safepoint     ] Leaving safepoint region
[2023-02-23T12:12:52.236+0000][5.107s][info ][safepoint     ] Total time for which application threads were stopped: 0.0021991 seconds, Stopping threads took: 0.0010707 seconds
[2023-02-23T12:12:52.255+0000][5.125s][debug][safepoint     ] Safepoint synchronization initiated. (18 threads)
[2023-02-23T12:12:52.255+0000][5.125s][info ][safepoint     ] Application time: 0.0186023 seconds
[2023-02-23T12:12:52.255+0000][5.126s][info ][safepoint     ] Entering safepoint region: Deoptimize
[2023-02-23T12:12:52.256+0000][5.127s][info ][safepoint     ] Leaving safepoint region
[2023-02-23T12:12:52.257+0000][5.127s][info ][safepoint     ] Total time for which application threads were stopped: 0.0011124 seconds, Stopping threads took: 0.0002270 seconds
[2023-02-23T12:12:52.343+0000][5.213s][debug][safepoint     ] Safepoint synchronization initiated. (18 threads)
[2023-02-23T12:12:52.343+0000][5.214s][info ][safepoint     ] Application time: 0.0865214 seconds
[2023-02-23T12:12:52.344+0000][5.214s][debug][safepoint     ] ... found polling page return exception at pc = 0x00007f246843a87e, stub =0x00007f246085a800
[2023-02-23T12:12:52.344+0000][5.215s][debug][safepoint     ] Waiting for 1 thread(s) to block
[2023-02-23T12:12:52.345+0000][5.215s][info ][safepoint     ] Entering safepoint region: G1CollectForAllocation
[2023-02-23T12:12:52.345+0000][5.215s][info ][gc,start      ] GC(4) Pause Young (Normal) (G1 Evacuation Pause)
[2023-02-23T12:12:52.346+0000][5.216s][info ][gc,task       ] GC(4) Using 4 workers of 13 for evacuation
[2023-02-23T12:12:52.356+0000][5.226s][info ][gc,phases     ] GC(4)   Pre Evacuate Collection Set: 0.0ms
[2023-02-23T12:12:52.356+0000][5.226s][info ][gc,phases     ] GC(4)   Evacuate Collection Set: 7.3ms
[2023-02-23T12:12:52.356+0000][5.227s][info ][gc,phases     ] GC(4)   Post Evacuate Collection Set: 2.4ms
[2023-02-23T12:12:52.357+0000][5.227s][info ][gc,phases     ] GC(4)   Other: 0.8ms
[2023-02-23T12:12:52.357+0000][5.227s][info ][gc,heap       ] GC(4) Eden regions: 109->0(108)
[2023-02-23T12:12:52.357+0000][5.227s][info ][gc,heap       ] GC(4) Survivor regions: 6->7(15)
[2023-02-23T12:12:52.357+0000][5.227s][info ][gc,heap       ] GC(4) Old regions: 10->10
[2023-02-23T12:12:52.357+0000][5.228s][info ][gc,heap       ] GC(4) Humongous regions: 0->0
[2023-02-23T12:12:52.358+0000][5.228s][info ][gc,metaspace  ] GC(4) Metaspace: 17687K->17687K(1064960K)
[2023-02-23T12:12:52.358+0000][5.228s][info ][gc            ] GC(4) Pause Young (Normal) (G1 Evacuation Pause) 122M->14M(194M) 12.713ms
[2023-02-23T12:12:52.358+0000][5.228s][info ][gc,cpu        ] GC(4) User=0.06s Sys=0.00s Real=0.01s
[2023-02-23T12:12:52.358+0000][5.229s][info ][safepoint     ] Leaving safepoint region
[2023-02-23T12:12:52.359+0000][5.229s][info ][safepoint     ] Total time for which application threads were stopped: 0.0149289 seconds, Stopping threads took: 0.0012200 seconds
[2023-02-23T12:12:52.359+0000][5.229s][info ][gc,stringdedup] Concurrent String Deduplication (5.229s)
[2023-02-23T12:12:52.362+0000][5.232s][info ][gc,stringdedup] Concurrent String Deduplication 135.9K->67568.0B(71584.0B) avg 13.7% (5.229s, 5.232s) 2.440ms
[2023-02-23T12:12:52.504+0000][5.375s][debug][safepoint     ] Safepoint synchronization initiated. (19 threads)
[2023-02-23T12:12:52.505+0000][5.375s][info ][safepoint     ] Application time: 0.1459407 seconds
[2023-02-23T12:12:52.505+0000][5.375s][info ][safepoint     ] Entering safepoint region: Deoptimize
[2023-02-23T12:12:52.506+0000][5.376s][info ][safepoint     ] Leaving safepoint region
[2023-02-23T12:12:52.506+0000][5.377s][info ][safepoint     ] Total time for which application threads were stopped: 0.0012612 seconds, Stopping threads took: 0.0002680 seconds
[2023-02-23T12:12:52.756+0000][5.626s][debug][safepoint     ] Safepoint synchronization initiated. (20 threads)
[2023-02-23T12:12:52.757+0000][5.627s][info ][safepoint     ] Application time: 0.2499266 seconds
[2023-02-23T12:12:52.757+0000][5.627s][debug][safepoint     ] Waiting for 1 thread(s) to block
[2023-02-23T12:12:52.758+0000][5.628s][info ][safepoint     ] Entering safepoint region: CollectForMetadataAllocation
[2023-02-23T12:12:52.758+0000][5.629s][info ][gc,start      ] GC(5) Pause Young (Concurrent Start) (Metadata GC Threshold)
[2023-02-23T12:12:52.759+0000][5.629s][info ][gc,task       ] GC(5) Using 4 workers of 13 for evacuation
[2023-02-23T12:12:52.771+0000][5.641s][info ][gc,phases     ] GC(5)   Pre Evacuate Collection Set: 0.2ms
[2023-02-23T12:12:52.772+0000][5.642s][info ][gc,phases     ] GC(5)   Evacuate Collection Set: 9.6ms
[2023-02-23T12:12:52.772+0000][5.642s][info ][gc,phases     ] GC(5)   Post Evacuate Collection Set: 2.3ms
[2023-02-23T12:12:52.772+0000][5.643s][info ][gc,phases     ] GC(5)   Other: 0.9ms
[2023-02-23T12:12:52.773+0000][5.643s][info ][gc,heap       ] GC(5) Eden regions: 63->0(131)
[2023-02-23T12:12:52.773+0000][5.643s][info ][gc,heap       ] GC(5) Survivor regions: 7->8(15)
[2023-02-23T12:12:52.773+0000][5.643s][info ][gc,heap       ] GC(5) Old regions: 10->10
[2023-02-23T12:12:52.773+0000][5.644s][info ][gc,heap       ] GC(5) Humongous regions: 0->0
[2023-02-23T12:12:52.774+0000][5.644s][info ][gc,metaspace  ] GC(5) Metaspace: 20392K->20392K(1067008K)
[2023-02-23T12:12:52.774+0000][5.644s][info ][gc            ] GC(5) Pause Young (Concurrent Start) (Metadata GC Threshold) 77M->16M(233M) 15.664ms
[2023-02-23T12:12:52.774+0000][5.644s][info ][gc,cpu        ] GC(5) User=0.13s Sys=0.01s Real=0.02s
[2023-02-23T12:12:52.774+0000][5.645s][info ][gc            ] GC(6) Concurrent Cycle
[2023-02-23T12:12:52.775+0000][5.645s][info ][safepoint     ] Leaving safepoint region
[2023-02-23T12:12:52.775+0000][5.645s][info ][gc,marking    ] GC(6) Concurrent Clear Claimed Marks
[2023-02-23T12:12:52.775+0000][5.645s][info ][safepoint     ] Total time for which application threads were stopped: 0.0178917 seconds, Stopping threads took: 0.0008188 seconds
[2023-02-23T12:12:52.775+0000][5.646s][info ][gc,marking    ] GC(6) Concurrent Clear Claimed Marks 0.628ms
[2023-02-23T12:12:52.776+0000][5.646s][info ][gc,marking    ] GC(6) Concurrent Scan Root Regions
[2023-02-23T12:12:52.776+0000][5.646s][info ][gc,stringdedup] Concurrent String Deduplication (5.646s)
[2023-02-23T12:12:52.781+0000][5.651s][info ][gc,stringdedup] Concurrent String Deduplication 142.9K->78200.0B(68128.0B) avg 15.3% (5.646s, 5.651s) 5.515ms
[2023-02-23T12:12:52.783+0000][5.653s][info ][gc,marking    ] GC(6) Concurrent Scan Root Regions 7.077ms
[2023-02-23T12:12:52.784+0000][5.654s][info ][gc,marking    ] GC(6) Concurrent Mark (5.654s)
[2023-02-23T12:12:52.784+0000][5.654s][info ][gc,marking    ] GC(6) Concurrent Mark From Roots
[2023-02-23T12:12:52.784+0000][5.655s][info ][gc,task       ] GC(6) Using 3 workers of 3 for marking
[2023-02-23T12:12:52.792+0000][5.662s][info ][gc,marking    ] GC(6) Concurrent Mark From Roots 7.740ms
[2023-02-23T12:12:52.792+0000][5.663s][info ][gc,marking    ] GC(6) Concurrent Preclean
[2023-02-23T12:12:52.793+0000][5.663s][info ][gc,marking    ] GC(6) Concurrent Preclean 0.478ms
[2023-02-23T12:12:52.793+0000][5.663s][info ][gc,marking    ] GC(6) Concurrent Mark (5.654s, 5.663s) 9.600ms
[2023-02-23T12:12:52.794+0000][5.664s][debug][safepoint     ] Safepoint synchronization initiated. (20 threads)
[2023-02-23T12:12:52.794+0000][5.664s][info ][safepoint     ] Application time: 0.0184594 seconds
[2023-02-23T12:12:52.794+0000][5.665s][debug][safepoint     ] ... found polling page return exception at pc = 0x00007f24685030f8, stub =0x00007f246085a800
[2023-02-23T12:12:52.795+0000][5.665s][debug][safepoint     ] Waiting for 4 thread(s) to block
[2023-02-23T12:12:52.795+0000][5.666s][info ][safepoint     ] Entering safepoint region: CGC_Operation
[2023-02-23T12:12:52.796+0000][5.666s][info ][gc,start      ] GC(6) Pause Remark
[2023-02-23T12:12:52.800+0000][5.671s][info ][gc,stringtable] GC(6) Cleaned string and symbol table, strings: 8247 processed, 7 removed, symbols: 54110 processed, 115 removed
[2023-02-23T12:12:52.801+0000][5.671s][info ][gc            ] GC(6) Pause Remark 18M->18M(233M) 5.213ms
[2023-02-23T12:12:52.802+0000][5.672s][info ][gc,cpu        ] GC(6) User=0.07s Sys=0.00s Real=0.01s
[2023-02-23T12:12:52.802+0000][5.672s][info ][safepoint     ] Leaving safepoint region
[2023-02-23T12:12:52.802+0000][5.672s][info ][safepoint     ] Total time for which application threads were stopped: 0.0076518 seconds, Stopping threads took: 0.0014490 seconds
[2023-02-23T12:12:52.802+0000][5.673s][info ][gc,marking    ] GC(6) Concurrent Rebuild Remembered Sets
[2023-02-23T12:12:52.806+0000][5.676s][info ][gc,marking    ] GC(6) Concurrent Rebuild Remembered Sets 3.510ms
[2023-02-23T12:12:52.806+0000][5.677s][debug][safepoint     ] Safepoint synchronization initiated. (20 threads)
[2023-02-23T12:12:52.807+0000][5.677s][info ][safepoint     ] Application time: 0.0046513 seconds
[2023-02-23T12:12:52.807+0000][5.677s][debug][safepoint     ] Waiting for 1 thread(s) to block
[2023-02-23T12:12:52.808+0000][5.678s][info ][safepoint     ] Entering safepoint region: CGC_Operation
[2023-02-23T12:12:52.808+0000][5.678s][info ][gc,start      ] GC(6) Pause Cleanup
[2023-02-23T12:12:52.809+0000][5.679s][info ][gc            ] GC(6) Pause Cleanup 18M->18M(233M) 0.507ms
[2023-02-23T12:12:52.809+0000][5.679s][info ][gc,cpu        ] GC(6) User=0.03s Sys=0.00s Real=0.01s
[2023-02-23T12:12:52.809+0000][5.679s][info ][safepoint     ] Leaving safepoint region
[2023-02-23T12:12:52.809+0000][5.680s][info ][safepoint     ] Total time for which application threads were stopped: 0.0022357 seconds, Stopping threads took: 0.0007136 seconds
[2023-02-23T12:12:52.810+0000][5.680s][info ][gc,marking    ] GC(6) Concurrent Cleanup for Next Mark
[2023-02-23T12:12:52.813+0000][5.684s][info ][gc,marking    ] GC(6) Concurrent Cleanup for Next Mark 3.636ms
[2023-02-23T12:12:52.814+0000][5.684s][info ][gc            ] GC(6) Concurrent Cycle 39.584ms
[2023-02-23T12:12:53.223+0000][6.094s][debug][safepoint     ] Safepoint synchronization initiated. (20 threads)
[2023-02-23T12:12:53.224+0000][6.094s][info ][safepoint     ] Application time: 0.4141194 seconds
[2023-02-23T12:12:53.224+0000][6.094s][debug][safepoint     ] Waiting for 1 thread(s) to block
[2023-02-23T12:12:53.224+0000][6.095s][info ][safepoint     ] Entering safepoint region: Deoptimize
[2023-02-23T12:12:53.225+0000][6.096s][info ][safepoint     ] Leaving safepoint region
[2023-02-23T12:12:53.226+0000][6.096s][info ][safepoint     ] Total time for which application threads were stopped: 0.0016694 seconds, Stopping threads took: 0.0005648 seconds
[2023-02-23T12:12:53.320+0000][6.191s][debug][safepoint     ] Safepoint synchronization initiated. (22 threads)
[2023-02-23T12:12:53.321+0000][6.191s][info ][safepoint     ] Application time: 0.0949387 seconds
[2023-02-23T12:12:53.321+0000][6.191s][debug][safepoint     ] Waiting for 1 thread(s) to block
[2023-02-23T12:12:53.322+0000][6.192s][info ][safepoint     ] Entering safepoint region: G1CollectForAllocation
[2023-02-23T12:12:53.322+0000][6.192s][info ][gc,start      ] GC(7) Pause Young (Normal) (G1 Evacuation Pause)
[2023-02-23T12:12:53.323+0000][6.193s][info ][gc,task       ] GC(7) Using 5 workers of 13 for evacuation
[2023-02-23T12:12:53.335+0000][6.205s][info ][gc,phases     ] GC(7)   Pre Evacuate Collection Set: 0.0ms
[2023-02-23T12:12:53.336+0000][6.206s][info ][gc,phases     ] GC(7)   Evacuate Collection Set: 9.3ms
[2023-02-23T12:12:53.336+0000][6.206s][info ][gc,phases     ] GC(7)   Post Evacuate Collection Set: 2.3ms
[2023-02-23T12:12:53.336+0000][6.207s][info ][gc,phases     ] GC(7)   Other: 1.5ms
[2023-02-23T12:12:53.337+0000][6.207s][info ][gc,heap       ] GC(7) Eden regions: 131->0(128)
[2023-02-23T12:12:53.337+0000][6.207s][info ][gc,heap       ] GC(7) Survivor regions: 8->11(18)
[2023-02-23T12:12:53.337+0000][6.208s][info ][gc,heap       ] GC(7) Old regions: 10->10
[2023-02-23T12:12:53.338+0000][6.208s][info ][gc,heap       ] GC(7) Humongous regions: 0->0
[2023-02-23T12:12:53.338+0000][6.208s][info ][gc,metaspace  ] GC(7) Metaspace: 24099K->24099K(1071104K)
[2023-02-23T12:12:53.338+0000][6.208s][info ][gc            ] GC(7) Pause Young (Normal) (G1 Evacuation Pause) 147M->18M(233M) 16.071ms
[2023-02-23T12:12:53.338+0000][6.209s][info ][gc,cpu        ] GC(7) User=0.12s Sys=0.00s Real=0.01s
[2023-02-23T12:12:53.339+0000][6.209s][info ][safepoint     ] Leaving safepoint region
[2023-02-23T12:12:53.339+0000][6.209s][info ][safepoint     ] Total time for which application threads were stopped: 0.0178591 seconds, Stopping threads took: 0.0006411 seconds
[2023-02-23T12:12:53.339+0000][6.210s][info ][gc,stringdedup] Concurrent String Deduplication (6.210s)
[2023-02-23T12:12:53.344+0000][6.214s][info ][gc,stringdedup] Concurrent String Deduplication 531.0K->438.0K(95200.0B) avg 15.7% (6.210s, 6.214s) 4.177ms
[2023-02-23T12:12:54.059+0000][6.930s][debug][safepoint     ] Safepoint synchronization initiated. (21 threads)
[2023-02-23T12:12:54.060+0000][6.930s][info ][safepoint     ] Application time: 0.7203894 seconds
[2023-02-23T12:12:54.060+0000][6.930s][info ][safepoint     ] Entering safepoint region: ICBufferFull
[2023-02-23T12:12:54.061+0000][6.931s][info ][safepoint     ] Leaving safepoint region
[2023-02-23T12:12:54.061+0000][6.932s][info ][safepoint     ] Total time for which application threads were stopped: 0.0011818 seconds, Stopping threads took: 0.0004010 seconds
[2023-02-23T12:12:54.225+0000][7.096s][debug][safepoint     ] Safepoint synchronization initiated. (21 threads)
[2023-02-23T12:12:54.226+0000][7.096s][info ][safepoint     ] Application time: 0.1644064 seconds
[2023-02-23T12:12:54.227+0000][7.097s][info ][safepoint     ] Entering safepoint region: G1CollectForAllocation
[2023-02-23T12:12:54.227+0000][7.098s][info ][gc,start      ] GC(8) Pause Young (Normal) (G1 Evacuation Pause)
[2023-02-23T12:12:54.228+0000][7.098s][info ][gc,task       ] GC(8) Using 5 workers of 13 for evacuation
[2023-02-23T12:12:54.242+0000][7.113s][info ][gc,phases     ] GC(8)   Pre Evacuate Collection Set: 0.0ms
[2023-02-23T12:12:54.243+0000][7.113s][info ][gc,phases     ] GC(8)   Evacuate Collection Set: 12.0ms
[2023-02-23T12:12:54.243+0000][7.113s][info ][gc,phases     ] GC(8)   Post Evacuate Collection Set: 2.2ms
[2023-02-23T12:12:54.243+0000][7.114s][info ][gc,phases     ] GC(8)   Other: 0.9ms
[2023-02-23T12:12:54.243+0000][7.114s][info ][gc,heap       ] GC(8) Eden regions: 128->0(127)
[2023-02-23T12:12:54.244+0000][7.114s][info ][gc,heap       ] GC(8) Survivor regions: 11->12(18)
[2023-02-23T12:12:54.244+0000][7.114s][info ][gc,heap       ] GC(8) Old regions: 10->11
[2023-02-23T12:12:54.244+0000][7.114s][info ][gc,heap       ] GC(8) Humongous regions: 0->0
[2023-02-23T12:12:54.244+0000][7.115s][info ][gc,metaspace  ] GC(8) Metaspace: 24626K->24626K(1071104K)
[2023-02-23T12:12:54.245+0000][7.115s][info ][gc            ] GC(8) Pause Young (Normal) (G1 Evacuation Pause) 146M->21M(233M) 17.290ms
[2023-02-23T12:12:54.245+0000][7.115s][info ][gc,cpu        ] GC(8) User=0.14s Sys=0.00s Real=0.02s
[2023-02-23T12:12:54.245+0000][7.115s][info ][safepoint     ] Leaving safepoint region
[2023-02-23T12:12:54.245+0000][7.115s][info ][safepoint     ] Total time for which application threads were stopped: 0.0185954 seconds, Stopping threads took: 0.0004313 seconds
[2023-02-23T12:12:54.246+0000][7.116s][info ][gc,stringdedup] Concurrent String Deduplication (7.116s)
[2023-02-23T12:12:54.248+0000][7.119s][info ][gc,stringdedup] Concurrent String Deduplication 252.1K->209.5K(43576.0B) avg 15.8% (7.116s, 7.119s) 2.863ms
[2023-02-23T12:12:54.869+0000][7.739s][debug][safepoint     ] Safepoint synchronization initiated. (21 threads)
[2023-02-23T12:12:54.869+0000][7.740s][info ][safepoint     ] Application time: 0.6238818 seconds
[2023-02-23T12:12:54.870+0000][7.740s][info ][safepoint     ] Entering safepoint region: G1CollectForAllocation
[2023-02-23T12:12:54.870+0000][7.741s][info ][gc,start      ] GC(9) Pause Young (Normal) (G1 Evacuation Pause)
[2023-02-23T12:12:54.871+0000][7.741s][info ][gc,task       ] GC(9) Using 5 workers of 13 for evacuation
[2023-02-23T12:12:54.884+0000][7.754s][info ][gc,phases     ] GC(9)   Pre Evacuate Collection Set: 0.0ms
[2023-02-23T12:12:54.885+0000][7.755s][info ][gc,phases     ] GC(9)   Evacuate Collection Set: 11.1ms
[2023-02-23T12:12:54.885+0000][7.755s][info ][gc,phases     ] GC(9)   Post Evacuate Collection Set: 2.0ms
[2023-02-23T12:12:54.885+0000][7.755s][info ][gc,phases     ] GC(9)   Other: 0.7ms
[2023-02-23T12:12:54.885+0000][7.756s][info ][gc,heap       ] GC(9) Eden regions: 127->0(127)
[2023-02-23T12:12:54.886+0000][7.756s][info ][gc,heap       ] GC(9) Survivor regions: 12->12(18)
[2023-02-23T12:12:54.886+0000][7.756s][info ][gc,heap       ] GC(9) Old regions: 11->15
[2023-02-23T12:12:54.886+0000][7.757s][info ][gc,heap       ] GC(9) Humongous regions: 0->0
[2023-02-23T12:12:54.887+0000][7.757s][info ][gc,metaspace  ] GC(9) Metaspace: 24925K->24925K(1071104K)
[2023-02-23T12:12:54.887+0000][7.757s][info ][gc            ] GC(9) Pause Young (Normal) (G1 Evacuation Pause) 148M->24M(233M) 16.746ms
[2023-02-23T12:12:54.888+0000][7.758s][info ][gc,cpu        ] GC(9) User=0.08s Sys=0.00s Real=0.01s
[2023-02-23T12:12:54.888+0000][7.758s][info ][safepoint     ] Leaving safepoint region
[2023-02-23T12:12:54.888+0000][7.758s][info ][safepoint     ] Total time for which application threads were stopped: 0.0185820 seconds, Stopping threads took: 0.0004392 seconds
[2023-02-23T12:12:54.889+0000][7.759s][info ][gc,stringdedup] Concurrent String Deduplication (7.759s)
[2023-02-23T12:12:54.894+0000][7.764s][info ][gc,stringdedup] Concurrent String Deduplication 841.1K->486.2K(354.9K) avg 20.7% (7.759s, 7.764s) 5.175ms
[2023-02-23T12:12:55.292+0000][8.162s][debug][safepoint     ] Safepoint synchronization initiated. (21 threads)
[2023-02-23T12:12:55.293+0000][8.163s][info ][safepoint     ] Application time: 0.4041456 seconds
[2023-02-23T12:12:55.293+0000][8.163s][info ][safepoint     ] Entering safepoint region: G1CollectForAllocation
[2023-02-23T12:12:55.294+0000][8.164s][info ][gc,start      ] GC(10) Pause Young (Normal) (G1 Evacuation Pause)
[2023-02-23T12:12:55.294+0000][8.164s][info ][gc,task       ] GC(10) Using 5 workers of 13 for evacuation
[2023-02-23T12:12:55.307+0000][8.177s][info ][gc,phases     ] GC(10)   Pre Evacuate Collection Set: 0.0ms
[2023-02-23T12:12:55.307+0000][8.177s][info ][gc,phases     ] GC(10)   Evacuate Collection Set: 9.4ms
[2023-02-23T12:12:55.307+0000][8.178s][info ][gc,phases     ] GC(10)   Post Evacuate Collection Set: 2.7ms
[2023-02-23T12:12:55.308+0000][8.178s][info ][gc,phases     ] GC(10)   Other: 0.8ms
[2023-02-23T12:12:55.308+0000][8.178s][info ][gc,heap       ] GC(10) Eden regions: 127->0(158)
[2023-02-23T12:12:55.308+0000][8.179s][info ][gc,heap       ] GC(10) Survivor regions: 12->10(18)
[2023-02-23T12:12:55.309+0000][8.179s][info ][gc,heap       ] GC(10) Old regions: 15->17
[2023-02-23T12:12:55.309+0000][8.179s][info ][gc,heap       ] GC(10) Humongous regions: 0->0
[2023-02-23T12:12:55.309+0000][8.180s][info ][gc,metaspace  ] GC(10) Metaspace: 26423K->26423K(1073152K)
[2023-02-23T12:12:55.310+0000][8.180s][info ][gc            ] GC(10) Pause Young (Normal) (G1 Evacuation Pause) 151M->25M(280M) 15.777ms
[2023-02-23T12:12:55.310+0000][8.180s][info ][gc,cpu        ] GC(10) User=0.10s Sys=0.00s Real=0.02s
[2023-02-23T12:12:55.310+0000][8.180s][info ][safepoint     ] Leaving safepoint region
[2023-02-23T12:12:55.310+0000][8.181s][info ][safepoint     ] Total time for which application threads were stopped: 0.0172755 seconds, Stopping threads took: 0.0004024 seconds
[2023-02-23T12:12:55.311+0000][8.181s][info ][gc,stringdedup] Concurrent String Deduplication (8.181s)
[2023-02-23T12:12:55.317+0000][8.187s][info ][gc,stringdedup] Concurrent String Deduplication 825.8K->342.4K(483.3K) avg 26.6% (8.181s, 8.187s) 5.994ms
[2023-02-23T12:12:55.512+0000][8.382s][debug][safepoint     ] Safepoint synchronization initiated. (21 threads)
[2023-02-23T12:12:55.513+0000][8.383s][info ][safepoint     ] Application time: 0.2020484 seconds
[2023-02-23T12:12:55.513+0000][8.383s][info ][safepoint     ] Entering safepoint region: G1CollectForAllocation
[2023-02-23T12:12:55.514+0000][8.384s][info ][gc,start      ] GC(11) Pause Young (Normal) (G1 Evacuation Pause)
[2023-02-23T12:12:55.514+0000][8.385s][info ][gc,task       ] GC(11) Using 6 workers of 13 for evacuation
[2023-02-23T12:12:55.522+0000][8.392s][info ][gc,phases     ] GC(11)   Pre Evacuate Collection Set: 0.0ms
[2023-02-23T12:12:55.522+0000][8.392s][info ][gc,phases     ] GC(11)   Evacuate Collection Set: 4.8ms
[2023-02-23T12:12:55.522+0000][8.393s][info ][gc,phases     ] GC(11)   Post Evacuate Collection Set: 1.9ms
[2023-02-23T12:12:55.523+0000][8.393s][info ][gc,phases     ] GC(11)   Other: 1.1ms
[2023-02-23T12:12:55.523+0000][8.393s][info ][gc,heap       ] GC(11) Eden regions: 158->0(158)
[2023-02-23T12:12:55.523+0000][8.393s][info ][gc,heap       ] GC(11) Survivor regions: 10->10(21)
[2023-02-23T12:12:55.523+0000][8.394s][info ][gc,heap       ] GC(11) Old regions: 17->17
[2023-02-23T12:12:55.524+0000][8.394s][info ][gc,heap       ] GC(11) Humongous regions: 0->0
[2023-02-23T12:12:55.524+0000][8.394s][info ][gc,metaspace  ] GC(11) Metaspace: 26433K->26433K(1073152K)
[2023-02-23T12:12:55.524+0000][8.395s][info ][gc            ] GC(11) Pause Young (Normal) (G1 Evacuation Pause) 183M->25M(280M) 10.564ms
[2023-02-23T12:12:55.525+0000][8.395s][info ][gc,cpu        ] GC(11) User=0.06s Sys=0.00s Real=0.01s
[2023-02-23T12:12:55.525+0000][8.395s][info ][safepoint     ] Leaving safepoint region
[2023-02-23T12:12:55.525+0000][8.395s][info ][safepoint     ] Total time for which application threads were stopped: 0.0119194 seconds, Stopping threads took: 0.0003182 seconds
[2023-02-23T12:12:55.525+0000][8.396s][info ][gc,stringdedup] Concurrent String Deduplication (8.396s)
[2023-02-23T12:12:55.530+0000][8.401s][info ][gc,stringdedup] Concurrent String Deduplication 1491.6K->273.4K(1218.2K) avg 38.7% (8.396s, 8.401s) 4.988ms
[2023-02-23T12:12:56.153+0000][9.024s][debug][safepoint     ] Safepoint synchronization initiated. (17 threads)
[2023-02-23T12:12:56.154+0000][9.025s][info ][safepoint     ] Application time: 0.6291075 seconds
[2023-02-23T12:12:56.155+0000][9.025s][info ][safepoint     ] Entering safepoint region: G1CollectForAllocation
[2023-02-23T12:12:56.155+0000][9.025s][info ][gc,start      ] GC(12) Pause Young (Normal) (G1 Evacuation Pause)
[2023-02-23T12:12:56.155+0000][9.026s][info ][gc,task       ] GC(12) Using 6 workers of 13 for evacuation
[2023-02-23T12:12:56.164+0000][9.034s][info ][gc,phases     ] GC(12)   Pre Evacuate Collection Set: 0.0ms
[2023-02-23T12:12:56.164+0000][9.035s][info ][gc,phases     ] GC(12)   Evacuate Collection Set: 6.4ms
[2023-02-23T12:12:56.164+0000][9.035s][info ][gc,phases     ] GC(12)   Post Evacuate Collection Set: 1.8ms
[2023-02-23T12:12:56.165+0000][9.035s][info ][gc,phases     ] GC(12)   Other: 0.6ms
[2023-02-23T12:12:56.165+0000][9.035s][info ][gc,heap       ] GC(12) Eden regions: 158->0(158)
[2023-02-23T12:12:56.165+0000][9.035s][info ][gc,heap       ] GC(12) Survivor regions: 10->10(21)
[2023-02-23T12:12:56.165+0000][9.036s][info ][gc,heap       ] GC(12) Old regions: 17->17
[2023-02-23T12:12:56.166+0000][9.036s][info ][gc,heap       ] GC(12) Humongous regions: 0->0
[2023-02-23T12:12:56.166+0000][9.036s][info ][gc,metaspace  ] GC(12) Metaspace: 31042K->31042K(1077248K)
[2023-02-23T12:12:56.166+0000][9.036s][info ][gc            ] GC(12) Pause Young (Normal) (G1 Evacuation Pause) 183M->24M(280M) 10.974ms
[2023-02-23T12:12:56.166+0000][9.037s][info ][gc,cpu        ] GC(12) User=0.05s Sys=0.00s Real=0.01s
[2023-02-23T12:12:56.167+0000][9.037s][info ][safepoint     ] Leaving safepoint region
[2023-02-23T12:12:56.167+0000][9.037s][info ][safepoint     ] Total time for which application threads were stopped: 0.0120700 seconds, Stopping threads took: 0.0001944 seconds
[2023-02-23T12:12:56.167+0000][9.037s][info ][gc,stringdedup] Concurrent String Deduplication (9.037s)
[2023-02-23T12:12:56.168+0000][9.038s][info ][gc,stringdedup] Concurrent String Deduplication 109.4K->33120.0B(78944.0B) avg 39.2% (9.037s, 9.038s) 1.106ms
[2023-02-23T12:12:56.648+0000][9.518s][debug][safepoint     ] Safepoint synchronization initiated. (16 threads)
[2023-02-23T12:12:56.648+0000][9.518s][info ][safepoint     ] Application time: 0.4811447 seconds
[2023-02-23T12:12:56.648+0000][9.519s][info ][safepoint     ] Entering safepoint region: Deoptimize
[2023-02-23T12:12:56.650+0000][9.520s][info ][safepoint     ] Leaving safepoint region
[2023-02-23T12:12:56.650+0000][9.520s][info ][safepoint     ] Total time for which application threads were stopped: 0.0016289 seconds, Stopping threads took: 0.0002954 seconds
[2023-02-23T12:12:56.777+0000][9.647s][debug][safepoint     ] Safepoint synchronization initiated. (16 threads)
[2023-02-23T12:12:56.778+0000][9.648s][info ][safepoint     ] Application time: 0.1274025 seconds
[2023-02-23T12:12:56.778+0000][9.649s][info ][safepoint     ] Entering safepoint region: G1CollectForAllocation
[2023-02-23T12:12:56.780+0000][9.650s][info ][gc,start      ] GC(13) Pause Young (Normal) (G1 Evacuation Pause)
[2023-02-23T12:12:56.780+0000][9.650s][info ][gc,task       ] GC(13) Using 6 workers of 13 for evacuation
[2023-02-23T12:12:56.795+0000][9.665s][info ][gc,phases     ] GC(13)   Pre Evacuate Collection Set: 0.0ms
[2023-02-23T12:12:56.795+0000][9.666s][info ][gc,phases     ] GC(13)   Evacuate Collection Set: 10.8ms
[2023-02-23T12:12:56.796+0000][9.666s][info ][gc,phases     ] GC(13)   Post Evacuate Collection Set: 3.0ms
[2023-02-23T12:12:56.796+0000][9.667s][info ][gc,phases     ] GC(13)   Other: 1.3ms
[2023-02-23T12:12:56.797+0000][9.667s][info ][gc,heap       ] GC(13) Eden regions: 158->0(157)
[2023-02-23T12:12:56.798+0000][9.668s][info ][gc,heap       ] GC(13) Survivor regions: 10->11(21)
[2023-02-23T12:12:56.798+0000][9.668s][info ][gc,heap       ] GC(13) Old regions: 17->17
[2023-02-23T12:12:56.799+0000][9.669s][info ][gc,heap       ] GC(13) Humongous regions: 0->0
[2023-02-23T12:12:56.799+0000][9.669s][info ][gc,metaspace  ] GC(13) Metaspace: 32085K->32085K(1079296K)
[2023-02-23T12:12:56.800+0000][9.670s][info ][gc            ] GC(13) Pause Young (Normal) (G1 Evacuation Pause) 182M->25M(280M) 20.098ms
[2023-02-23T12:12:56.800+0000][9.670s][info ][gc,cpu        ] GC(13) User=0.09s Sys=0.00s Real=0.02s
[2023-02-23T12:12:56.801+0000][9.671s][info ][safepoint     ] Leaving safepoint region
[2023-02-23T12:12:56.801+0000][9.671s][info ][safepoint     ] Total time for which application threads were stopped: 0.0227046 seconds, Stopping threads took: 0.0006174 seconds
[2023-02-23T12:12:56.802+0000][9.672s][info ][gc,stringdedup] Concurrent String Deduplication (9.672s)
[2023-02-23T12:12:56.802+0000][9.673s][info ][gc,stringdedup] Concurrent String Deduplication 23104.0B->0.0B(23104.0B) avg 39.4% (9.672s, 9.673s) 0.607ms
[2023-02-23T12:12:57.189+0000][10.059s][debug][safepoint     ] Safepoint synchronization initiated. (14 threads)
[2023-02-23T12:12:57.189+0000][10.060s][info ][safepoint     ] Application time: 0.3877763 seconds
[2023-02-23T12:12:57.190+0000][10.060s][info ][safepoint     ] Entering safepoint region: Deoptimize
[2023-02-23T12:12:57.191+0000][10.061s][info ][safepoint     ] Leaving safepoint region
[2023-02-23T12:12:57.191+0000][10.061s][info ][safepoint     ] Total time for which application threads were stopped: 0.0013610 seconds, Stopping threads took: 0.0002115 seconds
[2023-02-23T12:12:57.307+0000][10.177s][debug][safepoint     ] Safepoint synchronization initiated. (15 threads)
[2023-02-23T12:12:57.307+0000][10.178s][info ][safepoint     ] Application time: 0.1160393 seconds
[2023-02-23T12:12:57.308+0000][10.178s][info ][safepoint     ] Entering safepoint region: G1CollectForAllocation
[2023-02-23T12:12:57.308+0000][10.178s][info ][gc,start      ] GC(14) Pause Young (Normal) (G1 Evacuation Pause)
[2023-02-23T12:12:57.308+0000][10.179s][info ][gc,task       ] GC(14) Using 6 workers of 13 for evacuation
[2023-02-23T12:12:57.315+0000][10.185s][info ][gc,phases     ] GC(14)   Pre Evacuate Collection Set: 0.0ms
[2023-02-23T12:12:57.315+0000][10.186s][info ][gc,phases     ] GC(14)   Evacuate Collection Set: 4.6ms
[2023-02-23T12:12:57.316+0000][10.186s][info ][gc,phases     ] GC(14)   Post Evacuate Collection Set: 1.9ms
[2023-02-23T12:12:57.316+0000][10.186s][info ][gc,phases     ] GC(14)   Other: 0.6ms
[2023-02-23T12:12:57.316+0000][10.186s][info ][gc,heap       ] GC(14) Eden regions: 157->0(156)
[2023-02-23T12:12:57.316+0000][10.187s][info ][gc,heap       ] GC(14) Survivor regions: 11->12(21)
[2023-02-23T12:12:57.317+0000][10.187s][info ][gc,heap       ] GC(14) Old regions: 17->17
[2023-02-23T12:12:57.317+0000][10.187s][info ][gc,heap       ] GC(14) Humongous regions: 0->0
[2023-02-23T12:12:57.317+0000][10.187s][info ][gc,metaspace  ] GC(14) Metaspace: 32880K->32880K(1079296K)
[2023-02-23T12:12:57.317+0000][10.188s][info ][gc            ] GC(14) Pause Young (Normal) (G1 Evacuation Pause) 182M->26M(280M) 9.240ms
[2023-02-23T12:12:57.317+0000][10.188s][info ][gc,cpu        ] GC(14) User=0.03s Sys=0.01s Real=0.01s
[2023-02-23T12:12:57.318+0000][10.188s][info ][safepoint     ] Leaving safepoint region
[2023-02-23T12:12:57.318+0000][10.188s][info ][safepoint     ] Total time for which application threads were stopped: 0.0102487 seconds, Stopping threads took: 0.0002259 seconds
[2023-02-23T12:12:57.318+0000][10.188s][info ][gc,stringdedup] Concurrent String Deduplication (10.188s)
[2023-02-23T12:12:57.319+0000][10.189s][info ][gc,stringdedup] Concurrent String Deduplication 118.7K->17728.0B(101.4K) avg 40.2% (10.188s, 10.189s) 0.954ms
[2023-02-23T12:12:57.557+0000][10.428s][debug][safepoint     ] Safepoint synchronization initiated. (16 threads)
[2023-02-23T12:12:57.558+0000][10.428s][info ][safepoint     ] Application time: 0.2396396 seconds
[2023-02-23T12:12:57.558+0000][10.428s][info ][safepoint     ] Entering safepoint region: Deoptimize
[2023-02-23T12:12:57.559+0000][10.429s][info ][safepoint     ] Leaving safepoint region
[2023-02-23T12:12:57.559+0000][10.430s][info ][safepoint     ] Total time for which application threads were stopped: 0.0015483 seconds, Stopping threads took: 0.0001935 seconds
[2023-02-23T12:12:57.575+0000][10.446s][debug][safepoint     ] Safepoint synchronization initiated. (16 threads)
[2023-02-23T12:12:57.576+0000][10.446s][info ][safepoint     ] Application time: 0.0160098 seconds
[2023-02-23T12:12:57.576+0000][10.446s][info ][safepoint     ] Entering safepoint region: Deoptimize
[2023-02-23T12:12:57.577+0000][10.447s][info ][safepoint     ] Leaving safepoint region
[2023-02-23T12:12:57.577+0000][10.448s][info ][safepoint     ] Total time for which application threads were stopped: 0.0014808 seconds, Stopping threads took: 0.0002817 seconds
[2023-02-23T12:12:57.615+0000][10.486s][debug][safepoint     ] Safepoint synchronization initiated. (16 threads)
[2023-02-23T12:12:57.616+0000][10.486s][info ][safepoint     ] Application time: 0.0380087 seconds
[2023-02-23T12:12:57.616+0000][10.486s][info ][safepoint     ] Entering safepoint region: Deoptimize
[2023-02-23T12:12:57.617+0000][10.487s][info ][safepoint     ] Leaving safepoint region
[2023-02-23T12:12:57.617+0000][10.488s][info ][safepoint     ] Total time for which application threads were stopped: 0.0014300 seconds, Stopping threads took: 0.0002858 seconds
[2023-02-23T12:12:57.681+0000][10.552s][debug][safepoint     ] Safepoint synchronization initiated. (16 threads)
[2023-02-23T12:12:57.682+0000][10.552s][info ][safepoint     ] Application time: 0.0642600 seconds
[2023-02-23T12:12:57.682+0000][10.552s][info ][safepoint     ] Entering safepoint region: Deoptimize
[2023-02-23T12:12:57.683+0000][10.553s][info ][safepoint     ] Leaving safepoint region
[2023-02-23T12:12:57.683+0000][10.554s][info ][safepoint     ] Total time for which application threads were stopped: 0.0012041 seconds, Stopping threads took: 0.0001758 seconds
[2023-02-23T12:12:57.801+0000][10.671s][debug][safepoint     ] Safepoint synchronization initiated. (16 threads)
[2023-02-23T12:12:57.801+0000][10.671s][info ][safepoint     ] Application time: 0.1174197 seconds
[2023-02-23T12:12:57.801+0000][10.671s][info ][safepoint     ] Entering safepoint region: CollectForMetadataAllocation
[2023-02-23T12:12:57.801+0000][10.672s][info ][gc,start      ] GC(15) Pause Young (Concurrent Start) (Metadata GC Threshold)
[2023-02-23T12:12:57.802+0000][10.672s][info ][gc,task       ] GC(15) Using 6 workers of 13 for evacuation
[2023-02-23T12:12:57.811+0000][10.681s][info ][gc,phases     ] GC(15)   Pre Evacuate Collection Set: 0.1ms
[2023-02-23T12:12:57.811+0000][10.681s][info ][gc,phases     ] GC(15)   Evacuate Collection Set: 6.9ms
[2023-02-23T12:12:57.811+0000][10.682s][info ][gc,phases     ] GC(15)   Post Evacuate Collection Set: 1.7ms
[2023-02-23T12:12:57.812+0000][10.682s][info ][gc,phases     ] GC(15)   Other: 0.5ms
[2023-02-23T12:12:57.812+0000][10.682s][info ][gc,heap       ] GC(15) Eden regions: 86->0(156)
[2023-02-23T12:12:57.812+0000][10.682s][info ][gc,heap       ] GC(15) Survivor regions: 12->12(21)
[2023-02-23T12:12:57.812+0000][10.683s][info ][gc,heap       ] GC(15) Old regions: 17->17
[2023-02-23T12:12:57.812+0000][10.683s][info ][gc,heap       ] GC(15) Humongous regions: 0->0
[2023-02-23T12:12:57.813+0000][10.683s][info ][gc,metaspace  ] GC(15) Metaspace: 34517K->34517K(1081344K)
[2023-02-23T12:12:57.813+0000][10.683s][info ][gc            ] GC(15) Pause Young (Concurrent Start) (Metadata GC Threshold) 112M->27M(280M) 11.349ms
[2023-02-23T12:12:57.813+0000][10.683s][info ][gc,cpu        ] GC(15) User=0.07s Sys=0.00s Real=0.01s
[2023-02-23T12:12:57.813+0000][10.683s][info ][gc            ] GC(16) Concurrent Cycle
[2023-02-23T12:12:57.813+0000][10.684s][info ][gc,marking    ] GC(16) Concurrent Clear Claimed Marks
[2023-02-23T12:12:57.813+0000][10.683s][info ][safepoint     ] Leaving safepoint region
[2023-02-23T12:12:57.814+0000][10.684s][info ][gc,marking    ] GC(16) Concurrent Clear Claimed Marks 0.262ms
[2023-02-23T12:12:57.814+0000][10.684s][info ][gc,marking    ] GC(16) Concurrent Scan Root Regions
[2023-02-23T12:12:57.814+0000][10.684s][info ][safepoint     ] Total time for which application threads were stopped: 0.0125431 seconds, Stopping threads took: 0.0001745 seconds
[2023-02-23T12:12:57.814+0000][10.685s][info ][gc,stringdedup] Concurrent String Deduplication (10.684s)
[2023-02-23T12:12:57.817+0000][10.687s][info ][gc,marking    ] GC(16) Concurrent Scan Root Regions 2.851ms
[2023-02-23T12:12:57.817+0000][10.687s][info ][gc,marking    ] GC(16) Concurrent Mark (10.687s)
[2023-02-23T12:12:57.817+0000][10.688s][info ][gc,marking    ] GC(16) Concurrent Mark From Roots
[2023-02-23T12:12:57.817+0000][10.687s][info ][gc,stringdedup] Concurrent String Deduplication 347.8K->158.7K(189.1K) avg 40.8% (10.684s, 10.687s) 2.621ms
[2023-02-23T12:12:57.818+0000][10.688s][info ][gc,task       ] GC(16) Using 3 workers of 3 for marking
[2023-02-23T12:12:57.827+0000][10.697s][info ][gc,marking    ] GC(16) Concurrent Mark From Roots 9.171ms
[2023-02-23T12:12:57.827+0000][10.697s][info ][gc,marking    ] GC(16) Concurrent Preclean
[2023-02-23T12:12:57.827+0000][10.697s][info ][gc,marking    ] GC(16) Concurrent Preclean 0.249ms
[2023-02-23T12:12:57.827+0000][10.697s][info ][gc,marking    ] GC(16) Concurrent Mark (10.687s, 10.697s) 10.139ms
[2023-02-23T12:12:57.827+0000][10.698s][debug][safepoint     ] Safepoint synchronization initiated. (16 threads)
[2023-02-23T12:12:57.828+0000][10.698s][info ][safepoint     ] Application time: 0.0134800 seconds
[2023-02-23T12:12:57.828+0000][10.698s][debug][safepoint     ] Waiting for 1 thread(s) to block
[2023-02-23T12:12:57.828+0000][10.698s][info ][safepoint     ] Entering safepoint region: CGC_Operation
[2023-02-23T12:12:57.828+0000][10.699s][info ][gc,start      ] GC(16) Pause Remark
[2023-02-23T12:12:57.833+0000][10.703s][info ][gc,stringtable] GC(16) Cleaned string and symbol table, strings: 12522 processed, 28 removed, symbols: 117658 processed, 336 removed
[2023-02-23T12:12:57.834+0000][10.704s][info ][gc            ] GC(16) Pause Remark 29M->29M(280M) 5.222ms
[2023-02-23T12:12:57.834+0000][10.704s][info ][gc,cpu        ] GC(16) User=0.04s Sys=0.00s Real=0.01s
[2023-02-23T12:12:57.834+0000][10.704s][info ][safepoint     ] Leaving safepoint region
[2023-02-23T12:12:57.834+0000][10.704s][info ][safepoint     ] Total time for which application threads were stopped: 0.0064308 seconds, Stopping threads took: 0.0004719 seconds
[2023-02-23T12:12:57.834+0000][10.705s][info ][gc,marking    ] GC(16) Concurrent Rebuild Remembered Sets
[2023-02-23T12:12:57.839+0000][10.709s][info ][gc,marking    ] GC(16) Concurrent Rebuild Remembered Sets 4.674ms
[2023-02-23T12:12:57.840+0000][10.710s][debug][safepoint     ] Safepoint synchronization initiated. (16 threads)
[2023-02-23T12:12:57.840+0000][10.710s][info ][safepoint     ] Application time: 0.0055116 seconds
[2023-02-23T12:12:57.840+0000][10.710s][debug][safepoint     ] ... found polling page return exception at pc = 0x00007f2468410649, stub =0x00007f246085a800
[2023-02-23T12:12:57.841+0000][10.711s][debug][safepoint     ] Waiting for 1 thread(s) to block
[2023-02-23T12:12:57.841+0000][10.711s][info ][safepoint     ] Entering safepoint region: CGC_Operation
[2023-02-23T12:12:57.841+0000][10.711s][info ][gc,start      ] GC(16) Pause Cleanup
[2023-02-23T12:12:57.841+0000][10.712s][info ][gc            ] GC(16) Pause Cleanup 30M->30M(280M) 0.379ms
[2023-02-23T12:12:57.842+0000][10.712s][info ][gc,cpu        ] GC(16) User=0.00s Sys=0.00s Real=0.00s
[2023-02-23T12:12:57.842+0000][10.712s][info ][safepoint     ] Leaving safepoint region
[2023-02-23T12:12:57.842+0000][10.712s][info ][safepoint     ] Total time for which application threads were stopped: 0.0017897 seconds, Stopping threads took: 0.0007732 seconds
[2023-02-23T12:12:57.842+0000][10.712s][info ][gc,marking    ] GC(16) Concurrent Cleanup for Next Mark
[2023-02-23T12:12:57.846+0000][10.716s][info ][gc,marking    ] GC(16) Concurrent Cleanup for Next Mark 4.067ms
[2023-02-23T12:12:57.847+0000][10.717s][info ][gc            ] GC(16) Concurrent Cycle 33.462ms
[2023-02-23T12:12:58.049+0000][10.919s][debug][safepoint     ] Safepoint synchronization initiated. (16 threads)
[2023-02-23T12:12:58.049+0000][10.920s][info ][safepoint     ] Application time: 0.2071458 seconds
[2023-02-23T12:12:58.050+0000][10.920s][info ][safepoint     ] Entering safepoint region: Deoptimize
[2023-02-23T12:12:58.051+0000][10.921s][info ][safepoint     ] Leaving safepoint region
[2023-02-23T12:12:58.051+0000][10.921s][info ][safepoint     ] Total time for which application threads were stopped: 0.0013498 seconds, Stopping threads took: 0.0003492 seconds
[2023-02-23T12:12:58.304+0000][11.174s][debug][safepoint     ] Safepoint synchronization initiated. (16 threads)
[2023-02-23T12:12:58.304+0000][11.175s][info ][safepoint     ] Application time: 0.2531295 seconds
[2023-02-23T12:12:58.305+0000][11.175s][info ][safepoint     ] Entering safepoint region: G1CollectForAllocation
[2023-02-23T12:12:58.305+0000][11.175s][info ][gc,start      ] GC(17) Pause Young (Normal) (G1 Evacuation Pause)
[2023-02-23T12:12:58.305+0000][11.175s][info ][gc,task       ] GC(17) Using 6 workers of 13 for evacuation
[2023-02-23T12:12:58.315+0000][11.186s][info ][gc,phases     ] GC(17)   Pre Evacuate Collection Set: 0.0ms
[2023-02-23T12:12:58.316+0000][11.186s][info ][gc,phases     ] GC(17)   Evacuate Collection Set: 7.9ms
[2023-02-23T12:12:58.316+0000][11.186s][info ][gc,phases     ] GC(17)   Post Evacuate Collection Set: 2.1ms
[2023-02-23T12:12:58.316+0000][11.186s][info ][gc,phases     ] GC(17)   Other: 0.5ms
[2023-02-23T12:12:58.316+0000][11.187s][info ][gc,heap       ] GC(17) Eden regions: 156->0(191)
[2023-02-23T12:12:58.316+0000][11.187s][info ][gc,heap       ] GC(17) Survivor regions: 12->10(21)
[2023-02-23T12:12:58.317+0000][11.187s][info ][gc,heap       ] GC(17) Old regions: 17->20
[2023-02-23T12:12:58.317+0000][11.187s][info ][gc,heap       ] GC(17) Humongous regions: 0->0
[2023-02-23T12:12:58.317+0000][11.187s][info ][gc,metaspace  ] GC(17) Metaspace: 36780K->36780K(1083392K)
[2023-02-23T12:12:58.317+0000][11.187s][info ][gc            ] GC(17) Pause Young (Normal) (G1 Evacuation Pause) 183M->27M(336M) 12.165ms
[2023-02-23T12:12:58.317+0000][11.188s][info ][gc,cpu        ] GC(17) User=0.06s Sys=0.00s Real=0.01s
[2023-02-23T12:12:58.317+0000][11.188s][info ][safepoint     ] Leaving safepoint region
[2023-02-23T12:12:58.318+0000][11.188s][info ][safepoint     ] Total time for which application threads were stopped: 0.0129645 seconds, Stopping threads took: 0.0002024 seconds
[2023-02-23T12:12:58.318+0000][11.188s][info ][gc,stringdedup] Concurrent String Deduplication (11.188s)
[2023-02-23T12:12:58.319+0000][11.190s][info ][gc,stringdedup] Concurrent String Deduplication 249.7K->117.0K(132.7K) avg 41.2% (11.188s, 11.190s) 1.763ms
[2023-02-23T12:12:58.360+0000][11.230s][debug][safepoint     ] Safepoint synchronization initiated. (16 threads)
[2023-02-23T12:12:58.360+0000][11.230s][info ][safepoint     ] Application time: 0.0425501 seconds
[2023-02-23T12:12:58.360+0000][11.231s][info ][safepoint     ] Entering safepoint region: Deoptimize
[2023-02-23T12:12:58.361+0000][11.231s][info ][safepoint     ] Leaving safepoint region
[2023-02-23T12:12:58.362+0000][11.232s][info ][safepoint     ] Total time for which application threads were stopped: 0.0011368 seconds, Stopping threads took: 0.0001568 seconds
[2023-02-23T12:12:59.362+0000][12.232s][debug][safepoint     ] Safepoint synchronization initiated. (16 threads)
[2023-02-23T12:12:59.363+0000][12.233s][info ][safepoint     ] Application time: 1.0010143 seconds
[2023-02-23T12:12:59.363+0000][12.234s][debug][safepoint     ] ... found polling page return exception at pc = 0x00007f246866c89b, stub =0x00007f246085a800
[2023-02-23T12:12:59.364+0000][12.234s][debug][safepoint     ] Waiting for 1 thread(s) to block
[2023-02-23T12:12:59.364+0000][12.234s][info ][safepoint     ] Entering safepoint region: Cleanup
[2023-02-23T12:12:59.364+0000][12.235s][info ][safepoint     ] Leaving safepoint region
[2023-02-23T12:12:59.365+0000][12.235s][info ][safepoint     ] Total time for which application threads were stopped: 0.0013611 seconds, Stopping threads took: 0.0008028 seconds
[2023-02-23T12:12:59.476+0000][12.346s][debug][safepoint     ] Safepoint synchronization initiated. (16 threads)
[2023-02-23T12:12:59.476+0000][12.346s][info ][safepoint     ] Application time: 0.1113370 seconds
[2023-02-23T12:12:59.477+0000][12.347s][info ][safepoint     ] Entering safepoint region: G1CollectForAllocation
[2023-02-23T12:12:59.477+0000][12.347s][info ][gc,start      ] GC(18) Pause Young (Normal) (G1 Evacuation Pause)
[2023-02-23T12:12:59.478+0000][12.348s][info ][gc,task       ] GC(18) Using 8 workers of 13 for evacuation
[2023-02-23T12:12:59.484+0000][12.355s][info ][gc,phases     ] GC(18)   Pre Evacuate Collection Set: 0.0ms
[2023-02-23T12:12:59.485+0000][12.355s][info ][gc,phases     ] GC(18)   Evacuate Collection Set: 4.6ms
[2023-02-23T12:12:59.485+0000][12.355s][info ][gc,phases     ] GC(18)   Post Evacuate Collection Set: 1.6ms
[2023-02-23T12:12:59.485+0000][12.355s][info ][gc,phases     ] GC(18)   Other: 1.1ms
[2023-02-23T12:12:59.485+0000][12.355s][info ][gc,heap       ] GC(18) Eden regions: 191->0(189)
[2023-02-23T12:12:59.485+0000][12.356s][info ][gc,heap       ] GC(18) Survivor regions: 10->12(26)
[2023-02-23T12:12:59.486+0000][12.356s][info ][gc,heap       ] GC(18) Old regions: 20->20
[2023-02-23T12:12:59.486+0000][12.356s][info ][gc,heap       ] GC(18) Humongous regions: 0->0
[2023-02-23T12:12:59.486+0000][12.356s][info ][gc,metaspace  ] GC(18) Metaspace: 39368K->39368K(1085440K)
[2023-02-23T12:12:59.486+0000][12.356s][info ][gc            ] GC(18) Pause Young (Normal) (G1 Evacuation Pause) 218M->29M(336M) 8.850ms
[2023-02-23T12:12:59.486+0000][12.356s][info ][gc,cpu        ] GC(18) User=0.05s Sys=0.00s Real=0.01s
[2023-02-23T12:12:59.486+0000][12.357s][info ][safepoint     ] Leaving safepoint region
[2023-02-23T12:12:59.486+0000][12.357s][info ][safepoint     ] Total time for which application threads were stopped: 0.0099288 seconds, Stopping threads took: 0.0003274 seconds
[2023-02-23T12:12:59.487+0000][12.357s][info ][gc,stringdedup] Concurrent String Deduplication (12.357s)
[2023-02-23T12:12:59.487+0000][12.358s][info ][gc,stringdedup] Concurrent String Deduplication 81472.0B->28992.0B(52480.0B) avg 41.5% (12.357s, 12.358s) 0.642ms
[2023-02-23T12:12:59.674+0000][12.544s][debug][safepoint     ] Safepoint synchronization initiated. (16 threads)
[2023-02-23T12:12:59.674+0000][12.545s][info ][safepoint     ] Application time: 0.1878576 seconds
[2023-02-23T12:12:59.675+0000][12.545s][info ][safepoint     ] Entering safepoint region: Deoptimize
[2023-02-23T12:12:59.676+0000][12.546s][info ][safepoint     ] Leaving safepoint region
[2023-02-23T12:12:59.676+0000][12.546s][info ][safepoint     ] Total time for which application threads were stopped: 0.0014471 seconds, Stopping threads took: 0.0003162 seconds
[2023-02-23T12:12:59.691+0000][12.561s][debug][safepoint     ] Safepoint synchronization initiated. (16 threads)
[2023-02-23T12:12:59.691+0000][12.561s][info ][safepoint     ] Application time: 0.0146363 seconds
[2023-02-23T12:12:59.691+0000][12.562s][info ][safepoint     ] Entering safepoint region: Deoptimize
[2023-02-23T12:12:59.693+0000][12.563s][info ][safepoint     ] Leaving safepoint region
[2023-02-23T12:12:59.693+0000][12.563s][info ][safepoint     ] Total time for which application threads were stopped: 0.0016109 seconds, Stopping threads took: 0.0002335 seconds
[2023-02-23T12:12:59.717+0000][12.587s][debug][safepoint     ] Safepoint synchronization initiated. (16 threads)
[2023-02-23T12:12:59.718+0000][12.588s][info ][safepoint     ] Application time: 0.0243463 seconds
[2023-02-23T12:12:59.718+0000][12.588s][info ][safepoint     ] Entering safepoint region: Deoptimize
[2023-02-23T12:12:59.719+0000][12.589s][info ][safepoint     ] Leaving safepoint region
[2023-02-23T12:12:59.719+0000][12.590s][info ][safepoint     ] Total time for which application threads were stopped: 0.0014496 seconds, Stopping threads took: 0.0003236 seconds
[2023-02-23T12:13:00.054+0000][12.924s][debug][safepoint     ] Safepoint synchronization initiated. (17 threads)
[2023-02-23T12:13:00.054+0000][12.925s][info ][safepoint     ] Application time: 0.3348652 seconds
[2023-02-23T12:13:00.055+0000][12.925s][info ][safepoint     ] Entering safepoint region: Deoptimize
[2023-02-23T12:13:00.056+0000][12.926s][info ][safepoint     ] Leaving safepoint region
[2023-02-23T12:13:00.056+0000][12.927s][info ][safepoint     ] Total time for which application threads were stopped: 0.0015891 seconds, Stopping threads took: 0.0001724 seconds
[2023-02-23T12:13:00.058+0000][12.929s][debug][safepoint     ] Safepoint synchronization initiated. (17 threads)
[2023-02-23T12:13:00.059+0000][12.929s][info ][safepoint     ] Application time: 0.0022468 seconds
[2023-02-23T12:13:00.059+0000][12.929s][info ][safepoint     ] Entering safepoint region: Deoptimize
[2023-02-23T12:13:00.060+0000][12.930s][info ][safepoint     ] Leaving safepoint region
[2023-02-23T12:13:00.061+0000][12.931s][info ][safepoint     ] Total time for which application threads were stopped: 0.0016652 seconds, Stopping threads took: 0.0001919 seconds
[2023-02-23T12:13:00.154+0000][13.025s][debug][safepoint     ] Safepoint synchronization initiated. (19 threads)
[2023-02-23T12:13:00.155+0000][13.025s][info ][safepoint     ] Application time: 0.0939162 seconds
[2023-02-23T12:13:00.155+0000][13.025s][info ][safepoint     ] Entering safepoint region: Deoptimize
[2023-02-23T12:13:00.156+0000][13.027s][info ][safepoint     ] Leaving safepoint region
[2023-02-23T12:13:00.157+0000][13.027s][info ][safepoint     ] Total time for which application threads were stopped: 0.0017136 seconds, Stopping threads took: 0.0001950 seconds
[2023-02-23T12:13:00.159+0000][13.029s][debug][safepoint     ] Safepoint synchronization initiated. (19 threads)
[2023-02-23T12:13:00.159+0000][13.029s][info ][safepoint     ] Application time: 0.0021137 seconds
[2023-02-23T12:13:00.159+0000][13.030s][info ][safepoint     ] Entering safepoint region: Deoptimize
[2023-02-23T12:13:00.161+0000][13.031s][info ][safepoint     ] Leaving safepoint region
[2023-02-23T12:13:00.161+0000][13.031s][info ][safepoint     ] Total time for which application threads were stopped: 0.0016764 seconds, Stopping threads took: 0.0001909 seconds
[2023-02-23T12:13:00.540+0000][13.410s][debug][safepoint     ] Safepoint synchronization initiated. (19 threads)
[2023-02-23T12:13:00.540+0000][13.411s][info ][safepoint     ] Application time: 0.3791658 seconds
[2023-02-23T12:13:00.541+0000][13.411s][info ][safepoint     ] Entering safepoint region: Deoptimize
[2023-02-23T12:13:00.542+0000][13.413s][info ][safepoint     ] Leaving safepoint region
[2023-02-23T12:13:00.543+0000][13.413s][info ][safepoint     ] Total time for which application threads were stopped: 0.0023395 seconds, Stopping threads took: 0.0002790 seconds
[2023-02-23T12:13:00.544+0000][13.415s][debug][safepoint     ] Safepoint synchronization initiated. (19 threads)
[2023-02-23T12:13:00.545+0000][13.415s][info ][safepoint     ] Application time: 0.0014300 seconds
[2023-02-23T12:13:00.545+0000][13.415s][info ][safepoint     ] Entering safepoint region: Deoptimize
[2023-02-23T12:13:00.546+0000][13.417s][info ][safepoint     ] Leaving safepoint region
[2023-02-23T12:13:00.547+0000][13.417s][info ][safepoint     ] Total time for which application threads were stopped: 0.0020215 seconds, Stopping threads took: 0.0001648 seconds
[2023-02-23T12:13:00.585+0000][13.455s][debug][safepoint     ] Safepoint synchronization initiated. (19 threads)
[2023-02-23T12:13:00.585+0000][13.455s][info ][safepoint     ] Application time: 0.0379580 seconds
[2023-02-23T12:13:00.586+0000][13.456s][info ][safepoint     ] Entering safepoint region: G1CollectForAllocation
[2023-02-23T12:13:00.586+0000][13.457s][info ][gc,start      ] GC(19) Pause Young (Normal) (G1 Evacuation Pause)
[2023-02-23T12:13:00.587+0000][13.457s][info ][gc,task       ] GC(19) Using 8 workers of 13 for evacuation
[2023-02-23T12:13:00.600+0000][13.471s][info ][gc,phases     ] GC(19)   Pre Evacuate Collection Set: 0.0ms
[2023-02-23T12:13:00.601+0000][13.471s][info ][gc,phases     ] GC(19)   Evacuate Collection Set: 10.3ms
[2023-02-23T12:13:00.601+0000][13.471s][info ][gc,phases     ] GC(19)   Post Evacuate Collection Set: 2.7ms
[2023-02-23T12:13:00.601+0000][13.471s][info ][gc,phases     ] GC(19)   Other: 0.8ms
[2023-02-23T12:13:00.601+0000][13.472s][info ][gc,heap       ] GC(19) Eden regions: 189->0(188)
[2023-02-23T12:13:00.602+0000][13.472s][info ][gc,heap       ] GC(19) Survivor regions: 12->13(26)
[2023-02-23T12:13:00.602+0000][13.472s][info ][gc,heap       ] GC(19) Old regions: 20->22
[2023-02-23T12:13:00.602+0000][13.472s][info ][gc,heap       ] GC(19) Humongous regions: 0->0
[2023-02-23T12:13:00.602+0000][13.472s][info ][gc,metaspace  ] GC(19) Metaspace: 44840K->44840K(1089536K)
[2023-02-23T12:13:00.602+0000][13.473s][info ][gc            ] GC(19) Pause Young (Normal) (G1 Evacuation Pause) 218M->32M(336M) 15.960ms
[2023-02-23T12:13:00.603+0000][13.473s][info ][gc,cpu        ] GC(19) User=0.21s Sys=0.00s Real=0.02s
[2023-02-23T12:13:00.603+0000][13.473s][info ][safepoint     ] Leaving safepoint region
[2023-02-23T12:13:00.603+0000][13.473s][info ][safepoint     ] Total time for which application threads were stopped: 0.0174768 seconds, Stopping threads took: 0.0003090 seconds
[2023-02-23T12:13:00.603+0000][13.474s][info ][gc,stringdedup] Concurrent String Deduplication (13.474s)
[2023-02-23T12:13:00.604+0000][13.475s][info ][gc,stringdedup] Concurrent String Deduplication 97768.0B->29776.0B(67992.0B) avg 41.8% (13.474s, 13.475s) 0.921ms
[2023-02-23T12:13:00.833+0000][13.703s][debug][safepoint     ] Safepoint synchronization initiated. (20 threads)
[2023-02-23T12:13:00.833+0000][13.703s][info ][safepoint     ] Application time: 0.2296921 seconds
[2023-02-23T12:13:00.833+0000][13.703s][info ][safepoint     ] Entering safepoint region: Deoptimize
[2023-02-23T12:13:00.834+0000][13.705s][info ][safepoint     ] Leaving safepoint region
[2023-02-23T12:13:00.835+0000][13.705s][info ][safepoint     ] Total time for which application threads were stopped: 0.0016979 seconds, Stopping threads took: 0.0001552 seconds
[2023-02-23T12:13:01.026+0000][13.896s][debug][safepoint     ] Safepoint synchronization initiated. (20 threads)
[2023-02-23T12:13:01.027+0000][13.897s][info ][safepoint     ] Application time: 0.1915292 seconds
[2023-02-23T12:13:01.027+0000][13.897s][info ][safepoint     ] Entering safepoint region: Deoptimize
[2023-02-23T12:13:01.028+0000][13.899s][info ][safepoint     ] Leaving safepoint region
[2023-02-23T12:13:01.029+0000][13.899s][info ][safepoint     ] Total time for which application threads were stopped: 0.0019424 seconds, Stopping threads took: 0.0001916 seconds
[2023-02-23T12:13:01.455+0000][14.325s][debug][safepoint     ] Safepoint synchronization initiated. (20 threads)
[2023-02-23T12:13:01.455+0000][14.326s][info ][safepoint     ] Application time: 0.4263114 seconds
[2023-02-23T12:13:01.456+0000][14.326s][info ][safepoint     ] Entering safepoint region: Deoptimize
[2023-02-23T12:13:01.457+0000][14.327s][info ][safepoint     ] Leaving safepoint region
[2023-02-23T12:13:01.458+0000][14.328s][info ][safepoint     ] Total time for which application threads were stopped: 0.0020878 seconds, Stopping threads took: 0.0002501 seconds
[2023-02-23T12:13:01.584+0000][14.454s][debug][safepoint     ] Safepoint synchronization initiated. (20 threads)
[2023-02-23T12:13:01.584+0000][14.455s][info ][safepoint     ] Application time: 0.1263156 seconds
[2023-02-23T12:13:01.585+0000][14.455s][info ][safepoint     ] Entering safepoint region: Deoptimize
[2023-02-23T12:13:01.586+0000][14.456s][info ][safepoint     ] Leaving safepoint region
[2023-02-23T12:13:01.586+0000][14.457s][info ][safepoint     ] Total time for which application threads were stopped: 0.0016886 seconds, Stopping threads took: 0.0002800 seconds
[2023-02-23T12:13:01.955+0000][14.825s][debug][safepoint     ] Safepoint synchronization initiated. (21 threads)
[2023-02-23T12:13:01.955+0000][14.826s][info ][safepoint     ] Application time: 0.3688045 seconds
[2023-02-23T12:13:01.956+0000][14.826s][info ][safepoint     ] Entering safepoint region: ICBufferFull
[2023-02-23T12:13:01.956+0000][14.826s][info ][safepoint     ] Leaving safepoint region
[2023-02-23T12:13:01.956+0000][14.827s][info ][safepoint     ] Total time for which application threads were stopped: 0.0008179 seconds, Stopping threads took: 0.0001721 seconds
[2023-02-23T12:13:02.093+0000][14.963s][debug][safepoint     ] Safepoint synchronization initiated. (21 threads)
[2023-02-23T12:13:02.094+0000][14.964s][info ][safepoint     ] Application time: 0.1370508 seconds
[2023-02-23T12:13:02.094+0000][14.964s][info ][safepoint     ] Entering safepoint region: G1CollectForAllocation
[2023-02-23T12:13:02.095+0000][14.965s][info ][gc,start      ] GC(20) Pause Young (Normal) (G1 Evacuation Pause)
[2023-02-23T12:13:02.095+0000][14.965s][info ][gc,task       ] GC(20) Using 8 workers of 13 for evacuation
[2023-02-23T12:13:02.107+0000][14.978s][info ][gc,phases     ] GC(20)   Pre Evacuate Collection Set: 0.0ms
[2023-02-23T12:13:02.108+0000][14.978s][info ][gc,phases     ] GC(20)   Evacuate Collection Set: 9.2ms
[2023-02-23T12:13:02.108+0000][14.978s][info ][gc,phases     ] GC(20)   Post Evacuate Collection Set: 2.8ms
[2023-02-23T12:13:02.108+0000][14.978s][info ][gc,phases     ] GC(20)   Other: 0.9ms
[2023-02-23T12:13:02.108+0000][14.979s][info ][gc,heap       ] GC(20) Eden regions: 188->0(187)
[2023-02-23T12:13:02.108+0000][14.979s][info ][gc,heap       ] GC(20) Survivor regions: 13->14(26)
[2023-02-23T12:13:02.109+0000][14.979s][info ][gc,heap       ] GC(20) Old regions: 22->23
[2023-02-23T12:13:02.109+0000][14.979s][info ][gc,heap       ] GC(20) Humongous regions: 0->0
[2023-02-23T12:13:02.109+0000][14.979s][info ][gc,metaspace  ] GC(20) Metaspace: 50231K->50231K(1093632K)
[2023-02-23T12:13:02.109+0000][14.979s][info ][gc            ] GC(20) Pause Young (Normal) (G1 Evacuation Pause) 220M->35M(336M) 14.697ms
[2023-02-23T12:13:02.109+0000][14.980s][info ][gc,cpu        ] GC(20) User=0.18s Sys=0.01s Real=0.02s
[2023-02-23T12:13:02.110+0000][14.980s][info ][safepoint     ] Leaving safepoint region
[2023-02-23T12:13:02.110+0000][14.980s][info ][safepoint     ] Total time for which application threads were stopped: 0.0158516 seconds, Stopping threads took: 0.0002708 seconds
[2023-02-23T12:13:02.110+0000][14.980s][info ][gc,stringdedup] Concurrent String Deduplication (14.980s)
[2023-02-23T12:13:02.113+0000][14.983s][info ][gc,stringdedup] Concurrent String Deduplication 291.6K->99304.0B(194.6K) avg 42.7% (14.980s, 14.983s) 2.911ms
[2023-02-23T12:13:02.822+0000][15.692s][debug][safepoint     ] Safepoint synchronization initiated. (15 threads)
[2023-02-23T12:13:02.822+0000][15.692s][info ][safepoint     ] Application time: 0.7121826 seconds
[2023-02-23T12:13:02.822+0000][15.693s][info ][safepoint     ] Entering safepoint region: G1CollectForAllocation
[2023-02-23T12:13:02.823+0000][15.694s][info ][gc,start      ] GC(21) Pause Young (Normal) (G1 Evacuation Pause)
[2023-02-23T12:13:02.824+0000][15.694s][info ][gc,task       ] GC(21) Using 8 workers of 13 for evacuation
[2023-02-23T12:13:02.835+0000][15.705s][info ][gc,phases     ] GC(21)   Pre Evacuate Collection Set: 0.0ms
[2023-02-23T12:13:02.835+0000][15.706s][info ][gc,phases     ] GC(21)   Evacuate Collection Set: 8.2ms
[2023-02-23T12:13:02.836+0000][15.706s][info ][gc,phases     ] GC(21)   Post Evacuate Collection Set: 2.4ms
[2023-02-23T12:13:02.836+0000][15.706s][info ][gc,phases     ] GC(21)   Other: 1.2ms
[2023-02-23T12:13:02.836+0000][15.707s][info ][gc,heap       ] GC(21) Eden regions: 187->0(187)
[2023-02-23T12:13:02.837+0000][15.707s][info ][gc,heap       ] GC(21) Survivor regions: 14->14(26)
[2023-02-23T12:13:02.837+0000][15.708s][info ][gc,heap       ] GC(21) Old regions: 23->24
[2023-02-23T12:13:02.838+0000][15.708s][info ][gc,heap       ] GC(21) Humongous regions: 0->0
[2023-02-23T12:13:02.838+0000][15.708s][info ][gc,metaspace  ] GC(21) Metaspace: 53263K->53263K(1097728K)
[2023-02-23T12:13:02.838+0000][15.709s][info ][gc            ] GC(21) Pause Young (Normal) (G1 Evacuation Pause) 222M->35M(336M) 15.041ms
[2023-02-23T12:13:02.839+0000][15.709s][info ][gc,cpu        ] GC(21) User=0.08s Sys=0.00s Real=0.02s
[2023-02-23T12:13:02.839+0000][15.709s][info ][safepoint     ] Leaving safepoint region
[2023-02-23T12:13:02.839+0000][15.710s][info ][safepoint     ] Total time for which application threads were stopped: 0.0167995 seconds, Stopping threads took: 0.0003611 seconds
[2023-02-23T12:13:02.840+0000][15.710s][info ][gc,stringdedup] Concurrent String Deduplication (15.710s)
[2023-02-23T12:13:02.842+0000][15.713s][info ][gc,stringdedup] Concurrent String Deduplication 197.2K->75144.0B(123.9K) avg 43.2% (15.710s, 15.713s) 2.722ms
[2023-02-23T12:13:03.111+0000][15.982s][debug][safepoint     ] Safepoint synchronization initiated. (15 threads)
[2023-02-23T12:13:03.112+0000][15.982s][info ][safepoint     ] Application time: 0.2722786 seconds
[2023-02-23T12:13:03.112+0000][15.983s][info ][safepoint     ] Entering safepoint region: Deoptimize
[2023-02-23T12:13:03.114+0000][15.984s][info ][safepoint     ] Leaving safepoint region
[2023-02-23T12:13:03.115+0000][15.985s][info ][safepoint     ] Total time for which application threads were stopped: 0.0022280 seconds, Stopping threads took: 0.0004622 seconds
[2023-02-23T12:13:03.486+0000][16.357s][debug][safepoint     ] Safepoint synchronization initiated. (17 threads)
[2023-02-23T12:13:03.487+0000][16.357s][info ][safepoint     ] Application time: 0.3718220 seconds
[2023-02-23T12:13:03.487+0000][16.357s][info ][safepoint     ] Entering safepoint region: CollectForMetadataAllocation
[2023-02-23T12:13:03.487+0000][16.358s][info ][gc,start      ] GC(22) Pause Young (Concurrent Start) (Metadata GC Threshold)
[2023-02-23T12:13:03.487+0000][16.358s][info ][gc,task       ] GC(22) Using 8 workers of 13 for evacuation
[2023-02-23T12:13:03.505+0000][16.375s][info ][gc,phases     ] GC(22)   Pre Evacuate Collection Set: 0.2ms
[2023-02-23T12:13:03.505+0000][16.376s][info ][gc,phases     ] GC(22)   Evacuate Collection Set: 13.5ms
[2023-02-23T12:13:03.505+0000][16.376s][info ][gc,phases     ] GC(22)   Post Evacuate Collection Set: 3.5ms
[2023-02-23T12:13:03.505+0000][16.376s][info ][gc,phases     ] GC(22)   Other: 0.6ms
[2023-02-23T12:13:03.506+0000][16.376s][info ][gc,heap       ] GC(22) Eden regions: 161->0(186)
[2023-02-23T12:13:03.506+0000][16.376s][info ][gc,heap       ] GC(22) Survivor regions: 14->15(26)
[2023-02-23T12:13:03.506+0000][16.376s][info ][gc,heap       ] GC(22) Old regions: 24->24
[2023-02-23T12:13:03.506+0000][16.377s][info ][gc,heap       ] GC(22) Humongous regions: 0->0
[2023-02-23T12:13:03.506+0000][16.377s][info ][gc,metaspace  ] GC(22) Metaspace: 58328K->58328K(1101824K)
[2023-02-23T12:13:03.506+0000][16.377s][info ][gc            ] GC(22) Pause Young (Concurrent Start) (Metadata GC Threshold) 196M->37M(336M) 19.304ms
[2023-02-23T12:13:03.507+0000][16.377s][info ][gc,cpu        ] GC(22) User=0.09s Sys=0.00s Real=0.02s
[2023-02-23T12:13:03.507+0000][16.377s][info ][gc            ] GC(23) Concurrent Cycle
[2023-02-23T12:13:03.507+0000][16.377s][info ][safepoint     ] Leaving safepoint region
[2023-02-23T12:13:03.507+0000][16.377s][info ][gc,marking    ] GC(23) Concurrent Clear Claimed Marks
[2023-02-23T12:13:03.507+0000][16.377s][info ][safepoint     ] Total time for which application threads were stopped: 0.0203072 seconds, Stopping threads took: 0.0001755 seconds
[2023-02-23T12:13:03.507+0000][16.378s][info ][gc,marking    ] GC(23) Concurrent Clear Claimed Marks 0.485ms
[2023-02-23T12:13:03.507+0000][16.378s][info ][gc,stringdedup] Concurrent String Deduplication (16.378s)
[2023-02-23T12:13:03.508+0000][16.378s][info ][gc,marking    ] GC(23) Concurrent Scan Root Regions
[2023-02-23T12:13:03.511+0000][16.382s][info ][gc,stringdedup] Concurrent String Deduplication 342.7K->152.7K(190.1K) avg 43.7% (16.378s, 16.382s) 3.704ms
[2023-02-23T12:13:03.515+0000][16.385s][info ][gc,marking    ] GC(23) Concurrent Scan Root Regions 6.878ms
[2023-02-23T12:13:03.515+0000][16.385s][info ][gc,marking    ] GC(23) Concurrent Mark (16.385s)
[2023-02-23T12:13:03.515+0000][16.386s][info ][gc,marking    ] GC(23) Concurrent Mark From Roots
[2023-02-23T12:13:03.516+0000][16.386s][info ][gc,task       ] GC(23) Using 3 workers of 3 for marking
[2023-02-23T12:13:03.533+0000][16.404s][info ][gc,marking    ] GC(23) Concurrent Mark From Roots 17.984ms
[2023-02-23T12:13:03.533+0000][16.404s][info ][gc,marking    ] GC(23) Concurrent Preclean
[2023-02-23T12:13:03.534+0000][16.404s][info ][gc,marking    ] GC(23) Concurrent Preclean 0.324ms
[2023-02-23T12:13:03.534+0000][16.404s][info ][gc,marking    ] GC(23) Concurrent Mark (16.385s, 16.404s) 19.011ms
[2023-02-23T12:13:03.534+0000][16.405s][debug][safepoint     ] Safepoint synchronization initiated. (17 threads)
[2023-02-23T12:13:03.534+0000][16.405s][info ][safepoint     ] Application time: 0.0271994 seconds
[2023-02-23T12:13:03.535+0000][16.405s][debug][safepoint     ] ... found polling page loop exception at pc = 0x00007f24685a81c6, stub =0x00007f246085ab00
[2023-02-23T12:13:03.535+0000][16.405s][debug][safepoint     ] Waiting for 1 thread(s) to block
[2023-02-23T12:13:03.535+0000][16.406s][info ][safepoint     ] Entering safepoint region: CGC_Operation
[2023-02-23T12:13:03.536+0000][16.406s][info ][gc,start      ] GC(23) Pause Remark
[2023-02-23T12:13:03.545+0000][16.415s][info ][gc,stringtable] GC(23) Cleaned string and symbol table, strings: 23364 processed, 3 removed, symbols: 186045 processed, 169 removed
[2023-02-23T12:13:03.545+0000][16.416s][info ][gc            ] GC(23) Pause Remark 42M->42M(336M) 9.566ms
[2023-02-23T12:13:03.545+0000][16.416s][info ][gc,cpu        ] GC(23) User=0.05s Sys=0.00s Real=0.01s
[2023-02-23T12:13:03.546+0000][16.416s][info ][safepoint     ] Leaving safepoint region
[2023-02-23T12:13:03.546+0000][16.416s][info ][safepoint     ] Total time for which application threads were stopped: 0.0111182 seconds, Stopping threads took: 0.0006717 seconds
[2023-02-23T12:13:03.546+0000][16.416s][info ][gc,marking    ] GC(23) Concurrent Rebuild Remembered Sets
[2023-02-23T12:13:03.553+0000][16.423s][info ][gc,marking    ] GC(23) Concurrent Rebuild Remembered Sets 6.984ms
[2023-02-23T12:13:03.553+0000][16.424s][debug][safepoint     ] Safepoint synchronization initiated. (17 threads)
[2023-02-23T12:13:03.553+0000][16.424s][info ][safepoint     ] Application time: 0.0074818 seconds
[2023-02-23T12:13:03.554+0000][16.424s][debug][safepoint     ] Waiting for 1 thread(s) to block
[2023-02-23T12:13:03.554+0000][16.424s][info ][safepoint     ] Entering safepoint region: CGC_Operation
[2023-02-23T12:13:03.554+0000][16.425s][info ][gc,start      ] GC(23) Pause Cleanup
[2023-02-23T12:13:03.555+0000][16.425s][info ][gc            ] GC(23) Pause Cleanup 43M->43M(336M) 0.359ms
[2023-02-23T12:13:03.555+0000][16.425s][info ][gc,cpu        ] GC(23) User=0.00s Sys=0.00s Real=0.00s
[2023-02-23T12:13:03.555+0000][16.425s][info ][safepoint     ] Leaving safepoint region
[2023-02-23T12:13:03.555+0000][16.425s][info ][safepoint     ] Total time for which application threads were stopped: 0.0013998 seconds, Stopping threads took: 0.0003955 seconds
[2023-02-23T12:13:03.555+0000][16.426s][info ][gc,marking    ] GC(23) Concurrent Cleanup for Next Mark
[2023-02-23T12:13:03.557+0000][16.427s][info ][gc,marking    ] GC(23) Concurrent Cleanup for Next Mark 1.291ms
[2023-02-23T12:13:03.557+0000][16.427s][info ][gc            ] GC(23) Concurrent Cycle 50.017ms
[2023-02-23T12:13:03.933+0000][16.803s][debug][safepoint     ] Safepoint synchronization initiated. (20 threads)
[2023-02-23T12:13:03.933+0000][16.804s][info ][safepoint     ] Application time: 0.3779241 seconds
[2023-02-23T12:13:03.933+0000][16.804s][debug][safepoint     ] Waiting for 2 thread(s) to block
[2023-02-23T12:13:03.934+0000][16.804s][info ][safepoint     ] Entering safepoint region: ICBufferFull
[2023-02-23T12:13:03.934+0000][16.805s][info ][safepoint     ] Leaving safepoint region
[2023-02-23T12:13:03.935+0000][16.805s][info ][safepoint     ] Total time for which application threads were stopped: 0.0012355 seconds, Stopping threads took: 0.0006662 seconds
[2023-02-23T12:13:04.053+0000][16.924s][debug][safepoint     ] Safepoint synchronization initiated. (20 threads)
[2023-02-23T12:13:04.054+0000][16.924s][info ][safepoint     ] Application time: 0.1188810 seconds
[2023-02-23T12:13:04.054+0000][16.924s][info ][safepoint     ] Entering safepoint region: Deoptimize
[2023-02-23T12:13:04.055+0000][16.925s][info ][safepoint     ] Leaving safepoint region
[2023-02-23T12:13:04.055+0000][16.926s][info ][safepoint     ] Total time for which application threads were stopped: 0.0014180 seconds, Stopping threads took: 0.0001661 seconds
[2023-02-23T12:13:04.106+0000][16.977s][debug][safepoint     ] Safepoint synchronization initiated. (20 threads)
[2023-02-23T12:13:04.107+0000][16.977s][info ][safepoint     ] Application time: 0.0512156 seconds
[2023-02-23T12:13:04.107+0000][16.977s][info ][safepoint     ] Entering safepoint region: Deoptimize
[2023-02-23T12:13:04.109+0000][16.979s][info ][safepoint     ] Leaving safepoint region
[2023-02-23T12:13:04.109+0000][16.980s][info ][safepoint     ] Total time for which application threads were stopped: 0.0021368 seconds, Stopping threads took: 0.0002686 seconds
[2023-02-23T12:13:04.373+0000][17.244s][debug][safepoint     ] Safepoint synchronization initiated. (20 threads)
[2023-02-23T12:13:04.374+0000][17.244s][info ][safepoint     ] Application time: 0.2643420 seconds
[2023-02-23T12:13:04.374+0000][17.244s][debug][safepoint     ] Waiting for 2 thread(s) to block
[2023-02-23T12:13:04.374+0000][17.245s][info ][safepoint     ] Entering safepoint region: ICBufferFull
[2023-02-23T12:13:04.377+0000][17.247s][info ][safepoint     ] Leaving safepoint region
[2023-02-23T12:13:04.377+0000][17.247s][info ][safepoint     ] Total time for which application threads were stopped: 0.0029900 seconds, Stopping threads took: 0.0005233 seconds
[2023-02-23T12:13:04.561+0000][17.432s][debug][safepoint     ] Safepoint synchronization initiated. (21 threads)
[2023-02-23T12:13:04.562+0000][17.432s][info ][safepoint     ] Application time: 0.1845235 seconds
[2023-02-23T12:13:04.562+0000][17.433s][info ][safepoint     ] Entering safepoint region: G1CollectForAllocation
[2023-02-23T12:13:04.563+0000][17.433s][info ][gc,start      ] GC(24) Pause Young (Normal) (G1 Evacuation Pause)
[2023-02-23T12:13:04.563+0000][17.434s][info ][gc,task       ] GC(24) Using 8 workers of 13 for evacuation
[2023-02-23T12:13:04.578+0000][17.448s][info ][gc,phases     ] GC(24)   Pre Evacuate Collection Set: 0.0ms
[2023-02-23T12:13:04.578+0000][17.448s][info ][gc,phases     ] GC(24)   Evacuate Collection Set: 11.7ms
[2023-02-23T12:13:04.578+0000][17.448s][info ][gc,phases     ] GC(24)   Post Evacuate Collection Set: 2.2ms
[2023-02-23T12:13:04.578+0000][17.449s][info ][gc,phases     ] GC(24)   Other: 0.7ms
[2023-02-23T12:13:04.578+0000][17.449s][info ][gc,heap       ] GC(24) Eden regions: 186->0(183)
[2023-02-23T12:13:04.579+0000][17.449s][info ][gc,heap       ] GC(24) Survivor regions: 15->18(26)
[2023-02-23T12:13:04.579+0000][17.449s][info ][gc,heap       ] GC(24) Old regions: 24->25
[2023-02-23T12:13:04.579+0000][17.449s][info ][gc,heap       ] GC(24) Humongous regions: 0->0
[2023-02-23T12:13:04.579+0000][17.449s][info ][gc,metaspace  ] GC(24) Metaspace: 63210K->63210K(1105920K)
[2023-02-23T12:13:04.579+0000][17.450s][info ][gc            ] GC(24) Pause Young (Normal) (G1 Evacuation Pause) 223M->40M(336M) 16.145ms
[2023-02-23T12:13:04.579+0000][17.450s][info ][gc,cpu        ] GC(24) User=0.12s Sys=0.02s Real=0.02s
[2023-02-23T12:13:04.579+0000][17.450s][info ][safepoint     ] Leaving safepoint region
[2023-02-23T12:13:04.580+0000][17.450s][info ][safepoint     ] Total time for which application threads were stopped: 0.0174235 seconds, Stopping threads took: 0.0004215 seconds
[2023-02-23T12:13:04.580+0000][17.450s][info ][gc,stringdedup] Concurrent String Deduplication (17.450s)
[2023-02-23T12:13:04.581+0000][17.451s][info ][gc,stringdedup] Concurrent String Deduplication 74440.0B->11392.0B(63048.0B) avg 44.0% (17.450s, 17.451s) 0.938ms
[2023-02-23T12:13:04.997+0000][17.867s][debug][safepoint     ] Safepoint synchronization initiated. (17 threads)
[2023-02-23T12:13:04.997+0000][17.868s][info ][safepoint     ] Application time: 0.4176070 seconds
[2023-02-23T12:13:04.997+0000][17.868s][info ][safepoint     ] Entering safepoint region: ICBufferFull
[2023-02-23T12:13:04.998+0000][17.869s][info ][safepoint     ] Leaving safepoint region
[2023-02-23T12:13:04.998+0000][17.869s][info ][safepoint     ] Total time for which application threads were stopped: 0.0008506 seconds, Stopping threads took: 0.0002261 seconds
[2023-02-23T12:13:05.093+0000][17.963s][debug][safepoint     ] Safepoint synchronization initiated. (19 threads)
[2023-02-23T12:13:05.093+0000][17.964s][info ][safepoint     ] Application time: 0.0946896 seconds
[2023-02-23T12:13:05.093+0000][17.964s][info ][safepoint     ] Entering safepoint region: ICBufferFull
[2023-02-23T12:13:05.094+0000][17.964s][info ][safepoint     ] Leaving safepoint region
[2023-02-23T12:13:05.094+0000][17.965s][info ][safepoint     ] Total time for which application threads were stopped: 0.0006715 seconds, Stopping threads took: 0.0001791 seconds
[2023-02-23T12:13:05.152+0000][18.023s][debug][safepoint     ] Safepoint synchronization initiated. (19 threads)
[2023-02-23T12:13:05.153+0000][18.023s][info ][safepoint     ] Application time: 0.0584476 seconds
[2023-02-23T12:13:05.153+0000][18.024s][debug][safepoint     ] Waiting for 1 thread(s) to block
[2023-02-23T12:13:05.153+0000][18.024s][info ][safepoint     ] Entering safepoint region: ICBufferFull
[2023-02-23T12:13:05.154+0000][18.024s][info ][safepoint     ] Leaving safepoint region
[2023-02-23T12:13:05.154+0000][18.024s][info ][safepoint     ] Total time for which application threads were stopped: 0.0008633 seconds, Stopping threads took: 0.0004670 seconds
[2023-02-23T12:13:05.218+0000][18.089s][debug][safepoint     ] Safepoint synchronization initiated. (19 threads)
[2023-02-23T12:13:05.219+0000][18.089s][info ][safepoint     ] Application time: 0.0647282 seconds
[2023-02-23T12:13:05.219+0000][18.090s][debug][safepoint     ] Waiting for 1 thread(s) to block
[2023-02-23T12:13:05.219+0000][18.090s][info ][safepoint     ] Entering safepoint region: G1CollectForAllocation
[2023-02-23T12:13:05.220+0000][18.090s][info ][gc,start      ] GC(25) Pause Young (Normal) (G1 Evacuation Pause)
[2023-02-23T12:13:05.220+0000][18.090s][info ][gc,task       ] GC(25) Using 8 workers of 13 for evacuation
[2023-02-23T12:13:05.233+0000][18.103s][info ][gc,phases     ] GC(25)   Pre Evacuate Collection Set: 0.0ms
[2023-02-23T12:13:05.233+0000][18.104s][info ][gc,phases     ] GC(25)   Evacuate Collection Set: 10.9ms
[2023-02-23T12:13:05.233+0000][18.104s][info ][gc,phases     ] GC(25)   Post Evacuate Collection Set: 1.8ms
[2023-02-23T12:13:05.234+0000][18.104s][info ][gc,phases     ] GC(25)   Other: 0.4ms
[2023-02-23T12:13:05.234+0000][18.104s][info ][gc,heap       ] GC(25) Eden regions: 183->0(186)
[2023-02-23T12:13:05.234+0000][18.104s][info ][gc,heap       ] GC(25) Survivor regions: 18->15(26)
[2023-02-23T12:13:05.234+0000][18.104s][info ][gc,heap       ] GC(25) Old regions: 25->30
[2023-02-23T12:13:05.234+0000][18.105s][info ][gc,heap       ] GC(25) Humongous regions: 0->0
[2023-02-23T12:13:05.234+0000][18.105s][info ][gc,metaspace  ] GC(25) Metaspace: 66516K->66516K(1107968K)
[2023-02-23T12:13:05.234+0000][18.105s][info ][gc            ] GC(25) Pause Young (Normal) (G1 Evacuation Pause) 223M->42M(336M) 14.510ms
[2023-02-23T12:13:05.235+0000][18.105s][info ][gc,cpu        ] GC(25) User=0.06s Sys=0.03s Real=0.01s
[2023-02-23T12:13:05.235+0000][18.105s][info ][safepoint     ] Leaving safepoint region
[2023-02-23T12:13:05.235+0000][18.105s][info ][safepoint     ] Total time for which application threads were stopped: 0.0156789 seconds, Stopping threads took: 0.0005196 seconds
[2023-02-23T12:13:05.235+0000][18.105s][info ][gc,stringdedup] Concurrent String Deduplication (18.105s)
[2023-02-23T12:13:05.237+0000][18.108s][info ][gc,stringdedup] Concurrent String Deduplication 124.6K->56944.0B(70648.0B) avg 44.2% (18.105s, 18.108s) 2.162ms
[2023-02-23T12:13:05.326+0000][18.197s][debug][safepoint     ] Safepoint synchronization initiated. (19 threads)
[2023-02-23T12:13:05.327+0000][18.197s][info ][safepoint     ] Application time: 0.0916765 seconds
[2023-02-23T12:13:05.327+0000][18.197s][info ][safepoint     ] Entering safepoint region: ICBufferFull
[2023-02-23T12:13:05.327+0000][18.198s][info ][safepoint     ] Leaving safepoint region
[2023-02-23T12:13:05.328+0000][18.198s][info ][safepoint     ] Total time for which application threads were stopped: 0.0007622 seconds, Stopping threads took: 0.0002141 seconds
[2023-02-23T12:13:05.677+0000][18.548s][debug][safepoint     ] Safepoint synchronization initiated. (19 threads)
[2023-02-23T12:13:05.678+0000][18.548s][info ][safepoint     ] Application time: 0.3498803 seconds
[2023-02-23T12:13:05.678+0000][18.548s][info ][safepoint     ] Entering safepoint region: ICBufferFull
[2023-02-23T12:13:05.678+0000][18.549s][info ][safepoint     ] Leaving safepoint region
[2023-02-23T12:13:05.678+0000][18.549s][info ][safepoint     ] Total time for which application threads were stopped: 0.0006765 seconds, Stopping threads took: 0.0001737 seconds
[2023-02-23T12:13:05.732+0000][18.602s][debug][safepoint     ] Safepoint synchronization initiated. (19 threads)
[2023-02-23T12:13:05.732+0000][18.603s][info ][safepoint     ] Application time: 0.0534981 seconds
[2023-02-23T12:13:05.732+0000][18.603s][info ][safepoint     ] Entering safepoint region: Deoptimize
[2023-02-23T12:13:05.734+0000][18.604s][info ][safepoint     ] Leaving safepoint region
[2023-02-23T12:13:05.734+0000][18.604s][info ][safepoint     ] Total time for which application threads were stopped: 0.0016659 seconds, Stopping threads took: 0.0001589 seconds
[2023-02-23T12:13:05.735+0000][18.606s][debug][safepoint     ] Safepoint synchronization initiated. (19 threads)
[2023-02-23T12:13:05.736+0000][18.606s][info ][safepoint     ] Application time: 0.0017789 seconds
[2023-02-23T12:13:05.736+0000][18.607s][info ][safepoint     ] Entering safepoint region: Deoptimize
[2023-02-23T12:13:05.738+0000][18.608s][info ][safepoint     ] Leaving safepoint region
[2023-02-23T12:13:05.738+0000][18.609s][info ][safepoint     ] Total time for which application threads were stopped: 0.0019185 seconds, Stopping threads took: 0.0002219 seconds
[2023-02-23T12:13:05.869+0000][18.739s][debug][safepoint     ] Safepoint synchronization initiated. (19 threads)
[2023-02-23T12:13:05.869+0000][18.740s][info ][safepoint     ] Application time: 0.1309527 seconds
[2023-02-23T12:13:05.870+0000][18.740s][info ][safepoint     ] Entering safepoint region: G1CollectForAllocation
[2023-02-23T12:13:05.870+0000][18.741s][info ][gc,start      ] GC(26) Pause Young (Normal) (G1 Evacuation Pause)
[2023-02-23T12:13:05.871+0000][18.741s][info ][gc,task       ] GC(26) Using 8 workers of 13 for evacuation
[2023-02-23T12:13:05.881+0000][18.751s][info ][gc,phases     ] GC(26)   Pre Evacuate Collection Set: 0.0ms
[2023-02-23T12:13:05.881+0000][18.752s][info ][gc,phases     ] GC(26)   Evacuate Collection Set: 8.0ms
[2023-02-23T12:13:05.881+0000][18.752s][info ][gc,phases     ] GC(26)   Post Evacuate Collection Set: 2.1ms
[2023-02-23T12:13:05.882+0000][18.752s][info ][gc,phases     ] GC(26)   Other: 0.6ms
[2023-02-23T12:13:05.882+0000][18.752s][info ][gc,heap       ] GC(26) Eden regions: 186->0(186)
[2023-02-23T12:13:05.882+0000][18.752s][info ][gc,heap       ] GC(26) Survivor regions: 15->15(26)
[2023-02-23T12:13:05.882+0000][18.753s][info ][gc,heap       ] GC(26) Old regions: 30->30
[2023-02-23T12:13:05.882+0000][18.753s][info ][gc,heap       ] GC(26) Humongous regions: 0->0
[2023-02-23T12:13:05.882+0000][18.753s][info ][gc,metaspace  ] GC(26) Metaspace: 70135K->70135K(1112064K)
[2023-02-23T12:13:05.883+0000][18.753s][info ][gc            ] GC(26) Pause Young (Normal) (G1 Evacuation Pause) 228M->42M(336M) 12.299ms
[2023-02-23T12:13:05.883+0000][18.753s][info ][gc,cpu        ] GC(26) User=0.08s Sys=0.01s Real=0.01s
[2023-02-23T12:13:05.883+0000][18.753s][info ][safepoint     ] Leaving safepoint region
[2023-02-23T12:13:05.883+0000][18.754s][info ][safepoint     ] Total time for which application threads were stopped: 0.0134480 seconds, Stopping threads took: 0.0003114 seconds
[2023-02-23T12:13:05.883+0000][18.754s][info ][gc,stringdedup] Concurrent String Deduplication (18.754s)
[2023-02-23T12:13:05.885+0000][18.756s][info ][gc,stringdedup] Concurrent String Deduplication 219.9K->49792.0B(171.2K) avg 45.0% (18.754s, 18.756s) 1.971ms
[2023-02-23T12:13:06.004+0000][18.875s][debug][safepoint     ] Safepoint synchronization initiated. (20 threads)
[2023-02-23T12:13:06.005+0000][18.875s][info ][safepoint     ] Application time: 0.1213443 seconds
[2023-02-23T12:13:06.005+0000][18.875s][info ][safepoint     ] Entering safepoint region: Deoptimize
[2023-02-23T12:13:06.007+0000][18.877s][info ][safepoint     ] Leaving safepoint region
[2023-02-23T12:13:06.007+0000][18.878s][info ][safepoint     ] Total time for which application threads were stopped: 0.0022104 seconds, Stopping threads took: 0.0003042 seconds
[2023-02-23T12:13:06.153+0000][19.023s][debug][safepoint     ] Safepoint synchronization initiated. (20 threads)
[2023-02-23T12:13:06.153+0000][19.023s][info ][safepoint     ] Application time: 0.1456712 seconds
[2023-02-23T12:13:06.153+0000][19.024s][info ][safepoint     ] Entering safepoint region: Deoptimize
[2023-02-23T12:13:06.154+0000][19.025s][info ][safepoint     ] Leaving safepoint region
[2023-02-23T12:13:06.155+0000][19.025s][info ][safepoint     ] Total time for which application threads were stopped: 0.0015313 seconds, Stopping threads took: 0.0001591 seconds
[2023-02-23T12:13:06.248+0000][19.118s][debug][safepoint     ] Safepoint synchronization initiated. (20 threads)
[2023-02-23T12:13:06.248+0000][19.118s][info ][safepoint     ] Application time: 0.0929730 seconds
[2023-02-23T12:13:06.248+0000][19.118s][info ][safepoint     ] Entering safepoint region: Deoptimize
[2023-02-23T12:13:06.249+0000][19.120s][info ][safepoint     ] Leaving safepoint region
[2023-02-23T12:13:06.250+0000][19.120s][info ][safepoint     ] Total time for which application threads were stopped: 0.0016914 seconds, Stopping threads took: 0.0001513 seconds
[2023-02-23T12:13:06.490+0000][19.360s][debug][safepoint     ] Safepoint synchronization initiated. (20 threads)
[2023-02-23T12:13:06.490+0000][19.361s][info ][safepoint     ] Application time: 0.2403168 seconds
[2023-02-23T12:13:06.490+0000][19.361s][info ][safepoint     ] Entering safepoint region: ICBufferFull
[2023-02-23T12:13:06.491+0000][19.361s][info ][safepoint     ] Leaving safepoint region
[2023-02-23T12:13:06.491+0000][19.362s][info ][safepoint     ] Total time for which application threads were stopped: 0.0009524 seconds, Stopping threads took: 0.0002737 seconds
[2023-02-23T12:13:06.907+0000][19.778s][debug][safepoint     ] Safepoint synchronization initiated. (20 threads)
[2023-02-23T12:13:06.907+0000][19.778s][info ][safepoint     ] Application time: 0.4157950 seconds
[2023-02-23T12:13:06.908+0000][19.778s][info ][safepoint     ] Entering safepoint region: ICBufferFull
[2023-02-23T12:13:06.908+0000][19.778s][info ][safepoint     ] Leaving safepoint region
[2023-02-23T12:13:06.908+0000][19.779s][info ][safepoint     ] Total time for which application threads were stopped: 0.0006854 seconds, Stopping threads took: 0.0001551 seconds
[2023-02-23T12:13:07.053+0000][19.923s][debug][safepoint     ] Safepoint synchronization initiated. (20 threads)
[2023-02-23T12:13:07.053+0000][19.923s][info ][safepoint     ] Application time: 0.1446505 seconds
[2023-02-23T12:13:07.053+0000][19.924s][info ][safepoint     ] Entering safepoint region: G1CollectForAllocation
[2023-02-23T12:13:07.054+0000][19.924s][info ][gc,start      ] GC(27) Pause Young (Normal) (G1 Evacuation Pause)
[2023-02-23T12:13:07.055+0000][19.925s][info ][gc,task       ] GC(27) Using 8 workers of 13 for evacuation
[2023-02-23T12:13:07.072+0000][19.943s][info ][gc,phases     ] GC(27)   Pre Evacuate Collection Set: 0.0ms
[2023-02-23T12:13:07.073+0000][19.943s][info ][gc,phases     ] GC(27)   Evacuate Collection Set: 14.5ms
[2023-02-23T12:13:07.073+0000][19.943s][info ][gc,phases     ] GC(27)   Post Evacuate Collection Set: 2.7ms
[2023-02-23T12:13:07.073+0000][19.943s][info ][gc,phases     ] GC(27)   Other: 1.1ms
[2023-02-23T12:13:07.073+0000][19.944s][info ][gc,heap       ] GC(27) Eden regions: 186->0(186)
[2023-02-23T12:13:07.073+0000][19.944s][info ][gc,heap       ] GC(27) Survivor regions: 15->15(26)
[2023-02-23T12:13:07.073+0000][19.944s][info ][gc,heap       ] GC(27) Old regions: 30->33
[2023-02-23T12:13:07.074+0000][19.944s][info ][gc,heap       ] GC(27) Humongous regions: 0->0
[2023-02-23T12:13:07.074+0000][19.944s][info ][gc,metaspace  ] GC(27) Metaspace: 74521K->74521K(1116160K)
[2023-02-23T12:13:07.074+0000][19.944s][info ][gc            ] GC(27) Pause Young (Normal) (G1 Evacuation Pause) 228M->45M(336M) 19.972ms
[2023-02-23T12:13:07.074+0000][19.945s][info ][gc,cpu        ] GC(27) User=0.14s Sys=0.07s Real=0.02s
[2023-02-23T12:13:07.074+0000][19.945s][info ][safepoint     ] Leaving safepoint region
[2023-02-23T12:13:07.074+0000][19.945s][info ][safepoint     ] Total time for which application threads were stopped: 0.0210747 seconds, Stopping threads took: 0.0003082 seconds
[2023-02-23T12:13:07.075+0000][19.945s][info ][gc,stringdedup] Concurrent String Deduplication (19.945s)
[2023-02-23T12:13:07.076+0000][19.946s][info ][gc,stringdedup] Concurrent String Deduplication 66256.0B->17016.0B(49240.0B) avg 45.2% (19.945s, 19.946s) 0.989ms
[2023-02-23T12:13:07.385+0000][20.255s][debug][safepoint     ] Safepoint synchronization initiated. (21 threads)
[2023-02-23T12:13:07.385+0000][20.255s][info ][safepoint     ] Application time: 0.3105015 seconds
[2023-02-23T12:13:07.385+0000][20.256s][debug][safepoint     ] Waiting for 1 thread(s) to block
[2023-02-23T12:13:07.386+0000][20.256s][info ][safepoint     ] Entering safepoint region: ICBufferFull
[2023-02-23T12:13:07.386+0000][20.257s][info ][safepoint     ] Leaving safepoint region
[2023-02-23T12:13:07.386+0000][20.257s][info ][safepoint     ] Total time for which application threads were stopped: 0.0011130 seconds, Stopping threads took: 0.0005604 seconds
[2023-02-23T12:13:08.150+0000][21.021s][debug][safepoint     ] Safepoint synchronization initiated. (24 threads)
[2023-02-23T12:13:08.151+0000][21.021s][info ][safepoint     ] Application time: 0.7639816 seconds
[2023-02-23T12:13:08.151+0000][21.021s][debug][safepoint     ] Waiting for 1 thread(s) to block
[2023-02-23T12:13:08.151+0000][21.021s][info ][safepoint     ] Entering safepoint region: ICBufferFull
[2023-02-23T12:13:08.152+0000][21.022s][info ][safepoint     ] Leaving safepoint region
[2023-02-23T12:13:08.152+0000][21.022s][info ][safepoint     ] Total time for which application threads were stopped: 0.0012263 seconds, Stopping threads took: 0.0005028 seconds
[2023-02-23T12:13:08.298+0000][21.168s][debug][safepoint     ] Safepoint synchronization initiated. (24 threads)
[2023-02-23T12:13:08.298+0000][21.169s][info ][safepoint     ] Application time: 0.1459989 seconds
[2023-02-23T12:13:08.299+0000][21.169s][info ][safepoint     ] Entering safepoint region: G1CollectForAllocation
[2023-02-23T12:13:08.299+0000][21.170s][info ][gc,start      ] GC(28) Pause Young (Normal) (G1 Evacuation Pause)
[2023-02-23T12:13:08.299+0000][21.170s][info ][gc,task       ] GC(28) Using 8 workers of 13 for evacuation
[2023-02-23T12:13:08.313+0000][21.183s][info ][gc,phases     ] GC(28)   Pre Evacuate Collection Set: 0.0ms
[2023-02-23T12:13:08.313+0000][21.184s][info ][gc,phases     ] GC(28)   Evacuate Collection Set: 9.8ms
[2023-02-23T12:13:08.313+0000][21.184s][info ][gc,phases     ] GC(28)   Post Evacuate Collection Set: 3.2ms
[2023-02-23T12:13:08.314+0000][21.184s][info ][gc,phases     ] GC(28)   Other: 0.7ms
[2023-02-23T12:13:08.314+0000][21.184s][info ][gc,heap       ] GC(28) Eden regions: 186->0(223)
[2023-02-23T12:13:08.314+0000][21.184s][info ][gc,heap       ] GC(28) Survivor regions: 15->19(26)
[2023-02-23T12:13:08.314+0000][21.185s][info ][gc,heap       ] GC(28) Old regions: 33->33
[2023-02-23T12:13:08.314+0000][21.185s][info ][gc,heap       ] GC(28) Humongous regions: 0->0
[2023-02-23T12:13:08.314+0000][21.185s][info ][gc,metaspace  ] GC(28) Metaspace: 76299K->76299K(1118208K)
[2023-02-23T12:13:08.315+0000][21.185s][info ][gc            ] GC(28) Pause Young (Normal) (G1 Evacuation Pause) 231M->49M(404M) 15.745ms
[2023-02-23T12:13:08.315+0000][21.186s][info ][gc,cpu        ] GC(28) User=0.13s Sys=0.00s Real=0.01s
[2023-02-23T12:13:08.315+0000][21.186s][info ][safepoint     ] Leaving safepoint region
[2023-02-23T12:13:08.316+0000][21.186s][info ][safepoint     ] Total time for which application threads were stopped: 0.0171190 seconds, Stopping threads took: 0.0002614 seconds
[2023-02-23T12:13:08.316+0000][21.186s][info ][gc,stringdedup] Concurrent String Deduplication (21.186s)
[2023-02-23T12:13:08.320+0000][21.190s][info ][gc,stringdedup] Concurrent String Deduplication 227.8K->139.9K(90032.0B) avg 45.1% (21.186s, 21.190s) 3.573ms
[2023-02-23T12:13:08.662+0000][21.532s][debug][safepoint     ] Safepoint synchronization initiated. (24 threads)
[2023-02-23T12:13:08.662+0000][21.533s][info ][safepoint     ] Application time: 0.3465079 seconds
[2023-02-23T12:13:08.663+0000][21.533s][debug][safepoint     ] Waiting for 3 thread(s) to block
[2023-02-23T12:13:08.663+0000][21.533s][info ][safepoint     ] Entering safepoint region: ICBufferFull
[2023-02-23T12:13:08.664+0000][21.534s][info ][safepoint     ] Leaving safepoint region
[2023-02-23T12:13:08.664+0000][21.534s][info ][safepoint     ] Total time for which application threads were stopped: 0.0013877 seconds, Stopping threads took: 0.0006838 seconds
[2023-02-23T12:13:08.842+0000][21.712s][debug][safepoint     ] Safepoint synchronization initiated. (23 threads)
[2023-02-23T12:13:08.842+0000][21.713s][info ][safepoint     ] Application time: 0.1778033 seconds
[2023-02-23T12:13:08.842+0000][21.713s][debug][safepoint     ] ... found polling page loop exception at pc = 0x00007f24687ef13c, stub =0x00007f246085ab00
[2023-02-23T12:13:08.843+0000][21.713s][debug][safepoint     ] Waiting for 1 thread(s) to block
[2023-02-23T12:13:08.843+0000][21.713s][info ][safepoint     ] Entering safepoint region: ICBufferFull
[2023-02-23T12:13:08.843+0000][21.714s][info ][safepoint     ] Leaving safepoint region
[2023-02-23T12:13:08.843+0000][21.714s][info ][safepoint     ] Total time for which application threads were stopped: 0.0012352 seconds, Stopping threads took: 0.0007049 seconds
[2023-02-23T12:13:08.977+0000][21.848s][debug][safepoint     ] Safepoint synchronization initiated. (23 threads)
[2023-02-23T12:13:08.978+0000][21.848s][info ][safepoint     ] Application time: 0.1339681 seconds
[2023-02-23T12:13:08.978+0000][21.848s][debug][safepoint     ] Waiting for 1 thread(s) to block
[2023-02-23T12:13:08.978+0000][21.849s][info ][safepoint     ] Entering safepoint region: ICBufferFull
[2023-02-23T12:13:08.979+0000][21.849s][info ][safepoint     ] Leaving safepoint region
[2023-02-23T12:13:08.979+0000][21.850s][info ][safepoint     ] Total time for which application threads were stopped: 0.0012553 seconds, Stopping threads took: 0.0006109 seconds
[2023-02-23T12:13:09.800+0000][22.671s][debug][safepoint     ] Safepoint synchronization initiated. (19 threads)
[2023-02-23T12:13:09.801+0000][22.671s][info ][safepoint     ] Application time: 0.8212667 seconds
[2023-02-23T12:13:09.801+0000][22.671s][info ][safepoint     ] Entering safepoint region: ICBufferFull
[2023-02-23T12:13:09.802+0000][22.672s][info ][safepoint     ] Leaving safepoint region
[2023-02-23T12:13:09.802+0000][22.672s][info ][safepoint     ] Total time for which application threads were stopped: 0.0009826 seconds, Stopping threads took: 0.0003100 seconds
[2023-02-23T12:13:09.822+0000][22.693s][debug][safepoint     ] Safepoint synchronization initiated. (19 threads)
[2023-02-23T12:13:09.823+0000][22.693s][info ][safepoint     ] Application time: 0.0204564 seconds
[2023-02-23T12:13:09.823+0000][22.694s][info ][safepoint     ] Entering safepoint region: Deoptimize
[2023-02-23T12:13:09.825+0000][22.696s][info ][safepoint     ] Leaving safepoint region
[2023-02-23T12:13:09.826+0000][22.696s][info ][safepoint     ] Total time for which application threads were stopped: 0.0027590 seconds, Stopping threads took: 0.0004693 seconds
[2023-02-23T12:13:09.957+0000][22.827s][debug][safepoint     ] Safepoint synchronization initiated. (19 threads)
[2023-02-23T12:13:09.958+0000][22.828s][info ][safepoint     ] Application time: 0.1313752 seconds
[2023-02-23T12:13:09.958+0000][22.828s][info ][safepoint     ] Entering safepoint region: G1CollectForAllocation
[2023-02-23T12:13:09.959+0000][22.830s][info ][gc,start      ] GC(29) Pause Young (Normal) (G1 Evacuation Pause)
[2023-02-23T12:13:09.960+0000][22.831s][info ][gc,task       ] GC(29) Using 9 workers of 13 for evacuation
[2023-02-23T12:13:09.993+0000][22.863s][info ][gc,phases     ] GC(29)   Pre Evacuate Collection Set: 0.0ms
[2023-02-23T12:13:09.993+0000][22.864s][info ][gc,phases     ] GC(29)   Evacuate Collection Set: 29.0ms
[2023-02-23T12:13:09.993+0000][22.864s][info ][gc,phases     ] GC(29)   Post Evacuate Collection Set: 2.6ms
[2023-02-23T12:13:09.993+0000][22.864s][info ][gc,phases     ] GC(29)   Other: 2.1ms
[2023-02-23T12:13:09.994+0000][22.864s][info ][gc,heap       ] GC(29) Eden regions: 223->0(220)
[2023-02-23T12:13:09.994+0000][22.864s][info ][gc,heap       ] GC(29) Survivor regions: 19->22(31)
[2023-02-23T12:13:09.994+0000][22.864s][info ][gc,heap       ] GC(29) Old regions: 33->36
[2023-02-23T12:13:09.994+0000][22.865s][info ][gc,heap       ] GC(29) Humongous regions: 0->0
[2023-02-23T12:13:09.994+0000][22.865s][info ][gc,metaspace  ] GC(29) Metaspace: 79196K->79196K(1120256K)
[2023-02-23T12:13:09.995+0000][22.865s][info ][gc            ] GC(29) Pause Young (Normal) (G1 Evacuation Pause) 272M->56M(404M) 35.488ms
[2023-02-23T12:13:09.995+0000][22.865s][info ][gc,cpu        ] GC(29) User=0.27s Sys=0.00s Real=0.03s
[2023-02-23T12:13:09.995+0000][22.865s][info ][safepoint     ] Leaving safepoint region
[2023-02-23T12:13:09.995+0000][22.865s][info ][safepoint     ] Total time for which application threads were stopped: 0.0370143 seconds, Stopping threads took: 0.0005467 seconds
[2023-02-23T12:13:09.995+0000][22.866s][info ][gc,stringdedup] Concurrent String Deduplication (22.866s)
[2023-02-23T12:13:09.998+0000][22.868s][info ][gc,stringdedup] Concurrent String Deduplication 225.4K->83024.0B(144.3K) avg 45.5% (22.866s, 22.868s) 2.507ms
[2023-02-23T12:13:10.029+0000][22.900s][debug][safepoint     ] Safepoint synchronization initiated. (19 threads)
[2023-02-23T12:13:10.030+0000][22.900s][info ][safepoint     ] Application time: 0.0344913 seconds
[2023-02-23T12:13:10.030+0000][22.900s][info ][safepoint     ] Entering safepoint region: Deoptimize
[2023-02-23T12:13:10.032+0000][22.903s][info ][safepoint     ] Leaving safepoint region
[2023-02-23T12:13:10.032+0000][22.903s][info ][safepoint     ] Total time for which application threads were stopped: 0.0025380 seconds, Stopping threads took: 0.0002792 seconds
[2023-02-23T12:13:10.460+0000][23.331s][debug][safepoint     ] Safepoint synchronization initiated. (23 threads)
[2023-02-23T12:13:10.461+0000][23.331s][info ][safepoint     ] Application time: 0.4280452 seconds
[2023-02-23T12:13:10.461+0000][23.331s][debug][safepoint     ] Waiting for 1 thread(s) to block
[2023-02-23T12:13:10.461+0000][23.332s][info ][safepoint     ] Entering safepoint region: ICBufferFull
[2023-02-23T12:13:10.462+0000][23.332s][info ][safepoint     ] Leaving safepoint region
[2023-02-23T12:13:10.462+0000][23.332s][info ][safepoint     ] Total time for which application threads were stopped: 0.0009966 seconds, Stopping threads took: 0.0004565 seconds
[2023-02-23T12:13:10.821+0000][23.691s][debug][safepoint     ] Safepoint synchronization initiated. (23 threads)
[2023-02-23T12:13:10.821+0000][23.692s][info ][safepoint     ] Application time: 0.3590798 seconds
[2023-02-23T12:13:10.821+0000][23.692s][info ][safepoint     ] Entering safepoint region: Deoptimize
[2023-02-23T12:13:10.823+0000][23.694s][info ][safepoint     ] Leaving safepoint region
[2023-02-23T12:13:10.824+0000][23.694s][info ][safepoint     ] Total time for which application threads were stopped: 0.0022764 seconds, Stopping threads took: 0.0001368 seconds
[2023-02-23T12:13:10.951+0000][23.822s][debug][safepoint     ] Safepoint synchronization initiated. (24 threads)
[2023-02-23T12:13:10.952+0000][23.822s][info ][safepoint     ] Application time: 0.1277971 seconds
[2023-02-23T12:13:10.952+0000][23.822s][info ][safepoint     ] Entering safepoint region: Deoptimize
[2023-02-23T12:13:10.953+0000][23.824s][info ][safepoint     ] Leaving safepoint region
[2023-02-23T12:13:10.954+0000][23.824s][info ][safepoint     ] Total time for which application threads were stopped: 0.0019972 seconds, Stopping threads took: 0.0001756 seconds
[2023-02-23T12:13:11.169+0000][24.040s][debug][safepoint     ] Safepoint synchronization initiated. (23 threads)
[2023-02-23T12:13:11.169+0000][24.040s][info ][safepoint     ] Application time: 0.2155758 seconds
[2023-02-23T12:13:11.170+0000][24.040s][info ][safepoint     ] Entering safepoint region: Deoptimize
[2023-02-23T12:13:11.172+0000][24.042s][info ][safepoint     ] Leaving safepoint region
[2023-02-23T12:13:11.172+0000][24.043s][info ][safepoint     ] Total time for which application threads were stopped: 0.0025437 seconds, Stopping threads took: 0.0002866 seconds
[2023-02-23T12:13:11.281+0000][24.151s][debug][safepoint     ] Safepoint synchronization initiated. (23 threads)
[2023-02-23T12:13:11.281+0000][24.152s][info ][safepoint     ] Application time: 0.1084773 seconds
[2023-02-23T12:13:11.281+0000][24.152s][info ][safepoint     ] Entering safepoint region: G1CollectForAllocation
[2023-02-23T12:13:11.282+0000][24.152s][info ][gc,start      ] GC(30) Pause Young (Normal) (G1 Evacuation Pause)
[2023-02-23T12:13:11.282+0000][24.153s][info ][gc,task       ] GC(30) Using 10 workers of 13 for evacuation
[2023-02-23T12:13:11.306+0000][24.177s][info ][gc,phases     ] GC(30)   Pre Evacuate Collection Set: 0.0ms
[2023-02-23T12:13:11.307+0000][24.177s][info ][gc,phases     ] GC(30)   Evacuate Collection Set: 20.0ms
[2023-02-23T12:13:11.307+0000][24.178s][info ][gc,phases     ] GC(30)   Post Evacuate Collection Set: 3.8ms
[2023-02-23T12:13:11.307+0000][24.178s][info ][gc,phases     ] GC(30)   Other: 0.9ms
[2023-02-23T12:13:11.307+0000][24.178s][info ][gc,heap       ] GC(30) Eden regions: 220->0(221)
[2023-02-23T12:13:11.308+0000][24.178s][info ][gc,heap       ] GC(30) Survivor regions: 22->21(31)
[2023-02-23T12:13:11.308+0000][24.178s][info ][gc,heap       ] GC(30) Old regions: 36->43
[2023-02-23T12:13:11.308+0000][24.178s][info ][gc,heap       ] GC(30) Humongous regions: 0->0
[2023-02-23T12:13:11.308+0000][24.179s][info ][gc,metaspace  ] GC(30) Metaspace: 84374K->84374K(1124352K)
[2023-02-23T12:13:11.308+0000][24.179s][info ][gc            ] GC(30) Pause Young (Normal) (G1 Evacuation Pause) 276M->61M(404M) 26.535ms
[2023-02-23T12:13:11.309+0000][24.179s][info ][gc,cpu        ] GC(30) User=0.18s Sys=0.04s Real=0.03s
[2023-02-23T12:13:11.309+0000][24.179s][info ][safepoint     ] Leaving safepoint region
[2023-02-23T12:13:11.309+0000][24.179s][info ][safepoint     ] Total time for which application threads were stopped: 0.0275670 seconds, Stopping threads took: 0.0002068 seconds
[2023-02-23T12:13:11.309+0000][24.180s][info ][gc,stringdedup] Concurrent String Deduplication (24.180s)
[2023-02-23T12:13:11.312+0000][24.183s][info ][gc,stringdedup] Concurrent String Deduplication 467.3K->111.0K(356.3K) avg 46.9% (24.180s, 24.183s) 2.957ms
[2023-02-23T12:13:11.869+0000][24.740s][debug][safepoint     ] Safepoint synchronization initiated. (27 threads)
[2023-02-23T12:13:11.870+0000][24.740s][info ][safepoint     ] Application time: 0.5606176 seconds
[2023-02-23T12:13:11.870+0000][24.740s][info ][safepoint     ] Entering safepoint region: Deoptimize
[2023-02-23T12:13:11.872+0000][24.742s][info ][safepoint     ] Leaving safepoint region
[2023-02-23T12:13:11.872+0000][24.742s][info ][safepoint     ] Total time for which application threads were stopped: 0.0019738 seconds, Stopping threads took: 0.0001968 seconds
[2023-02-23T12:13:11.932+0000][24.802s][debug][safepoint     ] Safepoint synchronization initiated. (26 threads)
[2023-02-23T12:13:11.932+0000][24.802s][info ][safepoint     ] Application time: 0.0600297 seconds
[2023-02-23T12:13:11.932+0000][24.803s][info ][safepoint     ] Entering safepoint region: Deoptimize
[2023-02-23T12:13:11.934+0000][24.805s][info ][safepoint     ] Leaving safepoint region
[2023-02-23T12:13:11.935+0000][24.805s][info ][safepoint     ] Total time for which application threads were stopped: 0.0024278 seconds, Stopping threads took: 0.0003331 seconds
[2023-02-23T12:13:11.999+0000][24.869s][debug][safepoint     ] Safepoint synchronization initiated. (26 threads)
[2023-02-23T12:13:11.999+0000][24.870s][info ][safepoint     ] Application time: 0.0643724 seconds
[2023-02-23T12:13:12.000+0000][24.870s][info ][safepoint     ] Entering safepoint region: Deoptimize
[2023-02-23T12:13:12.001+0000][24.872s][info ][safepoint     ] Leaving safepoint region
[2023-02-23T12:13:12.002+0000][24.872s][info ][safepoint     ] Total time for which application threads were stopped: 0.0022473 seconds, Stopping threads took: 0.0001715 seconds
[2023-02-23T12:13:12.012+0000][24.882s][debug][safepoint     ] Safepoint synchronization initiated. (26 threads)
[2023-02-23T12:13:12.012+0000][24.882s][info ][safepoint     ] Application time: 0.0098393 seconds
[2023-02-23T12:13:12.012+0000][24.883s][info ][safepoint     ] Entering safepoint region: Deoptimize
[2023-02-23T12:13:12.014+0000][24.884s][info ][safepoint     ] Leaving safepoint region
[2023-02-23T12:13:12.014+0000][24.885s][info ][safepoint     ] Total time for which application threads were stopped: 0.0020812 seconds, Stopping threads took: 0.0002318 seconds
[2023-02-23T12:13:12.072+0000][24.943s][debug][safepoint     ] Safepoint synchronization initiated. (26 threads)
[2023-02-23T12:13:12.073+0000][24.943s][info ][safepoint     ] Application time: 0.0581184 seconds
[2023-02-23T12:13:12.073+0000][24.943s][info ][safepoint     ] Entering safepoint region: Deoptimize
[2023-02-23T12:13:12.074+0000][24.945s][info ][safepoint     ] Leaving safepoint region
[2023-02-23T12:13:12.075+0000][24.945s][info ][safepoint     ] Total time for which application threads were stopped: 0.0019668 seconds, Stopping threads took: 0.0001673 seconds
[2023-02-23T12:13:12.688+0000][25.558s][debug][safepoint     ] Safepoint synchronization initiated. (27 threads)
[2023-02-23T12:13:12.688+0000][25.559s][info ][safepoint     ] Application time: 0.6135994 seconds
[2023-02-23T12:13:12.689+0000][25.559s][info ][safepoint     ] Entering safepoint region: Deoptimize
[2023-02-23T12:13:12.691+0000][25.561s][info ][safepoint     ] Leaving safepoint region
[2023-02-23T12:13:12.691+0000][25.562s][info ][safepoint     ] Total time for which application threads were stopped: 0.0024240 seconds, Stopping threads took: 0.0002367 seconds
[2023-02-23T12:13:12.741+0000][25.612s][debug][safepoint     ] Safepoint synchronization initiated. (27 threads)
[2023-02-23T12:13:12.742+0000][25.612s][info ][safepoint     ] Application time: 0.0506287 seconds
[2023-02-23T12:13:12.742+0000][25.613s][info ][safepoint     ] Entering safepoint region: G1CollectForAllocation
[2023-02-23T12:13:12.743+0000][25.613s][info ][gc,start      ] GC(31) Pause Young (Normal) (G1 Evacuation Pause)
[2023-02-23T12:13:12.743+0000][25.614s][info ][gc,task       ] GC(31) Using 13 workers of 13 for evacuation
[2023-02-23T12:13:12.766+0000][25.637s][info ][gc,phases     ] GC(31)   Pre Evacuate Collection Set: 0.0ms
[2023-02-23T12:13:12.766+0000][25.637s][info ][gc,phases     ] GC(31)   Evacuate Collection Set: 19.3ms
[2023-02-23T12:13:12.767+0000][25.637s][info ][gc,phases     ] GC(31)   Post Evacuate Collection Set: 2.9ms
[2023-02-23T12:13:12.767+0000][25.637s][info ][gc,phases     ] GC(31)   Other: 1.2ms
[2023-02-23T12:13:12.767+0000][25.637s][info ][gc,heap       ] GC(31) Eden regions: 221->0(225)
[2023-02-23T12:13:12.767+0000][25.637s][info ][gc,heap       ] GC(31) Survivor regions: 21->17(31)
[2023-02-23T12:13:12.767+0000][25.638s][info ][gc,heap       ] GC(31) Old regions: 43->51
[2023-02-23T12:13:12.767+0000][25.638s][info ][gc,heap       ] GC(31) Humongous regions: 0->0
[2023-02-23T12:13:12.767+0000][25.638s][info ][gc,metaspace  ] GC(31) Metaspace: 89629K->89629K(1130496K)
[2023-02-23T12:13:12.768+0000][25.638s][info ][gc            ] GC(31) Pause Young (Normal) (G1 Evacuation Pause) 282M->66M(404M) 24.799ms
[2023-02-23T12:13:12.768+0000][25.638s][info ][gc,cpu        ] GC(31) User=0.21s Sys=0.10s Real=0.02s
[2023-02-23T12:13:12.768+0000][25.638s][info ][safepoint     ] Leaving safepoint region
[2023-02-23T12:13:12.768+0000][25.638s][info ][safepoint     ] Total time for which application threads were stopped: 0.0258097 seconds, Stopping threads took: 0.0002246 seconds
[2023-02-23T12:13:12.768+0000][25.639s][info ][gc,stringdedup] Concurrent String Deduplication (25.639s)
[2023-02-23T12:13:12.773+0000][25.643s][info ][gc,stringdedup] Concurrent String Deduplication 622.0K->159.6K(462.3K) avg 48.5% (25.639s, 25.643s) 4.685ms
[2023-02-23T12:13:13.044+0000][25.914s][debug][safepoint     ] Safepoint synchronization initiated. (26 threads)
[2023-02-23T12:13:13.044+0000][25.915s][info ][safepoint     ] Application time: 0.2760625 seconds
[2023-02-23T12:13:13.045+0000][25.915s][info ][safepoint     ] Entering safepoint region: Deoptimize
[2023-02-23T12:13:13.047+0000][25.918s][info ][safepoint     ] Leaving safepoint region
[2023-02-23T12:13:13.048+0000][25.918s][info ][safepoint     ] Total time for which application threads were stopped: 0.0030811 seconds, Stopping threads took: 0.0004699 seconds
[2023-02-23T12:13:13.234+0000][26.105s][debug][safepoint     ] Safepoint synchronization initiated. (26 threads)
[2023-02-23T12:13:13.235+0000][26.105s][info ][safepoint     ] Application time: 0.1867570 seconds
[2023-02-23T12:13:13.235+0000][26.105s][info ][safepoint     ] Entering safepoint region: ICBufferFull
[2023-02-23T12:13:13.236+0000][26.106s][info ][safepoint     ] Leaving safepoint region
[2023-02-23T12:13:13.236+0000][26.107s][info ][safepoint     ] Total time for which application threads were stopped: 0.0014531 seconds, Stopping threads took: 0.0003592 seconds
[2023-02-23T12:13:13.497+0000][26.368s][debug][safepoint     ] Safepoint synchronization initiated. (26 threads)
[2023-02-23T12:13:13.498+0000][26.368s][info ][safepoint     ] Application time: 0.2608381 seconds
[2023-02-23T12:13:13.498+0000][26.368s][info ][safepoint     ] Entering safepoint region: ICBufferFull
[2023-02-23T12:13:13.499+0000][26.369s][info ][safepoint     ] Leaving safepoint region
[2023-02-23T12:13:13.499+0000][26.369s][info ][safepoint     ] Total time for which application threads were stopped: 0.0009356 seconds, Stopping threads took: 0.0002236 seconds
[2023-02-23T12:13:13.938+0000][26.808s][debug][safepoint     ] Safepoint synchronization initiated. (26 threads)
[2023-02-23T12:13:13.938+0000][26.808s][info ][safepoint     ] Application time: 0.4388761 seconds
[2023-02-23T12:13:13.938+0000][26.809s][info ][safepoint     ] Entering safepoint region: G1CollectForAllocation
[2023-02-23T12:13:13.939+0000][26.809s][info ][gc,start      ] GC(32) Pause Young (Normal) (G1 Evacuation Pause)
[2023-02-23T12:13:13.939+0000][26.809s][info ][gc,task       ] GC(32) Using 13 workers of 13 for evacuation
[2023-02-23T12:13:13.953+0000][26.823s][info ][gc,phases     ] GC(32)   Pre Evacuate Collection Set: 0.0ms
[2023-02-23T12:13:13.953+0000][26.824s][info ][gc,phases     ] GC(32)   Evacuate Collection Set: 11.0ms
[2023-02-23T12:13:13.953+0000][26.824s][info ][gc,phases     ] GC(32)   Post Evacuate Collection Set: 2.7ms
[2023-02-23T12:13:13.954+0000][26.824s][info ][gc,phases     ] GC(32)   Other: 0.6ms
[2023-02-23T12:13:13.954+0000][26.824s][info ][gc,heap       ] GC(32) Eden regions: 225->0(219)
[2023-02-23T12:13:13.954+0000][26.824s][info ][gc,heap       ] GC(32) Survivor regions: 17->23(31)
[2023-02-23T12:13:13.954+0000][26.824s][info ][gc,heap       ] GC(32) Old regions: 51->51
[2023-02-23T12:13:13.954+0000][26.825s][info ][gc,heap       ] GC(32) Humongous regions: 0->0
[2023-02-23T12:13:13.954+0000][26.825s][info ][gc,metaspace  ] GC(32) Metaspace: 92188K->92188K(1132544K)
[2023-02-23T12:13:13.954+0000][26.825s][info ][gc            ] GC(32) Pause Young (Normal) (G1 Evacuation Pause) 291M->71M(404M) 15.762ms
[2023-02-23T12:13:13.955+0000][26.825s][info ][gc,cpu        ] GC(32) User=0.16s Sys=0.00s Real=0.01s
[2023-02-23T12:13:13.955+0000][26.825s][info ][safepoint     ] Leaving safepoint region
[2023-02-23T12:13:13.955+0000][26.825s][info ][safepoint     ] Total time for which application threads were stopped: 0.0167720 seconds, Stopping threads took: 0.0002006 seconds
[2023-02-23T12:13:13.955+0000][26.826s][info ][gc,stringdedup] Concurrent String Deduplication (26.826s)
[2023-02-23T12:13:13.958+0000][26.828s][info ][gc,stringdedup] Concurrent String Deduplication 350.0K->123.8K(226.2K) avg 49.0% (26.826s, 26.828s) 2.904ms
[2023-02-23T12:13:14.012+0000][26.883s][debug][safepoint     ] Safepoint synchronization initiated. (26 threads)
[2023-02-23T12:13:14.012+0000][26.883s][info ][safepoint     ] Application time: 0.0574822 seconds
[2023-02-23T12:13:14.013+0000][26.883s][info ][safepoint     ] Entering safepoint region: Deoptimize
[2023-02-23T12:13:14.014+0000][26.885s][info ][safepoint     ] Leaving safepoint region
[2023-02-23T12:13:14.015+0000][26.885s][info ][safepoint     ] Total time for which application threads were stopped: 0.0019120 seconds, Stopping threads took: 0.0001507 seconds
[2023-02-23T12:13:14.265+0000][27.136s][debug][safepoint     ] Safepoint synchronization initiated. (33 threads)
[2023-02-23T12:13:14.266+0000][27.136s][info ][safepoint     ] Application time: 0.2508265 seconds
[2023-02-23T12:13:14.266+0000][27.136s][info ][safepoint     ] Entering safepoint region: ICBufferFull
[2023-02-23T12:13:14.267+0000][27.137s][info ][safepoint     ] Leaving safepoint region
[2023-02-23T12:13:14.267+0000][27.137s][info ][safepoint     ] Total time for which application threads were stopped: 0.0012181 seconds, Stopping threads took: 0.0002814 seconds
[2023-02-23T12:13:14.590+0000][27.460s][debug][safepoint     ] Safepoint synchronization initiated. (37 threads)
[2023-02-23T12:13:14.591+0000][27.461s][info ][safepoint     ] Application time: 0.3233389 seconds
[2023-02-23T12:13:14.591+0000][27.461s][info ][safepoint     ] Entering safepoint region: Deoptimize
[2023-02-23T12:13:14.593+0000][27.463s][info ][safepoint     ] Leaving safepoint region
[2023-02-23T12:13:14.593+0000][27.463s][info ][safepoint     ] Total time for which application threads were stopped: 0.0021299 seconds, Stopping threads took: 0.0001528 seconds
[2023-02-23T12:13:15.078+0000][27.948s][debug][safepoint     ] Safepoint synchronization initiated. (37 threads)
[2023-02-23T12:13:15.078+0000][27.949s][info ][safepoint     ] Application time: 0.4850895 seconds
[2023-02-23T12:13:15.078+0000][27.949s][info ][safepoint     ] Entering safepoint region: G1CollectForAllocation
[2023-02-23T12:13:15.079+0000][27.950s][info ][gc,start      ] GC(33) Pause Young (Normal) (G1 Evacuation Pause)
[2023-02-23T12:13:15.080+0000][27.950s][info ][gc,task       ] GC(33) Using 13 workers of 13 for evacuation
[2023-02-23T12:13:15.104+0000][27.975s][info ][gc,phases     ] GC(33)   Pre Evacuate Collection Set: 0.0ms
[2023-02-23T12:13:15.105+0000][27.975s][info ][gc,phases     ] GC(33)   Evacuate Collection Set: 20.8ms
[2023-02-23T12:13:15.105+0000][27.975s][info ][gc,phases     ] GC(33)   Post Evacuate Collection Set: 3.3ms
[2023-02-23T12:13:15.105+0000][27.975s][info ][gc,phases     ] GC(33)   Other: 0.8ms
[2023-02-23T12:13:15.105+0000][27.976s][info ][gc,heap       ] GC(33) Eden regions: 219->0(220)
[2023-02-23T12:13:15.105+0000][27.976s][info ][gc,heap       ] GC(33) Survivor regions: 23->22(31)
[2023-02-23T12:13:15.105+0000][27.976s][info ][gc,heap       ] GC(33) Old regions: 51->57
[2023-02-23T12:13:15.106+0000][27.976s][info ][gc,heap       ] GC(33) Humongous regions: 0->0
[2023-02-23T12:13:15.106+0000][27.976s][info ][gc,metaspace  ] GC(33) Metaspace: 94749K->94749K(1134592K)
[2023-02-23T12:13:15.106+0000][27.976s][info ][gc            ] GC(33) Pause Young (Normal) (G1 Evacuation Pause) 290M->76M(404M) 26.816ms
[2023-02-23T12:13:15.106+0000][27.977s][info ][gc,cpu        ] GC(33) User=0.27s Sys=0.07s Real=0.02s
[2023-02-23T12:13:15.106+0000][27.977s][info ][safepoint     ] Leaving safepoint region
[2023-02-23T12:13:15.106+0000][27.977s][info ][safepoint     ] Total time for which application threads were stopped: 0.0279842 seconds, Stopping threads took: 0.0003330 seconds
[2023-02-23T12:13:15.107+0000][27.977s][info ][gc,stringdedup] Concurrent String Deduplication (27.977s)
[2023-02-23T12:13:15.113+0000][27.983s][info ][gc,stringdedup] Concurrent String Deduplication 445.9K->287.9K(158.0K) avg 48.5% (27.977s, 27.983s) 5.822ms
[2023-02-23T12:13:15.902+0000][28.773s][debug][safepoint     ] Safepoint synchronization initiated. (39 threads)
[2023-02-23T12:13:15.903+0000][28.773s][info ][safepoint     ] Application time: 0.7960849 seconds
[2023-02-23T12:13:15.903+0000][28.773s][info ][safepoint     ] Entering safepoint region: Deoptimize
[2023-02-23T12:13:15.905+0000][28.776s][info ][safepoint     ] Leaving safepoint region
[2023-02-23T12:13:15.906+0000][28.776s][info ][safepoint     ] Total time for which application threads were stopped: 0.0027230 seconds, Stopping threads took: 0.0002906 seconds
[2023-02-23T12:13:15.929+0000][28.799s][debug][safepoint     ] Safepoint synchronization initiated. (39 threads)
[2023-02-23T12:13:15.930+0000][28.800s][info ][safepoint     ] Application time: 0.0240564 seconds
[2023-02-23T12:13:15.930+0000][28.801s][info ][safepoint     ] Entering safepoint region: CollectForMetadataAllocation
[2023-02-23T12:13:15.931+0000][28.802s][info ][gc,start      ] GC(34) Pause Young (Concurrent Start) (Metadata GC Threshold)
[2023-02-23T12:13:15.934+0000][28.804s][info ][gc,task       ] GC(34) Using 13 workers of 13 for evacuation
[2023-02-23T12:13:16.003+0000][28.873s][info ][gc,phases     ] GC(34)   Pre Evacuate Collection Set: 1.0ms
[2023-02-23T12:13:16.004+0000][28.875s][info ][gc,phases     ] GC(34)   Evacuate Collection Set: 26.4ms
[2023-02-23T12:13:16.005+0000][28.875s][info ][gc,phases     ] GC(34)   Post Evacuate Collection Set: 19.3ms
[2023-02-23T12:13:16.006+0000][28.876s][info ][gc,phases     ] GC(34)   Other: 25.1ms
[2023-02-23T12:13:16.006+0000][28.877s][info ][gc,heap       ] GC(34) Eden regions: 164->0(271)
[2023-02-23T12:13:16.007+0000][28.877s][info ][gc,heap       ] GC(34) Survivor regions: 22->20(31)
[2023-02-23T12:13:16.007+0000][28.878s][info ][gc,heap       ] GC(34) Old regions: 57->62
[2023-02-23T12:13:16.008+0000][28.878s][info ][gc,heap       ] GC(34) Humongous regions: 0->0
[2023-02-23T12:13:16.008+0000][28.879s][info ][gc,metaspace  ] GC(34) Metaspace: 97001K->97001K(1136640K)
[2023-02-23T12:13:16.009+0000][28.879s][info ][gc            ] GC(34) Pause Young (Concurrent Start) (Metadata GC Threshold) 240M->79M(485M) 77.603ms
[2023-02-23T12:13:16.009+0000][28.880s][info ][gc,cpu        ] GC(34) User=0.41s Sys=0.01s Real=0.08s
[2023-02-23T12:13:16.010+0000][28.880s][info ][gc            ] GC(35) Concurrent Cycle
[2023-02-23T12:13:16.010+0000][28.880s][info ][safepoint     ] Leaving safepoint region
[2023-02-23T12:13:16.010+0000][28.881s][info ][gc,marking    ] GC(35) Concurrent Clear Claimed Marks
[2023-02-23T12:13:16.010+0000][28.881s][info ][safepoint     ] Total time for which application threads were stopped: 0.0800780 seconds, Stopping threads took: 0.0003655 seconds
[2023-02-23T12:13:16.011+0000][28.882s][info ][gc,marking    ] GC(35) Concurrent Clear Claimed Marks 1.151ms
[2023-02-23T12:13:16.011+0000][28.882s][info ][gc,stringdedup] Concurrent String Deduplication (28.882s)
[2023-02-23T12:13:16.012+0000][28.883s][info ][gc,marking    ] GC(35) Concurrent Scan Root Regions
[2023-02-23T12:13:16.037+0000][28.908s][info ][gc,stringdedup] Concurrent String Deduplication 582.7K->168.1K(414.6K) avg 49.6% (28.882s, 28.908s) 25.845ms
[2023-02-23T12:13:16.046+0000][28.917s][info ][gc,marking    ] GC(35) Concurrent Scan Root Regions 34.071ms
[2023-02-23T12:13:16.051+0000][28.922s][info ][gc,marking    ] GC(35) Concurrent Mark (28.922s)
[2023-02-23T12:13:16.053+0000][28.923s][info ][gc,marking    ] GC(35) Concurrent Mark From Roots
[2023-02-23T12:13:16.055+0000][28.925s][info ][gc,task       ] GC(35) Using 3 workers of 3 for marking
[2023-02-23T12:13:16.113+0000][28.983s][debug][safepoint     ] Safepoint synchronization initiated. (39 threads)
[2023-02-23T12:13:16.113+0000][28.984s][info ][safepoint     ] Application time: 0.1021308 seconds
[2023-02-23T12:13:16.114+0000][28.984s][info ][safepoint     ] Entering safepoint region: Deoptimize
[2023-02-23T12:13:16.116+0000][28.986s][info ][safepoint     ] Leaving safepoint region
[2023-02-23T12:13:16.116+0000][28.987s][info ][safepoint     ] Total time for which application threads were stopped: 0.0028342 seconds, Stopping threads took: 0.0002019 seconds
[2023-02-23T12:13:16.122+0000][28.993s][info ][gc,marking    ] GC(35) Concurrent Mark From Roots 69.873ms
[2023-02-23T12:13:16.123+0000][28.994s][info ][gc,marking    ] GC(35) Concurrent Preclean
[2023-02-23T12:13:16.124+0000][28.994s][info ][gc,marking    ] GC(35) Concurrent Preclean 0.580ms
[2023-02-23T12:13:16.124+0000][28.995s][info ][gc,marking    ] GC(35) Concurrent Mark (28.922s, 28.995s) 72.927ms
[2023-02-23T12:13:16.125+0000][28.995s][debug][safepoint     ] Safepoint synchronization initiated. (39 threads)
[2023-02-23T12:13:16.125+0000][28.996s][info ][safepoint     ] Application time: 0.0084427 seconds
[2023-02-23T12:13:16.125+0000][28.996s][debug][safepoint     ] Waiting for 1 thread(s) to block
[2023-02-23T12:13:16.126+0000][28.996s][info ][safepoint     ] Entering safepoint region: CGC_Operation
[2023-02-23T12:13:16.126+0000][28.997s][info ][gc,start      ] GC(35) Pause Remark
[2023-02-23T12:13:16.138+0000][29.009s][info ][gc,stringtable] GC(35) Cleaned string and symbol table, strings: 45714 processed, 76 removed, symbols: 260427 processed, 305 removed
[2023-02-23T12:13:16.139+0000][29.010s][info ][gc            ] GC(35) Pause Remark 90M->90M(485M) 13.330ms
[2023-02-23T12:13:16.140+0000][29.010s][info ][gc,cpu        ] GC(35) User=0.14s Sys=0.02s Real=0.02s
[2023-02-23T12:13:16.140+0000][29.011s][info ][safepoint     ] Leaving safepoint region
[2023-02-23T12:13:16.140+0000][29.011s][info ][safepoint     ] Total time for which application threads were stopped: 0.0149687 seconds, Stopping threads took: 0.0004679 seconds
[2023-02-23T12:13:16.140+0000][29.011s][info ][gc,marking    ] GC(35) Concurrent Rebuild Remembered Sets
[2023-02-23T12:13:16.169+0000][29.039s][info ][gc,marking    ] GC(35) Concurrent Rebuild Remembered Sets 28.338ms
[2023-02-23T12:13:16.170+0000][29.040s][debug][safepoint     ] Safepoint synchronization initiated. (42 threads)
[2023-02-23T12:13:16.170+0000][29.040s][info ][safepoint     ] Application time: 0.0294422 seconds
[2023-02-23T12:13:16.170+0000][29.041s][debug][safepoint     ] ... found polling page return exception at pc = 0x00007f24684ee06b, stub =0x00007f246085a800
[2023-02-23T12:13:16.170+0000][29.041s][debug][safepoint     ] Waiting for 1 thread(s) to block
[2023-02-23T12:13:16.171+0000][29.041s][info ][safepoint     ] Entering safepoint region: CGC_Operation
[2023-02-23T12:13:16.171+0000][29.042s][info ][gc,start      ] GC(35) Pause Cleanup
[2023-02-23T12:13:16.172+0000][29.042s][info ][gc            ] GC(35) Pause Cleanup 95M->95M(485M) 0.657ms
[2023-02-23T12:13:16.172+0000][29.042s][info ][gc,cpu        ] GC(35) User=0.00s Sys=0.00s Real=0.00s
[2023-02-23T12:13:16.172+0000][29.043s][info ][safepoint     ] Leaving safepoint region
[2023-02-23T12:13:16.172+0000][29.043s][info ][safepoint     ] Total time for which application threads were stopped: 0.0022846 seconds, Stopping threads took: 0.0006594 seconds
[2023-02-23T12:13:16.173+0000][29.043s][info ][gc,marking    ] GC(35) Concurrent Cleanup for Next Mark
[2023-02-23T12:13:16.174+0000][29.045s][info ][gc,marking    ] GC(35) Concurrent Cleanup for Next Mark 1.796ms
[2023-02-23T12:13:16.175+0000][29.045s][info ][gc            ] GC(35) Concurrent Cycle 165.129ms
[2023-02-23T12:13:16.715+0000][29.585s][debug][safepoint     ] Safepoint synchronization initiated. (42 threads)
[2023-02-23T12:13:16.715+0000][29.586s][info ][safepoint     ] Application time: 0.5427242 seconds
[2023-02-23T12:13:16.715+0000][29.586s][info ][safepoint     ] Entering safepoint region: Deoptimize
[2023-02-23T12:13:16.718+0000][29.588s][info ][safepoint     ] Leaving safepoint region
[2023-02-23T12:13:16.718+0000][29.588s][info ][safepoint     ] Total time for which application threads were stopped: 0.0026126 seconds, Stopping threads took: 0.0002591 seconds
[2023-02-23T12:13:16.959+0000][29.829s][debug][safepoint     ] Safepoint synchronization initiated. (42 threads)
[2023-02-23T12:13:16.959+0000][29.830s][info ][safepoint     ] Application time: 0.2410547 seconds
[2023-02-23T12:13:16.959+0000][29.830s][info ][safepoint     ] Entering safepoint region: Deoptimize
[2023-02-23T12:13:16.961+0000][29.832s][info ][safepoint     ] Leaving safepoint region
[2023-02-23T12:13:16.962+0000][29.832s][info ][safepoint     ] Total time for which application threads were stopped: 0.0025489 seconds, Stopping threads took: 0.0001593 seconds
[2023-02-23T12:13:17.408+0000][30.279s][debug][safepoint     ] Safepoint synchronization initiated. (41 threads)
[2023-02-23T12:13:17.409+0000][30.279s][info ][safepoint     ] Application time: 0.4465041 seconds
[2023-02-23T12:13:17.409+0000][30.279s][info ][safepoint     ] Entering safepoint region: Deoptimize
[2023-02-23T12:13:17.411+0000][30.282s][info ][safepoint     ] Leaving safepoint region
[2023-02-23T12:13:17.411+0000][30.282s][info ][safepoint     ] Total time for which application threads were stopped: 0.0023368 seconds, Stopping threads took: 0.0002271 seconds
[2023-02-23T12:13:17.498+0000][30.369s][debug][safepoint     ] Safepoint synchronization initiated. (41 threads)
[2023-02-23T12:13:17.499+0000][30.369s][info ][safepoint     ] Application time: 0.0871976 seconds
[2023-02-23T12:13:17.499+0000][30.369s][info ][safepoint     ] Entering safepoint region: Deoptimize
[2023-02-23T12:13:17.501+0000][30.371s][info ][safepoint     ] Leaving safepoint region
[2023-02-23T12:13:17.501+0000][30.372s][info ][safepoint     ] Total time for which application threads were stopped: 0.0025410 seconds, Stopping threads took: 0.0001550 seconds
[2023-02-23T12:13:17.550+0000][30.421s][debug][safepoint     ] Safepoint synchronization initiated. (41 threads)
[2023-02-23T12:13:17.551+0000][30.421s][info ][safepoint     ] Application time: 0.0489491 seconds
[2023-02-23T12:13:17.551+0000][30.421s][info ][safepoint     ] Entering safepoint region: Deoptimize
[2023-02-23T12:13:17.553+0000][30.424s][info ][safepoint     ] Leaving safepoint region
[2023-02-23T12:13:17.554+0000][30.424s][info ][safepoint     ] Total time for which application threads were stopped: 0.0030210 seconds, Stopping threads took: 0.0003306 seconds
[2023-02-23T12:13:17.625+0000][30.496s][debug][safepoint     ] Safepoint synchronization initiated. (41 threads)
[2023-02-23T12:13:17.625+0000][30.496s][info ][safepoint     ] Application time: 0.0712914 seconds
[2023-02-23T12:13:17.626+0000][30.496s][info ][safepoint     ] Entering safepoint region: Deoptimize
[2023-02-23T12:13:17.628+0000][30.499s][info ][safepoint     ] Leaving safepoint region
[2023-02-23T12:13:17.629+0000][30.499s][info ][safepoint     ] Total time for which application threads were stopped: 0.0030723 seconds, Stopping threads took: 0.0001802 seconds
[2023-02-23T12:13:17.846+0000][30.716s][debug][safepoint     ] Safepoint synchronization initiated. (40 threads)
[2023-02-23T12:13:17.846+0000][30.716s][info ][safepoint     ] Application time: 0.2169910 seconds
[2023-02-23T12:13:17.846+0000][30.717s][info ][safepoint     ] Entering safepoint region: Deoptimize
[2023-02-23T12:13:17.849+0000][30.719s][info ][safepoint     ] Leaving safepoint region
[2023-02-23T12:13:17.849+0000][30.719s][info ][safepoint     ] Total time for which application threads were stopped: 0.0028087 seconds, Stopping threads took: 0.0002418 seconds
[2023-02-23T12:13:17.879+0000][30.750s][debug][safepoint     ] Safepoint synchronization initiated. (40 threads)
[2023-02-23T12:13:17.880+0000][30.750s][info ][safepoint     ] Application time: 0.0306471 seconds
[2023-02-23T12:13:17.880+0000][30.750s][info ][safepoint     ] Entering safepoint region: Deoptimize
[2023-02-23T12:13:17.882+0000][30.752s][info ][safepoint     ] Leaving safepoint region
[2023-02-23T12:13:17.882+0000][30.753s][info ][safepoint     ] Total time for which application threads were stopped: 0.0022822 seconds, Stopping threads took: 0.0001894 seconds
[2023-02-23T12:13:18.882+0000][31.753s][debug][safepoint     ] Safepoint synchronization initiated. (44 threads)
[2023-02-23T12:13:18.883+0000][31.753s][info ][safepoint     ] Application time: 1.0005557 seconds
[2023-02-23T12:13:18.883+0000][31.753s][info ][safepoint     ] Entering safepoint region: Cleanup
[2023-02-23T12:13:18.883+0000][31.754s][info ][safepoint     ] Leaving safepoint region
[2023-02-23T12:13:18.884+0000][31.754s][info ][safepoint     ] Total time for which application threads were stopped: 0.0009285 seconds, Stopping threads took: 0.0001599 seconds
[2023-02-23T12:13:19.017+0000][31.887s][debug][safepoint     ] Safepoint synchronization initiated. (44 threads)
[2023-02-23T12:13:19.017+0000][31.887s][info ][safepoint     ] Application time: 0.1327665 seconds
[2023-02-23T12:13:19.017+0000][31.888s][info ][safepoint     ] Entering safepoint region: G1CollectForAllocation
[2023-02-23T12:13:19.018+0000][31.888s][info ][gc,start      ] GC(36) Pause Young (Normal) (G1 Evacuation Pause)
[2023-02-23T12:13:19.018+0000][31.889s][info ][gc,task       ] GC(36) Using 13 workers of 13 for evacuation
[2023-02-23T12:13:19.040+0000][31.911s][info ][gc,phases     ] GC(36)   Pre Evacuate Collection Set: 0.0ms
[2023-02-23T12:13:19.041+0000][31.911s][info ][gc,phases     ] GC(36)   Evacuate Collection Set: 16.5ms
[2023-02-23T12:13:19.041+0000][31.911s][info ][gc,phases     ] GC(36)   Post Evacuate Collection Set: 5.4ms
[2023-02-23T12:13:19.041+0000][31.911s][info ][gc,phases     ] GC(36)   Other: 0.7ms
[2023-02-23T12:13:19.041+0000][31.912s][info ][gc,heap       ] GC(36) Eden regions: 271->0(266)
[2023-02-23T12:13:19.041+0000][31.912s][info ][gc,heap       ] GC(36) Survivor regions: 20->25(37)
[2023-02-23T12:13:19.041+0000][31.912s][info ][gc,heap       ] GC(36) Old regions: 62->62
[2023-02-23T12:13:19.042+0000][31.912s][info ][gc,heap       ] GC(36) Humongous regions: 0->0
[2023-02-23T12:13:19.042+0000][31.912s][info ][gc,metaspace  ] GC(36) Metaspace: 109049K->109049K(1146880K)
[2023-02-23T12:13:19.042+0000][31.912s][info ][gc            ] GC(36) Pause Young (Normal) (G1 Evacuation Pause) 350M->85M(485M) 24.045ms
[2023-02-23T12:13:19.042+0000][31.913s][info ][gc,cpu        ] GC(36) User=0.31s Sys=0.00s Real=0.03s
[2023-02-23T12:13:19.042+0000][31.913s][info ][safepoint     ] Leaving safepoint region
[2023-02-23T12:13:19.042+0000][31.913s][info ][safepoint     ] Total time for which application threads were stopped: 0.0252268 seconds, Stopping threads took: 0.0001781 seconds
[2023-02-23T12:13:19.043+0000][31.913s][info ][gc,stringdedup] Concurrent String Deduplication (31.913s)
[2023-02-23T12:13:19.046+0000][31.917s][info ][gc,stringdedup] Concurrent String Deduplication 463.2K->146.6K(316.5K) avg 50.3% (31.913s, 31.917s) 3.724ms
[2023-02-23T12:13:19.072+0000][31.942s][debug][safepoint     ] Safepoint synchronization initiated. (44 threads)
[2023-02-23T12:13:19.072+0000][31.943s][info ][safepoint     ] Application time: 0.0296754 seconds
[2023-02-23T12:13:19.072+0000][31.943s][info ][safepoint     ] Entering safepoint region: Deoptimize
[2023-02-23T12:13:19.075+0000][31.945s][info ][safepoint     ] Leaving safepoint region
[2023-02-23T12:13:19.075+0000][31.945s][info ][safepoint     ] Total time for which application threads were stopped: 0.0024696 seconds, Stopping threads took: 0.0001578 seconds
[2023-02-23T12:13:19.376+0000][32.247s][debug][safepoint     ] Safepoint synchronization initiated. (42 threads)
[2023-02-23T12:13:19.377+0000][32.247s][info ][safepoint     ] Application time: 0.3019130 seconds
[2023-02-23T12:13:19.377+0000][32.248s][info ][safepoint     ] Entering safepoint region: Deoptimize
[2023-02-23T12:13:19.381+0000][32.252s][info ][safepoint     ] Leaving safepoint region
[2023-02-23T12:13:19.382+0000][32.252s][info ][safepoint     ] Total time for which application threads were stopped: 0.0042487 seconds, Stopping threads took: 0.0004481 seconds
[2023-02-23T12:13:20.382+0000][33.253s][debug][safepoint     ] Safepoint synchronization initiated. (48 threads)
[2023-02-23T12:13:20.383+0000][33.253s][info ][safepoint     ] Application time: 1.0006428 seconds
[2023-02-23T12:13:20.383+0000][33.253s][debug][safepoint     ] Waiting for 1 thread(s) to block
[2023-02-23T12:13:20.385+0000][33.255s][info ][safepoint     ] Entering safepoint region: Cleanup
[2023-02-23T12:13:20.386+0000][33.256s][info ][safepoint     ] Leaving safepoint region
[2023-02-23T12:13:20.386+0000][33.257s][info ][safepoint     ] Total time for which application threads were stopped: 0.0033740 seconds, Stopping threads took: 0.0027390 seconds
[2023-02-23T12:13:20.412+0000][33.282s][debug][safepoint     ] Safepoint synchronization initiated. (48 threads)
[2023-02-23T12:13:20.412+0000][33.283s][info ][safepoint     ] Application time: 0.0260017 seconds
[2023-02-23T12:13:20.413+0000][33.283s][info ][safepoint     ] Entering safepoint region: Deoptimize
[2023-02-23T12:13:20.415+0000][33.285s][info ][safepoint     ] Leaving safepoint region
[2023-02-23T12:13:20.415+0000][33.286s][info ][safepoint     ] Total time for which application threads were stopped: 0.0026826 seconds, Stopping threads took: 0.0002692 seconds
[2023-02-23T12:13:20.581+0000][33.452s][debug][safepoint     ] Safepoint synchronization initiated. (48 threads)
[2023-02-23T12:13:20.582+0000][33.452s][info ][safepoint     ] Application time: 0.1661078 seconds
[2023-02-23T12:13:20.582+0000][33.452s][info ][safepoint     ] Entering safepoint region: G1CollectForAllocation
[2023-02-23T12:13:20.583+0000][33.453s][info ][gc,start      ] GC(37) Pause Young (Normal) (G1 Evacuation Pause)
[2023-02-23T12:13:20.583+0000][33.454s][info ][gc,task       ] GC(37) Using 13 workers of 13 for evacuation
[2023-02-23T12:13:20.616+0000][33.487s][info ][gc,phases     ] GC(37)   Pre Evacuate Collection Set: 0.0ms
[2023-02-23T12:13:20.617+0000][33.487s][info ][gc,phases     ] GC(37)   Evacuate Collection Set: 29.6ms
[2023-02-23T12:13:20.617+0000][33.487s][info ][gc,phases     ] GC(37)   Post Evacuate Collection Set: 3.0ms
[2023-02-23T12:13:20.617+0000][33.488s][info ][gc,phases     ] GC(37)   Other: 0.9ms
[2023-02-23T12:13:20.617+0000][33.488s][info ][gc,heap       ] GC(37) Eden regions: 266->0(266)
[2023-02-23T12:13:20.617+0000][33.488s][info ][gc,heap       ] GC(37) Survivor regions: 25->25(37)
[2023-02-23T12:13:20.618+0000][33.488s][info ][gc,heap       ] GC(37) Old regions: 62->71
[2023-02-23T12:13:20.618+0000][33.488s][info ][gc,heap       ] GC(37) Humongous regions: 0->0
[2023-02-23T12:13:20.618+0000][33.488s][info ][gc,metaspace  ] GC(37) Metaspace: 115495K->115495K(1153024K)
[2023-02-23T12:13:20.618+0000][33.489s][info ][gc            ] GC(37) Pause Young (Normal) (G1 Evacuation Pause) 351M->93M(485M) 35.166ms
[2023-02-23T12:13:20.618+0000][33.489s][info ][gc,cpu        ] GC(37) User=0.24s Sys=0.20s Real=0.03s
[2023-02-23T12:13:20.618+0000][33.489s][info ][safepoint     ] Leaving safepoint region
[2023-02-23T12:13:20.619+0000][33.489s][info ][safepoint     ] Total time for which application threads were stopped: 0.0366360 seconds, Stopping threads took: 0.0003565 seconds
[2023-02-23T12:13:20.619+0000][33.489s][info ][gc,stringdedup] Concurrent String Deduplication (33.489s)
[2023-02-23T12:13:20.621+0000][33.492s][info ][gc,stringdedup] Concurrent String Deduplication 156.5K->68104.0B(92184.0B) avg 50.4% (33.489s, 33.492s) 2.457ms
[2023-02-23T12:13:21.254+0000][34.125s][debug][safepoint     ] Safepoint synchronization initiated. (51 threads)
[2023-02-23T12:13:21.255+0000][34.125s][info ][safepoint     ] Application time: 0.6358359 seconds
[2023-02-23T12:13:21.255+0000][34.125s][info ][safepoint     ] Entering safepoint region: Deoptimize
[2023-02-23T12:13:21.257+0000][34.127s][info ][safepoint     ] Leaving safepoint region
[2023-02-23T12:13:21.257+0000][34.127s][info ][safepoint     ] Total time for which application threads were stopped: 0.0022659 seconds, Stopping threads took: 0.0001499 seconds
[2023-02-23T12:13:21.269+0000][34.139s][debug][safepoint     ] Safepoint synchronization initiated. (51 threads)
[2023-02-23T12:13:21.269+0000][34.139s][info ][safepoint     ] Application time: 0.0118263 seconds
[2023-02-23T12:13:21.269+0000][34.140s][info ][safepoint     ] Entering safepoint region: Deoptimize
[2023-02-23T12:13:21.272+0000][34.142s][info ][safepoint     ] Leaving safepoint region
[2023-02-23T12:13:21.272+0000][34.143s][info ][safepoint     ] Total time for which application threads were stopped: 0.0028751 seconds, Stopping threads took: 0.0003342 seconds
[2023-02-23T12:13:21.410+0000][34.281s][debug][safepoint     ] Safepoint synchronization initiated. (51 threads)
[2023-02-23T12:13:21.410+0000][34.281s][info ][safepoint     ] Application time: 0.1381281 seconds
[2023-02-23T12:13:21.411+0000][34.281s][info ][safepoint     ] Entering safepoint region: Deoptimize
[2023-02-23T12:13:21.413+0000][34.283s][info ][safepoint     ] Leaving safepoint region
[2023-02-23T12:13:21.413+0000][34.284s][info ][safepoint     ] Total time for which application threads were stopped: 0.0024881 seconds, Stopping threads took: 0.0001930 seconds
[2023-02-23T12:13:21.625+0000][34.496s][debug][safepoint     ] Safepoint synchronization initiated. (54 threads)
[2023-02-23T12:13:21.626+0000][34.496s][info ][safepoint     ] Application time: 0.2123479 seconds
[2023-02-23T12:13:21.626+0000][34.496s][info ][safepoint     ] Entering safepoint region: ICBufferFull
[2023-02-23T12:13:21.626+0000][34.497s][info ][safepoint     ] Leaving safepoint region
[2023-02-23T12:13:21.627+0000][34.497s][info ][safepoint     ] Total time for which application threads were stopped: 0.0008607 seconds, Stopping threads took: 0.0002306 seconds
[2023-02-23T12:13:22.325+0000][35.195s][debug][safepoint     ] Safepoint synchronization initiated. (65 threads)
[2023-02-23T12:13:22.325+0000][35.195s][info ][safepoint     ] Application time: 0.6980594 seconds
[2023-02-23T12:13:22.325+0000][35.196s][info ][safepoint     ] Entering safepoint region: G1CollectForAllocation
[2023-02-23T12:13:22.326+0000][35.196s][info ][gc,start      ] GC(38) Pause Young (Normal) (G1 Evacuation Pause)
[2023-02-23T12:13:22.326+0000][35.196s][info ][gc,task       ] GC(38) Using 13 workers of 13 for evacuation
[2023-02-23T12:13:22.347+0000][35.218s][info ][gc,phases     ] GC(38)   Pre Evacuate Collection Set: 0.0ms
[2023-02-23T12:13:22.348+0000][35.218s][info ][gc,phases     ] GC(38)   Evacuate Collection Set: 16.9ms
[2023-02-23T12:13:22.348+0000][35.218s][info ][gc,phases     ] GC(38)   Post Evacuate Collection Set: 4.0ms
[2023-02-23T12:13:22.348+0000][35.218s][info ][gc,phases     ] GC(38)   Other: 0.5ms
[2023-02-23T12:13:22.348+0000][35.218s][info ][gc,heap       ] GC(38) Eden regions: 266->0(266)
[2023-02-23T12:13:22.348+0000][35.219s][info ][gc,heap       ] GC(38) Survivor regions: 25->25(37)
[2023-02-23T12:13:22.348+0000][35.219s][info ][gc,heap       ] GC(38) Old regions: 71->77
[2023-02-23T12:13:22.348+0000][35.219s][info ][gc,heap       ] GC(38) Humongous regions: 0->0
[2023-02-23T12:13:22.349+0000][35.219s][info ][gc,metaspace  ] GC(38) Metaspace: 124288K->124288K(1161216K)
[2023-02-23T12:13:22.349+0000][35.219s][info ][gc            ] GC(38) Pause Young (Normal) (G1 Evacuation Pause) 359M->99M(485M) 22.931ms
[2023-02-23T12:13:22.349+0000][35.219s][info ][gc,cpu        ] GC(38) User=0.26s Sys=0.00s Real=0.03s
[2023-02-23T12:13:22.349+0000][35.219s][info ][safepoint     ] Leaving safepoint region
[2023-02-23T12:13:22.349+0000][35.220s][info ][safepoint     ] Total time for which application threads were stopped: 0.0239817 seconds, Stopping threads took: 0.0002098 seconds
[2023-02-23T12:13:22.349+0000][35.220s][info ][gc,stringdedup] Concurrent String Deduplication (35.220s)
[2023-02-23T12:13:22.355+0000][35.225s][info ][gc,stringdedup] Concurrent String Deduplication 567.8K->223.0K(344.8K) avg 50.8% (35.220s, 35.225s) 5.407ms
[2023-02-23T12:13:22.547+0000][35.417s][debug][safepoint     ] Safepoint synchronization initiated. (65 threads)
[2023-02-23T12:13:22.547+0000][35.418s][info ][safepoint     ] Application time: 0.1978425 seconds
[2023-02-23T12:13:22.547+0000][35.418s][info ][safepoint     ] Entering safepoint region: Deoptimize
[2023-02-23T12:13:22.550+0000][35.420s][info ][safepoint     ] Leaving safepoint region
[2023-02-23T12:13:22.550+0000][35.420s][info ][safepoint     ] Total time for which application threads were stopped: 0.0026786 seconds, Stopping threads took: 0.0001765 seconds
[2023-02-23T12:13:22.551+0000][35.421s][debug][safepoint     ] Safepoint synchronization initiated. (65 threads)
[2023-02-23T12:13:22.551+0000][35.421s][info ][safepoint     ] Application time: 0.0006080 seconds
[2023-02-23T12:13:22.551+0000][35.422s][info ][safepoint     ] Entering safepoint region: Deoptimize
[2023-02-23T12:13:22.553+0000][35.424s][info ][safepoint     ] Leaving safepoint region
[2023-02-23T12:13:22.554+0000][35.424s][info ][safepoint     ] Total time for which application threads were stopped: 0.0026047 seconds, Stopping threads took: 0.0002630 seconds
[2023-02-23T12:13:22.555+0000][35.426s][debug][safepoint     ] Safepoint synchronization initiated. (65 threads)
[2023-02-23T12:13:22.556+0000][35.426s][info ][safepoint     ] Application time: 0.0016096 seconds
[2023-02-23T12:13:22.556+0000][35.426s][info ][safepoint     ] Entering safepoint region: Deoptimize
[2023-02-23T12:13:22.559+0000][35.429s][info ][safepoint     ] Leaving safepoint region
[2023-02-23T12:13:22.559+0000][35.429s][info ][safepoint     ] Total time for which application threads were stopped: 0.0031138 seconds, Stopping threads took: 0.0003492 seconds
[2023-02-23T12:13:22.589+0000][35.460s][debug][safepoint     ] Safepoint synchronization initiated. (65 threads)
[2023-02-23T12:13:22.590+0000][35.460s][info ][safepoint     ] Application time: 0.0306276 seconds
[2023-02-23T12:13:22.590+0000][35.460s][info ][safepoint     ] Entering safepoint region: Deoptimize
[2023-02-23T12:13:22.592+0000][35.462s][info ][safepoint     ] Leaving safepoint region
[2023-02-23T12:13:22.592+0000][35.463s][info ][safepoint     ] Total time for which application threads were stopped: 0.0022474 seconds, Stopping threads took: 0.0001644 seconds
[2023-02-23T12:13:22.593+0000][35.464s][debug][safepoint     ] Safepoint synchronization initiated. (65 threads)
[2023-02-23T12:13:22.594+0000][35.464s][info ][safepoint     ] Application time: 0.0012607 seconds
[2023-02-23T12:13:22.594+0000][35.464s][info ][safepoint     ] Entering safepoint region: Deoptimize
[2023-02-23T12:13:22.596+0000][35.466s][info ][safepoint     ] Leaving safepoint region
[2023-02-23T12:13:22.596+0000][35.467s][info ][safepoint     ] Total time for which application threads were stopped: 0.0026407 seconds, Stopping threads took: 0.0001959 seconds
[2023-02-23T12:13:22.831+0000][35.702s][debug][safepoint     ] Safepoint synchronization initiated. (65 threads)
[2023-02-23T12:13:22.832+0000][35.702s][info ][safepoint     ] Application time: 0.2351283 seconds
[2023-02-23T12:13:22.832+0000][35.703s][info ][safepoint     ] Entering safepoint region: Deoptimize
[2023-02-23T12:13:22.835+0000][35.705s][info ][safepoint     ] Leaving safepoint region
[2023-02-23T12:13:22.835+0000][35.705s][info ][safepoint     ] Total time for which application threads were stopped: 0.0028464 seconds, Stopping threads took: 0.0003356 seconds
[2023-02-23T12:13:23.101+0000][35.972s][debug][safepoint     ] Safepoint synchronization initiated. (65 threads)
[2023-02-23T12:13:23.102+0000][35.972s][info ][safepoint     ] Application time: 0.2665487 seconds
[2023-02-23T12:13:23.102+0000][35.973s][info ][safepoint     ] Entering safepoint region: Deoptimize
[2023-02-23T12:13:23.105+0000][35.975s][info ][safepoint     ] Leaving safepoint region
[2023-02-23T12:13:23.105+0000][35.976s][info ][safepoint     ] Total time for which application threads were stopped: 0.0030249 seconds, Stopping threads took: 0.0004856 seconds
[2023-02-23T12:13:23.390+0000][36.261s][debug][safepoint     ] Safepoint synchronization initiated. (74 threads)
[2023-02-23T12:13:23.391+0000][36.261s][info ][safepoint     ] Application time: 0.2854390 seconds
[2023-02-23T12:13:23.392+0000][36.263s][debug][safepoint     ] ... found polling page return exception at pc = 0x00007f24690f6e9f, stub =0x00007f246085a800
[2023-02-23T12:13:23.392+0000][36.263s][debug][safepoint     ] ... found polling page return exception at pc = 0x00007f24685791e5, stub =0x00007f246085a800
[2023-02-23T12:13:23.394+0000][36.264s][debug][safepoint     ] ... found polling page return exception at pc = 0x00007f2468678abe, stub =0x00007f246085a800
[2023-02-23T12:13:23.396+0000][36.267s][debug][safepoint     ] Waiting for 4 thread(s) to block
[2023-02-23T12:13:23.397+0000][36.268s][info ][safepoint     ] Entering safepoint region: ICBufferFull
[2023-02-23T12:13:23.398+0000][36.269s][info ][safepoint     ] Leaving safepoint region
[2023-02-23T12:13:23.399+0000][36.269s][info ][safepoint     ] Total time for which application threads were stopped: 0.0063180 seconds, Stopping threads took: 0.0053227 seconds
[2023-02-23T12:13:23.413+0000][36.284s][debug][safepoint     ] Safepoint synchronization initiated. (75 threads)
[2023-02-23T12:13:23.414+0000][36.284s][info ][safepoint     ] Application time: 0.0149156 seconds
[2023-02-23T12:13:23.414+0000][36.285s][debug][safepoint     ] ... found polling page return exception at pc = 0x00007f24688d04bb, stub =0x00007f246085a800
[2023-02-23T12:13:23.414+0000][36.285s][debug][safepoint     ] ... found polling page loop exception at pc = 0x00007f24683bae4c, stub =0x00007f246085ab00
[2023-02-23T12:13:23.415+0000][36.286s][debug][safepoint     ] Waiting for 2 thread(s) to block
[2023-02-23T12:13:23.416+0000][36.286s][info ][safepoint     ] Entering safepoint region: Deoptimize
[2023-02-23T12:13:23.419+0000][36.290s][info ][safepoint     ] Leaving safepoint region
[2023-02-23T12:13:23.420+0000][36.290s][info ][safepoint     ] Total time for which application threads were stopped: 0.0054423 seconds, Stopping threads took: 0.0016527 seconds
[2023-02-23T12:13:23.662+0000][36.532s][debug][safepoint     ] Safepoint synchronization initiated. (77 threads)
[2023-02-23T12:13:23.663+0000][36.533s][info ][safepoint     ] Application time: 0.2424276 seconds
[2023-02-23T12:13:23.663+0000][36.533s][debug][safepoint     ] ... found polling page loop exception at pc = 0x00007f2468c9dd32, stub =0x00007f246085ab00
[2023-02-23T12:13:23.663+0000][36.533s][debug][safepoint     ] Waiting for 1 thread(s) to block
[2023-02-23T12:13:23.663+0000][36.534s][info ][safepoint     ] Entering safepoint region: Deoptimize
[2023-02-23T12:13:23.666+0000][36.537s][info ][safepoint     ] Leaving safepoint region
[2023-02-23T12:13:23.666+0000][36.537s][info ][safepoint     ] Total time for which application threads were stopped: 0.0037112 seconds, Stopping threads took: 0.0006358 seconds
[2023-02-23T12:13:23.775+0000][36.646s][debug][safepoint     ] Safepoint synchronization initiated. (77 threads)
[2023-02-23T12:13:23.776+0000][36.646s][info ][safepoint     ] Application time: 0.1091068 seconds
[2023-02-23T12:13:23.776+0000][36.646s][info ][safepoint     ] Entering safepoint region: G1CollectForAllocation
[2023-02-23T12:13:23.777+0000][36.647s][info ][gc,start      ] GC(39) Pause Young (Normal) (G1 Evacuation Pause)
[2023-02-23T12:13:23.777+0000][36.647s][info ][gc,task       ] GC(39) Using 13 workers of 13 for evacuation
[2023-02-23T12:13:23.799+0000][36.670s][info ][gc,phases     ] GC(39)   Pre Evacuate Collection Set: 0.0ms
[2023-02-23T12:13:23.800+0000][36.670s][info ][gc,phases     ] GC(39)   Evacuate Collection Set: 18.3ms
[2023-02-23T12:13:23.800+0000][36.670s][info ][gc,phases     ] GC(39)   Post Evacuate Collection Set: 3.6ms
[2023-02-23T12:13:23.800+0000][36.670s][info ][gc,phases     ] GC(39)   Other: 0.8ms
[2023-02-23T12:13:23.800+0000][36.671s][info ][gc,heap       ] GC(39) Eden regions: 266->0(270)
[2023-02-23T12:13:23.800+0000][36.671s][info ][gc,heap       ] GC(39) Survivor regions: 25->21(37)
[2023-02-23T12:13:23.800+0000][36.671s][info ][gc,heap       ] GC(39) Old regions: 77->85
[2023-02-23T12:13:23.800+0000][36.671s][info ][gc,heap       ] GC(39) Humongous regions: 0->0
[2023-02-23T12:13:23.801+0000][36.671s][info ][gc,metaspace  ] GC(39) Metaspace: 129475K->129475K(1165312K)
[2023-02-23T12:13:23.801+0000][36.671s][info ][gc            ] GC(39) Pause Young (Normal) (G1 Evacuation Pause) 365M->104M(485M) 24.042ms
[2023-02-23T12:13:23.801+0000][36.671s][info ][gc,cpu        ] GC(39) User=0.34s Sys=0.00s Real=0.03s
[2023-02-23T12:13:23.801+0000][36.671s][info ][safepoint     ] Leaving safepoint region
[2023-02-23T12:13:23.801+0000][36.672s][info ][safepoint     ] Total time for which application threads were stopped: 0.0251542 seconds, Stopping threads took: 0.0002967 seconds
[2023-02-23T12:13:23.801+0000][36.672s][info ][gc,stringdedup] Concurrent String Deduplication (36.672s)
[2023-02-23T12:13:23.808+0000][36.679s][info ][gc,stringdedup] Concurrent String Deduplication 457.0K->76752.0B(382.0K) avg 51.9% (36.672s, 36.679s) 6.759ms
[2023-02-23T12:13:24.306+0000][37.177s][debug][safepoint     ] Safepoint synchronization initiated. (77 threads)
[2023-02-23T12:13:24.307+0000][37.177s][info ][safepoint     ] Application time: 0.5056749 seconds
[2023-02-23T12:13:24.308+0000][37.178s][info ][safepoint     ] Entering safepoint region: Deoptimize
[2023-02-23T12:13:24.311+0000][37.182s][info ][safepoint     ] Leaving safepoint region
[2023-02-23T12:13:24.312+0000][37.182s][info ][safepoint     ] Total time for which application threads were stopped: 0.0044302 seconds, Stopping threads took: 0.0004673 seconds
[2023-02-23T12:13:24.427+0000][37.297s][debug][safepoint     ] Safepoint synchronization initiated. (77 threads)
[2023-02-23T12:13:24.427+0000][37.298s][info ][safepoint     ] Application time: 0.1150767 seconds
[2023-02-23T12:13:24.428+0000][37.298s][info ][safepoint     ] Entering safepoint region: Deoptimize
[2023-02-23T12:13:24.432+0000][37.303s][info ][safepoint     ] Leaving safepoint region
[2023-02-23T12:13:24.433+0000][37.303s][info ][safepoint     ] Total time for which application threads were stopped: 0.0047494 seconds, Stopping threads took: 0.0006978 seconds
[2023-02-23T12:13:24.738+0000][37.609s][debug][safepoint     ] Safepoint synchronization initiated. (77 threads)
[2023-02-23T12:13:24.739+0000][37.609s][info ][safepoint     ] Application time: 0.3056141 seconds
[2023-02-23T12:13:24.739+0000][37.609s][debug][safepoint     ] ... found polling page return exception at pc = 0x00007f2462d91944, stub =0x00007f246085a800
[2023-02-23T12:13:24.739+0000][37.609s][debug][safepoint     ] Waiting for 1 thread(s) to block
[2023-02-23T12:13:24.739+0000][37.610s][info ][safepoint     ] Entering safepoint region: Deoptimize
[2023-02-23T12:13:24.741+0000][37.612s][info ][safepoint     ] Leaving safepoint region
[2023-02-23T12:13:24.742+0000][37.612s][info ][safepoint     ] Total time for which application threads were stopped: 0.0030618 seconds, Stopping threads took: 0.0007525 seconds
[2023-02-23T12:13:24.785+0000][37.655s][debug][safepoint     ] Safepoint synchronization initiated. (77 threads)
[2023-02-23T12:13:24.785+0000][37.656s][info ][safepoint     ] Application time: 0.0431051 seconds
[2023-02-23T12:13:24.785+0000][37.656s][info ][safepoint     ] Entering safepoint region: Deoptimize
[2023-02-23T12:13:24.788+0000][37.658s][info ][safepoint     ] Leaving safepoint region
[2023-02-23T12:13:24.788+0000][37.658s][info ][safepoint     ] Total time for which application threads were stopped: 0.0025522 seconds, Stopping threads took: 0.0002010 seconds
[2023-02-23T12:13:25.332+0000][38.203s][debug][safepoint     ] Safepoint synchronization initiated. (74 threads)
[2023-02-23T12:13:25.333+0000][38.203s][info ][safepoint     ] Application time: 0.5447616 seconds
[2023-02-23T12:13:25.333+0000][38.204s][info ][safepoint     ] Entering safepoint region: G1CollectForAllocation
[2023-02-23T12:13:25.334+0000][38.204s][info ][gc,start      ] GC(40) Pause Young (Normal) (G1 Evacuation Pause)
[2023-02-23T12:13:25.334+0000][38.204s][info ][gc,task       ] GC(40) Using 13 workers of 13 for evacuation
[2023-02-23T12:13:25.351+0000][38.222s][info ][gc,phases     ] GC(40)   Pre Evacuate Collection Set: 0.0ms
[2023-02-23T12:13:25.352+0000][38.222s][info ][gc,phases     ] GC(40)   Evacuate Collection Set: 12.3ms
[2023-02-23T12:13:25.352+0000][38.222s][info ][gc,phases     ] GC(40)   Post Evacuate Collection Set: 4.5ms
[2023-02-23T12:13:25.352+0000][38.222s][info ][gc,phases     ] GC(40)   Other: 0.7ms
[2023-02-23T12:13:25.352+0000][38.223s][info ][gc,heap       ] GC(40) Eden regions: 270->0(266)
[2023-02-23T12:13:25.352+0000][38.223s][info ][gc,heap       ] GC(40) Survivor regions: 21->25(37)
[2023-02-23T12:13:25.353+0000][38.223s][info ][gc,heap       ] GC(40) Old regions: 85->85
[2023-02-23T12:13:25.353+0000][38.223s][info ][gc,heap       ] GC(40) Humongous regions: 0->0
[2023-02-23T12:13:25.353+0000][38.223s][info ][gc,metaspace  ] GC(40) Metaspace: 135365K->135365K(1171456K)
[2023-02-23T12:13:25.353+0000][38.223s][info ][gc            ] GC(40) Pause Young (Normal) (G1 Evacuation Pause) 374M->108M(485M) 19.308ms
[2023-02-23T12:13:25.353+0000][38.224s][info ][gc,cpu        ] GC(40) User=0.18s Sys=0.01s Real=0.02s
[2023-02-23T12:13:25.353+0000][38.224s][info ][safepoint     ] Leaving safepoint region
[2023-02-23T12:13:25.354+0000][38.224s][info ][safepoint     ] Total time for which application threads were stopped: 0.0205193 seconds, Stopping threads took: 0.0003427 seconds
[2023-02-23T12:13:25.354+0000][38.224s][info ][gc,stringdedup] Concurrent String Deduplication (38.224s)
[2023-02-23T12:13:25.359+0000][38.229s][info ][gc,stringdedup] Concurrent String Deduplication 471.1K->180.3K(290.8K) avg 52.2% (38.224s, 38.229s) 4.856ms
[2023-02-23T12:13:26.002+0000][38.873s][debug][safepoint     ] Safepoint synchronization initiated. (90 threads)
[2023-02-23T12:13:26.003+0000][38.873s][info ][safepoint     ] Application time: 0.6492233 seconds
[2023-02-23T12:13:26.003+0000][38.874s][info ][safepoint     ] Entering safepoint region: Deoptimize
[2023-02-23T12:13:26.006+0000][38.877s][info ][safepoint     ] Leaving safepoint region
[2023-02-23T12:13:26.007+0000][38.877s][info ][safepoint     ] Total time for which application threads were stopped: 0.0034042 seconds, Stopping threads took: 0.0005145 seconds
[2023-02-23T12:13:26.085+0000][38.955s][debug][safepoint     ] Safepoint synchronization initiated. (90 threads)
[2023-02-23T12:13:26.085+0000][38.956s][info ][safepoint     ] Application time: 0.0781236 seconds
[2023-02-23T12:13:26.085+0000][38.956s][info ][safepoint     ] Entering safepoint region: Deoptimize
[2023-02-23T12:13:26.088+0000][38.959s][info ][safepoint     ] Leaving safepoint region
[2023-02-23T12:13:26.089+0000][38.959s][info ][safepoint     ] Total time for which application threads were stopped: 0.0035217 seconds, Stopping threads took: 0.0001912 seconds
[2023-02-23T12:13:26.733+0000][39.603s][debug][safepoint     ] Safepoint synchronization initiated. (106 threads)
[2023-02-23T12:13:26.733+0000][39.603s][info ][safepoint     ] Application time: 0.6439700 seconds
[2023-02-23T12:13:26.733+0000][39.604s][info ][safepoint     ] Entering safepoint region: ICBufferFull
[2023-02-23T12:13:26.734+0000][39.604s][info ][safepoint     ] Leaving safepoint region
[2023-02-23T12:13:26.734+0000][39.604s][info ][safepoint     ] Total time for which application threads were stopped: 0.0008065 seconds, Stopping threads took: 0.0001746 seconds
[2023-02-23T12:13:26.846+0000][39.716s][debug][safepoint     ] Safepoint synchronization initiated. (106 threads)
[2023-02-23T12:13:26.846+0000][39.717s][info ][safepoint     ] Application time: 0.1122151 seconds
[2023-02-23T12:13:26.846+0000][39.717s][info ][safepoint     ] Entering safepoint region: G1CollectForAllocation
[2023-02-23T12:13:26.847+0000][39.718s][info ][gc,start      ] GC(41) Pause Young (Normal) (G1 Evacuation Pause)
[2023-02-23T12:13:26.847+0000][39.718s][info ][gc,task       ] GC(41) Using 13 workers of 13 for evacuation
[2023-02-23T12:13:26.867+0000][39.738s][info ][gc,phases     ] GC(41)   Pre Evacuate Collection Set: 0.0ms
[2023-02-23T12:13:26.868+0000][39.738s][info ][gc,phases     ] GC(41)   Evacuate Collection Set: 15.3ms
[2023-02-23T12:13:26.868+0000][39.738s][info ][gc,phases     ] GC(41)   Post Evacuate Collection Set: 4.2ms
[2023-02-23T12:13:26.868+0000][39.738s][info ][gc,phases     ] GC(41)   Other: 0.6ms
[2023-02-23T12:13:26.868+0000][39.738s][info ][gc,heap       ] GC(41) Eden regions: 266->0(268)
[2023-02-23T12:13:26.868+0000][39.739s][info ][gc,heap       ] GC(41) Survivor regions: 25->23(37)
[2023-02-23T12:13:26.868+0000][39.739s][info ][gc,heap       ] GC(41) Old regions: 85->94
[2023-02-23T12:13:26.868+0000][39.739s][info ][gc,heap       ] GC(41) Humongous regions: 0->0
[2023-02-23T12:13:26.869+0000][39.739s][info ][gc,metaspace  ] GC(41) Metaspace: 138498K->138498K(1173504K)
[2023-02-23T12:13:26.869+0000][39.739s][info ][gc            ] GC(41) Pause Young (Normal) (G1 Evacuation Pause) 374M->114M(485M) 21.599ms
[2023-02-23T12:13:26.869+0000][39.739s][info ][gc,cpu        ] GC(41) User=0.29s Sys=0.00s Real=0.03s
[2023-02-23T12:13:26.869+0000][39.739s][info ][safepoint     ] Leaving safepoint region
[2023-02-23T12:13:26.869+0000][39.740s][info ][safepoint     ] Total time for which application threads were stopped: 0.0227732 seconds, Stopping threads took: 0.0003913 seconds
[2023-02-23T12:13:26.869+0000][39.740s][info ][gc,stringdedup] Concurrent String Deduplication (39.740s)
[2023-02-23T12:13:26.876+0000][39.747s][info ][gc,stringdedup] Concurrent String Deduplication 422.4K->215.6K(206.8K) avg 52.2% (39.740s, 39.746s) 6.644ms
[2023-02-23T12:13:27.096+0000][39.966s][debug][safepoint     ] Safepoint synchronization initiated. (105 threads)
[2023-02-23T12:13:27.096+0000][39.966s][info ][safepoint     ] Application time: 0.2266304 seconds
[2023-02-23T12:13:27.096+0000][39.967s][info ][safepoint     ] Entering safepoint region: ICBufferFull
[2023-02-23T12:13:27.097+0000][39.967s][info ][safepoint     ] Leaving safepoint region
[2023-02-23T12:13:27.097+0000][39.967s][info ][safepoint     ] Total time for which application threads were stopped: 0.0007681 seconds, Stopping threads took: 0.0001571 seconds
[2023-02-23T12:13:27.476+0000][40.347s][debug][safepoint     ] Safepoint synchronization initiated. (105 threads)
[2023-02-23T12:13:27.477+0000][40.347s][info ][safepoint     ] Application time: 0.3794942 seconds
[2023-02-23T12:13:27.477+0000][40.347s][info ][safepoint     ] Entering safepoint region: ICBufferFull
[2023-02-23T12:13:27.478+0000][40.348s][info ][safepoint     ] Leaving safepoint region
[2023-02-23T12:13:27.478+0000][40.348s][info ][safepoint     ] Total time for which application threads were stopped: 0.0010263 seconds, Stopping threads took: 0.0002217 seconds
[2023-02-23T12:13:28.273+0000][41.143s][debug][safepoint     ] Safepoint synchronization initiated. (105 threads)
[2023-02-23T12:13:28.273+0000][41.144s][info ][safepoint     ] Application time: 0.7952987 seconds
[2023-02-23T12:13:28.274+0000][41.144s][info ][safepoint     ] Entering safepoint region: ICBufferFull
[2023-02-23T12:13:28.274+0000][41.144s][info ][safepoint     ] Leaving safepoint region
[2023-02-23T12:13:28.274+0000][41.145s][info ][safepoint     ] Total time for which application threads were stopped: 0.0007221 seconds, Stopping threads took: 0.0002097 seconds
[2023-02-23T12:13:28.929+0000][41.800s][debug][safepoint     ] Safepoint synchronization initiated. (104 threads)
[2023-02-23T12:13:28.929+0000][41.800s][info ][safepoint     ] Application time: 0.6550295 seconds
[2023-02-23T12:13:28.930+0000][41.800s][info ][safepoint     ] Entering safepoint region: G1CollectForAllocation
[2023-02-23T12:13:28.930+0000][41.800s][info ][gc,start      ] GC(42) Pause Young (Normal) (G1 Evacuation Pause)
[2023-02-23T12:13:28.930+0000][41.801s][info ][gc,task       ] GC(42) Using 13 workers of 13 for evacuation
[2023-02-23T12:13:28.949+0000][41.820s][info ][gc,phases     ] GC(42)   Pre Evacuate Collection Set: 0.0ms
[2023-02-23T12:13:28.949+0000][41.820s][info ][gc,phases     ] GC(42)   Evacuate Collection Set: 15.4ms
[2023-02-23T12:13:28.950+0000][41.820s][info ][gc,phases     ] GC(42)   Post Evacuate Collection Set: 3.3ms
[2023-02-23T12:13:28.950+0000][41.820s][info ][gc,phases     ] GC(42)   Other: 0.5ms
[2023-02-23T12:13:28.950+0000][41.820s][info ][gc,heap       ] GC(42) Eden regions: 268->0(267)
[2023-02-23T12:13:28.950+0000][41.820s][info ][gc,heap       ] GC(42) Survivor regions: 23->24(37)
[2023-02-23T12:13:28.950+0000][41.821s][info ][gc,heap       ] GC(42) Old regions: 94->99
[2023-02-23T12:13:28.950+0000][41.821s][info ][gc,heap       ] GC(42) Humongous regions: 0->0
[2023-02-23T12:13:28.950+0000][41.821s][info ][gc,metaspace  ] GC(42) Metaspace: 140098K->140098K(1175552K)
[2023-02-23T12:13:28.951+0000][41.821s][info ][gc            ] GC(42) Pause Young (Normal) (G1 Evacuation Pause) 382M->121M(485M) 20.554ms
[2023-02-23T12:13:28.951+0000][41.821s][info ][gc,cpu        ] GC(42) User=0.20s Sys=0.02s Real=0.02s
[2023-02-23T12:13:28.951+0000][41.821s][info ][safepoint     ] Leaving safepoint region
[2023-02-23T12:13:28.951+0000][41.821s][info ][safepoint     ] Total time for which application threads were stopped: 0.0214913 seconds, Stopping threads took: 0.0001625 seconds
[2023-02-23T12:13:28.951+0000][41.822s][info ][gc,stringdedup] Concurrent String Deduplication (41.822s)
[2023-02-23T12:13:28.956+0000][41.827s][info ][gc,stringdedup] Concurrent String Deduplication 473.9K->347.4K(126.5K) avg 51.4% (41.822s, 41.827s) 4.977ms
[2023-02-23T12:13:29.401+0000][42.271s][debug][safepoint     ] Safepoint synchronization initiated. (104 threads)
[2023-02-23T12:13:29.401+0000][42.272s][info ][safepoint     ] Application time: 0.4502882 seconds
[2023-02-23T12:13:29.402+0000][42.272s][info ][safepoint     ] Entering safepoint region: ICBufferFull
[2023-02-23T12:13:29.403+0000][42.273s][info ][safepoint     ] Leaving safepoint region
[2023-02-23T12:13:29.403+0000][42.274s][info ][safepoint     ] Total time for which application threads were stopped: 0.0013469 seconds, Stopping threads took: 0.0005548 seconds
[2023-02-23T12:13:29.629+0000][42.499s][debug][safepoint     ] Safepoint synchronization initiated. (104 threads)
[2023-02-23T12:13:29.629+0000][42.500s][info ][safepoint     ] Application time: 0.2258368 seconds
[2023-02-23T12:13:29.629+0000][42.500s][debug][safepoint     ] ... found polling page return exception at pc = 0x00007f24686f698a, stub =0x00007f246085a800
[2023-02-23T12:13:29.630+0000][42.500s][debug][safepoint     ] Waiting for 1 thread(s) to block
[2023-02-23T12:13:29.630+0000][42.500s][info ][safepoint     ] Entering safepoint region: Deoptimize
[2023-02-23T12:13:29.634+0000][42.504s][info ][safepoint     ] Leaving safepoint region
[2023-02-23T12:13:29.634+0000][42.505s][info ][safepoint     ] Total time for which application threads were stopped: 0.0049871 seconds, Stopping threads took: 0.0008255 seconds
[2023-02-23T12:13:29.775+0000][42.645s][debug][safepoint     ] Safepoint synchronization initiated. (104 threads)
[2023-02-23T12:13:29.775+0000][42.646s][info ][safepoint     ] Application time: 0.1407212 seconds
[2023-02-23T12:13:29.776+0000][42.646s][debug][safepoint     ] ... found polling page return exception at pc = 0x00007f2468c3c93f, stub =0x00007f246085a800
[2023-02-23T12:13:29.776+0000][42.647s][debug][safepoint     ] Waiting for 1 thread(s) to block
[2023-02-23T12:13:29.777+0000][42.647s][info ][safepoint     ] Entering safepoint region: Deoptimize
[2023-02-23T12:13:29.780+0000][42.650s][info ][safepoint     ] Leaving safepoint region
[2023-02-23T12:13:29.781+0000][42.651s][info ][safepoint     ] Total time for which application threads were stopped: 0.0049363 seconds, Stopping threads took: 0.0011373 seconds
[2023-02-23T12:13:30.100+0000][42.970s][debug][safepoint     ] Safepoint synchronization initiated. (104 threads)
[2023-02-23T12:13:30.100+0000][42.971s][info ][safepoint     ] Application time: 0.3195547 seconds
[2023-02-23T12:13:30.101+0000][42.971s][debug][safepoint     ] ... found polling page return exception at pc = 0x00007f24683e8b34, stub =0x00007f246085a800
[2023-02-23T12:13:30.101+0000][42.972s][debug][safepoint     ] Waiting for 2 thread(s) to block
[2023-02-23T12:13:30.102+0000][42.972s][info ][safepoint     ] Entering safepoint region: G1CollectForAllocation
[2023-02-23T12:13:30.103+0000][42.973s][info ][gc,start      ] GC(43) Pause Young (Normal) (G1 Evacuation Pause)
[2023-02-23T12:13:30.104+0000][42.974s][info ][gc,task       ] GC(43) Using 13 workers of 13 for evacuation
[2023-02-23T12:13:30.134+0000][43.005s][info ][gc,phases     ] GC(43)   Pre Evacuate Collection Set: 0.1ms
[2023-02-23T12:13:30.135+0000][43.005s][info ][gc,phases     ] GC(43)   Evacuate Collection Set: 24.9ms
[2023-02-23T12:13:30.135+0000][43.006s][info ][gc,phases     ] GC(43)   Post Evacuate Collection Set: 4.9ms
[2023-02-23T12:13:30.135+0000][43.006s][info ][gc,phases     ] GC(43)   Other: 1.7ms
[2023-02-23T12:13:30.136+0000][43.006s][info ][gc,heap       ] GC(43) Eden regions: 267->0(268)
[2023-02-23T12:13:30.136+0000][43.007s][info ][gc,heap       ] GC(43) Survivor regions: 24->23(37)
[2023-02-23T12:13:30.137+0000][43.007s][info ][gc,heap       ] GC(43) Old regions: 99->104
[2023-02-23T12:13:30.137+0000][43.008s][info ][gc,heap       ] GC(43) Humongous regions: 0->0
[2023-02-23T12:13:30.137+0000][43.008s][info ][gc,metaspace  ] GC(43) Metaspace: 142170K->142170K(1177600K)
[2023-02-23T12:13:30.138+0000][43.009s][info ][gc            ] GC(43) Pause Young (Normal) (G1 Evacuation Pause) 388M->125M(485M) 35.181ms
[2023-02-23T12:13:30.139+0000][43.009s][info ][gc,cpu        ] GC(43) User=0.45s Sys=0.00s Real=0.04s
[2023-02-23T12:13:30.139+0000][43.010s][info ][safepoint     ] Leaving safepoint region
[2023-02-23T12:13:30.140+0000][43.010s][info ][safepoint     ] Total time for which application threads were stopped: 0.0389146 seconds, Stopping threads took: 0.0014517 seconds
[2023-02-23T12:13:30.140+0000][43.011s][info ][gc,stringdedup] Concurrent String Deduplication (43.011s)
[2023-02-23T12:13:30.158+0000][43.028s][info ][gc,stringdedup] Concurrent String Deduplication 457.0K->139.6K(317.4K) avg 51.9% (43.011s, 43.028s) 17.287ms
[2023-02-23T12:13:31.132+0000][44.003s][debug][safepoint     ] Safepoint synchronization initiated. (104 threads)
[2023-02-23T12:13:31.133+0000][44.003s][info ][safepoint     ] Application time: 0.9925272 seconds
[2023-02-23T12:13:31.133+0000][44.003s][info ][safepoint     ] Entering safepoint region: ICBufferFull
[2023-02-23T12:13:31.133+0000][44.004s][info ][safepoint     ] Leaving safepoint region
[2023-02-23T12:13:31.134+0000][44.004s][info ][safepoint     ] Total time for which application threads were stopped: 0.0009170 seconds, Stopping threads took: 0.0002788 seconds
[2023-02-23T12:13:31.362+0000][44.232s][debug][safepoint     ] Safepoint synchronization initiated. (104 threads)
[2023-02-23T12:13:31.362+0000][44.233s][info ][safepoint     ] Application time: 0.2282884 seconds
[2023-02-23T12:13:31.363+0000][44.233s][debug][safepoint     ] ... found polling page return exception at pc = 0x00007f2468b98307, stub =0x00007f246085a800
[2023-02-23T12:13:31.363+0000][44.234s][debug][safepoint     ] Waiting for 3 thread(s) to block
[2023-02-23T12:13:31.364+0000][44.234s][info ][safepoint     ] Entering safepoint region: Deoptimize
[2023-02-23T12:13:31.367+0000][44.238s][info ][safepoint     ] Leaving safepoint region
[2023-02-23T12:13:31.368+0000][44.238s][info ][safepoint     ] Total time for which application threads were stopped: 0.0051211 seconds, Stopping threads took: 0.0014469 seconds
[2023-02-23T12:13:31.372+0000][44.243s][debug][safepoint     ] Safepoint synchronization initiated. (104 threads)
[2023-02-23T12:13:31.373+0000][44.244s][info ][safepoint     ] Application time: 0.0052916 seconds
[2023-02-23T12:13:31.374+0000][44.244s][debug][safepoint     ] ... found polling page return exception at pc = 0x00007f2461e494a7, stub =0x00007f246085a800
[2023-02-23T12:13:31.374+0000][44.245s][debug][safepoint     ] Waiting for 2 thread(s) to block
[2023-02-23T12:13:31.375+0000][44.245s][info ][safepoint     ] Entering safepoint region: G1CollectForAllocation
[2023-02-23T12:13:31.376+0000][44.246s][info ][gc,start      ] GC(44) Pause Young (Normal) (G1 Evacuation Pause)
[2023-02-23T12:13:31.377+0000][44.247s][info ][gc,task       ] GC(44) Using 13 workers of 13 for evacuation
[2023-02-23T12:13:31.409+0000][44.279s][info ][gc,phases     ] GC(44)   Pre Evacuate Collection Set: 0.1ms
[2023-02-23T12:13:31.409+0000][44.280s][info ][gc,phases     ] GC(44)   Evacuate Collection Set: 22.7ms
[2023-02-23T12:13:31.410+0000][44.280s][info ][gc,phases     ] GC(44)   Post Evacuate Collection Set: 8.8ms
[2023-02-23T12:13:31.410+0000][44.281s][info ][gc,phases     ] GC(44)   Other: 1.5ms
[2023-02-23T12:13:31.411+0000][44.281s][info ][gc,heap       ] GC(44) Eden regions: 268->0(269)
[2023-02-23T12:13:31.411+0000][44.282s][info ][gc,heap       ] GC(44) Survivor regions: 23->22(37)
[2023-02-23T12:13:31.412+0000][44.282s][info ][gc,heap       ] GC(44) Old regions: 104->109
[2023-02-23T12:13:31.412+0000][44.283s][info ][gc,heap       ] GC(44) Humongous regions: 0->0
[2023-02-23T12:13:31.412+0000][44.283s][info ][gc,metaspace  ] GC(44) Metaspace: 142636K->142636K(1177600K)
[2023-02-23T12:13:31.413+0000][44.283s][info ][gc            ] GC(44) Pause Young (Normal) (G1 Evacuation Pause) 393M->129M(485M) 37.032ms
[2023-02-23T12:13:31.414+0000][44.284s][info ][gc,cpu        ] GC(44) User=0.41s Sys=0.02s Real=0.04s
[2023-02-23T12:13:31.414+0000][44.284s][info ][safepoint     ] Leaving safepoint region
[2023-02-23T12:13:31.414+0000][44.285s][info ][safepoint     ] Total time for which application threads were stopped: 0.0404741 seconds, Stopping threads took: 0.0015649 seconds
[2023-02-23T12:13:31.415+0000][44.285s][info ][gc,stringdedup] Concurrent String Deduplication (44.285s)
[2023-02-23T12:13:31.430+0000][44.301s][info ][gc,stringdedup] Concurrent String Deduplication 588.3K->239.8K(348.5K) avg 52.2% (44.285s, 44.301s) 15.644ms
[2023-02-23T12:13:32.375+0000][45.246s][debug][safepoint     ] Safepoint synchronization initiated. (103 threads)
[2023-02-23T12:13:32.376+0000][45.246s][info ][safepoint     ] Application time: 0.9610111 seconds
[2023-02-23T12:13:32.376+0000][45.246s][info ][safepoint     ] Entering safepoint region: ICBufferFull
[2023-02-23T12:13:32.376+0000][45.247s][info ][safepoint     ] Leaving safepoint region
[2023-02-23T12:13:32.377+0000][45.247s][info ][safepoint     ] Total time for which application threads were stopped: 0.0007677 seconds, Stopping threads took: 0.0001881 seconds
[2023-02-23T12:13:32.494+0000][45.365s][debug][safepoint     ] Safepoint synchronization initiated. (103 threads)
[2023-02-23T12:13:32.495+0000][45.365s][info ][safepoint     ] Application time: 0.1177001 seconds
[2023-02-23T12:13:32.495+0000][45.365s][info ][safepoint     ] Entering safepoint region: G1CollectForAllocation
[2023-02-23T12:13:32.496+0000][45.366s][info ][gc,start      ] GC(45) Pause Young (Normal) (G1 Evacuation Pause)
[2023-02-23T12:13:32.496+0000][45.367s][info ][gc,task       ] GC(45) Using 13 workers of 13 for evacuation
[2023-02-23T12:13:32.515+0000][45.385s][info ][gc,phases     ] GC(45)   Pre Evacuate Collection Set: 0.0ms
[2023-02-23T12:13:32.515+0000][45.386s][info ][gc,phases     ] GC(45)   Evacuate Collection Set: 14.4ms
[2023-02-23T12:13:32.515+0000][45.386s][info ][gc,phases     ] GC(45)   Post Evacuate Collection Set: 4.0ms
[2023-02-23T12:13:32.516+0000][45.386s][info ][gc,phases     ] GC(45)   Other: 0.6ms
[2023-02-23T12:13:32.516+0000][45.386s][info ][gc,heap       ] GC(45) Eden regions: 269->0(274)
[2023-02-23T12:13:32.516+0000][45.386s][info ][gc,heap       ] GC(45) Survivor regions: 22->17(37)
[2023-02-23T12:13:32.516+0000][45.387s][info ][gc,heap       ] GC(45) Old regions: 109->116
[2023-02-23T12:13:32.516+0000][45.387s][info ][gc,heap       ] GC(45) Humongous regions: 0->0
[2023-02-23T12:13:32.517+0000][45.387s][info ][gc,metaspace  ] GC(45) Metaspace: 143114K->143114K(1177600K)
[2023-02-23T12:13:32.517+0000][45.387s][info ][gc            ] GC(45) Pause Young (Normal) (G1 Evacuation Pause) 398M->130M(485M) 20.860ms
[2023-02-23T12:13:32.517+0000][45.387s][info ][gc,cpu        ] GC(45) User=0.20s Sys=0.01s Real=0.02s
[2023-02-23T12:13:32.517+0000][45.388s][info ][safepoint     ] Leaving safepoint region
[2023-02-23T12:13:32.517+0000][45.388s][info ][safepoint     ] Total time for which application threads were stopped: 0.0224414 seconds, Stopping threads took: 0.0004203 seconds
[2023-02-23T12:13:32.518+0000][45.388s][info ][gc,stringdedup] Concurrent String Deduplication (45.388s)
[2023-02-23T12:13:32.523+0000][45.393s][info ][gc,stringdedup] Concurrent String Deduplication 505.5K->156.4K(349.0K) avg 52.7% (45.388s, 45.393s) 5.005ms
[2023-02-23T12:13:33.353+0000][46.224s][debug][safepoint     ] Safepoint synchronization initiated. (102 threads)
[2023-02-23T12:13:33.354+0000][46.224s][info ][safepoint     ] Application time: 0.8361108 seconds
[2023-02-23T12:13:33.354+0000][46.224s][info ][safepoint     ] Entering safepoint region: ICBufferFull
[2023-02-23T12:13:33.354+0000][46.225s][info ][safepoint     ] Leaving safepoint region
[2023-02-23T12:13:33.355+0000][46.225s][info ][safepoint     ] Total time for which application threads were stopped: 0.0007563 seconds, Stopping threads took: 0.0001802 seconds
[2023-02-23T12:13:33.488+0000][46.358s][debug][safepoint     ] Safepoint synchronization initiated. (118 threads)
[2023-02-23T12:13:33.488+0000][46.359s][info ][safepoint     ] Application time: 0.1335964 seconds
[2023-02-23T12:13:33.489+0000][46.359s][info ][safepoint     ] Entering safepoint region: Deoptimize
[2023-02-23T12:13:33.491+0000][46.362s][info ][safepoint     ] Leaving safepoint region
[2023-02-23T12:13:33.492+0000][46.362s][info ][safepoint     ] Total time for which application threads were stopped: 0.0030051 seconds, Stopping threads took: 0.0002418 seconds
[2023-02-23T12:13:33.520+0000][46.391s][debug][safepoint     ] Safepoint synchronization initiated. (119 threads)
[2023-02-23T12:13:33.521+0000][46.391s][info ][safepoint     ] Application time: 0.0289128 seconds
[2023-02-23T12:13:33.522+0000][46.392s][debug][safepoint     ] ... found polling page return exception at pc = 0x00007f246855f922, stub =0x00007f246085a800
[2023-02-23T12:13:33.522+0000][46.392s][debug][safepoint     ] Waiting for 2 thread(s) to block
[2023-02-23T12:13:33.523+0000][46.393s][info ][safepoint     ] Entering safepoint region: G1CollectForAllocation
[2023-02-23T12:13:33.523+0000][46.394s][info ][gc,start      ] GC(46) Pause Young (Normal) (G1 Evacuation Pause)
[2023-02-23T12:13:33.524+0000][46.394s][info ][gc,task       ] GC(46) Using 13 workers of 13 for evacuation
[2023-02-23T12:13:33.543+0000][46.413s][info ][gc,phases     ] GC(46)   Pre Evacuate Collection Set: 0.0ms
[2023-02-23T12:13:33.543+0000][46.414s][info ][gc,phases     ] GC(46)   Evacuate Collection Set: 13.2ms
[2023-02-23T12:13:33.544+0000][46.414s][info ][gc,phases     ] GC(46)   Post Evacuate Collection Set: 5.3ms
[2023-02-23T12:13:33.544+0000][46.414s][info ][gc,phases     ] GC(46)   Other: 1.0ms
[2023-02-23T12:13:33.544+0000][46.414s][info ][gc,heap       ] GC(46) Eden regions: 274->0(270)
[2023-02-23T12:13:33.544+0000][46.414s][info ][gc,heap       ] GC(46) Survivor regions: 17->21(37)
[2023-02-23T12:13:33.544+0000][46.415s][info ][gc,heap       ] GC(46) Old regions: 116->116
[2023-02-23T12:13:33.544+0000][46.415s][info ][gc,heap       ] GC(46) Humongous regions: 0->0
[2023-02-23T12:13:33.545+0000][46.415s][info ][gc,metaspace  ] GC(46) Metaspace: 144186K->144186K(1179648K)
[2023-02-23T12:13:33.545+0000][46.415s][info ][gc            ] GC(46) Pause Young (Normal) (G1 Evacuation Pause) 404M->134M(485M) 21.297ms
[2023-02-23T12:13:33.545+0000][46.415s][info ][gc,cpu        ] GC(46) User=0.22s Sys=0.02s Real=0.02s
[2023-02-23T12:13:33.545+0000][46.416s][info ][safepoint     ] Leaving safepoint region
[2023-02-23T12:13:33.545+0000][46.416s][info ][safepoint     ] Total time for which application threads were stopped: 0.0238554 seconds, Stopping threads took: 0.0015424 seconds
[2023-02-23T12:13:33.546+0000][46.416s][info ][gc,stringdedup] Concurrent String Deduplication (46.416s)
[2023-02-23T12:13:33.552+0000][46.423s][info ][gc,stringdedup] Concurrent String Deduplication 386.1K->152.8K(233.3K) avg 52.8% (46.416s, 46.423s) 6.701ms
[2023-02-23T12:13:34.546+0000][47.416s][debug][safepoint     ] Safepoint synchronization initiated. (151 threads)
[2023-02-23T12:13:34.547+0000][47.417s][info ][safepoint     ] Application time: 1.0014364 seconds
[2023-02-23T12:13:34.548+0000][47.418s][info ][safepoint     ] Entering safepoint region: Cleanup
[2023-02-23T12:13:34.549+0000][47.420s][info ][safepoint     ] Leaving safepoint region
[2023-02-23T12:13:34.550+0000][47.420s][info ][safepoint     ] Total time for which application threads were stopped: 0.0021334 seconds, Stopping threads took: 0.0006362 seconds
[2023-02-23T12:13:35.550+0000][48.421s][debug][safepoint     ] Safepoint synchronization initiated. (175 threads)
[2023-02-23T12:13:35.551+0000][48.421s][info ][safepoint     ] Application time: 1.0007880 seconds
[2023-02-23T12:13:35.552+0000][48.422s][debug][safepoint     ] Waiting for 1 thread(s) to block
[2023-02-23T12:13:35.553+0000][48.423s][info ][safepoint     ] Entering safepoint region: Cleanup
[2023-02-23T12:13:35.554+0000][48.425s][info ][safepoint     ] Leaving safepoint region
[2023-02-23T12:13:35.555+0000][48.426s][info ][safepoint     ] Total time for which application threads were stopped: 0.0034718 seconds, Stopping threads took: 0.0016037 seconds
[2023-02-23T12:13:36.239+0000][49.110s][debug][safepoint     ] Safepoint synchronization initiated. (183 threads)
[2023-02-23T12:13:36.240+0000][49.110s][info ][safepoint     ] Application time: 0.6841767 seconds
[2023-02-23T12:13:36.240+0000][49.111s][info ][safepoint     ] Entering safepoint region: Deoptimize
[2023-02-23T12:13:36.244+0000][49.114s][info ][safepoint     ] Leaving safepoint region
[2023-02-23T12:13:36.245+0000][49.115s][info ][safepoint     ] Total time for which application threads were stopped: 0.0041708 seconds, Stopping threads took: 0.0006293 seconds
[2023-02-23T12:13:36.305+0000][49.175s][debug][safepoint     ] Safepoint synchronization initiated. (183 threads)
[2023-02-23T12:13:36.306+0000][49.176s][info ][safepoint     ] Application time: 0.0604935 seconds
[2023-02-23T12:13:36.306+0000][49.176s][info ][safepoint     ] Entering safepoint region: Deoptimize
[2023-02-23T12:13:36.309+0000][49.179s][info ][safepoint     ] Leaving safepoint region
[2023-02-23T12:13:36.309+0000][49.180s][info ][safepoint     ] Total time for which application threads were stopped: 0.0035784 seconds, Stopping threads took: 0.0003756 seconds
[2023-02-23T12:13:36.311+0000][49.182s][debug][safepoint     ] Safepoint synchronization initiated. (183 threads)
[2023-02-23T12:13:36.312+0000][49.182s][info ][safepoint     ] Application time: 0.0016962 seconds
[2023-02-23T12:13:36.312+0000][49.182s][info ][safepoint     ] Entering safepoint region: Deoptimize
[2023-02-23T12:13:36.316+0000][49.186s][info ][safepoint     ] Leaving safepoint region
[2023-02-23T12:13:36.316+0000][49.187s][info ][safepoint     ] Total time for which application threads were stopped: 0.0042479 seconds, Stopping threads took: 0.0004095 seconds
[2023-02-23T12:13:36.321+0000][49.191s][debug][safepoint     ] Safepoint synchronization initiated. (183 threads)
[2023-02-23T12:13:36.322+0000][49.192s][info ][safepoint     ] Application time: 0.0051201 seconds
[2023-02-23T12:13:36.322+0000][49.192s][info ][safepoint     ] Entering safepoint region: Deoptimize
[2023-02-23T12:13:36.326+0000][49.196s][info ][safepoint     ] Leaving safepoint region
[2023-02-23T12:13:36.326+0000][49.196s][info ][safepoint     ] Total time for which application threads were stopped: 0.0039823 seconds, Stopping threads took: 0.0005404 seconds
[2023-02-23T12:13:36.500+0000][49.370s][debug][safepoint     ] Safepoint synchronization initiated. (183 threads)
[2023-02-23T12:13:36.501+0000][49.371s][info ][safepoint     ] Application time: 0.1742436 seconds
[2023-02-23T12:13:36.501+0000][49.371s][info ][safepoint     ] Entering safepoint region: Deoptimize
[2023-02-23T12:13:36.508+0000][49.378s][info ][safepoint     ] Leaving safepoint region
[2023-02-23T12:13:36.508+0000][49.379s][info ][safepoint     ] Total time for which application threads were stopped: 0.0073627 seconds, Stopping threads took: 0.0004380 seconds
[2023-02-23T12:13:36.526+0000][49.397s][debug][safepoint     ] Safepoint synchronization initiated. (183 threads)
[2023-02-23T12:13:36.527+0000][49.397s][info ][safepoint     ] Application time: 0.0176341 seconds
[2023-02-23T12:13:36.527+0000][49.397s][info ][safepoint     ] Entering safepoint region: Deoptimize
[2023-02-23T12:13:36.530+0000][49.401s][info ][safepoint     ] Leaving safepoint region
[2023-02-23T12:13:36.531+0000][49.401s][info ][safepoint     ] Total time for which application threads were stopped: 0.0038909 seconds, Stopping threads took: 0.0003648 seconds
[2023-02-23T12:13:36.577+0000][49.448s][debug][safepoint     ] Safepoint synchronization initiated. (183 threads)
[2023-02-23T12:13:36.578+0000][49.448s][info ][safepoint     ] Application time: 0.0467248 seconds
[2023-02-23T12:13:36.578+0000][49.448s][info ][safepoint     ] Entering safepoint region: Deoptimize
[2023-02-23T12:13:36.582+0000][49.452s][info ][safepoint     ] Leaving safepoint region
[2023-02-23T12:13:36.582+0000][49.452s][info ][safepoint     ] Total time for which application threads were stopped: 0.0039398 seconds, Stopping threads took: 0.0003999 seconds
[2023-02-23T12:13:37.582+0000][50.453s][debug][safepoint     ] Safepoint synchronization initiated. (181 threads)
[2023-02-23T12:13:37.583+0000][50.453s][info ][safepoint     ] Application time: 1.0007473 seconds
[2023-02-23T12:13:37.583+0000][50.454s][info ][safepoint     ] Entering safepoint region: Cleanup
[2023-02-23T12:13:37.584+0000][50.455s][info ][safepoint     ] Leaving safepoint region
[2023-02-23T12:13:37.585+0000][50.455s][info ][safepoint     ] Total time for which application threads were stopped: 0.0013466 seconds, Stopping threads took: 0.0004312 seconds
[2023-02-23T12:13:38.585+0000][51.456s][debug][safepoint     ] Safepoint synchronization initiated. (179 threads)
[2023-02-23T12:13:38.586+0000][51.457s][info ][safepoint     ] Application time: 1.0011931 seconds
[2023-02-23T12:13:38.587+0000][51.457s][info ][safepoint     ] Entering safepoint region: Cleanup
[2023-02-23T12:13:38.588+0000][51.459s][info ][safepoint     ] Leaving safepoint region
[2023-02-23T12:13:38.589+0000][51.459s][info ][safepoint     ] Total time for which application threads were stopped: 0.0020464 seconds, Stopping threads took: 0.0006033 seconds
[2023-02-23T12:13:39.590+0000][52.461s][debug][safepoint     ] Safepoint synchronization initiated. (179 threads)
[2023-02-23T12:13:39.591+0000][52.461s][info ][safepoint     ] Application time: 1.0016821 seconds
[2023-02-23T12:13:39.592+0000][52.462s][info ][safepoint     ] Entering safepoint region: Cleanup
[2023-02-23T12:13:39.593+0000][52.464s][info ][safepoint     ] Leaving safepoint region
[2023-02-23T12:13:39.594+0000][52.464s][info ][safepoint     ] Total time for which application threads were stopped: 0.0023562 seconds, Stopping threads took: 0.0006796 seconds
[2023-02-23T12:13:39.777+0000][52.647s][debug][safepoint     ] Safepoint synchronization initiated. (178 threads)
[2023-02-23T12:13:39.778+0000][52.648s][info ][safepoint     ] Application time: 0.1832826 seconds
[2023-02-23T12:13:39.778+0000][52.649s][info ][safepoint     ] Entering safepoint region: G1CollectForAllocation
[2023-02-23T12:13:39.780+0000][52.650s][info ][gc,start      ] GC(47) Pause Young (Normal) (G1 Evacuation Pause)
[2023-02-23T12:13:39.780+0000][52.651s][info ][gc,task       ] GC(47) Using 13 workers of 13 for evacuation
[2023-02-23T12:13:39.814+0000][52.685s][info ][gc,phases     ] GC(47)   Pre Evacuate Collection Set: 0.0ms
[2023-02-23T12:13:39.815+0000][52.685s][info ][gc,phases     ] GC(47)   Evacuate Collection Set: 26.2ms
[2023-02-23T12:13:39.815+0000][52.685s][info ][gc,phases     ] GC(47)   Post Evacuate Collection Set: 6.7ms
[2023-02-23T12:13:39.816+0000][52.686s][info ][gc,phases     ] GC(47)   Other: 1.7ms
[2023-02-23T12:13:39.816+0000][52.686s][info ][gc,heap       ] GC(47) Eden regions: 270->0(268)
[2023-02-23T12:13:39.816+0000][52.686s][info ][gc,heap       ] GC(47) Survivor regions: 21->23(37)
[2023-02-23T12:13:39.816+0000][52.687s][info ][gc,heap       ] GC(47) Old regions: 116->116
[2023-02-23T12:13:39.817+0000][52.687s][info ][gc,heap       ] GC(47) Humongous regions: 0->0
[2023-02-23T12:13:39.817+0000][52.687s][info ][gc,metaspace  ] GC(47) Metaspace: 152614K->152614K(1187840K)
[2023-02-23T12:13:39.817+0000][52.688s][info ][gc            ] GC(47) Pause Young (Normal) (G1 Evacuation Pause) 404M->136M(485M) 37.675ms
[2023-02-23T12:13:39.818+0000][52.688s][info ][gc,cpu        ] GC(47) User=0.31s Sys=0.01s Real=0.03s
[2023-02-23T12:13:39.818+0000][52.689s][info ][safepoint     ] Leaving safepoint region
[2023-02-23T12:13:39.818+0000][52.689s][info ][safepoint     ] Total time for which application threads were stopped: 0.0402051 seconds, Stopping threads took: 0.0006680 seconds
[2023-02-23T12:13:39.819+0000][52.689s][info ][gc,stringdedup] Concurrent String Deduplication (52.689s)
[2023-02-23T12:13:39.823+0000][52.693s][info ][gc,stringdedup] Concurrent String Deduplication 297.3K->118.0K(179.3K) avg 53.0% (52.689s, 52.693s) 3.902ms
[2023-02-23T12:13:40.819+0000][53.690s][debug][safepoint     ] Safepoint synchronization initiated. (177 threads)
[2023-02-23T12:13:40.820+0000][53.691s][info ][safepoint     ] Application time: 1.0012660 seconds
[2023-02-23T12:13:40.821+0000][53.692s][info ][safepoint     ] Entering safepoint region: Cleanup
[2023-02-23T12:13:40.824+0000][53.694s][info ][safepoint     ] Leaving safepoint region
[2023-02-23T12:13:40.825+0000][53.695s][info ][safepoint     ] Total time for which application threads were stopped: 0.0036520 seconds, Stopping threads took: 0.0012322 seconds
[2023-02-23T12:13:41.826+0000][54.696s][debug][safepoint     ] Safepoint synchronization initiated. (176 threads)
[2023-02-23T12:13:41.827+0000][54.697s][info ][safepoint     ] Application time: 1.0010477 seconds
[2023-02-23T12:13:41.828+0000][54.698s][info ][safepoint     ] Entering safepoint region: Cleanup
[2023-02-23T12:13:41.829+0000][54.700s][info ][safepoint     ] Leaving safepoint region
[2023-02-23T12:13:41.830+0000][54.700s][info ][safepoint     ] Total time for which application threads were stopped: 0.0024220 seconds, Stopping threads took: 0.0007326 seconds
[2023-02-23T12:13:42.831+0000][55.701s][debug][safepoint     ] Safepoint synchronization initiated. (176 threads)
[2023-02-23T12:13:42.832+0000][55.702s][info ][safepoint     ] Application time: 1.0009675 seconds
[2023-02-23T12:13:42.833+0000][55.703s][info ][safepoint     ] Entering safepoint region: Cleanup
[2023-02-23T12:13:42.834+0000][55.704s][info ][safepoint     ] Leaving safepoint region
[2023-02-23T12:13:42.835+0000][55.705s][info ][safepoint     ] Total time for which application threads were stopped: 0.0023990 seconds, Stopping threads took: 0.0007561 seconds
[2023-02-23T12:13:43.836+0000][56.706s][debug][safepoint     ] Safepoint synchronization initiated. (176 threads)
[2023-02-23T12:13:43.836+0000][56.707s][info ][safepoint     ] Application time: 1.0010877 seconds
[2023-02-23T12:13:43.837+0000][56.707s][info ][safepoint     ] Entering safepoint region: Cleanup
[2023-02-23T12:13:43.839+0000][56.709s][info ][safepoint     ] Leaving safepoint region
[2023-02-23T12:13:43.839+0000][56.710s][info ][safepoint     ] Total time for which application threads were stopped: 0.0021909 seconds, Stopping threads took: 0.0006381 seconds
[2023-02-23T12:13:44.840+0000][57.710s][debug][safepoint     ] Safepoint synchronization initiated. (176 threads)
[2023-02-23T12:13:44.841+0000][57.711s][info ][safepoint     ] Application time: 1.0012077 seconds
[2023-02-23T12:13:44.842+0000][57.713s][info ][safepoint     ] Entering safepoint region: Cleanup
[2023-02-23T12:13:44.843+0000][57.714s][info ][safepoint     ] Leaving safepoint region
[2023-02-23T12:13:44.844+0000][57.714s][info ][safepoint     ] Total time for which application threads were stopped: 0.0018594 seconds, Stopping threads took: 0.0005409 seconds
[2023-02-23T12:13:45.845+0000][58.715s][debug][safepoint     ] Safepoint synchronization initiated. (176 threads)
[2023-02-23T12:13:45.845+0000][58.716s][info ][safepoint     ] Application time: 1.0010650 seconds
[2023-02-23T12:13:45.846+0000][58.716s][info ][safepoint     ] Entering safepoint region: Cleanup
[2023-02-23T12:13:45.848+0000][58.718s][info ][safepoint     ] Leaving safepoint region
[2023-02-23T12:13:45.848+0000][58.719s][info ][safepoint     ] Total time for which application threads were stopped: 0.0022246 seconds, Stopping threads took: 0.0006487 seconds
[2023-02-23T12:13:46.849+0000][59.719s][debug][safepoint     ] Safepoint synchronization initiated. (176 threads)
[2023-02-23T12:13:46.850+0000][59.720s][info ][safepoint     ] Application time: 1.0008795 seconds
[2023-02-23T12:13:46.850+0000][59.721s][debug][safepoint     ] Waiting for 1 thread(s) to block
[2023-02-23T12:13:46.852+0000][59.722s][info ][safepoint     ] Entering safepoint region: Cleanup
[2023-02-23T12:13:46.853+0000][59.724s][info ][safepoint     ] Leaving safepoint region
[2023-02-23T12:13:46.854+0000][59.725s][info ][safepoint     ] Total time for which application threads were stopped: 0.0039831 seconds, Stopping threads took: 0.0020130 seconds
[2023-02-23T12:13:47.855+0000][60.726s][debug][safepoint     ] Safepoint synchronization initiated. (176 threads)
[2023-02-23T12:13:47.856+0000][60.727s][info ][safepoint     ] Application time: 1.0010449 seconds
[2023-02-23T12:13:47.857+0000][60.727s][info ][safepoint     ] Entering safepoint region: Cleanup
[2023-02-23T12:13:47.858+0000][60.729s][info ][safepoint     ] Leaving safepoint region
[2023-02-23T12:13:47.859+0000][60.729s][info ][safepoint     ] Total time for which application threads were stopped: 0.0021933 seconds, Stopping threads took: 0.0006637 seconds
[2023-02-23T12:13:48.860+0000][61.730s][debug][safepoint     ] Safepoint synchronization initiated. (176 threads)
[2023-02-23T12:13:48.868+0000][61.739s][info ][safepoint     ] Application time: 1.0088287 seconds
[2023-02-23T12:13:48.873+0000][61.744s][debug][safepoint     ] ... found polling page return exception at pc = 0x00007f246843a240, stub =0x00007f246085a800
[2023-02-23T12:13:48.874+0000][61.744s][debug][safepoint     ] Waiting for 1 thread(s) to block
[2023-02-23T12:13:48.874+0000][61.745s][info ][safepoint     ] Entering safepoint region: Cleanup
[2023-02-23T12:13:48.875+0000][61.746s][info ][safepoint     ] Leaving safepoint region
[2023-02-23T12:13:48.876+0000][61.746s][info ][safepoint     ] Total time for which application threads were stopped: 0.0025863 seconds, Stopping threads took: 0.0012788 seconds
[2023-02-23T12:13:49.877+0000][62.747s][debug][safepoint     ] Safepoint synchronization initiated. (181 threads)
[2023-02-23T12:13:49.877+0000][62.747s][info ][safepoint     ] Application time: 1.0007219 seconds
[2023-02-23T12:13:49.878+0000][62.748s][debug][safepoint     ] Waiting for 1 thread(s) to block
[2023-02-23T12:13:49.878+0000][62.748s][info ][safepoint     ] Entering safepoint region: Cleanup
[2023-02-23T12:13:49.879+0000][62.749s][info ][safepoint     ] Leaving safepoint region
[2023-02-23T12:13:49.879+0000][62.750s][info ][safepoint     ] Total time for which application threads were stopped: 0.0018485 seconds, Stopping threads took: 0.0009298 seconds
[2023-02-23T12:13:50.055+0000][62.926s][debug][safepoint     ] Safepoint synchronization initiated. (182 threads)
[2023-02-23T12:13:50.056+0000][62.926s][info ][safepoint     ] Application time: 0.1762431 seconds
[2023-02-23T12:13:50.056+0000][62.927s][info ][safepoint     ] Entering safepoint region: Deoptimize
[2023-02-23T12:13:50.060+0000][62.930s][info ][safepoint     ] Leaving safepoint region
[2023-02-23T12:13:50.060+0000][62.931s][info ][safepoint     ] Total time for which application threads were stopped: 0.0040320 seconds, Stopping threads took: 0.0005015 seconds
[2023-02-23T12:13:51.061+0000][63.932s][debug][safepoint     ] Safepoint synchronization initiated. (201 threads)
[2023-02-23T12:13:51.062+0000][63.932s][info ][safepoint     ] Application time: 1.0012873 seconds
[2023-02-23T12:13:51.063+0000][63.933s][info ][safepoint     ] Entering safepoint region: Cleanup
[2023-02-23T12:13:51.064+0000][63.934s][info ][safepoint     ] Leaving safepoint region
[2023-02-23T12:13:51.065+0000][63.935s][info ][safepoint     ] Total time for which application threads were stopped: 0.0021687 seconds, Stopping threads took: 0.0006192 seconds
[2023-02-23T12:13:52.066+0000][64.936s][debug][safepoint     ] Safepoint synchronization initiated. (200 threads)
[2023-02-23T12:13:52.067+0000][64.937s][info ][safepoint     ] Application time: 1.0014787 seconds
[2023-02-23T12:13:52.067+0000][64.938s][info ][safepoint     ] Entering safepoint region: Cleanup
[2023-02-23T12:13:52.069+0000][64.939s][info ][safepoint     ] Leaving safepoint region
[2023-02-23T12:13:52.070+0000][64.940s][info ][safepoint     ] Total time for which application threads were stopped: 0.0027875 seconds, Stopping threads took: 0.0006587 seconds
[2023-02-23T12:13:53.071+0000][65.941s][debug][safepoint     ] Safepoint synchronization initiated. (198 threads)
[2023-02-23T12:13:53.072+0000][65.942s][info ][safepoint     ] Application time: 1.0012434 seconds
[2023-02-23T12:13:53.073+0000][65.943s][info ][safepoint     ] Entering safepoint region: Cleanup
[2023-02-23T12:13:53.074+0000][65.945s][info ][safepoint     ] Leaving safepoint region
[2023-02-23T12:13:53.075+0000][65.946s][info ][safepoint     ] Total time for which application threads were stopped: 0.0026827 seconds, Stopping threads took: 0.0008097 seconds
[2023-02-23T12:13:54.076+0000][66.947s][debug][safepoint     ] Safepoint synchronization initiated. (198 threads)
[2023-02-23T12:13:54.077+0000][66.947s][info ][safepoint     ] Application time: 1.0011083 seconds
[2023-02-23T12:13:54.078+0000][66.948s][info ][safepoint     ] Entering safepoint region: Cleanup
[2023-02-23T12:13:54.079+0000][66.949s][info ][safepoint     ] Leaving safepoint region
[2023-02-23T12:13:54.080+0000][66.950s][info ][safepoint     ] Total time for which application threads were stopped: 0.0020940 seconds, Stopping threads took: 0.0006021 seconds
[2023-02-23T12:13:55.081+0000][67.951s][debug][safepoint     ] Safepoint synchronization initiated. (197 threads)
[2023-02-23T12:13:55.082+0000][67.952s][info ][safepoint     ] Application time: 1.0013660 seconds
[2023-02-23T12:13:55.082+0000][67.953s][info ][safepoint     ] Entering safepoint region: Cleanup
[2023-02-23T12:13:55.084+0000][67.954s][info ][safepoint     ] Leaving safepoint region
[2023-02-23T12:13:55.084+0000][67.955s][info ][safepoint     ] Total time for which application threads were stopped: 0.0020895 seconds, Stopping threads took: 0.0006325 seconds
[2023-02-23T12:13:56.085+0000][68.955s][debug][safepoint     ] Safepoint synchronization initiated. (196 threads)
[2023-02-23T12:13:56.086+0000][68.956s][info ][safepoint     ] Application time: 1.0011965 seconds
[2023-02-23T12:13:56.087+0000][68.957s][info ][safepoint     ] Entering safepoint region: Cleanup
[2023-02-23T12:13:56.088+0000][68.958s][info ][safepoint     ] Leaving safepoint region
[2023-02-23T12:13:56.089+0000][68.959s][info ][safepoint     ] Total time for which application threads were stopped: 0.0021428 seconds, Stopping threads took: 0.0006877 seconds
[2023-02-23T12:13:57.090+0000][69.960s][debug][safepoint     ] Safepoint synchronization initiated. (196 threads)
[2023-02-23T12:13:57.091+0000][69.961s][info ][safepoint     ] Application time: 1.0013818 seconds
[2023-02-23T12:13:57.091+0000][69.962s][info ][safepoint     ] Entering safepoint region: Cleanup
[2023-02-23T12:13:57.093+0000][69.963s][info ][safepoint     ] Leaving safepoint region
[2023-02-23T12:13:57.093+0000][69.964s][info ][safepoint     ] Total time for which application threads were stopped: 0.0023706 seconds, Stopping threads took: 0.0006375 seconds
[2023-02-23T12:13:58.094+0000][70.965s][debug][safepoint     ] Safepoint synchronization initiated. (196 threads)
[2023-02-23T12:13:58.095+0000][70.965s][info ][safepoint     ] Application time: 1.0010525 seconds
[2023-02-23T12:13:58.096+0000][70.966s][info ][safepoint     ] Entering safepoint region: Cleanup
[2023-02-23T12:13:58.097+0000][70.968s][info ][safepoint     ] Leaving safepoint region
[2023-02-23T12:13:58.098+0000][70.968s][info ][safepoint     ] Total time for which application threads were stopped: 0.0021549 seconds, Stopping threads took: 0.0006779 seconds
[2023-02-23T12:13:59.099+0000][71.969s][debug][safepoint     ] Safepoint synchronization initiated. (196 threads)
[2023-02-23T12:13:59.100+0000][71.970s][info ][safepoint     ] Application time: 1.0011647 seconds
[2023-02-23T12:13:59.100+0000][71.971s][info ][safepoint     ] Entering safepoint region: Cleanup
[2023-02-23T12:13:59.102+0000][71.972s][info ][safepoint     ] Leaving safepoint region
[2023-02-23T12:13:59.103+0000][71.973s][info ][safepoint     ] Total time for which application threads were stopped: 0.0023807 seconds, Stopping threads took: 0.0006386 seconds
[2023-02-23T12:14:00.103+0000][72.974s][debug][safepoint     ] Safepoint synchronization initiated. (196 threads)
[2023-02-23T12:14:00.104+0000][72.975s][info ][safepoint     ] Application time: 1.0010452 seconds
[2023-02-23T12:14:00.105+0000][72.975s][info ][safepoint     ] Entering safepoint region: Cleanup
[2023-02-23T12:14:00.106+0000][72.977s][info ][safepoint     ] Leaving safepoint region
[2023-02-23T12:14:00.107+0000][72.977s][info ][safepoint     ] Total time for which application threads were stopped: 0.0021299 seconds, Stopping threads took: 0.0006840 seconds
[2023-02-23T12:14:01.108+0000][73.978s][debug][safepoint     ] Safepoint synchronization initiated. (196 threads)
[2023-02-23T12:14:01.109+0000][73.979s][info ][safepoint     ] Application time: 1.0012113 seconds
[2023-02-23T12:14:01.109+0000][73.980s][info ][safepoint     ] Entering safepoint region: Cleanup
[2023-02-23T12:14:01.111+0000][73.981s][info ][safepoint     ] Leaving safepoint region
[2023-02-23T12:14:01.112+0000][73.982s][info ][safepoint     ] Total time for which application threads were stopped: 0.0022137 seconds, Stopping threads took: 0.0008116 seconds
[2023-02-23T12:14:02.112+0000][74.983s][debug][safepoint     ] Safepoint synchronization initiated. (196 threads)
[2023-02-23T12:14:02.113+0000][74.984s][info ][safepoint     ] Application time: 1.0011355 seconds
[2023-02-23T12:14:02.114+0000][74.984s][info ][safepoint     ] Entering safepoint region: Cleanup
[2023-02-23T12:14:02.115+0000][74.986s][info ][safepoint     ] Leaving safepoint region
[2023-02-23T12:14:02.116+0000][74.986s][info ][safepoint     ] Total time for which application threads were stopped: 0.0022365 seconds, Stopping threads took: 0.0006770 seconds
[2023-02-23T12:14:03.117+0000][75.987s][debug][safepoint     ] Safepoint synchronization initiated. (196 threads)
[2023-02-23T12:14:03.118+0000][75.988s][info ][safepoint     ] Application time: 1.0012280 seconds
[2023-02-23T12:14:03.119+0000][75.989s][info ][safepoint     ] Entering safepoint region: Cleanup
[2023-02-23T12:14:03.121+0000][75.991s][info ][safepoint     ] Leaving safepoint region
[2023-02-23T12:14:03.122+0000][75.992s][info ][safepoint     ] Total time for which application threads were stopped: 0.0031421 seconds, Stopping threads took: 0.0009409 seconds
[2023-02-23T12:14:04.121+0000][76.993s][debug][safepoint     ] Safepoint synchronization initiated. (196 threads)
[2023-02-23T12:14:04.122+0000][76.994s][info ][safepoint     ] Application time: 1.0015711 seconds
[2023-02-23T12:14:04.122+0000][76.995s][info ][safepoint     ] Entering safepoint region: Cleanup
[2023-02-23T12:14:04.124+0000][76.996s][info ][safepoint     ] Leaving safepoint region
[2023-02-23T12:14:04.124+0000][76.997s][info ][safepoint     ] Total time for which application threads were stopped: 0.0022181 seconds, Stopping threads took: 0.0006415 seconds
[2023-02-23T12:14:05.125+0000][77.998s][debug][safepoint     ] Safepoint synchronization initiated. (196 threads)
[2023-02-23T12:14:05.126+0000][77.999s][info ][safepoint     ] Application time: 1.0011005 seconds
[2023-02-23T12:14:05.127+0000][77.999s][info ][safepoint     ] Entering safepoint region: Cleanup
[2023-02-23T12:14:05.128+0000][78.001s][info ][safepoint     ] Leaving safepoint region
[2023-02-23T12:14:05.129+0000][78.001s][info ][safepoint     ] Total time for which application threads were stopped: 0.0020030 seconds, Stopping threads took: 0.0006485 seconds
[2023-02-23T12:14:06.129+0000][79.002s][debug][safepoint     ] Safepoint synchronization initiated. (196 threads)
[2023-02-23T12:14:06.130+0000][79.003s][info ][safepoint     ] Application time: 1.0009880 seconds
[2023-02-23T12:14:06.131+0000][79.003s][info ][safepoint     ] Entering safepoint region: Cleanup
[2023-02-23T12:14:06.132+0000][79.005s][info ][safepoint     ] Leaving safepoint region
[2023-02-23T12:14:06.133+0000][79.005s][info ][safepoint     ] Total time for which application threads were stopped: 0.0022980 seconds, Stopping threads took: 0.0006564 seconds
[2023-02-23T12:14:07.134+0000][80.006s][debug][safepoint     ] Safepoint synchronization initiated. (196 threads)
[2023-02-23T12:14:07.135+0000][80.007s][info ][safepoint     ] Application time: 1.0009738 seconds
[2023-02-23T12:14:07.135+0000][80.008s][info ][safepoint     ] Entering safepoint region: Cleanup
[2023-02-23T12:14:07.137+0000][80.009s][info ][safepoint     ] Leaving safepoint region
[2023-02-23T12:14:07.138+0000][80.010s][info ][safepoint     ] Total time for which application threads were stopped: 0.0025041 seconds, Stopping threads took: 0.0006515 seconds
[2023-02-23T12:14:08.138+0000][81.011s][debug][safepoint     ] Safepoint synchronization initiated. (196 threads)
[2023-02-23T12:14:08.139+0000][81.012s][info ][safepoint     ] Application time: 1.0009046 seconds
[2023-02-23T12:14:08.140+0000][81.012s][info ][safepoint     ] Entering safepoint region: Cleanup
[2023-02-23T12:14:08.141+0000][81.014s][info ][safepoint     ] Leaving safepoint region
[2023-02-23T12:14:08.142+0000][81.014s][info ][safepoint     ] Total time for which application threads were stopped: 0.0021610 seconds, Stopping threads took: 0.0006438 seconds
[2023-02-23T12:14:09.143+0000][82.015s][debug][safepoint     ] Safepoint synchronization initiated. (196 threads)
[2023-02-23T12:14:09.143+0000][82.016s][info ][safepoint     ] Application time: 1.0009274 seconds
[2023-02-23T12:14:09.144+0000][82.016s][info ][safepoint     ] Entering safepoint region: Cleanup
[2023-02-23T12:14:09.145+0000][82.018s][info ][safepoint     ] Leaving safepoint region
[2023-02-23T12:14:09.146+0000][82.019s][info ][safepoint     ] Total time for which application threads were stopped: 0.0022198 seconds, Stopping threads took: 0.0006303 seconds
[2023-02-23T12:14:10.148+0000][83.020s][debug][safepoint     ] Safepoint synchronization initiated. (196 threads)
[2023-02-23T12:14:10.148+0000][83.021s][info ][safepoint     ] Application time: 1.0015825 seconds
[2023-02-23T12:14:10.149+0000][83.022s][info ][safepoint     ] Entering safepoint region: Cleanup
[2023-02-23T12:14:10.151+0000][83.023s][info ][safepoint     ] Leaving safepoint region
[2023-02-23T12:14:10.152+0000][83.024s][info ][safepoint     ] Total time for which application threads were stopped: 0.0027611 seconds, Stopping threads took: 0.0007184 seconds
[2023-02-23T12:14:11.153+0000][84.026s][debug][safepoint     ] Safepoint synchronization initiated. (196 threads)
[2023-02-23T12:14:11.154+0000][84.026s][info ][safepoint     ] Application time: 1.0016021 seconds
[2023-02-23T12:14:11.155+0000][84.027s][info ][safepoint     ] Entering safepoint region: Cleanup
[2023-02-23T12:14:11.156+0000][84.028s][info ][safepoint     ] Leaving safepoint region
[2023-02-23T12:14:11.157+0000][84.029s][info ][safepoint     ] Total time for which application threads were stopped: 0.0020452 seconds, Stopping threads took: 0.0006507 seconds
[2023-02-23T12:14:12.158+0000][85.030s][debug][safepoint     ] Safepoint synchronization initiated. (196 threads)
[2023-02-23T12:14:12.158+0000][85.031s][info ][safepoint     ] Application time: 1.0013468 seconds
[2023-02-23T12:14:12.159+0000][85.032s][info ][safepoint     ] Entering safepoint region: Cleanup
[2023-02-23T12:14:12.161+0000][85.033s][info ][safepoint     ] Leaving safepoint region
[2023-02-23T12:14:12.161+0000][85.034s][info ][safepoint     ] Total time for which application threads were stopped: 0.0024083 seconds, Stopping threads took: 0.0007540 seconds
[2023-02-23T12:14:13.163+0000][86.035s][debug][safepoint     ] Safepoint synchronization initiated. (196 threads)
[2023-02-23T12:14:13.163+0000][86.036s][info ][safepoint     ] Application time: 1.0013643 seconds
[2023-02-23T12:14:13.164+0000][86.037s][info ][safepoint     ] Entering safepoint region: Cleanup
[2023-02-23T12:14:13.165+0000][86.038s][info ][safepoint     ] Leaving safepoint region
[2023-02-23T12:14:13.166+0000][86.039s][info ][safepoint     ] Total time for which application threads were stopped: 0.0021935 seconds, Stopping threads took: 0.0006630 seconds
[2023-02-23T12:14:14.168+0000][87.040s][debug][safepoint     ] Safepoint synchronization initiated. (196 threads)
[2023-02-23T12:14:14.169+0000][87.041s][info ][safepoint     ] Application time: 1.0010099 seconds
[2023-02-23T12:14:14.169+0000][87.042s][info ][safepoint     ] Entering safepoint region: Cleanup
[2023-02-23T12:14:14.171+0000][87.043s][info ][safepoint     ] Leaving safepoint region
[2023-02-23T12:14:14.172+0000][87.044s][info ][safepoint     ] Total time for which application threads were stopped: 0.0025258 seconds, Stopping threads took: 0.0008647 seconds
[2023-02-23T12:14:15.173+0000][88.045s][debug][safepoint     ] Safepoint synchronization initiated. (196 threads)
[2023-02-23T12:14:15.174+0000][88.046s][info ][safepoint     ] Application time: 1.0013347 seconds
[2023-02-23T12:14:15.174+0000][88.047s][info ][safepoint     ] Entering safepoint region: Cleanup
[2023-02-23T12:14:15.176+0000][88.049s][info ][safepoint     ] Leaving safepoint region
[2023-02-23T12:14:15.176+0000][88.049s][debug][safepoint     ] ... found polling page return exception at pc = 0x00007f2468feb984, stub =0x00007f246085a800
[2023-02-23T12:14:15.176+0000][88.049s][debug][safepoint     ] ... found polling page return exception at pc = 0x00007f2468feb984, stub =0x00007f246085a800
[2023-02-23T12:14:15.177+0000][88.049s][info ][safepoint     ] Total time for which application threads were stopped: 0.0026160 seconds, Stopping threads took: 0.0006915 seconds
[2023-02-23T12:14:16.180+0000][89.052s][debug][safepoint     ] Safepoint synchronization initiated. (196 threads)
[2023-02-23T12:14:16.180+0000][89.053s][info ][safepoint     ] Application time: 1.0013719 seconds
[2023-02-23T12:14:16.181+0000][89.054s][info ][safepoint     ] Entering safepoint region: Cleanup
[2023-02-23T12:14:16.182+0000][89.055s][info ][safepoint     ] Leaving safepoint region
[2023-02-23T12:14:16.183+0000][89.056s][info ][safepoint     ] Total time for which application threads were stopped: 0.0023118 seconds, Stopping threads took: 0.0006827 seconds
[2023-02-23T12:14:17.184+0000][90.057s][debug][safepoint     ] Safepoint synchronization initiated. (196 threads)
[2023-02-23T12:14:17.185+0000][90.057s][info ][safepoint     ] Application time: 1.0011037 seconds
[2023-02-23T12:14:17.186+0000][90.058s][info ][safepoint     ] Entering safepoint region: Cleanup
[2023-02-23T12:14:17.188+0000][90.060s][info ][safepoint     ] Leaving safepoint region
[2023-02-23T12:14:17.189+0000][90.061s][info ][safepoint     ] Total time for which application threads were stopped: 0.0026347 seconds, Stopping threads took: 0.0007646 seconds
[2023-02-23T12:14:18.189+0000][91.062s][debug][safepoint     ] Safepoint synchronization initiated. (204 threads)
[2023-02-23T12:14:18.190+0000][91.062s][info ][safepoint     ] Application time: 1.0009198 seconds
[2023-02-23T12:14:18.190+0000][91.063s][info ][safepoint     ] Entering safepoint region: Cleanup
[2023-02-23T12:14:18.193+0000][91.065s][info ][safepoint     ] Leaving safepoint region
[2023-02-23T12:14:18.193+0000][91.066s][info ][safepoint     ] Total time for which application threads were stopped: 0.0027535 seconds, Stopping threads took: 0.0005352 seconds
[2023-02-23T12:14:19.194+0000][92.066s][debug][safepoint     ] Safepoint synchronization initiated. (204 threads)
[2023-02-23T12:14:19.195+0000][92.067s][info ][safepoint     ] Application time: 1.0009981 seconds
[2023-02-23T12:14:19.195+0000][92.068s][info ][safepoint     ] Entering safepoint region: Cleanup
[2023-02-23T12:14:19.197+0000][92.070s][info ][safepoint     ] Leaving safepoint region
[2023-02-23T12:14:19.198+0000][92.070s][info ][safepoint     ] Total time for which application threads were stopped: 0.0026752 seconds, Stopping threads took: 0.0009082 seconds
[2023-02-23T12:14:20.199+0000][93.071s][debug][safepoint     ] Safepoint synchronization initiated. (204 threads)
[2023-02-23T12:14:20.199+0000][93.072s][info ][safepoint     ] Application time: 1.0008735 seconds
[2023-02-23T12:14:20.200+0000][93.072s][info ][safepoint     ] Entering safepoint region: Cleanup
[2023-02-23T12:14:20.201+0000][93.074s][info ][safepoint     ] Leaving safepoint region
[2023-02-23T12:14:20.202+0000][93.075s][info ][safepoint     ] Total time for which application threads were stopped: 0.0022188 seconds, Stopping threads took: 0.0006474 seconds
[2023-02-23T12:14:21.203+0000][94.075s][debug][safepoint     ] Safepoint synchronization initiated. (204 threads)
[2023-02-23T12:14:21.204+0000][94.076s][info ][safepoint     ] Application time: 1.0013358 seconds
[2023-02-23T12:14:21.205+0000][94.077s][info ][safepoint     ] Entering safepoint region: Cleanup
[2023-02-23T12:14:21.206+0000][94.079s][info ][safepoint     ] Leaving safepoint region
[2023-02-23T12:14:21.207+0000][94.079s][info ][safepoint     ] Total time for which application threads were stopped: 0.0025187 seconds, Stopping threads took: 0.0008346 seconds
[2023-02-23T12:14:22.208+0000][95.080s][debug][safepoint     ] Safepoint synchronization initiated. (203 threads)
[2023-02-23T12:14:22.208+0000][95.081s][info ][safepoint     ] Application time: 1.0008107 seconds
[2023-02-23T12:14:22.209+0000][95.081s][info ][safepoint     ] Entering safepoint region: Cleanup
[2023-02-23T12:14:22.209+0000][95.082s][info ][safepoint     ] Leaving safepoint region
[2023-02-23T12:14:22.210+0000][95.082s][info ][safepoint     ] Total time for which application threads were stopped: 0.0013804 seconds, Stopping threads took: 0.0002998 seconds
[2023-02-23T12:14:23.211+0000][96.083s][debug][safepoint     ] Safepoint synchronization initiated. (203 threads)
[2023-02-23T12:14:23.211+0000][96.084s][info ][safepoint     ] Application time: 1.0011020 seconds
[2023-02-23T12:14:23.212+0000][96.084s][info ][safepoint     ] Entering safepoint region: Cleanup
[2023-02-23T12:14:23.213+0000][96.086s][info ][safepoint     ] Leaving safepoint region
[2023-02-23T12:14:23.214+0000][96.086s][info ][safepoint     ] Total time for which application threads were stopped: 0.0019817 seconds, Stopping threads took: 0.0005605 seconds
[2023-02-23T12:14:24.215+0000][97.087s][debug][safepoint     ] Safepoint synchronization initiated. (203 threads)
[2023-02-23T12:14:24.215+0000][97.088s][info ][safepoint     ] Application time: 1.0011504 seconds
[2023-02-23T12:14:24.216+0000][97.089s][info ][safepoint     ] Entering safepoint region: Cleanup
[2023-02-23T12:14:24.218+0000][97.090s][info ][safepoint     ] Leaving safepoint region
[2023-02-23T12:14:24.218+0000][97.091s][info ][safepoint     ] Total time for which application threads were stopped: 0.0022652 seconds, Stopping threads took: 0.0006280 seconds
[2023-02-23T12:14:25.219+0000][98.092s][debug][safepoint     ] Safepoint synchronization initiated. (203 threads)
[2023-02-23T12:14:25.220+0000][98.092s][info ][safepoint     ] Application time: 1.0011306 seconds
[2023-02-23T12:14:25.220+0000][98.093s][info ][safepoint     ] Entering safepoint region: Cleanup
[2023-02-23T12:14:25.222+0000][98.094s][info ][safepoint     ] Leaving safepoint region
[2023-02-23T12:14:25.223+0000][98.095s][info ][safepoint     ] Total time for which application threads were stopped: 0.0022826 seconds, Stopping threads took: 0.0007024 seconds
[2023-02-23T12:14:26.224+0000][99.096s][debug][safepoint     ] Safepoint synchronization initiated. (199 threads)
[2023-02-23T12:14:26.224+0000][99.097s][info ][safepoint     ] Application time: 1.0014103 seconds
[2023-02-23T12:14:26.225+0000][99.097s][info ][safepoint     ] Entering safepoint region: Cleanup
[2023-02-23T12:14:26.226+0000][99.099s][info ][safepoint     ] Leaving safepoint region
[2023-02-23T12:14:26.227+0000][99.100s][info ][safepoint     ] Total time for which application threads were stopped: 0.0021610 seconds, Stopping threads took: 0.0005638 seconds
[2023-02-23T12:14:27.228+0000][100.100s][debug][safepoint     ] Safepoint synchronization initiated. (199 threads)
[2023-02-23T12:14:27.228+0000][100.101s][info ][safepoint     ] Application time: 1.0009028 seconds
[2023-02-23T12:14:27.229+0000][100.102s][debug][safepoint     ] ... found polling page return exception at pc = 0x00007f2468cd1b44, stub =0x00007f246085a800
[2023-02-23T12:14:27.229+0000][100.102s][debug][safepoint     ] ... found polling page return exception at pc = 0x00007f2468cd1b44, stub =0x00007f246085a800
[2023-02-23T12:14:27.229+0000][100.102s][debug][safepoint     ] ... found polling page return exception at pc = 0x00007f2468ba1980, stub =0x00007f246085a800
[2023-02-23T12:14:27.231+0000][100.103s][debug][safepoint     ] Waiting for 3 thread(s) to block
[2023-02-23T12:14:27.232+0000][100.104s][info ][safepoint     ] Entering safepoint region: Cleanup
[2023-02-23T12:14:27.233+0000][100.106s][info ][safepoint     ] Leaving safepoint region
[2023-02-23T12:14:27.234+0000][100.106s][info ][safepoint     ] Total time for which application threads were stopped: 0.0047247 seconds, Stopping threads took: 0.0031954 seconds
[2023-02-23T12:14:28.235+0000][101.107s][debug][safepoint     ] Safepoint synchronization initiated. (198 threads)
[2023-02-23T12:14:28.235+0000][101.108s][info ][safepoint     ] Application time: 1.0010217 seconds
[2023-02-23T12:14:28.236+0000][101.108s][info ][safepoint     ] Entering safepoint region: Cleanup
[2023-02-23T12:14:28.237+0000][101.110s][info ][safepoint     ] Leaving safepoint region
[2023-02-23T12:14:28.238+0000][101.110s][info ][safepoint     ] Total time for which application threads were stopped: 0.0021269 seconds, Stopping threads took: 0.0006481 seconds
[2023-02-23T12:14:29.239+0000][102.111s][debug][safepoint     ] Safepoint synchronization initiated. (196 threads)
[2023-02-23T12:14:29.240+0000][102.112s][info ][safepoint     ] Application time: 1.0012984 seconds
[2023-02-23T12:14:29.240+0000][102.113s][info ][safepoint     ] Entering safepoint region: Cleanup
[2023-02-23T12:14:29.242+0000][102.114s][info ][safepoint     ] Leaving safepoint region
[2023-02-23T12:14:29.242+0000][102.115s][info ][safepoint     ] Total time for which application threads were stopped: 0.0020479 seconds, Stopping threads took: 0.0005349 seconds
[2023-02-23T12:14:30.243+0000][103.116s][debug][safepoint     ] Safepoint synchronization initiated. (196 threads)
[2023-02-23T12:14:30.244+0000][103.116s][info ][safepoint     ] Application time: 1.0010755 seconds
[2023-02-23T12:14:30.245+0000][103.117s][info ][safepoint     ] Entering safepoint region: Cleanup
[2023-02-23T12:14:30.246+0000][103.119s][info ][safepoint     ] Leaving safepoint region
[2023-02-23T12:14:30.247+0000][103.120s][info ][safepoint     ] Total time for which application threads were stopped: 0.0027927 seconds, Stopping threads took: 0.0010254 seconds
[2023-02-23T12:14:31.248+0000][104.120s][debug][safepoint     ] Safepoint synchronization initiated. (196 threads)
[2023-02-23T12:14:31.249+0000][104.121s][info ][safepoint     ] Application time: 1.0008470 seconds
[2023-02-23T12:14:31.249+0000][104.122s][info ][safepoint     ] Entering safepoint region: Cleanup
[2023-02-23T12:14:31.251+0000][104.123s][info ][safepoint     ] Leaving safepoint region
[2023-02-23T12:14:31.252+0000][104.124s][info ][safepoint     ] Total time for which application threads were stopped: 0.0025936 seconds, Stopping threads took: 0.0006182 seconds
[2023-02-23T12:14:32.252+0000][105.125s][debug][safepoint     ] Safepoint synchronization initiated. (196 threads)
[2023-02-23T12:14:32.253+0000][105.125s][info ][safepoint     ] Application time: 1.0007751 seconds
[2023-02-23T12:14:32.254+0000][105.126s][info ][safepoint     ] Entering safepoint region: Cleanup
[2023-02-23T12:14:32.255+0000][105.127s][info ][safepoint     ] Leaving safepoint region
[2023-02-23T12:14:32.255+0000][105.128s][info ][safepoint     ] Total time for which application threads were stopped: 0.0019043 seconds, Stopping threads took: 0.0005515 seconds
[2023-02-23T12:14:33.256+0000][106.129s][debug][safepoint     ] Safepoint synchronization initiated. (196 threads)
[2023-02-23T12:14:33.257+0000][106.129s][info ][safepoint     ] Application time: 1.0009357 seconds
[2023-02-23T12:14:33.257+0000][106.130s][info ][safepoint     ] Entering safepoint region: Cleanup
[2023-02-23T12:14:33.259+0000][106.131s][info ][safepoint     ] Leaving safepoint region
[2023-02-23T12:14:33.259+0000][106.132s][info ][safepoint     ] Total time for which application threads were stopped: 0.0020240 seconds, Stopping threads took: 0.0005416 seconds
[2023-02-23T12:14:34.262+0000][107.132s][debug][safepoint     ] Safepoint synchronization initiated. (195 threads)
[2023-02-23T12:14:34.262+0000][107.133s][info ][safepoint     ] Application time: 1.0007762 seconds
[2023-02-23T12:14:34.263+0000][107.134s][info ][safepoint     ] Entering safepoint region: Cleanup
[2023-02-23T12:14:34.264+0000][107.135s][info ][safepoint     ] Leaving safepoint region
[2023-02-23T12:14:34.265+0000][107.135s][info ][safepoint     ] Total time for which application threads were stopped: 0.0020035 seconds, Stopping threads took: 0.0004762 seconds
[2023-02-23T12:14:35.266+0000][108.136s][debug][safepoint     ] Safepoint synchronization initiated. (195 threads)
[2023-02-23T12:14:35.267+0000][108.137s][info ][safepoint     ] Application time: 1.0016117 seconds
[2023-02-23T12:14:35.267+0000][108.138s][info ][safepoint     ] Entering safepoint region: Cleanup
[2023-02-23T12:14:35.269+0000][108.139s][info ][safepoint     ] Leaving safepoint region
[2023-02-23T12:14:35.269+0000][108.140s][info ][safepoint     ] Total time for which application threads were stopped: 0.0020680 seconds, Stopping threads took: 0.0006270 seconds
[2023-02-23T12:14:36.270+0000][109.141s][debug][safepoint     ] Safepoint synchronization initiated. (195 threads)
[2023-02-23T12:14:36.270+0000][109.141s][info ][safepoint     ] Application time: 1.0009264 seconds
[2023-02-23T12:14:36.271+0000][109.142s][info ][safepoint     ] Entering safepoint region: Cleanup
[2023-02-23T12:14:36.273+0000][109.144s][info ][safepoint     ] Leaving safepoint region
[2023-02-23T12:14:36.274+0000][109.144s][info ][safepoint     ] Total time for which application threads were stopped: 0.0026872 seconds, Stopping threads took: 0.0006736 seconds
[2023-02-23T12:14:37.274+0000][110.145s][debug][safepoint     ] Safepoint synchronization initiated. (195 threads)
[2023-02-23T12:14:37.275+0000][110.146s][info ][safepoint     ] Application time: 1.0008332 seconds
[2023-02-23T12:14:37.275+0000][110.146s][info ][safepoint     ] Entering safepoint region: Cleanup
[2023-02-23T12:14:37.277+0000][110.148s][info ][safepoint     ] Leaving safepoint region
[2023-02-23T12:14:37.277+0000][110.148s][info ][safepoint     ] Total time for which application threads were stopped: 0.0019338 seconds, Stopping threads took: 0.0005422 seconds
[2023-02-23T12:14:38.278+0000][111.149s][debug][safepoint     ] Safepoint synchronization initiated. (195 threads)
[2023-02-23T12:14:38.287+0000][111.158s][info ][safepoint     ] Application time: 1.0093042 seconds
[2023-02-23T12:14:38.291+0000][111.162s][info ][safepoint     ] Entering safepoint region: Cleanup
[2023-02-23T12:14:38.293+0000][111.164s][info ][safepoint     ] Leaving safepoint region
[2023-02-23T12:14:38.295+0000][111.165s][info ][safepoint     ] Total time for which application threads were stopped: 0.0036378 seconds, Stopping threads took: 0.0013394 seconds
[2023-02-23T12:14:39.296+0000][112.166s][debug][safepoint     ] Safepoint synchronization initiated. (195 threads)
[2023-02-23T12:14:39.296+0000][112.167s][info ][safepoint     ] Application time: 1.0010837 seconds
[2023-02-23T12:14:39.297+0000][112.168s][info ][safepoint     ] Entering safepoint region: Cleanup
[2023-02-23T12:14:39.299+0000][112.169s][info ][safepoint     ] Leaving safepoint region
[2023-02-23T12:14:39.299+0000][112.170s][info ][safepoint     ] Total time for which application threads were stopped: 0.0023923 seconds, Stopping threads took: 0.0008022 seconds
[2023-02-23T12:14:40.300+0000][113.171s][debug][safepoint     ] Safepoint synchronization initiated. (195 threads)
[2023-02-23T12:14:40.301+0000][113.172s][info ][safepoint     ] Application time: 1.0014127 seconds
[2023-02-23T12:14:40.302+0000][113.173s][info ][safepoint     ] Entering safepoint region: Cleanup
[2023-02-23T12:14:40.304+0000][113.174s][info ][safepoint     ] Leaving safepoint region
[2023-02-23T12:14:40.304+0000][113.175s][info ][safepoint     ] Total time for which application threads were stopped: 0.0025457 seconds, Stopping threads took: 0.0007691 seconds
[2023-02-23T12:14:41.305+0000][114.176s][debug][safepoint     ] Safepoint synchronization initiated. (195 threads)
[2023-02-23T12:14:41.306+0000][114.177s][info ][safepoint     ] Application time: 1.0011326 seconds
[2023-02-23T12:14:41.307+0000][114.178s][info ][safepoint     ] Entering safepoint region: Cleanup
[2023-02-23T12:14:41.308+0000][114.179s][info ][safepoint     ] Leaving safepoint region
[2023-02-23T12:14:41.309+0000][114.180s][info ][safepoint     ] Total time for which application threads were stopped: 0.0024325 seconds, Stopping threads took: 0.0008223 seconds
[2023-02-23T12:14:42.310+0000][115.181s][debug][safepoint     ] Safepoint synchronization initiated. (195 threads)
[2023-02-23T12:14:42.311+0000][115.182s][info ][safepoint     ] Application time: 1.0013058 seconds
[2023-02-23T12:14:42.312+0000][115.182s][info ][safepoint     ] Entering safepoint region: Cleanup
[2023-02-23T12:14:42.313+0000][115.184s][info ][safepoint     ] Leaving safepoint region
[2023-02-23T12:14:42.314+0000][115.184s][info ][safepoint     ] Total time for which application threads were stopped: 0.0020769 seconds, Stopping threads took: 0.0006445 seconds
[2023-02-23T12:14:43.315+0000][116.185s][debug][safepoint     ] Safepoint synchronization initiated. (195 threads)
[2023-02-23T12:14:43.315+0000][116.186s][info ][safepoint     ] Application time: 1.0013134 seconds
[2023-02-23T12:14:43.316+0000][116.187s][info ][safepoint     ] Entering safepoint region: Cleanup
[2023-02-23T12:14:43.318+0000][116.189s][info ][safepoint     ] Leaving safepoint region
[2023-02-23T12:14:43.319+0000][116.189s][info ][safepoint     ] Total time for which application threads were stopped: 0.0025089 seconds, Stopping threads took: 0.0009336 seconds
[2023-02-23T12:14:44.319+0000][117.190s][debug][safepoint     ] Safepoint synchronization initiated. (195 threads)
[2023-02-23T12:14:44.320+0000][117.191s][info ][safepoint     ] Application time: 1.0012386 seconds
[2023-02-23T12:14:44.321+0000][117.192s][info ][safepoint     ] Entering safepoint region: Cleanup
[2023-02-23T12:14:44.323+0000][117.193s][info ][safepoint     ] Leaving safepoint region
[2023-02-23T12:14:44.324+0000][117.194s][info ][safepoint     ] Total time for which application threads were stopped: 0.0025435 seconds, Stopping threads took: 0.0008320 seconds
[2023-02-23T12:14:45.324+0000][118.195s][debug][safepoint     ] Safepoint synchronization initiated. (195 threads)
[2023-02-23T12:14:45.325+0000][118.196s][info ][safepoint     ] Application time: 1.0011027 seconds
[2023-02-23T12:14:45.326+0000][118.197s][info ][safepoint     ] Entering safepoint region: Cleanup
[2023-02-23T12:14:45.327+0000][118.198s][info ][safepoint     ] Leaving safepoint region
[2023-02-23T12:14:45.328+0000][118.199s][info ][safepoint     ] Total time for which application threads were stopped: 0.0024283 seconds, Stopping threads took: 0.0006423 seconds
[2023-02-23T12:14:46.329+0000][119.200s][debug][safepoint     ] Safepoint synchronization initiated. (195 threads)
[2023-02-23T12:14:46.330+0000][119.201s][info ][safepoint     ] Application time: 1.0010311 seconds
[2023-02-23T12:14:46.331+0000][119.202s][info ][safepoint     ] Entering safepoint region: Cleanup
[2023-02-23T12:14:46.333+0000][119.204s][info ][safepoint     ] Leaving safepoint region
[2023-02-23T12:14:46.334+0000][119.204s][info ][safepoint     ] Total time for which application threads were stopped: 0.0025593 seconds, Stopping threads took: 0.0008744 seconds
[2023-02-23T12:14:47.335+0000][120.205s][debug][safepoint     ] Safepoint synchronization initiated. (196 threads)
[2023-02-23T12:14:47.335+0000][120.206s][info ][safepoint     ] Application time: 1.0010486 seconds
[2023-02-23T12:14:47.336+0000][120.207s][info ][safepoint     ] Entering safepoint region: Cleanup
[2023-02-23T12:14:47.338+0000][120.208s][info ][safepoint     ] Leaving safepoint region
[2023-02-23T12:14:47.338+0000][120.209s][info ][safepoint     ] Total time for which application threads were stopped: 0.0022767 seconds, Stopping threads took: 0.0006713 seconds
[2023-02-23T12:14:48.339+0000][121.210s][debug][safepoint     ] Safepoint synchronization initiated. (196 threads)
[2023-02-23T12:14:48.340+0000][121.211s][info ][safepoint     ] Application time: 1.0013649 seconds
[2023-02-23T12:14:48.341+0000][121.212s][info ][safepoint     ] Entering safepoint region: Cleanup
[2023-02-23T12:14:48.342+0000][121.213s][info ][safepoint     ] Leaving safepoint region
[2023-02-23T12:14:48.343+0000][121.214s][info ][safepoint     ] Total time for which application threads were stopped: 0.0023782 seconds, Stopping threads took: 0.0007702 seconds
[2023-02-23T12:14:49.344+0000][122.215s][debug][safepoint     ] Safepoint synchronization initiated. (196 threads)
[2023-02-23T12:14:49.345+0000][122.215s][info ][safepoint     ] Application time: 1.0009959 seconds
[2023-02-23T12:14:49.345+0000][122.216s][info ][safepoint     ] Entering safepoint region: Cleanup
[2023-02-23T12:14:49.347+0000][122.218s][info ][safepoint     ] Leaving safepoint region
[2023-02-23T12:14:49.347+0000][122.218s][info ][safepoint     ] Total time for which application threads were stopped: 0.0021531 seconds, Stopping threads took: 0.0006690 seconds
[2023-02-23T12:14:50.348+0000][123.219s][debug][safepoint     ] Safepoint synchronization initiated. (196 threads)
[2023-02-23T12:14:50.349+0000][123.220s][info ][safepoint     ] Application time: 1.0009869 seconds
[2023-02-23T12:14:50.350+0000][123.220s][info ][safepoint     ] Entering safepoint region: Cleanup
[2023-02-23T12:14:50.351+0000][123.222s][info ][safepoint     ] Leaving safepoint region
[2023-02-23T12:14:50.352+0000][123.222s][info ][safepoint     ] Total time for which application threads were stopped: 0.0020763 seconds, Stopping threads took: 0.0006345 seconds
[2023-02-23T12:14:51.352+0000][124.223s][debug][safepoint     ] Safepoint synchronization initiated. (195 threads)
[2023-02-23T12:14:51.353+0000][124.224s][info ][safepoint     ] Application time: 1.0011893 seconds
[2023-02-23T12:14:51.354+0000][124.225s][info ][safepoint     ] Entering safepoint region: Cleanup
[2023-02-23T12:14:51.356+0000][124.226s][info ][safepoint     ] Leaving safepoint region
[2023-02-23T12:14:51.356+0000][124.227s][info ][safepoint     ] Total time for which application threads were stopped: 0.0022376 seconds, Stopping threads took: 0.0006358 seconds
[2023-02-23T12:14:52.357+0000][125.228s][debug][safepoint     ] Safepoint synchronization initiated. (195 threads)
[2023-02-23T12:14:52.358+0000][125.228s][info ][safepoint     ] Application time: 1.0008388 seconds
[2023-02-23T12:14:52.358+0000][125.229s][info ][safepoint     ] Entering safepoint region: Cleanup
[2023-02-23T12:14:52.360+0000][125.231s][info ][safepoint     ] Leaving safepoint region
[2023-02-23T12:14:52.361+0000][125.231s][info ][safepoint     ] Total time for which application threads were stopped: 0.0022845 seconds, Stopping threads took: 0.0006408 seconds
[2023-02-23T12:14:53.361+0000][126.232s][debug][safepoint     ] Safepoint synchronization initiated. (195 threads)
[2023-02-23T12:14:53.362+0000][126.233s][info ][safepoint     ] Application time: 1.0013385 seconds
[2023-02-23T12:14:53.363+0000][126.234s][info ][safepoint     ] Entering safepoint region: Cleanup
[2023-02-23T12:14:53.365+0000][126.235s][info ][safepoint     ] Leaving safepoint region
[2023-02-23T12:14:53.365+0000][126.236s][info ][safepoint     ] Total time for which application threads were stopped: 0.0022567 seconds, Stopping threads took: 0.0006540 seconds
[2023-02-23T12:14:54.366+0000][127.237s][debug][safepoint     ] Safepoint synchronization initiated. (195 threads)
[2023-02-23T12:14:54.367+0000][127.238s][info ][safepoint     ] Application time: 1.0013170 seconds
[2023-02-23T12:14:54.368+0000][127.238s][info ][safepoint     ] Entering safepoint region: Cleanup
[2023-02-23T12:14:54.369+0000][127.240s][info ][safepoint     ] Leaving safepoint region
[2023-02-23T12:14:54.370+0000][127.240s][info ][safepoint     ] Total time for which application threads were stopped: 0.0020643 seconds, Stopping threads took: 0.0007498 seconds
[2023-02-23T12:14:55.371+0000][128.241s][debug][safepoint     ] Safepoint synchronization initiated. (195 threads)
[2023-02-23T12:14:55.371+0000][128.242s][info ][safepoint     ] Application time: 1.0012130 seconds
[2023-02-23T12:14:55.372+0000][128.243s][info ][safepoint     ] Entering safepoint region: Cleanup
[2023-02-23T12:14:55.373+0000][128.244s][info ][safepoint     ] Leaving safepoint region
[2023-02-23T12:14:55.374+0000][128.245s][info ][safepoint     ] Total time for which application threads were stopped: 0.0019364 seconds, Stopping threads took: 0.0005230 seconds
[2023-02-23T12:14:56.375+0000][129.245s][debug][safepoint     ] Safepoint synchronization initiated. (195 threads)
[2023-02-23T12:14:56.376+0000][129.247s][info ][safepoint     ] Application time: 1.0015035 seconds
[2023-02-23T12:14:56.376+0000][129.247s][info ][safepoint     ] Entering safepoint region: Cleanup
[2023-02-23T12:14:56.378+0000][129.249s][info ][safepoint     ] Leaving safepoint region
[2023-02-23T12:14:56.379+0000][129.249s][info ][safepoint     ] Total time for which application threads were stopped: 0.0022973 seconds, Stopping threads took: 0.0006342 seconds
[2023-02-23T12:14:57.380+0000][130.250s][debug][safepoint     ] Safepoint synchronization initiated. (195 threads)
[2023-02-23T12:14:57.380+0000][130.251s][info ][safepoint     ] Application time: 1.0010552 seconds
[2023-02-23T12:14:57.381+0000][130.252s][info ][safepoint     ] Entering safepoint region: Cleanup
[2023-02-23T12:14:57.382+0000][130.253s][info ][safepoint     ] Leaving safepoint region
[2023-02-23T12:14:57.383+0000][130.253s][info ][safepoint     ] Total time for which application threads were stopped: 0.0019670 seconds, Stopping threads took: 0.0005652 seconds
[2023-02-23T12:14:58.384+0000][131.254s][debug][safepoint     ] Safepoint synchronization initiated. (195 threads)
[2023-02-23T12:14:58.385+0000][131.256s][info ][safepoint     ] Application time: 1.0018370 seconds
[2023-02-23T12:14:58.386+0000][131.256s][info ][safepoint     ] Entering safepoint region: Cleanup
[2023-02-23T12:14:58.387+0000][131.257s][info ][safepoint     ] Leaving safepoint region
[2023-02-23T12:14:58.387+0000][131.258s][info ][safepoint     ] Total time for which application threads were stopped: 0.0018173 seconds, Stopping threads took: 0.0005374 seconds
[2023-02-23T12:14:59.388+0000][132.259s][debug][safepoint     ] Safepoint synchronization initiated. (195 threads)
[2023-02-23T12:14:59.389+0000][132.259s][info ][safepoint     ] Application time: 1.0010418 seconds
[2023-02-23T12:14:59.389+0000][132.260s][info ][safepoint     ] Entering safepoint region: Cleanup
[2023-02-23T12:14:59.391+0000][132.261s][info ][safepoint     ] Leaving safepoint region
[2023-02-23T12:14:59.392+0000][132.262s][info ][safepoint     ] Total time for which application threads were stopped: 0.0022879 seconds, Stopping threads took: 0.0006430 seconds
[2023-02-23T12:15:00.392+0000][133.263s][debug][safepoint     ] Safepoint synchronization initiated. (195 threads)
[2023-02-23T12:15:00.393+0000][133.264s][info ][safepoint     ] Application time: 1.0009478 seconds
[2023-02-23T12:15:00.394+0000][133.264s][info ][safepoint     ] Entering safepoint region: Cleanup
[2023-02-23T12:15:00.395+0000][133.266s][info ][safepoint     ] Leaving safepoint region
[2023-02-23T12:15:00.396+0000][133.267s][info ][safepoint     ] Total time for which application threads were stopped: 0.0023193 seconds, Stopping threads took: 0.0006742 seconds
[2023-02-23T12:15:01.397+0000][134.267s][debug][safepoint     ] Safepoint synchronization initiated. (195 threads)
[2023-02-23T12:15:01.397+0000][134.268s][info ][safepoint     ] Application time: 1.0011755 seconds
[2023-02-23T12:15:01.398+0000][134.269s][info ][safepoint     ] Entering safepoint region: Cleanup
[2023-02-23T12:15:01.399+0000][134.270s][info ][safepoint     ] Leaving safepoint region
[2023-02-23T12:15:01.400+0000][134.271s][info ][safepoint     ] Total time for which application threads were stopped: 0.0021317 seconds, Stopping threads took: 0.0006244 seconds
[2023-02-23T12:15:02.402+0000][135.273s][debug][safepoint     ] Safepoint synchronization initiated. (195 threads)
[2023-02-23T12:15:02.403+0000][135.273s][info ][safepoint     ] Application time: 1.0015686 seconds
[2023-02-23T12:15:02.403+0000][135.274s][info ][safepoint     ] Entering safepoint region: Cleanup
[2023-02-23T12:15:02.405+0000][135.275s][info ][safepoint     ] Leaving safepoint region
[2023-02-23T12:15:02.405+0000][135.276s][info ][safepoint     ] Total time for which application threads were stopped: 0.0019577 seconds, Stopping threads took: 0.0005499 seconds
[2023-02-23T12:15:03.406+0000][136.277s][debug][safepoint     ] Safepoint synchronization initiated. (195 threads)
[2023-02-23T12:15:03.407+0000][136.277s][info ][safepoint     ] Application time: 1.0012262 seconds
[2023-02-23T12:15:03.408+0000][136.278s][info ][safepoint     ] Entering safepoint region: Cleanup
[2023-02-23T12:15:03.409+0000][136.280s][info ][safepoint     ] Leaving safepoint region
[2023-02-23T12:15:03.410+0000][136.280s][info ][safepoint     ] Total time for which application threads were stopped: 0.0025035 seconds, Stopping threads took: 0.0006099 seconds
[2023-02-23T12:15:04.411+0000][137.281s][debug][safepoint     ] Safepoint synchronization initiated. (195 threads)
[2023-02-23T12:15:04.412+0000][137.282s][info ][safepoint     ] Application time: 1.0011437 seconds
[2023-02-23T12:15:04.412+0000][137.283s][info ][safepoint     ] Entering safepoint region: Cleanup
[2023-02-23T12:15:04.414+0000][137.284s][info ][safepoint     ] Leaving safepoint region
[2023-02-23T12:15:04.414+0000][137.285s][info ][safepoint     ] Total time for which application threads were stopped: 0.0021670 seconds, Stopping threads took: 0.0006643 seconds
[2023-02-23T12:15:05.415+0000][138.286s][debug][safepoint     ] Safepoint synchronization initiated. (195 threads)
[2023-02-23T12:15:05.416+0000][138.286s][info ][safepoint     ] Application time: 1.0010785 seconds
[2023-02-23T12:15:05.417+0000][138.287s][info ][safepoint     ] Entering safepoint region: Cleanup
[2023-02-23T12:15:05.418+0000][138.289s][info ][safepoint     ] Leaving safepoint region
[2023-02-23T12:15:05.420+0000][138.290s][info ][safepoint     ] Total time for which application threads were stopped: 0.0030432 seconds, Stopping threads took: 0.0006379 seconds
[2023-02-23T12:15:06.420+0000][139.291s][debug][safepoint     ] Safepoint synchronization initiated. (195 threads)
[2023-02-23T12:15:06.421+0000][139.291s][info ][safepoint     ] Application time: 1.0008096 seconds
[2023-02-23T12:15:06.422+0000][139.292s][info ][safepoint     ] Entering safepoint region: Cleanup
[2023-02-23T12:15:06.423+0000][139.294s][info ][safepoint     ] Leaving safepoint region
[2023-02-23T12:15:06.424+0000][139.294s][info ][safepoint     ] Total time for which application threads were stopped: 0.0023242 seconds, Stopping threads took: 0.0005968 seconds
[2023-02-23T12:15:06.423+0000][139.294s][debug][safepoint     ] ... found polling page return exception at pc = 0x00007f2468feb984, stub =0x00007f246085a800
[2023-02-23T12:15:07.425+0000][140.296s][debug][safepoint     ] Safepoint synchronization initiated. (195 threads)
[2023-02-23T12:15:07.426+0000][140.297s][info ][safepoint     ] Application time: 1.0016643 seconds
[2023-02-23T12:15:07.427+0000][140.297s][info ][safepoint     ] Entering safepoint region: Cleanup
[2023-02-23T12:15:07.428+0000][140.299s][info ][safepoint     ] Leaving safepoint region
[2023-02-23T12:15:07.429+0000][140.299s][info ][safepoint     ] Total time for which application threads were stopped: 0.0021807 seconds, Stopping threads took: 0.0006326 seconds
[2023-02-23T12:15:08.430+0000][141.300s][debug][safepoint     ] Safepoint synchronization initiated. (195 threads)
[2023-02-23T12:15:08.430+0000][141.301s][info ][safepoint     ] Application time: 1.0008720 seconds
[2023-02-23T12:15:08.431+0000][141.301s][info ][safepoint     ] Entering safepoint region: Cleanup
[2023-02-23T12:15:08.433+0000][141.303s][info ][safepoint     ] Leaving safepoint region
[2023-02-23T12:15:08.433+0000][141.304s][info ][safepoint     ] Total time for which application threads were stopped: 0.0024477 seconds, Stopping threads took: 0.0009498 seconds
[2023-02-23T12:15:09.434+0000][142.305s][debug][safepoint     ] Safepoint synchronization initiated. (195 threads)
[2023-02-23T12:15:09.435+0000][142.306s][info ][safepoint     ] Application time: 1.0013846 seconds
[2023-02-23T12:15:09.436+0000][142.306s][info ][safepoint     ] Entering safepoint region: Cleanup
[2023-02-23T12:15:09.438+0000][142.308s][info ][safepoint     ] Leaving safepoint region
[2023-02-23T12:15:09.439+0000][142.309s][info ][safepoint     ] Total time for which application threads were stopped: 0.0026155 seconds, Stopping threads took: 0.0006795 seconds
[2023-02-23T12:15:10.439+0000][143.310s][debug][safepoint     ] Safepoint synchronization initiated. (195 threads)
[2023-02-23T12:15:10.440+0000][143.310s][info ][safepoint     ] Application time: 1.0009937 seconds
[2023-02-23T12:15:10.441+0000][143.311s][info ][safepoint     ] Entering safepoint region: Cleanup
[2023-02-23T12:15:10.442+0000][143.313s][info ][safepoint     ] Leaving safepoint region
[2023-02-23T12:15:10.443+0000][143.313s][info ][safepoint     ] Total time for which application threads were stopped: 0.0021146 seconds, Stopping threads took: 0.0006465 seconds
[2023-02-23T12:15:11.444+0000][144.314s][debug][safepoint     ] Safepoint synchronization initiated. (195 threads)
[2023-02-23T12:15:11.444+0000][144.315s][info ][safepoint     ] Application time: 1.0011884 seconds
[2023-02-23T12:15:11.445+0000][144.316s][info ][safepoint     ] Entering safepoint region: Cleanup
[2023-02-23T12:15:11.447+0000][144.317s][info ][safepoint     ] Leaving safepoint region
[2023-02-23T12:15:11.447+0000][144.318s][info ][safepoint     ] Total time for which application threads were stopped: 0.0023798 seconds, Stopping threads took: 0.0007362 seconds
[2023-02-23T12:15:12.449+0000][145.319s][debug][safepoint     ] Safepoint synchronization initiated. (195 threads)
[2023-02-23T12:15:12.449+0000][145.320s][info ][safepoint     ] Application time: 1.0013393 seconds
[2023-02-23T12:15:12.450+0000][145.320s][info ][safepoint     ] Entering safepoint region: Cleanup
[2023-02-23T12:15:12.451+0000][145.322s][info ][safepoint     ] Leaving safepoint region
[2023-02-23T12:15:12.452+0000][145.322s][info ][safepoint     ] Total time for which application threads were stopped: 0.0020823 seconds, Stopping threads took: 0.0006293 seconds
[2023-02-23T12:15:13.453+0000][146.324s][debug][safepoint     ] Safepoint synchronization initiated. (195 threads)
[2023-02-23T12:15:13.454+0000][146.324s][info ][safepoint     ] Application time: 1.0013522 seconds
[2023-02-23T12:15:13.455+0000][146.325s][info ][safepoint     ] Entering safepoint region: Cleanup
[2023-02-23T12:15:13.456+0000][146.326s][info ][safepoint     ] Leaving safepoint region
[2023-02-23T12:15:13.457+0000][146.327s][info ][safepoint     ] Total time for which application threads were stopped: 0.0020525 seconds, Stopping threads took: 0.0006117 seconds
[2023-02-23T12:15:14.458+0000][147.328s][debug][safepoint     ] Safepoint synchronization initiated. (195 threads)
[2023-02-23T12:15:14.458+0000][147.329s][info ][safepoint     ] Application time: 1.0013505 seconds
[2023-02-23T12:15:14.459+0000][147.329s][info ][safepoint     ] Entering safepoint region: Cleanup
[2023-02-23T12:15:14.460+0000][147.331s][info ][safepoint     ] Leaving safepoint region
[2023-02-23T12:15:14.461+0000][147.331s][info ][safepoint     ] Total time for which application threads were stopped: 0.0021528 seconds, Stopping threads took: 0.0005716 seconds
[2023-02-23T12:15:15.462+0000][148.332s][debug][safepoint     ] Safepoint synchronization initiated. (195 threads)
[2023-02-23T12:15:15.463+0000][148.333s][info ][safepoint     ] Application time: 1.0012401 seconds
[2023-02-23T12:15:15.463+0000][148.334s][info ][safepoint     ] Entering safepoint region: Cleanup
[2023-02-23T12:15:15.465+0000][148.335s][info ][safepoint     ] Leaving safepoint region
[2023-02-23T12:15:15.466+0000][148.337s][info ][safepoint     ] Total time for which application threads were stopped: 0.0029716 seconds, Stopping threads took: 0.0005898 seconds
[2023-02-23T12:15:16.467+0000][149.338s][debug][safepoint     ] Safepoint synchronization initiated. (195 threads)
[2023-02-23T12:15:16.468+0000][149.338s][info ][safepoint     ] Application time: 1.0011522 seconds
[2023-02-23T12:15:16.469+0000][149.339s][info ][safepoint     ] Entering safepoint region: Cleanup
[2023-02-23T12:15:16.471+0000][149.341s][info ][safepoint     ] Leaving safepoint region
[2023-02-23T12:15:16.471+0000][149.342s][info ][safepoint     ] Total time for which application threads were stopped: 0.0026404 seconds, Stopping threads took: 0.0008209 seconds
[2023-02-23T12:15:17.472+0000][150.343s][debug][safepoint     ] Safepoint synchronization initiated. (195 threads)
[2023-02-23T12:15:17.473+0000][150.343s][info ][safepoint     ] Application time: 1.0010548 seconds
[2023-02-23T12:15:17.474+0000][150.344s][info ][safepoint     ] Entering safepoint region: Cleanup
[2023-02-23T12:15:17.475+0000][150.346s][info ][safepoint     ] Leaving safepoint region
[2023-02-23T12:15:17.476+0000][150.346s][info ][safepoint     ] Total time for which application threads were stopped: 0.0024064 seconds, Stopping threads took: 0.0006826 seconds
[2023-02-23T12:15:18.477+0000][151.348s][debug][safepoint     ] Safepoint synchronization initiated. (195 threads)
[2023-02-23T12:15:18.478+0000][151.348s][info ][safepoint     ] Application time: 1.0013555 seconds
[2023-02-23T12:15:18.479+0000][151.349s][debug][safepoint     ] Waiting for 1 thread(s) to block
[2023-02-23T12:15:18.479+0000][151.350s][info ][safepoint     ] Entering safepoint region: Cleanup
[2023-02-23T12:15:18.481+0000][151.352s][info ][safepoint     ] Leaving safepoint region
[2023-02-23T12:15:18.482+0000][151.352s][info ][safepoint     ] Total time for which application threads were stopped: 0.0031772 seconds, Stopping threads took: 0.0017253 seconds
[2023-02-23T12:15:19.483+0000][152.353s][debug][safepoint     ] Safepoint synchronization initiated. (195 threads)
[2023-02-23T12:15:19.483+0000][152.354s][info ][safepoint     ] Application time: 1.0011188 seconds
[2023-02-23T12:15:19.484+0000][152.354s][info ][safepoint     ] Entering safepoint region: Cleanup
[2023-02-23T12:15:19.486+0000][152.356s][info ][safepoint     ] Leaving safepoint region
[2023-02-23T12:15:19.486+0000][152.357s][info ][safepoint     ] Total time for which application threads were stopped: 0.0024909 seconds, Stopping threads took: 0.0005447 seconds
[2023-02-23T12:15:20.487+0000][153.358s][debug][safepoint     ] Safepoint synchronization initiated. (195 threads)
[2023-02-23T12:15:20.488+0000][153.358s][info ][safepoint     ] Application time: 1.0012387 seconds
[2023-02-23T12:15:20.489+0000][153.359s][info ][safepoint     ] Entering safepoint region: Cleanup
[2023-02-23T12:15:20.490+0000][153.361s][info ][safepoint     ] Leaving safepoint region
[2023-02-23T12:15:20.491+0000][153.361s][info ][safepoint     ] Total time for which application threads were stopped: 0.0020377 seconds, Stopping threads took: 0.0006192 seconds
[2023-02-23T12:15:21.491+0000][154.362s][debug][safepoint     ] Safepoint synchronization initiated. (195 threads)
[2023-02-23T12:15:21.492+0000][154.362s][info ][safepoint     ] Application time: 1.0006459 seconds
[2023-02-23T12:15:21.492+0000][154.363s][info ][safepoint     ] Entering safepoint region: Cleanup
[2023-02-23T12:15:21.493+0000][154.364s][info ][safepoint     ] Leaving safepoint region
[2023-02-23T12:15:21.494+0000][154.364s][info ][safepoint     ] Total time for which application threads were stopped: 0.0013803 seconds, Stopping threads took: 0.0004353 seconds
[2023-02-23T12:15:22.494+0000][155.365s][debug][safepoint     ] Safepoint synchronization initiated. (195 threads)
[2023-02-23T12:15:22.495+0000][155.365s][info ][safepoint     ] Application time: 1.0008529 seconds
[2023-02-23T12:15:22.496+0000][155.366s][info ][safepoint     ] Entering safepoint region: Cleanup
[2023-02-23T12:15:22.497+0000][155.368s][info ][safepoint     ] Leaving safepoint region
[2023-02-23T12:15:22.498+0000][155.368s][info ][safepoint     ] Total time for which application threads were stopped: 0.0024895 seconds, Stopping threads took: 0.0008701 seconds
[2023-02-23T12:15:23.499+0000][156.369s][debug][safepoint     ] Safepoint synchronization initiated. (195 threads)
[2023-02-23T12:15:23.500+0000][156.370s][info ][safepoint     ] Application time: 1.0011398 seconds
[2023-02-23T12:15:23.500+0000][156.371s][info ][safepoint     ] Entering safepoint region: Cleanup
[2023-02-23T12:15:23.502+0000][156.372s][info ][safepoint     ] Leaving safepoint region
[2023-02-23T12:15:23.503+0000][156.373s][info ][safepoint     ] Total time for which application threads were stopped: 0.0027594 seconds, Stopping threads took: 0.0008672 seconds
[2023-02-23T12:15:24.504+0000][157.374s][debug][safepoint     ] Safepoint synchronization initiated. (195 threads)
[2023-02-23T12:15:24.505+0000][157.375s][info ][safepoint     ] Application time: 1.0011114 seconds
[2023-02-23T12:15:24.505+0000][157.376s][info ][safepoint     ] Entering safepoint region: Cleanup
[2023-02-23T12:15:24.507+0000][157.377s][info ][safepoint     ] Leaving safepoint region
[2023-02-23T12:15:24.508+0000][157.378s][info ][safepoint     ] Total time for which application threads were stopped: 0.0022163 seconds, Stopping threads took: 0.0007239 seconds
[2023-02-23T12:15:25.508+0000][158.379s][debug][safepoint     ] Safepoint synchronization initiated. (195 threads)
[2023-02-23T12:15:25.509+0000][158.379s][info ][safepoint     ] Application time: 1.0009118 seconds
[2023-02-23T12:15:25.510+0000][158.380s][info ][safepoint     ] Entering safepoint region: Cleanup
[2023-02-23T12:15:25.511+0000][158.382s][info ][safepoint     ] Leaving safepoint region
[2023-02-23T12:15:25.512+0000][158.382s][info ][safepoint     ] Total time for which application threads were stopped: 0.0023427 seconds, Stopping threads took: 0.0006070 seconds
[2023-02-23T12:15:26.513+0000][159.383s][debug][safepoint     ] Safepoint synchronization initiated. (195 threads)
[2023-02-23T12:15:26.513+0000][159.384s][info ][safepoint     ] Application time: 1.0007785 seconds
[2023-02-23T12:15:26.514+0000][159.384s][info ][safepoint     ] Entering safepoint region: Cleanup
[2023-02-23T12:15:26.515+0000][159.385s][info ][safepoint     ] Leaving safepoint region
[2023-02-23T12:15:26.515+0000][159.385s][info ][safepoint     ] Total time for which application threads were stopped: 0.0014295 seconds, Stopping threads took: 0.0005078 seconds
[2023-02-23T12:15:27.516+0000][160.386s][debug][safepoint     ] Safepoint synchronization initiated. (195 threads)
[2023-02-23T12:15:27.517+0000][160.387s][info ][safepoint     ] Application time: 1.0010739 seconds
[2023-02-23T12:15:27.517+0000][160.388s][info ][safepoint     ] Entering safepoint region: Cleanup
[2023-02-23T12:15:27.519+0000][160.390s][info ][safepoint     ] Leaving safepoint region
[2023-02-23T12:15:27.520+0000][160.391s][info ][safepoint     ] Total time for which application threads were stopped: 0.0028807 seconds, Stopping threads took: 0.0009373 seconds
[2023-02-23T12:15:28.521+0000][161.392s][debug][safepoint     ] Safepoint synchronization initiated. (195 threads)
[2023-02-23T12:15:28.522+0000][161.393s][info ][safepoint     ] Application time: 1.0015683 seconds
[2023-02-23T12:15:28.524+0000][161.394s][info ][safepoint     ] Entering safepoint region: Cleanup
[2023-02-23T12:15:28.526+0000][161.396s][info ][safepoint     ] Leaving safepoint region
[2023-02-23T12:15:28.526+0000][161.397s][info ][safepoint     ] Total time for which application threads were stopped: 0.0027183 seconds, Stopping threads took: 0.0009108 seconds
[2023-02-23T12:15:29.527+0000][162.398s][debug][safepoint     ] Safepoint synchronization initiated. (197 threads)
[2023-02-23T12:15:29.528+0000][162.399s][info ][safepoint     ] Application time: 1.0010366 seconds
[2023-02-23T12:15:29.529+0000][162.399s][info ][safepoint     ] Entering safepoint region: Cleanup
[2023-02-23T12:15:29.530+0000][162.401s][info ][safepoint     ] Leaving safepoint region
[2023-02-23T12:15:29.531+0000][162.401s][info ][safepoint     ] Total time for which application threads were stopped: 0.0021539 seconds, Stopping threads took: 0.0005958 seconds
[2023-02-23T12:15:30.532+0000][163.403s][debug][safepoint     ] Safepoint synchronization initiated. (196 threads)
[2023-02-23T12:15:30.533+0000][163.403s][info ][safepoint     ] Application time: 1.0014776 seconds
[2023-02-23T12:15:30.534+0000][163.404s][info ][safepoint     ] Entering safepoint region: Cleanup
[2023-02-23T12:15:30.535+0000][163.406s][info ][safepoint     ] Leaving safepoint region
[2023-02-23T12:15:30.536+0000][163.406s][info ][safepoint     ] Total time for which application threads were stopped: 0.0021362 seconds, Stopping threads took: 0.0006615 seconds
[2023-02-23T12:15:31.536+0000][164.407s][debug][safepoint     ] Safepoint synchronization initiated. (196 threads)
[2023-02-23T12:15:31.537+0000][164.408s][info ][safepoint     ] Application time: 1.0009437 seconds
[2023-02-23T12:15:31.538+0000][164.408s][info ][safepoint     ] Entering safepoint region: Cleanup
[2023-02-23T12:15:31.539+0000][164.410s][info ][safepoint     ] Leaving safepoint region
[2023-02-23T12:15:31.540+0000][164.410s][info ][safepoint     ] Total time for which application threads were stopped: 0.0022218 seconds, Stopping threads took: 0.0006634 seconds
[2023-02-23T12:15:32.541+0000][165.412s][debug][safepoint     ] Safepoint synchronization initiated. (196 threads)
[2023-02-23T12:15:32.542+0000][165.412s][info ][safepoint     ] Application time: 1.0010965 seconds
[2023-02-23T12:15:32.543+0000][165.413s][info ][safepoint     ] Entering safepoint region: Cleanup
[2023-02-23T12:15:32.544+0000][165.414s][info ][safepoint     ] Leaving safepoint region
[2023-02-23T12:15:32.545+0000][165.415s][info ][safepoint     ] Total time for which application threads were stopped: 0.0022530 seconds, Stopping threads took: 0.0006574 seconds
[2023-02-23T12:15:33.546+0000][166.416s][debug][safepoint     ] Safepoint synchronization initiated. (195 threads)
[2023-02-23T12:15:33.546+0000][166.417s][info ][safepoint     ] Application time: 1.0009872 seconds
[2023-02-23T12:15:33.547+0000][166.418s][info ][safepoint     ] Entering safepoint region: Cleanup
[2023-02-23T12:15:33.549+0000][166.419s][info ][safepoint     ] Leaving safepoint region
[2023-02-23T12:15:33.549+0000][166.420s][info ][safepoint     ] Total time for which application threads were stopped: 0.0021359 seconds, Stopping threads took: 0.0007972 seconds
[2023-02-23T12:15:34.550+0000][167.420s][debug][safepoint     ] Safepoint synchronization initiated. (194 threads)
[2023-02-23T12:15:34.551+0000][167.422s][info ][safepoint     ] Application time: 1.0015169 seconds
[2023-02-23T12:15:34.552+0000][167.422s][info ][safepoint     ] Entering safepoint region: Cleanup
[2023-02-23T12:15:34.553+0000][167.424s][info ][safepoint     ] Leaving safepoint region
[2023-02-23T12:15:34.554+0000][167.424s][info ][safepoint     ] Total time for which application threads were stopped: 0.0020902 seconds, Stopping threads took: 0.0006625 seconds
[2023-02-23T12:15:35.555+0000][168.426s][debug][safepoint     ] Safepoint synchronization initiated. (194 threads)
[2023-02-23T12:15:35.556+0000][168.426s][info ][safepoint     ] Application time: 1.0014128 seconds
[2023-02-23T12:15:35.557+0000][168.427s][info ][safepoint     ] Entering safepoint region: Cleanup
[2023-02-23T12:15:35.558+0000][168.429s][info ][safepoint     ] Leaving safepoint region
[2023-02-23T12:15:35.559+0000][168.429s][info ][safepoint     ] Total time for which application threads were stopped: 0.0022646 seconds, Stopping threads took: 0.0006136 seconds
[2023-02-23T12:15:36.560+0000][169.430s][debug][safepoint     ] Safepoint synchronization initiated. (194 threads)
[2023-02-23T12:15:36.561+0000][169.431s][info ][safepoint     ] Application time: 1.0010854 seconds
[2023-02-23T12:15:36.561+0000][169.432s][info ][safepoint     ] Entering safepoint region: Cleanup
[2023-02-23T12:15:36.563+0000][169.434s][info ][safepoint     ] Leaving safepoint region
[2023-02-23T12:15:36.564+0000][169.434s][info ][safepoint     ] Total time for which application threads were stopped: 0.0025484 seconds, Stopping threads took: 0.0011167 seconds
[2023-02-23T12:15:37.565+0000][170.435s][debug][safepoint     ] Safepoint synchronization initiated. (194 threads)
[2023-02-23T12:15:37.566+0000][170.436s][info ][safepoint     ] Application time: 1.0014678 seconds
[2023-02-23T12:15:37.567+0000][170.437s][info ][safepoint     ] Entering safepoint region: Cleanup
[2023-02-23T12:15:37.568+0000][170.439s][info ][safepoint     ] Leaving safepoint region
[2023-02-23T12:15:37.569+0000][170.440s][info ][safepoint     ] Total time for which application threads were stopped: 0.0025507 seconds, Stopping threads took: 0.0006313 seconds
[2023-02-23T12:15:38.570+0000][171.440s][debug][safepoint     ] Safepoint synchronization initiated. (194 threads)
[2023-02-23T12:15:38.571+0000][171.441s][info ][safepoint     ] Application time: 1.0008415 seconds
[2023-02-23T12:15:38.571+0000][171.441s][info ][safepoint     ] Entering safepoint region: Cleanup
[2023-02-23T12:15:38.572+0000][171.443s][info ][safepoint     ] Leaving safepoint region
[2023-02-23T12:15:38.573+0000][171.443s][info ][safepoint     ] Total time for which application threads were stopped: 0.0018080 seconds, Stopping threads took: 0.0004593 seconds
[2023-02-23T12:15:39.574+0000][172.444s][debug][safepoint     ] Safepoint synchronization initiated. (194 threads)
[2023-02-23T12:15:39.574+0000][172.445s][info ][safepoint     ] Application time: 1.0009703 seconds
[2023-02-23T12:15:39.575+0000][172.445s][info ][safepoint     ] Entering safepoint region: Cleanup
[2023-02-23T12:15:39.577+0000][172.447s][info ][safepoint     ] Leaving safepoint region
[2023-02-23T12:15:39.577+0000][172.447s][info ][safepoint     ] Total time for which application threads were stopped: 0.0021962 seconds, Stopping threads took: 0.0005729 seconds
[2023-02-23T12:15:40.578+0000][173.448s][debug][safepoint     ] Safepoint synchronization initiated. (194 threads)
[2023-02-23T12:15:40.579+0000][173.449s][info ][safepoint     ] Application time: 1.0010688 seconds
[2023-02-23T12:15:40.579+0000][173.450s][info ][safepoint     ] Entering safepoint region: Cleanup
[2023-02-23T12:15:40.581+0000][173.451s][info ][safepoint     ] Leaving safepoint region
[2023-02-23T12:15:40.581+0000][173.452s][info ][safepoint     ] Total time for which application threads were stopped: 0.0022619 seconds, Stopping threads took: 0.0006134 seconds
[2023-02-23T12:15:41.582+0000][174.453s][debug][safepoint     ] Safepoint synchronization initiated. (194 threads)
[2023-02-23T12:15:41.583+0000][174.453s][info ][safepoint     ] Application time: 1.0009031 seconds
[2023-02-23T12:15:41.584+0000][174.454s][info ][safepoint     ] Entering safepoint region: Cleanup
[2023-02-23T12:15:41.585+0000][174.456s][info ][safepoint     ] Leaving safepoint region
[2023-02-23T12:15:41.586+0000][174.456s][info ][safepoint     ] Total time for which application threads were stopped: 0.0025524 seconds, Stopping threads took: 0.0007059 seconds
[2023-02-23T12:15:42.587+0000][175.457s][debug][safepoint     ] Safepoint synchronization initiated. (194 threads)
[2023-02-23T12:15:42.587+0000][175.457s][info ][safepoint     ] Application time: 1.0005268 seconds
[2023-02-23T12:15:42.587+0000][175.458s][info ][safepoint     ] Entering safepoint region: Cleanup
[2023-02-23T12:15:42.588+0000][175.458s][info ][safepoint     ] Leaving safepoint region
[2023-02-23T12:15:42.588+0000][175.459s][info ][safepoint     ] Total time for which application threads were stopped: 0.0010894 seconds, Stopping threads took: 0.0003032 seconds
[2023-02-23T12:15:43.589+0000][176.460s][debug][safepoint     ] Safepoint synchronization initiated. (194 threads)
[2023-02-23T12:15:43.590+0000][176.460s][info ][safepoint     ] Application time: 1.0009111 seconds
[2023-02-23T12:15:43.591+0000][176.461s][info ][safepoint     ] Entering safepoint region: Cleanup
[2023-02-23T12:15:43.592+0000][176.462s][info ][safepoint     ] Leaving safepoint region
[2023-02-23T12:15:43.592+0000][176.463s][info ][safepoint     ] Total time for which application threads were stopped: 0.0018841 seconds, Stopping threads took: 0.0006509 seconds
[2023-02-23T12:15:44.593+0000][177.463s][debug][safepoint     ] Safepoint synchronization initiated. (194 threads)
[2023-02-23T12:15:44.594+0000][177.464s][info ][safepoint     ] Application time: 1.0010385 seconds
[2023-02-23T12:15:44.595+0000][177.465s][info ][safepoint     ] Entering safepoint region: Cleanup
[2023-02-23T12:15:44.596+0000][177.466s][info ][safepoint     ] Leaving safepoint region
[2023-02-23T12:15:44.596+0000][177.467s][info ][safepoint     ] Total time for which application threads were stopped: 0.0020147 seconds, Stopping threads took: 0.0006197 seconds
[2023-02-23T12:15:45.598+0000][178.468s][debug][safepoint     ] Safepoint synchronization initiated. (194 threads)
[2023-02-23T12:15:45.598+0000][178.469s][info ][safepoint     ] Application time: 1.0011903 seconds
[2023-02-23T12:15:45.599+0000][178.469s][info ][safepoint     ] Entering safepoint region: Cleanup
[2023-02-23T12:15:45.600+0000][178.470s][info ][safepoint     ] Leaving safepoint region
[2023-02-23T12:15:45.601+0000][178.471s][info ][safepoint     ] Total time for which application threads were stopped: 0.0020126 seconds, Stopping threads took: 0.0006226 seconds
[2023-02-23T12:15:46.602+0000][179.472s][debug][safepoint     ] Safepoint synchronization initiated. (194 threads)
[2023-02-23T12:15:46.602+0000][179.473s][info ][safepoint     ] Application time: 1.0010303 seconds
[2023-02-23T12:15:46.603+0000][179.473s][info ][safepoint     ] Entering safepoint region: Cleanup
[2023-02-23T12:15:46.604+0000][179.474s][info ][safepoint     ] Leaving safepoint region
[2023-02-23T12:15:46.604+0000][179.474s][info ][safepoint     ] Total time for which application threads were stopped: 0.0015120 seconds, Stopping threads took: 0.0005369 seconds
[2023-02-23T12:15:47.605+0000][180.475s][debug][safepoint     ] Safepoint synchronization initiated. (194 threads)
[2023-02-23T12:15:47.606+0000][180.476s][info ][safepoint     ] Application time: 1.0012269 seconds
[2023-02-23T12:15:47.607+0000][180.477s][info ][safepoint     ] Entering safepoint region: Cleanup
[2023-02-23T12:15:47.608+0000][180.479s][info ][safepoint     ] Leaving safepoint region
[2023-02-23T12:15:47.609+0000][180.480s][info ][safepoint     ] Total time for which application threads were stopped: 0.0028108 seconds, Stopping threads took: 0.0009482 seconds
[2023-02-23T12:15:48.610+0000][181.480s][debug][safepoint     ] Safepoint synchronization initiated. (194 threads)
[2023-02-23T12:15:48.611+0000][181.482s][info ][safepoint     ] Application time: 1.0014287 seconds
[2023-02-23T12:15:48.613+0000][181.483s][info ][safepoint     ] Entering safepoint region: Cleanup
[2023-02-23T12:15:48.614+0000][181.484s][info ][safepoint     ] Leaving safepoint region
[2023-02-23T12:15:48.615+0000][181.485s][info ][safepoint     ] Total time for which application threads were stopped: 0.0023340 seconds, Stopping threads took: 0.0009578 seconds
[2023-02-23T12:15:49.616+0000][182.486s][debug][safepoint     ] Safepoint synchronization initiated. (194 threads)
[2023-02-23T12:15:49.617+0000][182.487s][info ][safepoint     ] Application time: 1.0011942 seconds
[2023-02-23T12:15:49.618+0000][182.488s][info ][safepoint     ] Entering safepoint region: Cleanup
[2023-02-23T12:15:49.619+0000][182.489s][info ][safepoint     ] Leaving safepoint region
[2023-02-23T12:15:49.620+0000][182.490s][info ][safepoint     ] Total time for which application threads were stopped: 0.0024917 seconds, Stopping threads took: 0.0007035 seconds
[2023-02-23T12:15:50.621+0000][183.491s][debug][safepoint     ] Safepoint synchronization initiated. (194 threads)
[2023-02-23T12:15:50.622+0000][183.492s][info ][safepoint     ] Application time: 1.0011030 seconds
[2023-02-23T12:15:50.622+0000][183.492s][info ][safepoint     ] Entering safepoint region: Cleanup
[2023-02-23T12:15:50.624+0000][183.494s][info ][safepoint     ] Leaving safepoint region
[2023-02-23T12:15:50.624+0000][183.495s][info ][safepoint     ] Total time for which application threads were stopped: 0.0022388 seconds, Stopping threads took: 0.0006654 seconds
[2023-02-23T12:15:51.625+0000][184.496s][debug][safepoint     ] Safepoint synchronization initiated. (194 threads)
[2023-02-23T12:15:51.626+0000][184.496s][info ][safepoint     ] Application time: 1.0010369 seconds
[2023-02-23T12:15:51.627+0000][184.497s][info ][safepoint     ] Entering safepoint region: Cleanup
[2023-02-23T12:15:51.628+0000][184.499s][info ][safepoint     ] Leaving safepoint region
[2023-02-23T12:15:51.629+0000][184.499s][info ][safepoint     ] Total time for which application threads were stopped: 0.0024215 seconds, Stopping threads took: 0.0007116 seconds
[2023-02-23T12:15:52.631+0000][185.501s][debug][safepoint     ] Safepoint synchronization initiated. (194 threads)
[2023-02-23T12:15:52.631+0000][185.502s][info ][safepoint     ] Application time: 1.0014399 seconds
[2023-02-23T12:15:52.632+0000][185.502s][info ][safepoint     ] Entering safepoint region: Cleanup
[2023-02-23T12:15:52.634+0000][185.504s][info ][safepoint     ] Leaving safepoint region
[2023-02-23T12:15:52.634+0000][185.505s][info ][safepoint     ] Total time for which application threads were stopped: 0.0024048 seconds, Stopping threads took: 0.0005439 seconds
[2023-02-23T12:15:53.635+0000][186.505s][debug][safepoint     ] Safepoint synchronization initiated. (194 threads)
[2023-02-23T12:15:53.636+0000][186.506s][info ][safepoint     ] Application time: 1.0012620 seconds
[2023-02-23T12:15:53.637+0000][186.507s][info ][safepoint     ] Entering safepoint region: Cleanup
[2023-02-23T12:15:53.638+0000][186.508s][info ][safepoint     ] Leaving safepoint region
[2023-02-23T12:15:53.639+0000][186.509s][info ][safepoint     ] Total time for which application threads were stopped: 0.0021823 seconds, Stopping threads took: 0.0006226 seconds
[2023-02-23T12:15:54.640+0000][187.510s][debug][safepoint     ] Safepoint synchronization initiated. (194 threads)
[2023-02-23T12:15:54.641+0000][187.511s][info ][safepoint     ] Application time: 1.0013108 seconds
[2023-02-23T12:15:54.641+0000][187.512s][info ][safepoint     ] Entering safepoint region: Cleanup
[2023-02-23T12:15:54.643+0000][187.513s][info ][safepoint     ] Leaving safepoint region
[2023-02-23T12:15:54.643+0000][187.514s][info ][safepoint     ] Total time for which application threads were stopped: 0.0021917 seconds, Stopping threads took: 0.0006299 seconds
[2023-02-23T12:15:55.644+0000][188.514s][debug][safepoint     ] Safepoint synchronization initiated. (194 threads)
[2023-02-23T12:15:55.645+0000][188.515s][info ][safepoint     ] Application time: 1.0010459 seconds
[2023-02-23T12:15:55.646+0000][188.516s][info ][safepoint     ] Entering safepoint region: Cleanup
[2023-02-23T12:15:55.647+0000][188.517s][info ][safepoint     ] Leaving safepoint region
[2023-02-23T12:15:55.648+0000][188.518s][info ][safepoint     ] Total time for which application threads were stopped: 0.0022011 seconds, Stopping threads took: 0.0007391 seconds
[2023-02-23T12:15:56.648+0000][189.519s][debug][safepoint     ] Safepoint synchronization initiated. (194 threads)
[2023-02-23T12:15:56.649+0000][189.519s][info ][safepoint     ] Application time: 1.0009833 seconds
[2023-02-23T12:15:56.650+0000][189.520s][info ][safepoint     ] Entering safepoint region: Cleanup
[2023-02-23T12:15:56.651+0000][189.522s][info ][safepoint     ] Leaving safepoint region
[2023-02-23T12:15:56.652+0000][189.522s][info ][safepoint     ] Total time for which application threads were stopped: 0.0023120 seconds, Stopping threads took: 0.0007177 seconds
[2023-02-23T12:15:57.653+0000][190.523s][debug][safepoint     ] Safepoint synchronization initiated. (194 threads)
[2023-02-23T12:15:57.654+0000][190.524s][info ][safepoint     ] Application time: 1.0012299 seconds
[2023-02-23T12:15:57.654+0000][190.525s][info ][safepoint     ] Entering safepoint region: Cleanup
[2023-02-23T12:15:57.656+0000][190.526s][info ][safepoint     ] Leaving safepoint region
[2023-02-23T12:15:57.656+0000][190.527s][info ][safepoint     ] Total time for which application threads were stopped: 0.0020840 seconds, Stopping threads took: 0.0006101 seconds
[2023-02-23T12:15:58.658+0000][191.529s][debug][safepoint     ] Safepoint synchronization initiated. (194 threads)
[2023-02-23T12:15:58.659+0000][191.529s][info ][safepoint     ] Application time: 1.0012195 seconds
[2023-02-23T12:15:58.660+0000][191.530s][info ][safepoint     ] Entering safepoint region: Cleanup
[2023-02-23T12:15:58.661+0000][191.531s][info ][safepoint     ] Leaving safepoint region
[2023-02-23T12:15:58.662+0000][191.532s][info ][safepoint     ] Total time for which application threads were stopped: 0.0021340 seconds, Stopping threads took: 0.0006609 seconds
[2023-02-23T12:15:59.663+0000][192.533s][debug][safepoint     ] Safepoint synchronization initiated. (194 threads)
[2023-02-23T12:15:59.663+0000][192.534s][info ][safepoint     ] Application time: 1.0011059 seconds
[2023-02-23T12:15:59.664+0000][192.534s][info ][safepoint     ] Entering safepoint region: Cleanup
[2023-02-23T12:15:59.665+0000][192.535s][info ][safepoint     ] Leaving safepoint region
[2023-02-23T12:15:59.665+0000][192.536s][info ][safepoint     ] Total time for which application threads were stopped: 0.0016446 seconds, Stopping threads took: 0.0006019 seconds
[2023-02-23T12:16:00.666+0000][193.537s][debug][safepoint     ] Safepoint synchronization initiated. (194 threads)
[2023-02-23T12:16:00.667+0000][193.537s][info ][safepoint     ] Application time: 1.0012481 seconds
[2023-02-23T12:16:00.668+0000][193.538s][info ][safepoint     ] Entering safepoint region: Cleanup
[2023-02-23T12:16:00.669+0000][193.540s][info ][safepoint     ] Leaving safepoint region
[2023-02-23T12:16:00.670+0000][193.540s][info ][safepoint     ] Total time for which application threads were stopped: 0.0023510 seconds, Stopping threads took: 0.0007296 seconds
[2023-02-23T12:16:01.671+0000][194.541s][debug][safepoint     ] Safepoint synchronization initiated. (194 threads)
[2023-02-23T12:16:01.672+0000][194.542s][info ][safepoint     ] Application time: 1.0010720 seconds
[2023-02-23T12:16:01.672+0000][194.543s][info ][safepoint     ] Entering safepoint region: Cleanup
[2023-02-23T12:16:01.674+0000][194.544s][info ][safepoint     ] Leaving safepoint region
[2023-02-23T12:16:01.674+0000][194.544s][info ][safepoint     ] Total time for which application threads were stopped: 0.0019699 seconds, Stopping threads took: 0.0006019 seconds
[2023-02-23T12:16:02.675+0000][195.545s][debug][safepoint     ] Safepoint synchronization initiated. (194 threads)
[2023-02-23T12:16:02.676+0000][195.546s][info ][safepoint     ] Application time: 1.0012654 seconds
[2023-02-23T12:16:02.677+0000][195.547s][info ][safepoint     ] Entering safepoint region: Cleanup
[2023-02-23T12:16:02.678+0000][195.548s][info ][safepoint     ] Leaving safepoint region
[2023-02-23T12:16:02.679+0000][195.549s][info ][safepoint     ] Total time for which application threads were stopped: 0.0022848 seconds, Stopping threads took: 0.0006543 seconds
[2023-02-23T12:16:03.680+0000][196.550s][debug][safepoint     ] Safepoint synchronization initiated. (194 threads)
[2023-02-23T12:16:03.681+0000][196.551s][info ][safepoint     ] Application time: 1.0012819 seconds
[2023-02-23T12:16:03.681+0000][196.552s][info ][safepoint     ] Entering safepoint region: Cleanup
[2023-02-23T12:16:03.683+0000][196.553s][info ][safepoint     ] Leaving safepoint region
[2023-02-23T12:16:03.683+0000][196.554s][info ][safepoint     ] Total time for which application threads were stopped: 0.0023195 seconds, Stopping threads took: 0.0006501 seconds
[2023-02-23T12:16:04.684+0000][197.555s][debug][safepoint     ] Safepoint synchronization initiated. (194 threads)
[2023-02-23T12:16:04.687+0000][197.557s][info ][safepoint     ] Application time: 1.0027347 seconds
[2023-02-23T12:16:04.688+0000][197.559s][info ][safepoint     ] Entering safepoint region: Cleanup
[2023-02-23T12:16:04.690+0000][197.561s][info ][safepoint     ] Leaving safepoint region
[2023-02-23T12:16:04.691+0000][197.562s][info ][safepoint     ] Total time for which application threads were stopped: 0.0033877 seconds, Stopping threads took: 0.0011770 seconds
[2023-02-23T12:16:05.692+0000][198.563s][debug][safepoint     ] Safepoint synchronization initiated. (194 threads)
[2023-02-23T12:16:05.693+0000][198.564s][info ][safepoint     ] Application time: 1.0013824 seconds
[2023-02-23T12:16:05.694+0000][198.564s][info ][safepoint     ] Entering safepoint region: Cleanup
[2023-02-23T12:16:05.695+0000][198.566s][info ][safepoint     ] Leaving safepoint region
[2023-02-23T12:16:05.696+0000][198.566s][info ][safepoint     ] Total time for which application threads were stopped: 0.0020115 seconds, Stopping threads took: 0.0005781 seconds
[2023-02-23T12:16:06.697+0000][199.567s][debug][safepoint     ] Safepoint synchronization initiated. (194 threads)
[2023-02-23T12:16:06.697+0000][199.568s][info ][safepoint     ] Application time: 1.0008237 seconds
[2023-02-23T12:16:06.698+0000][199.568s][info ][safepoint     ] Entering safepoint region: Cleanup
[2023-02-23T12:16:06.699+0000][199.570s][info ][safepoint     ] Leaving safepoint region
[2023-02-23T12:16:06.700+0000][199.570s][info ][safepoint     ] Total time for which application threads were stopped: 0.0022518 seconds, Stopping threads took: 0.0005911 seconds
[2023-02-23T12:16:07.701+0000][200.571s][debug][safepoint     ] Safepoint synchronization initiated. (194 threads)
[2023-02-23T12:16:07.701+0000][200.572s][info ][safepoint     ] Application time: 1.0009077 seconds
[2023-02-23T12:16:07.702+0000][200.572s][info ][safepoint     ] Entering safepoint region: Cleanup
[2023-02-23T12:16:07.703+0000][200.574s][info ][safepoint     ] Leaving safepoint region
[2023-02-23T12:16:07.705+0000][200.575s][info ][safepoint     ] Total time for which application threads were stopped: 0.0026648 seconds, Stopping threads took: 0.0007011 seconds
[2023-02-23T12:16:08.706+0000][201.576s][debug][safepoint     ] Safepoint synchronization initiated. (194 threads)
[2023-02-23T12:16:08.706+0000][201.577s][info ][safepoint     ] Application time: 1.0011488 seconds
[2023-02-23T12:16:08.707+0000][201.577s][info ][safepoint     ] Entering safepoint region: Cleanup
[2023-02-23T12:16:08.709+0000][201.579s][info ][safepoint     ] Leaving safepoint region
[2023-02-23T12:16:08.709+0000][201.580s][info ][safepoint     ] Total time for which application threads were stopped: 0.0024978 seconds, Stopping threads took: 0.0005500 seconds
[2023-02-23T12:16:09.711+0000][202.581s][debug][safepoint     ] Safepoint synchronization initiated. (194 threads)
[2023-02-23T12:16:09.711+0000][202.582s][info ][safepoint     ] Application time: 1.0013743 seconds
[2023-02-23T12:16:09.712+0000][202.583s][info ][safepoint     ] Entering safepoint region: Cleanup
[2023-02-23T12:16:09.713+0000][202.584s][info ][safepoint     ] Leaving safepoint region
[2023-02-23T12:16:09.714+0000][202.585s][info ][safepoint     ] Total time for which application threads were stopped: 0.0021377 seconds, Stopping threads took: 0.0006556 seconds
[2023-02-23T12:16:10.715+0000][203.586s][debug][safepoint     ] Safepoint synchronization initiated. (194 threads)
[2023-02-23T12:16:10.716+0000][203.586s][info ][safepoint     ] Application time: 1.0012382 seconds
[2023-02-23T12:16:10.717+0000][203.587s][info ][safepoint     ] Entering safepoint region: Cleanup
[2023-02-23T12:16:10.718+0000][203.588s][info ][safepoint     ] Leaving safepoint region
[2023-02-23T12:16:10.719+0000][203.589s][info ][safepoint     ] Total time for which application threads were stopped: 0.0020558 seconds, Stopping threads took: 0.0006220 seconds
[2023-02-23T12:16:11.719+0000][204.590s][debug][safepoint     ] Safepoint synchronization initiated. (194 threads)
[2023-02-23T12:16:11.720+0000][204.590s][info ][safepoint     ] Application time: 1.0008869 seconds
[2023-02-23T12:16:11.720+0000][204.591s][info ][safepoint     ] Entering safepoint region: Cleanup
[2023-02-23T12:16:11.721+0000][204.592s][info ][safepoint     ] Leaving safepoint region
[2023-02-23T12:16:11.722+0000][204.592s][info ][safepoint     ] Total time for which application threads were stopped: 0.0014095 seconds, Stopping threads took: 0.0004072 seconds
[2023-02-23T12:16:12.723+0000][205.593s][debug][safepoint     ] Safepoint synchronization initiated. (194 threads)
[2023-02-23T12:16:12.723+0000][205.594s][info ][safepoint     ] Application time: 1.0012798 seconds
[2023-02-23T12:16:12.724+0000][205.595s][info ][safepoint     ] Entering safepoint region: Cleanup
[2023-02-23T12:16:12.725+0000][205.596s][info ][safepoint     ] Leaving safepoint region
[2023-02-23T12:16:12.726+0000][205.596s][info ][safepoint     ] Total time for which application threads were stopped: 0.0020156 seconds, Stopping threads took: 0.0006055 seconds
[2023-02-23T12:16:13.727+0000][206.597s][debug][safepoint     ] Safepoint synchronization initiated. (194 threads)
[2023-02-23T12:16:13.728+0000][206.598s][info ][safepoint     ] Application time: 1.0013741 seconds
[2023-02-23T12:16:13.729+0000][206.599s][info ][safepoint     ] Entering safepoint region: Cleanup
[2023-02-23T12:16:13.730+0000][206.601s][info ][safepoint     ] Leaving safepoint region
[2023-02-23T12:16:13.731+0000][206.601s][info ][safepoint     ] Total time for which application threads were stopped: 0.0021122 seconds, Stopping threads took: 0.0006962 seconds
[2023-02-23T12:16:14.732+0000][207.602s][debug][safepoint     ] Safepoint synchronization initiated. (194 threads)
[2023-02-23T12:16:14.732+0000][207.603s][info ][safepoint     ] Application time: 1.0012750 seconds
[2023-02-23T12:16:14.733+0000][207.604s][info ][safepoint     ] Entering safepoint region: Cleanup
[2023-02-23T12:16:14.734+0000][207.605s][info ][safepoint     ] Leaving safepoint region
[2023-02-23T12:16:14.735+0000][207.606s][info ][safepoint     ] Total time for which application threads were stopped: 0.0020491 seconds, Stopping threads took: 0.0006215 seconds
[2023-02-23T12:16:15.736+0000][208.606s][debug][safepoint     ] Safepoint synchronization initiated. (194 threads)
[2023-02-23T12:16:15.737+0000][208.607s][info ][safepoint     ] Application time: 1.0011455 seconds
[2023-02-23T12:16:15.737+0000][208.608s][info ][safepoint     ] Entering safepoint region: Cleanup
[2023-02-23T12:16:15.739+0000][208.610s][info ][safepoint     ] Leaving safepoint region
[2023-02-23T12:16:15.739+0000][208.610s][info ][safepoint     ] Total time for which application threads were stopped: 0.0023991 seconds, Stopping threads took: 0.0005498 seconds
[2023-02-23T12:16:16.740+0000][209.611s][debug][safepoint     ] Safepoint synchronization initiated. (194 threads)
[2023-02-23T12:16:16.741+0000][209.612s][info ][safepoint     ] Application time: 1.0013078 seconds
[2023-02-23T12:16:16.742+0000][209.612s][info ][safepoint     ] Entering safepoint region: Cleanup
[2023-02-23T12:16:16.743+0000][209.614s][info ][safepoint     ] Leaving safepoint region
[2023-02-23T12:16:16.744+0000][209.614s][info ][safepoint     ] Total time for which application threads were stopped: 0.0021222 seconds, Stopping threads took: 0.0006632 seconds
[2023-02-23T12:16:17.745+0000][210.615s][debug][safepoint     ] Safepoint synchronization initiated. (194 threads)
[2023-02-23T12:16:17.745+0000][210.616s][info ][safepoint     ] Application time: 1.0009681 seconds
[2023-02-23T12:16:17.746+0000][210.617s][info ][safepoint     ] Entering safepoint region: Cleanup
[2023-02-23T12:16:17.747+0000][210.618s][info ][safepoint     ] Leaving safepoint region
[2023-02-23T12:16:17.748+0000][210.619s][info ][safepoint     ] Total time for which application threads were stopped: 0.0021676 seconds, Stopping threads took: 0.0006260 seconds
[2023-02-23T12:16:18.749+0000][211.620s][debug][safepoint     ] Safepoint synchronization initiated. (194 threads)
[2023-02-23T12:16:18.750+0000][211.621s][info ][safepoint     ] Application time: 1.0013863 seconds
[2023-02-23T12:16:18.751+0000][211.621s][info ][safepoint     ] Entering safepoint region: Cleanup
[2023-02-23T12:16:18.752+0000][211.623s][info ][safepoint     ] Leaving safepoint region
[2023-02-23T12:16:18.753+0000][211.623s][info ][safepoint     ] Total time for which application threads were stopped: 0.0020688 seconds, Stopping threads took: 0.0006143 seconds
[2023-02-23T12:16:19.754+0000][212.624s][debug][safepoint     ] Safepoint synchronization initiated. (194 threads)
[2023-02-23T12:16:19.755+0000][212.625s][info ][safepoint     ] Application time: 1.0013891 seconds
[2023-02-23T12:16:19.755+0000][212.626s][info ][safepoint     ] Entering safepoint region: Cleanup
[2023-02-23T12:16:19.756+0000][212.627s][info ][safepoint     ] Leaving safepoint region
[2023-02-23T12:16:19.757+0000][212.628s][info ][safepoint     ] Total time for which application threads were stopped: 0.0020424 seconds, Stopping threads took: 0.0005910 seconds
[2023-02-23T12:16:20.758+0000][213.628s][debug][safepoint     ] Safepoint synchronization initiated. (194 threads)
[2023-02-23T12:16:20.759+0000][213.629s][info ][safepoint     ] Application time: 1.0010150 seconds
[2023-02-23T12:16:20.759+0000][213.630s][debug][safepoint     ] ... found polling page return exception at pc = 0x00007f2468cd1b44, stub =0x00007f246085a800
[2023-02-23T12:16:20.759+0000][213.630s][debug][safepoint     ] ... found polling page return exception at pc = 0x00007f24686fc56d, stub =0x00007f246085a800
[2023-02-23T12:16:20.761+0000][213.632s][debug][safepoint     ] Waiting for 2 thread(s) to block
[2023-02-23T12:16:20.762+0000][213.632s][info ][safepoint     ] Entering safepoint region: Cleanup
[2023-02-23T12:16:20.763+0000][213.634s][info ][safepoint     ] Leaving safepoint region
[2023-02-23T12:16:20.764+0000][213.635s][info ][safepoint     ] Total time for which application threads were stopped: 0.0049192 seconds, Stopping threads took: 0.0031933 seconds
[2023-02-23T12:16:21.765+0000][214.636s][debug][safepoint     ] Safepoint synchronization initiated. (194 threads)
[2023-02-23T12:16:21.766+0000][214.637s][info ][safepoint     ] Application time: 1.0015423 seconds
[2023-02-23T12:16:21.767+0000][214.638s][info ][safepoint     ] Entering safepoint region: Cleanup
[2023-02-23T12:16:21.768+0000][214.639s][debug][safepoint     ] ... found polling page loop exception at pc = 0x00007f2463a782e2, stub =0x00007f246085ab00
[2023-02-23T12:16:21.768+0000][214.639s][info ][safepoint     ] Leaving safepoint region
[2023-02-23T12:16:21.770+0000][214.640s][info ][safepoint     ] Total time for which application threads were stopped: 0.0026942 seconds, Stopping threads took: 0.0008600 seconds
[2023-02-23T12:16:22.771+0000][215.641s][debug][safepoint     ] Safepoint synchronization initiated. (194 threads)
[2023-02-23T12:16:22.772+0000][215.642s][info ][safepoint     ] Application time: 1.0010630 seconds
[2023-02-23T12:16:22.772+0000][215.643s][info ][safepoint     ] Entering safepoint region: Cleanup
[2023-02-23T12:16:22.774+0000][215.645s][info ][safepoint     ] Leaving safepoint region
[2023-02-23T12:16:22.775+0000][215.645s][info ][safepoint     ] Total time for which application threads were stopped: 0.0024605 seconds, Stopping threads took: 0.0008992 seconds
[2023-02-23T12:16:23.776+0000][216.646s][debug][safepoint     ] Safepoint synchronization initiated. (194 threads)
[2023-02-23T12:16:23.776+0000][216.647s][info ][safepoint     ] Application time: 1.0009826 seconds
[2023-02-23T12:16:23.777+0000][216.648s][info ][safepoint     ] Entering safepoint region: Cleanup
[2023-02-23T12:16:23.779+0000][216.649s][info ][safepoint     ] Leaving safepoint region
[2023-02-23T12:16:23.780+0000][216.650s][info ][safepoint     ] Total time for which application threads were stopped: 0.0026531 seconds, Stopping threads took: 0.0006713 seconds
[2023-02-23T12:16:24.781+0000][217.651s][debug][safepoint     ] Safepoint synchronization initiated. (194 threads)
[2023-02-23T12:16:24.782+0000][217.652s][info ][safepoint     ] Application time: 1.0013839 seconds
[2023-02-23T12:16:24.782+0000][217.653s][info ][safepoint     ] Entering safepoint region: Cleanup
[2023-02-23T12:16:24.784+0000][217.654s][info ][safepoint     ] Leaving safepoint region
[2023-02-23T12:16:24.784+0000][217.655s][info ][safepoint     ] Total time for which application threads were stopped: 0.0021166 seconds, Stopping threads took: 0.0006525 seconds
[2023-02-23T12:16:25.785+0000][218.656s][debug][safepoint     ] Safepoint synchronization initiated. (194 threads)
[2023-02-23T12:16:25.786+0000][218.657s][info ][safepoint     ] Application time: 1.0010284 seconds
[2023-02-23T12:16:25.787+0000][218.657s][info ][safepoint     ] Entering safepoint region: Cleanup
[2023-02-23T12:16:25.788+0000][218.659s][info ][safepoint     ] Leaving safepoint region
[2023-02-23T12:16:25.789+0000][218.660s][info ][safepoint     ] Total time for which application threads were stopped: 0.0027390 seconds, Stopping threads took: 0.0006903 seconds
[2023-02-23T12:16:26.790+0000][219.661s][debug][safepoint     ] Safepoint synchronization initiated. (194 threads)
[2023-02-23T12:16:26.791+0000][219.661s][info ][safepoint     ] Application time: 1.0008380 seconds
[2023-02-23T12:16:26.791+0000][219.662s][info ][safepoint     ] Entering safepoint region: Cleanup
[2023-02-23T12:16:26.792+0000][219.663s][info ][safepoint     ] Leaving safepoint region
[2023-02-23T12:16:26.793+0000][219.663s][info ][safepoint     ] Total time for which application threads were stopped: 0.0015173 seconds, Stopping threads took: 0.0004417 seconds
[2023-02-23T12:16:27.793+0000][220.664s][debug][safepoint     ] Safepoint synchronization initiated. (194 threads)
[2023-02-23T12:16:27.794+0000][220.664s][info ][safepoint     ] Application time: 1.0008474 seconds
[2023-02-23T12:16:27.794+0000][220.665s][info ][safepoint     ] Entering safepoint region: Cleanup
[2023-02-23T12:16:27.795+0000][220.666s][info ][safepoint     ] Leaving safepoint region
[2023-02-23T12:16:27.796+0000][220.666s][info ][safepoint     ] Total time for which application threads were stopped: 0.0014178 seconds, Stopping threads took: 0.0004406 seconds
[2023-02-23T12:16:28.797+0000][221.667s][debug][safepoint     ] Safepoint synchronization initiated. (193 threads)
[2023-02-23T12:16:28.797+0000][221.668s][info ][safepoint     ] Application time: 1.0012684 seconds
[2023-02-23T12:16:28.798+0000][221.669s][info ][safepoint     ] Entering safepoint region: Cleanup
[2023-02-23T12:16:28.799+0000][221.670s][info ][safepoint     ] Leaving safepoint region
[2023-02-23T12:16:28.800+0000][221.670s][info ][safepoint     ] Total time for which application threads were stopped: 0.0020352 seconds, Stopping threads took: 0.0005884 seconds
[2023-02-23T12:16:29.802+0000][222.672s][debug][safepoint     ] Safepoint synchronization initiated. (193 threads)
[2023-02-23T12:16:29.802+0000][222.673s][info ][safepoint     ] Application time: 1.0012478 seconds
[2023-02-23T12:16:29.803+0000][222.674s][info ][safepoint     ] Entering safepoint region: Cleanup
[2023-02-23T12:16:29.804+0000][222.675s][info ][safepoint     ] Leaving safepoint region
[2023-02-23T12:16:29.805+0000][222.676s][info ][safepoint     ] Total time for which application threads were stopped: 0.0022544 seconds, Stopping threads took: 0.0006461 seconds
[2023-02-23T12:16:30.806+0000][223.677s][debug][safepoint     ] Safepoint synchronization initiated. (193 threads)
[2023-02-23T12:16:30.807+0000][223.677s][info ][safepoint     ] Application time: 1.0011698 seconds
[2023-02-23T12:16:30.808+0000][223.678s][info ][safepoint     ] Entering safepoint region: Cleanup
[2023-02-23T12:16:30.809+0000][223.680s][info ][safepoint     ] Leaving safepoint region
[2023-02-23T12:16:30.810+0000][223.680s][info ][safepoint     ] Total time for which application threads were stopped: 0.0024296 seconds, Stopping threads took: 0.0007673 seconds
[2023-02-23T12:16:31.811+0000][224.681s][debug][safepoint     ] Safepoint synchronization initiated. (193 threads)
[2023-02-23T12:16:31.812+0000][224.682s][info ][safepoint     ] Application time: 1.0012559 seconds
[2023-02-23T12:16:31.812+0000][224.683s][info ][safepoint     ] Entering safepoint region: Cleanup
[2023-02-23T12:16:31.814+0000][224.684s][info ][safepoint     ] Leaving safepoint region
[2023-02-23T12:16:31.815+0000][224.685s][info ][safepoint     ] Total time for which application threads were stopped: 0.0022597 seconds, Stopping threads took: 0.0006331 seconds
[2023-02-23T12:16:32.815+0000][225.686s][debug][safepoint     ] Safepoint synchronization initiated. (193 threads)
[2023-02-23T12:16:32.816+0000][225.687s][info ][safepoint     ] Application time: 1.0009741 seconds
[2023-02-23T12:16:32.817+0000][225.687s][info ][safepoint     ] Entering safepoint region: Cleanup
[2023-02-23T12:16:32.818+0000][225.688s][info ][safepoint     ] Leaving safepoint region
[2023-02-23T12:16:32.818+0000][225.689s][info ][safepoint     ] Total time for which application threads were stopped: 0.0016187 seconds, Stopping threads took: 0.0005201 seconds
[2023-02-23T12:16:33.819+0000][226.689s][debug][safepoint     ] Safepoint synchronization initiated. (193 threads)
[2023-02-23T12:16:33.820+0000][226.690s][info ][safepoint     ] Application time: 1.0012885 seconds
[2023-02-23T12:16:33.820+0000][226.691s][info ][safepoint     ] Entering safepoint region: Cleanup
[2023-02-23T12:16:33.822+0000][226.692s][info ][safepoint     ] Leaving safepoint region
[2023-02-23T12:16:33.822+0000][226.693s][info ][safepoint     ] Total time for which application threads were stopped: 0.0021687 seconds, Stopping threads took: 0.0006135 seconds
[2023-02-23T12:16:41.368+0000][234.238s][debug][safepoint     ] Safepoint synchronization initiated. (192 threads)
[2023-02-23T12:16:41.369+0000][234.239s][info ][safepoint     ] Application time: 7.5456812 seconds
[2023-02-23T12:16:41.369+0000][234.240s][info ][safepoint     ] Entering safepoint region: G1CollectForAllocation
[2023-02-23T12:16:41.370+0000][234.241s][info ][gc,start      ] GC(48) Pause Young (Normal) (G1 Evacuation Pause)
[2023-02-23T12:16:41.371+0000][234.241s][info ][gc,task       ] GC(48) Using 13 workers of 13 for evacuation
[2023-02-23T12:16:41.397+0000][234.268s][info ][gc,phases     ] GC(48)   Pre Evacuate Collection Set: 0.1ms
[2023-02-23T12:16:41.398+0000][234.268s][info ][gc,phases     ] GC(48)   Evacuate Collection Set: 17.9ms
[2023-02-23T12:16:41.398+0000][234.269s][info ][gc,phases     ] GC(48)   Post Evacuate Collection Set: 7.4ms
[2023-02-23T12:16:41.398+0000][234.269s][info ][gc,phases     ] GC(48)   Other: 1.5ms
[2023-02-23T12:16:41.399+0000][234.269s][info ][gc,heap       ] GC(48) Eden regions: 268->0(270)
[2023-02-23T12:16:41.399+0000][234.269s][info ][gc,heap       ] GC(48) Survivor regions: 23->21(37)
[2023-02-23T12:16:41.399+0000][234.270s][info ][gc,heap       ] GC(48) Old regions: 116->121
[2023-02-23T12:16:41.400+0000][234.270s][info ][gc,heap       ] GC(48) Humongous regions: 0->0
[2023-02-23T12:16:41.400+0000][234.271s][info ][gc,metaspace  ] GC(48) Metaspace: 154815K->154815K(1189888K)
[2023-02-23T12:16:41.401+0000][234.272s][info ][gc            ] GC(48) Pause Young (Normal) (G1 Evacuation Pause) 404M->140M(485M) 30.879ms
[2023-02-23T12:16:41.402+0000][234.272s][info ][gc,cpu        ] GC(48) User=0.25s Sys=0.01s Real=0.03s
[2023-02-23T12:16:41.402+0000][234.273s][info ][safepoint     ] Leaving safepoint region
[2023-02-23T12:16:41.402+0000][234.273s][info ][safepoint     ] Total time for which application threads were stopped: 0.0335437 seconds, Stopping threads took: 0.0005242 seconds
[2023-02-23T12:16:41.404+0000][234.274s][info ][gc,stringdedup] Concurrent String Deduplication (234.274s)
[2023-02-23T12:16:41.409+0000][234.279s][info ][gc,stringdedup] Concurrent String Deduplication 310.3K->120.5K(189.8K) avg 53.1% (234.274s, 234.279s) 5.228ms
[2023-02-23T12:17:16.416+0000][269.287s][debug][safepoint     ] Safepoint synchronization initiated. (192 threads)
[2023-02-23T12:17:16.417+0000][269.288s][info ][safepoint     ] Application time: 35.0137293 seconds
[2023-02-23T12:17:16.417+0000][269.288s][info ][safepoint     ] Entering safepoint region: Cleanup
[2023-02-23T12:17:16.418+0000][269.289s][info ][safepoint     ] Leaving safepoint region
[2023-02-23T12:17:16.419+0000][269.289s][info ][safepoint     ] Total time for which application threads were stopped: 0.0014139 seconds, Stopping threads took: 0.0003952 seconds
[2023-02-23T12:17:20.421+0000][273.291s][debug][safepoint     ] Safepoint synchronization initiated. (192 threads)
[2023-02-23T12:17:20.422+0000][273.292s][info ][safepoint     ] Application time: 4.0026272 seconds
[2023-02-23T12:17:20.422+0000][273.293s][info ][safepoint     ] Entering safepoint region: Cleanup
[2023-02-23T12:17:20.424+0000][273.294s][info ][safepoint     ] Leaving safepoint region
[2023-02-23T12:17:20.424+0000][273.295s][info ][safepoint     ] Total time for which application threads were stopped: 0.0020433 seconds, Stopping threads took: 0.0006150 seconds
[2023-02-23T12:17:26.427+0000][279.297s][debug][safepoint     ] Safepoint synchronization initiated. (191 threads)
[2023-02-23T12:17:26.427+0000][279.298s][info ][safepoint     ] Application time: 6.0025952 seconds
[2023-02-23T12:17:26.428+0000][279.298s][info ][safepoint     ] Entering safepoint region: Cleanup
[2023-02-23T12:17:26.429+0000][279.299s][info ][safepoint     ] Leaving safepoint region
[2023-02-23T12:17:26.429+0000][279.300s][info ][safepoint     ] Total time for which application threads were stopped: 0.0016496 seconds, Stopping threads took: 0.0005469 seconds
[2023-02-23T12:17:33.431+0000][286.303s][debug][safepoint     ] Safepoint synchronization initiated. (190 threads)
[2023-02-23T12:17:33.432+0000][286.304s][info ][safepoint     ] Application time: 7.0032226 seconds
[2023-02-23T12:17:33.433+0000][286.304s][info ][safepoint     ] Entering safepoint region: Cleanup
[2023-02-23T12:17:33.435+0000][286.307s][info ][safepoint     ] Leaving safepoint region
[2023-02-23T12:17:33.436+0000][286.308s][info ][safepoint     ] Total time for which application threads were stopped: 0.0033430 seconds, Stopping threads took: 0.0013483 seconds
[2023-02-23T12:17:34.437+0000][287.309s][debug][safepoint     ] Safepoint synchronization initiated. (190 threads)
[2023-02-23T12:17:34.438+0000][287.310s][info ][safepoint     ] Application time: 1.0012749 seconds
[2023-02-23T12:17:34.439+0000][287.310s][info ][safepoint     ] Entering safepoint region: Cleanup
[2023-02-23T12:17:34.440+0000][287.312s][info ][safepoint     ] Leaving safepoint region
[2023-02-23T12:17:34.441+0000][287.312s][info ][safepoint     ] Total time for which application threads were stopped: 0.0020384 seconds, Stopping threads took: 0.0006139 seconds
[2023-02-23T12:17:41.443+0000][294.315s][debug][safepoint     ] Safepoint synchronization initiated. (190 threads)
[2023-02-23T12:17:41.444+0000][294.316s][info ][safepoint     ] Application time: 7.0029598 seconds
[2023-02-23T12:17:41.445+0000][294.316s][info ][safepoint     ] Entering safepoint region: Cleanup
[2023-02-23T12:17:41.446+0000][294.318s][info ][safepoint     ] Leaving safepoint region
[2023-02-23T12:17:41.447+0000][294.319s][info ][safepoint     ] Total time for which application threads were stopped: 0.0024762 seconds, Stopping threads took: 0.0007453 seconds
[2023-02-23T12:17:43.448+0000][296.320s][debug][safepoint     ] Safepoint synchronization initiated. (190 threads)
[2023-02-23T12:17:43.449+0000][296.321s][info ][safepoint     ] Application time: 2.0015287 seconds
[2023-02-23T12:17:43.450+0000][296.321s][info ][safepoint     ] Entering safepoint region: Cleanup
[2023-02-23T12:17:43.451+0000][296.323s][info ][safepoint     ] Leaving safepoint region
[2023-02-23T12:17:43.452+0000][296.323s][info ][safepoint     ] Total time for which application threads were stopped: 0.0021020 seconds, Stopping threads took: 0.0006179 seconds
[2023-02-23T12:17:56.457+0000][309.329s][debug][safepoint     ] Safepoint synchronization initiated. (190 threads)
[2023-02-23T12:17:56.458+0000][309.330s][info ][safepoint     ] Application time: 13.0056106 seconds
[2023-02-23T12:17:56.459+0000][309.330s][info ][safepoint     ] Entering safepoint region: Cleanup
[2023-02-23T12:17:56.460+0000][309.332s][info ][safepoint     ] Leaving safepoint region
[2023-02-23T12:17:56.461+0000][309.332s][info ][safepoint     ] Total time for which application threads were stopped: 0.0022700 seconds, Stopping threads took: 0.0006737 seconds
[2023-02-23T12:18:06.464+0000][319.336s][debug][safepoint     ] Safepoint synchronization initiated. (190 threads)
[2023-02-23T12:18:06.466+0000][319.337s][info ][safepoint     ] Application time: 10.0041871 seconds
[2023-02-23T12:18:06.466+0000][319.338s][info ][safepoint     ] Entering safepoint region: Cleanup
[2023-02-23T12:18:06.468+0000][319.340s][info ][safepoint     ] Leaving safepoint region
[2023-02-23T12:18:06.469+0000][319.340s][info ][safepoint     ] Total time for which application threads were stopped: 0.0026965 seconds, Stopping threads took: 0.0011980 seconds
[2023-02-23T12:18:08.470+0000][321.342s][debug][safepoint     ] Safepoint synchronization initiated. (190 threads)
[2023-02-23T12:18:08.471+0000][321.342s][info ][safepoint     ] Application time: 2.0015149 seconds
[2023-02-23T12:18:08.472+0000][321.343s][info ][safepoint     ] Entering safepoint region: Cleanup
[2023-02-23T12:18:08.473+0000][321.344s][info ][safepoint     ] Leaving safepoint region
[2023-02-23T12:18:08.474+0000][321.345s][info ][safepoint     ] Total time for which application threads were stopped: 0.0021251 seconds, Stopping threads took: 0.0007041 seconds
[2023-02-23T12:18:26.479+0000][339.351s][debug][safepoint     ] Safepoint synchronization initiated. (191 threads)
[2023-02-23T12:18:26.480+0000][339.351s][info ][safepoint     ] Application time: 18.0059153 seconds
[2023-02-23T12:18:26.481+0000][339.352s][info ][safepoint     ] Entering safepoint region: Cleanup
[2023-02-23T12:18:26.482+0000][339.353s][info ][safepoint     ] Leaving safepoint region
[2023-02-23T12:18:26.482+0000][339.354s][info ][safepoint     ] Total time for which application threads were stopped: 0.0020341 seconds, Stopping threads took: 0.0005821 seconds
[2023-02-23T12:18:35.486+0000][348.356s][debug][safepoint     ] Safepoint synchronization initiated. (190 threads)
[2023-02-23T12:18:35.499+0000][348.370s][info ][safepoint     ] Application time: 9.0153397 seconds
[2023-02-23T12:18:35.500+0000][348.370s][info ][safepoint     ] Entering safepoint region: Cleanup
[2023-02-23T12:18:35.501+0000][348.371s][info ][safepoint     ] Leaving safepoint region
[2023-02-23T12:18:35.502+0000][348.372s][info ][safepoint     ] Total time for which application threads were stopped: 0.0017545 seconds, Stopping threads took: 0.0005464 seconds
[2023-02-23T12:18:36.502+0000][349.373s][debug][safepoint     ] Safepoint synchronization initiated. (190 threads)
[2023-02-23T12:18:36.503+0000][349.374s][info ][safepoint     ] Application time: 1.0009978 seconds
[2023-02-23T12:18:36.504+0000][349.374s][info ][safepoint     ] Entering safepoint region: Cleanup
[2023-02-23T12:18:36.506+0000][349.377s][info ][safepoint     ] Leaving safepoint region
[2023-02-23T12:18:36.507+0000][349.378s][info ][safepoint     ] Total time for which application threads were stopped: 0.0035328 seconds, Stopping threads took: 0.0009068 seconds
[2023-02-23T12:19:26.518+0000][399.391s][debug][safepoint     ] Safepoint synchronization initiated. (190 threads)
[2023-02-23T12:19:26.519+0000][399.392s][info ][safepoint     ] Application time: 50.0128555 seconds
[2023-02-23T12:19:26.519+0000][399.392s][info ][safepoint     ] Entering safepoint region: Cleanup
[2023-02-23T12:19:26.520+0000][399.393s][info ][safepoint     ] Leaving safepoint region
[2023-02-23T12:19:26.521+0000][399.394s][info ][safepoint     ] Total time for which application threads were stopped: 0.0016352 seconds, Stopping threads took: 0.0005562 seconds
[2023-02-23T12:19:30.522+0000][403.395s][debug][safepoint     ] Safepoint synchronization initiated. (189 threads)
[2023-02-23T12:19:30.523+0000][403.395s][info ][safepoint     ] Application time: 4.0014223 seconds
[2023-02-23T12:19:30.523+0000][403.396s][info ][safepoint     ] Entering safepoint region: Cleanup
[2023-02-23T12:19:30.525+0000][403.397s][info ][safepoint     ] Leaving safepoint region
[2023-02-23T12:19:30.525+0000][403.398s][info ][safepoint     ] Total time for which application threads were stopped: 0.0021031 seconds, Stopping threads took: 0.0006439 seconds
[2023-02-23T12:20:24.545+0000][457.416s][debug][safepoint     ] Safepoint synchronization initiated. (189 threads)
[2023-02-23T12:20:24.546+0000][457.417s][info ][safepoint     ] Application time: 54.0179600 seconds
[2023-02-23T12:20:24.547+0000][457.418s][info ][safepoint     ] Entering safepoint region: Cleanup
[2023-02-23T12:20:24.549+0000][457.420s][info ][safepoint     ] Leaving safepoint region
[2023-02-23T12:20:24.550+0000][457.420s][info ][safepoint     ] Total time for which application threads were stopped: 0.0029999 seconds, Stopping threads took: 0.0011912 seconds
[2023-02-23T12:20:25.551+0000][458.422s][debug][safepoint     ] Safepoint synchronization initiated. (189 threads)
[2023-02-23T12:20:25.552+0000][458.422s][info ][safepoint     ] Application time: 1.0012120 seconds
[2023-02-23T12:20:25.553+0000][458.423s][debug][safepoint     ] ... found polling page return exception at pc = 0x00007f2468a9ea20, stub =0x00007f246085a800
[2023-02-23T12:20:25.553+0000][458.424s][debug][safepoint     ] ... found polling page return exception at pc = 0x00007f2468c76676, stub =0x00007f246085a800
[2023-02-23T12:20:25.555+0000][458.426s][debug][safepoint     ] Waiting for 2 thread(s) to block
[2023-02-23T12:20:25.556+0000][458.427s][info ][safepoint     ] Entering safepoint region: Cleanup
[2023-02-23T12:20:25.558+0000][458.429s][info ][safepoint     ] Leaving safepoint region
[2023-02-23T12:20:25.559+0000][458.430s][info ][safepoint     ] Total time for which application threads were stopped: 0.0067111 seconds, Stopping threads took: 0.0046935 seconds
[2023-02-23T12:20:26.560+0000][459.431s][debug][safepoint     ] Safepoint synchronization initiated. (189 threads)
[2023-02-23T12:20:26.561+0000][459.432s][info ][safepoint     ] Application time: 1.0009348 seconds
[2023-02-23T12:20:26.562+0000][459.432s][info ][safepoint     ] Entering safepoint region: Cleanup
[2023-02-23T12:20:26.563+0000][459.434s][info ][safepoint     ] Leaving safepoint region
[2023-02-23T12:20:26.564+0000][459.435s][info ][safepoint     ] Total time for which application threads were stopped: 0.0025159 seconds, Stopping threads took: 0.0006454 seconds
[2023-02-23T12:20:27.565+0000][460.435s][debug][safepoint     ] Safepoint synchronization initiated. (189 threads)
[2023-02-23T12:20:27.565+0000][460.436s][info ][safepoint     ] Application time: 1.0008746 seconds
[2023-02-23T12:20:27.566+0000][460.437s][info ][safepoint     ] Entering safepoint region: Cleanup
[2023-02-23T12:20:27.567+0000][460.438s][info ][safepoint     ] Leaving safepoint region
[2023-02-23T12:20:27.568+0000][460.439s][info ][safepoint     ] Total time for which application threads were stopped: 0.0021403 seconds, Stopping threads took: 0.0006611 seconds
[2023-02-23T12:20:28.569+0000][461.440s][debug][safepoint     ] Safepoint synchronization initiated. (189 threads)
[2023-02-23T12:20:28.569+0000][461.440s][info ][safepoint     ] Application time: 1.0005928 seconds
[2023-02-23T12:20:28.570+0000][461.441s][info ][safepoint     ] Entering safepoint region: Cleanup
[2023-02-23T12:20:28.571+0000][461.442s][info ][safepoint     ] Leaving safepoint region
[2023-02-23T12:20:28.571+0000][461.442s][info ][safepoint     ] Total time for which application threads were stopped: 0.0015744 seconds, Stopping threads took: 0.0004848 seconds
[2023-02-23T12:20:29.572+0000][462.443s][debug][safepoint     ] Safepoint synchronization initiated. (188 threads)
[2023-02-23T12:20:29.572+0000][462.443s][info ][safepoint     ] Application time: 1.0007671 seconds
[2023-02-23T12:20:29.573+0000][462.444s][info ][safepoint     ] Entering safepoint region: Cleanup
[2023-02-23T12:20:29.574+0000][462.445s][info ][safepoint     ] Leaving safepoint region
[2023-02-23T12:20:29.575+0000][462.445s][info ][safepoint     ] Total time for which application threads were stopped: 0.0017831 seconds, Stopping threads took: 0.0005828 seconds
[2023-02-23T12:20:30.576+0000][463.446s][debug][safepoint     ] Safepoint synchronization initiated. (188 threads)
[2023-02-23T12:20:30.576+0000][463.447s][info ][safepoint     ] Application time: 1.0009291 seconds
[2023-02-23T12:20:30.577+0000][463.448s][info ][safepoint     ] Entering safepoint region: Cleanup
[2023-02-23T12:20:30.579+0000][463.449s][info ][safepoint     ] Leaving safepoint region
[2023-02-23T12:20:30.580+0000][463.450s][info ][safepoint     ] Total time for which application threads were stopped: 0.0028328 seconds, Stopping threads took: 0.0007040 seconds
[2023-02-23T12:20:31.580+0000][464.451s][debug][safepoint     ] Safepoint synchronization initiated. (188 threads)
[2023-02-23T12:20:31.581+0000][464.452s][info ][safepoint     ] Application time: 1.0008933 seconds
[2023-02-23T12:20:31.582+0000][464.452s][info ][safepoint     ] Entering safepoint region: Cleanup
[2023-02-23T12:20:31.583+0000][464.454s][info ][safepoint     ] Leaving safepoint region
[2023-02-23T12:20:31.584+0000][464.454s][info ][safepoint     ] Total time for which application threads were stopped: 0.0018629 seconds, Stopping threads took: 0.0005919 seconds
[2023-02-23T12:20:32.584+0000][465.455s][debug][safepoint     ] Safepoint synchronization initiated. (188 threads)
[2023-02-23T12:20:32.585+0000][465.456s][info ][safepoint     ] Application time: 1.0012456 seconds
[2023-02-23T12:20:32.586+0000][465.457s][info ][safepoint     ] Entering safepoint region: Cleanup
[2023-02-23T12:20:32.588+0000][465.458s][info ][safepoint     ] Leaving safepoint region
[2023-02-23T12:20:32.588+0000][465.459s][info ][safepoint     ] Total time for which application threads were stopped: 0.0025229 seconds, Stopping threads took: 0.0007245 seconds
[2023-02-23T12:20:33.590+0000][466.460s][debug][safepoint     ] Safepoint synchronization initiated. (188 threads)
[2023-02-23T12:20:33.590+0000][466.461s][info ][safepoint     ] Application time: 1.0009962 seconds
[2023-02-23T12:20:33.591+0000][466.461s][info ][safepoint     ] Entering safepoint region: Cleanup
[2023-02-23T12:20:33.592+0000][466.463s][info ][safepoint     ] Leaving safepoint region
[2023-02-23T12:20:33.593+0000][466.463s][info ][safepoint     ] Total time for which application threads were stopped: 0.0021269 seconds, Stopping threads took: 0.0006078 seconds
[2023-02-23T12:20:34.594+0000][467.464s][debug][safepoint     ] Safepoint synchronization initiated. (188 threads)
[2023-02-23T12:20:34.594+0000][467.465s][info ][safepoint     ] Application time: 1.0010635 seconds
[2023-02-23T12:20:34.595+0000][467.466s][info ][safepoint     ] Entering safepoint region: Cleanup
[2023-02-23T12:20:34.597+0000][467.467s][info ][safepoint     ] Leaving safepoint region
[2023-02-23T12:20:34.597+0000][467.468s][info ][safepoint     ] Total time for which application threads were stopped: 0.0022315 seconds, Stopping threads took: 0.0007447 seconds
[2023-02-23T12:20:35.598+0000][468.469s][debug][safepoint     ] Safepoint synchronization initiated. (188 threads)
[2023-02-23T12:20:35.599+0000][468.470s][info ][safepoint     ] Application time: 1.0013823 seconds
[2023-02-23T12:20:35.600+0000][468.470s][info ][safepoint     ] Entering safepoint region: Cleanup
[2023-02-23T12:20:35.601+0000][468.472s][info ][safepoint     ] Leaving safepoint region
[2023-02-23T12:20:35.602+0000][468.472s][info ][safepoint     ] Total time for which application threads were stopped: 0.0021319 seconds, Stopping threads took: 0.0007398 seconds
[2023-02-23T12:20:36.603+0000][469.473s][debug][safepoint     ] Safepoint synchronization initiated. (188 threads)
[2023-02-23T12:20:36.603+0000][469.474s][info ][safepoint     ] Application time: 1.0009781 seconds
[2023-02-23T12:20:36.604+0000][469.474s][info ][safepoint     ] Entering safepoint region: Cleanup
[2023-02-23T12:20:36.606+0000][469.477s][info ][safepoint     ] Leaving safepoint region
[2023-02-23T12:20:36.607+0000][469.477s][info ][safepoint     ] Total time for which application threads were stopped: 0.0031128 seconds, Stopping threads took: 0.0007418 seconds
[2023-02-23T12:20:37.608+0000][470.478s][debug][safepoint     ] Safepoint synchronization initiated. (188 threads)
[2023-02-23T12:20:37.608+0000][470.479s][info ][safepoint     ] Application time: 1.0008236 seconds
[2023-02-23T12:20:37.609+0000][470.479s][info ][safepoint     ] Entering safepoint region: Cleanup
[2023-02-23T12:20:37.610+0000][470.481s][info ][safepoint     ] Leaving safepoint region
[2023-02-23T12:20:37.611+0000][470.482s][info ][safepoint     ] Total time for which application threads were stopped: 0.0023045 seconds, Stopping threads took: 0.0007234 seconds
[2023-02-23T12:20:38.612+0000][471.483s][debug][safepoint     ] Safepoint synchronization initiated. (188 threads)
[2023-02-23T12:20:38.613+0000][471.483s][info ][safepoint     ] Application time: 1.0012545 seconds
[2023-02-23T12:20:38.613+0000][471.484s][info ][safepoint     ] Entering safepoint region: Cleanup
[2023-02-23T12:20:38.615+0000][471.485s][info ][safepoint     ] Leaving safepoint region
[2023-02-23T12:20:38.615+0000][471.486s][info ][safepoint     ] Total time for which application threads were stopped: 0.0020479 seconds, Stopping threads took: 0.0005732 seconds
[2023-02-23T12:20:39.616+0000][472.487s][debug][safepoint     ] Safepoint synchronization initiated. (188 threads)
[2023-02-23T12:20:39.617+0000][472.487s][info ][safepoint     ] Application time: 1.0008619 seconds
[2023-02-23T12:20:39.617+0000][472.488s][info ][safepoint     ] Entering safepoint region: Cleanup
[2023-02-23T12:20:39.619+0000][472.489s][info ][safepoint     ] Leaving safepoint region
[2023-02-23T12:20:39.619+0000][472.489s][debug][safepoint     ] ... found polling page return exception at pc = 0x00007f2468feb984, stub =0x00007f246085a800
[2023-02-23T12:20:39.620+0000][472.490s][info ][safepoint     ] Total time for which application threads were stopped: 0.0023761 seconds, Stopping threads took: 0.0004994 seconds
[2023-02-23T12:20:40.621+0000][473.491s][debug][safepoint     ] Safepoint synchronization initiated. (188 threads)
[2023-02-23T12:20:40.622+0000][473.492s][info ][safepoint     ] Application time: 1.0013419 seconds
[2023-02-23T12:20:40.623+0000][473.493s][info ][safepoint     ] Entering safepoint region: Cleanup
[2023-02-23T12:20:40.624+0000][473.495s][info ][safepoint     ] Leaving safepoint region
[2023-02-23T12:20:40.625+0000][473.495s][info ][safepoint     ] Total time for which application threads were stopped: 0.0021562 seconds, Stopping threads took: 0.0007603 seconds
[2023-02-23T12:20:41.626+0000][474.496s][debug][safepoint     ] Safepoint synchronization initiated. (188 threads)
[2023-02-23T12:20:41.626+0000][474.497s][info ][safepoint     ] Application time: 1.0011399 seconds
[2023-02-23T12:20:41.627+0000][474.497s][info ][safepoint     ] Entering safepoint region: Cleanup
[2023-02-23T12:20:41.627+0000][474.498s][info ][safepoint     ] Leaving safepoint region
[2023-02-23T12:20:41.628+0000][474.498s][info ][safepoint     ] Total time for which application threads were stopped: 0.0012763 seconds, Stopping threads took: 0.0003941 seconds
[2023-02-23T12:20:42.628+0000][475.499s][debug][safepoint     ] Safepoint synchronization initiated. (188 threads)
[2023-02-23T12:20:42.629+0000][475.499s][info ][safepoint     ] Application time: 1.0007136 seconds
[2023-02-23T12:20:42.629+0000][475.500s][info ][safepoint     ] Entering safepoint region: Cleanup
[2023-02-23T12:20:42.630+0000][475.501s][info ][safepoint     ] Leaving safepoint region
[2023-02-23T12:20:42.631+0000][475.501s][info ][safepoint     ] Total time for which application threads were stopped: 0.0013752 seconds, Stopping threads took: 0.0003992 seconds
[2023-02-23T12:20:43.631+0000][476.502s][debug][safepoint     ] Safepoint synchronization initiated. (188 threads)
[2023-02-23T12:20:43.632+0000][476.502s][info ][safepoint     ] Application time: 1.0009363 seconds
[2023-02-23T12:20:43.632+0000][476.503s][info ][safepoint     ] Entering safepoint region: Cleanup
[2023-02-23T12:20:43.634+0000][476.504s][info ][safepoint     ] Leaving safepoint region
[2023-02-23T12:20:43.634+0000][476.505s][info ][safepoint     ] Total time for which application threads were stopped: 0.0019420 seconds, Stopping threads took: 0.0005414 seconds
[2023-02-23T12:20:44.635+0000][477.505s][debug][safepoint     ] Safepoint synchronization initiated. (188 threads)
[2023-02-23T12:20:44.636+0000][477.506s][info ][safepoint     ] Application time: 1.0010172 seconds
[2023-02-23T12:20:44.636+0000][477.507s][info ][safepoint     ] Entering safepoint region: Cleanup
[2023-02-23T12:20:44.638+0000][477.509s][info ][safepoint     ] Leaving safepoint region
[2023-02-23T12:20:44.639+0000][477.510s][info ][safepoint     ] Total time for which application threads were stopped: 0.0031650 seconds, Stopping threads took: 0.0009679 seconds
[2023-02-23T12:20:45.640+0000][478.511s][debug][safepoint     ] Safepoint synchronization initiated. (188 threads)
[2023-02-23T12:20:45.641+0000][478.512s][info ][safepoint     ] Application time: 1.0010995 seconds
[2023-02-23T12:20:45.642+0000][478.512s][info ][safepoint     ] Entering safepoint region: Cleanup
[2023-02-23T12:20:45.643+0000][478.514s][info ][safepoint     ] Leaving safepoint region
[2023-02-23T12:20:45.644+0000][478.515s][info ][safepoint     ] Total time for which application threads were stopped: 0.0024451 seconds, Stopping threads took: 0.0006609 seconds
[2023-02-23T12:20:46.645+0000][479.516s][debug][safepoint     ] Safepoint synchronization initiated. (188 threads)
[2023-02-23T12:20:46.646+0000][479.516s][info ][safepoint     ] Application time: 1.0009168 seconds
[2023-02-23T12:20:46.646+0000][479.517s][info ][safepoint     ] Entering safepoint region: Cleanup
[2023-02-23T12:20:46.647+0000][479.518s][info ][safepoint     ] Leaving safepoint region
[2023-02-23T12:20:46.647+0000][479.518s][info ][safepoint     ] Total time for which application threads were stopped: 0.0013237 seconds, Stopping threads took: 0.0004459 seconds
[2023-02-23T12:20:47.648+0000][480.518s][debug][safepoint     ] Safepoint synchronization initiated. (188 threads)
[2023-02-23T12:20:47.649+0000][480.519s][info ][safepoint     ] Application time: 1.0008889 seconds
[2023-02-23T12:20:47.649+0000][480.520s][info ][safepoint     ] Entering safepoint region: Cleanup
[2023-02-23T12:20:47.650+0000][480.521s][info ][safepoint     ] Leaving safepoint region
[2023-02-23T12:20:47.651+0000][480.521s][info ][safepoint     ] Total time for which application threads were stopped: 0.0015050 seconds, Stopping threads took: 0.0005326 seconds
[2023-02-23T12:20:48.651+0000][481.522s][debug][safepoint     ] Safepoint synchronization initiated. (188 threads)
[2023-02-23T12:20:48.652+0000][481.522s][info ][safepoint     ] Application time: 1.0006064 seconds
[2023-02-23T12:20:48.652+0000][481.522s][info ][safepoint     ] Entering safepoint region: Cleanup
[2023-02-23T12:20:48.653+0000][481.523s][info ][safepoint     ] Leaving safepoint region
[2023-02-23T12:20:48.653+0000][481.524s][info ][safepoint     ] Total time for which application threads were stopped: 0.0012467 seconds, Stopping threads took: 0.0002910 seconds
[2023-02-23T12:20:49.654+0000][482.524s][debug][safepoint     ] Safepoint synchronization initiated. (188 threads)
[2023-02-23T12:20:49.654+0000][482.525s][info ][safepoint     ] Application time: 1.0006736 seconds
[2023-02-23T12:20:49.655+0000][482.525s][info ][safepoint     ] Entering safepoint region: Cleanup
[2023-02-23T12:20:49.655+0000][482.526s][info ][safepoint     ] Leaving safepoint region
[2023-02-23T12:20:49.656+0000][482.526s][info ][safepoint     ] Total time for which application threads were stopped: 0.0011495 seconds, Stopping threads took: 0.0003238 seconds
[2023-02-23T12:20:50.656+0000][483.527s][debug][safepoint     ] Safepoint synchronization initiated. (188 threads)
[2023-02-23T12:20:50.657+0000][483.528s][info ][safepoint     ] Application time: 1.0009736 seconds
[2023-02-23T12:20:50.658+0000][483.528s][info ][safepoint     ] Entering safepoint region: Cleanup
[2023-02-23T12:20:50.659+0000][483.530s][info ][safepoint     ] Leaving safepoint region
[2023-02-23T12:20:50.660+0000][483.530s][info ][safepoint     ] Total time for which application threads were stopped: 0.0023027 seconds, Stopping threads took: 0.0006839 seconds
[2023-02-23T12:20:51.661+0000][484.531s][debug][safepoint     ] Safepoint synchronization initiated. (188 threads)
[2023-02-23T12:20:51.661+0000][484.532s][info ][safepoint     ] Application time: 1.0008144 seconds
[2023-02-23T12:20:51.662+0000][484.532s][info ][safepoint     ] Entering safepoint region: Cleanup
[2023-02-23T12:20:51.664+0000][484.534s][info ][safepoint     ] Leaving safepoint region
[2023-02-23T12:20:51.664+0000][484.535s][info ][safepoint     ] Total time for which application threads were stopped: 0.0023343 seconds, Stopping threads took: 0.0007351 seconds
[2023-02-23T12:20:52.665+0000][485.535s][debug][safepoint     ] Safepoint synchronization initiated. (188 threads)
[2023-02-23T12:20:52.665+0000][485.536s][info ][safepoint     ] Application time: 1.0007610 seconds
[2023-02-23T12:20:52.666+0000][485.537s][info ][safepoint     ] Entering safepoint region: Cleanup
[2023-02-23T12:20:52.667+0000][485.538s][info ][safepoint     ] Leaving safepoint region
[2023-02-23T12:20:52.668+0000][485.538s][info ][safepoint     ] Total time for which application threads were stopped: 0.0017595 seconds, Stopping threads took: 0.0005579 seconds
[2023-02-23T12:20:53.668+0000][486.539s][debug][safepoint     ] Safepoint synchronization initiated. (188 threads)
[2023-02-23T12:20:53.669+0000][486.539s][info ][safepoint     ] Application time: 1.0008926 seconds
[2023-02-23T12:20:53.670+0000][486.540s][info ][safepoint     ] Entering safepoint region: Cleanup
[2023-02-23T12:20:53.671+0000][486.541s][debug][safepoint     ] ... found polling page return exception at pc = 0x00007f2468feb984, stub =0x00007f246085a800
[2023-02-23T12:20:53.671+0000][486.541s][debug][safepoint     ] ... found polling page return exception at pc = 0x00007f2468feb984, stub =0x00007f246085a800
[2023-02-23T12:20:53.671+0000][486.541s][info ][safepoint     ] Leaving safepoint region
[2023-02-23T12:20:53.671+0000][486.541s][debug][safepoint     ] ... found polling page return exception at pc = 0x00007f2468feb984, stub =0x00007f246085a800
[2023-02-23T12:20:53.671+0000][486.541s][debug][safepoint     ] ... found polling page return exception at pc = 0x00007f2468feb984, stub =0x00007f246085a800
[2023-02-23T12:20:53.671+0000][486.541s][debug][safepoint     ] ... found polling page return exception at pc = 0x00007f2468feb984, stub =0x00007f246085a800
[2023-02-23T12:20:53.673+0000][486.543s][info ][safepoint     ] Total time for which application threads were stopped: 0.0032028 seconds, Stopping threads took: 0.0004797 seconds
[2023-02-23T12:20:54.675+0000][487.546s][debug][safepoint     ] Safepoint synchronization initiated. (188 threads)
[2023-02-23T12:20:54.676+0000][487.546s][info ][safepoint     ] Application time: 1.0009553 seconds
[2023-02-23T12:20:54.676+0000][487.547s][info ][safepoint     ] Entering safepoint region: Cleanup
[2023-02-23T12:20:54.678+0000][487.548s][info ][safepoint     ] Leaving safepoint region
[2023-02-23T12:20:54.679+0000][487.549s][info ][safepoint     ] Total time for which application threads were stopped: 0.0025064 seconds, Stopping threads took: 0.0006580 seconds
[2023-02-23T12:20:55.680+0000][488.550s][debug][safepoint     ] Safepoint synchronization initiated. (188 threads)
[2023-02-23T12:20:55.680+0000][488.551s][info ][safepoint     ] Application time: 1.0007555 seconds
[2023-02-23T12:20:55.681+0000][488.551s][info ][safepoint     ] Entering safepoint region: Cleanup
[2023-02-23T12:20:55.682+0000][488.552s][info ][safepoint     ] Leaving safepoint region
[2023-02-23T12:20:55.682+0000][488.553s][info ][safepoint     ] Total time for which application threads were stopped: 0.0017606 seconds, Stopping threads took: 0.0004070 seconds
[2023-02-23T12:20:56.683+0000][489.554s][debug][safepoint     ] Safepoint synchronization initiated. (188 threads)
[2023-02-23T12:20:56.684+0000][489.554s][info ][safepoint     ] Application time: 1.0006588 seconds
[2023-02-23T12:20:56.684+0000][489.554s][info ][safepoint     ] Entering safepoint region: Cleanup
[2023-02-23T12:20:56.685+0000][489.555s][info ][safepoint     ] Leaving safepoint region
[2023-02-23T12:20:56.685+0000][489.556s][info ][safepoint     ] Total time for which application threads were stopped: 0.0015166 seconds, Stopping threads took: 0.0004034 seconds
[2023-02-23T12:20:57.686+0000][490.556s][debug][safepoint     ] Safepoint synchronization initiated. (188 threads)
[2023-02-23T12:20:57.686+0000][490.557s][info ][safepoint     ] Application time: 1.0004882 seconds
[2023-02-23T12:20:57.687+0000][490.557s][info ][safepoint     ] Entering safepoint region: Cleanup
[2023-02-23T12:20:57.688+0000][490.558s][info ][safepoint     ] Leaving safepoint region
[2023-02-23T12:20:57.688+0000][490.558s][info ][safepoint     ] Total time for which application threads were stopped: 0.0013338 seconds, Stopping threads took: 0.0003739 seconds
[2023-02-23T12:20:58.689+0000][491.559s][debug][safepoint     ] Safepoint synchronization initiated. (188 threads)
[2023-02-23T12:20:58.689+0000][491.560s][info ][safepoint     ] Application time: 1.0008821 seconds
[2023-02-23T12:20:58.690+0000][491.560s][info ][safepoint     ] Entering safepoint region: Cleanup
[2023-02-23T12:20:58.691+0000][491.562s][info ][safepoint     ] Leaving safepoint region
[2023-02-23T12:20:58.692+0000][491.562s][info ][safepoint     ] Total time for which application threads were stopped: 0.0022399 seconds, Stopping threads took: 0.0005699 seconds
[2023-02-23T12:20:59.693+0000][492.563s][debug][safepoint     ] Safepoint synchronization initiated. (188 threads)
[2023-02-23T12:20:59.694+0000][492.564s][info ][safepoint     ] Application time: 1.0011072 seconds
[2023-02-23T12:20:59.694+0000][492.565s][info ][safepoint     ] Entering safepoint region: Cleanup
[2023-02-23T12:20:59.696+0000][492.566s][info ][safepoint     ] Leaving safepoint region
[2023-02-23T12:20:59.697+0000][492.567s][info ][safepoint     ] Total time for which application threads were stopped: 0.0024607 seconds, Stopping threads took: 0.0008277 seconds
[2023-02-23T12:21:00.697+0000][493.568s][debug][safepoint     ] Safepoint synchronization initiated. (188 threads)
[2023-02-23T12:21:00.698+0000][493.569s][info ][safepoint     ] Application time: 1.0009649 seconds
[2023-02-23T12:21:00.699+0000][493.569s][info ][safepoint     ] Entering safepoint region: Cleanup
[2023-02-23T12:21:00.700+0000][493.571s][info ][safepoint     ] Leaving safepoint region
[2023-02-23T12:21:00.701+0000][493.571s][info ][safepoint     ] Total time for which application threads were stopped: 0.0022235 seconds, Stopping threads took: 0.0006609 seconds
[2023-02-23T12:21:01.702+0000][494.572s][debug][safepoint     ] Safepoint synchronization initiated. (188 threads)
[2023-02-23T12:21:01.702+0000][494.573s][info ][safepoint     ] Application time: 1.0007506 seconds
[2023-02-23T12:21:01.703+0000][494.573s][info ][safepoint     ] Entering safepoint region: Cleanup
[2023-02-23T12:21:01.704+0000][494.575s][info ][safepoint     ] Leaving safepoint region
[2023-02-23T12:21:01.705+0000][494.575s][info ][safepoint     ] Total time for which application threads were stopped: 0.0021026 seconds, Stopping threads took: 0.0004745 seconds
[2023-02-23T12:21:02.705+0000][495.576s][debug][safepoint     ] Safepoint synchronization initiated. (188 threads)
[2023-02-23T12:21:02.706+0000][495.576s][info ][safepoint     ] Application time: 1.0009130 seconds
[2023-02-23T12:21:02.707+0000][495.577s][info ][safepoint     ] Entering safepoint region: Cleanup
[2023-02-23T12:21:02.708+0000][495.579s][info ][safepoint     ] Leaving safepoint region
[2023-02-23T12:21:02.709+0000][495.579s][info ][safepoint     ] Total time for which application threads were stopped: 0.0021825 seconds, Stopping threads took: 0.0006415 seconds
[2023-02-23T12:21:03.709+0000][496.580s][debug][safepoint     ] Safepoint synchronization initiated. (188 threads)
[2023-02-23T12:21:03.710+0000][496.581s][info ][safepoint     ] Application time: 1.0010454 seconds
[2023-02-23T12:21:03.711+0000][496.581s][debug][safepoint     ] Waiting for 1 thread(s) to block
[2023-02-23T12:21:03.712+0000][496.582s][info ][safepoint     ] Entering safepoint region: Cleanup
[2023-02-23T12:21:03.714+0000][496.584s][info ][safepoint     ] Leaving safepoint region
[2023-02-23T12:21:03.714+0000][496.585s][info ][safepoint     ] Total time for which application threads were stopped: 0.0038444 seconds, Stopping threads took: 0.0019558 seconds
[2023-02-23T12:21:04.716+0000][497.586s][debug][safepoint     ] Safepoint synchronization initiated. (188 threads)
[2023-02-23T12:21:04.716+0000][497.587s][info ][safepoint     ] Application time: 1.0006835 seconds
[2023-02-23T12:21:04.717+0000][497.587s][info ][safepoint     ] Entering safepoint region: Cleanup
[2023-02-23T12:21:04.718+0000][497.589s][info ][safepoint     ] Leaving safepoint region
[2023-02-23T12:21:04.719+0000][497.589s][info ][safepoint     ] Total time for which application threads were stopped: 0.0021211 seconds, Stopping threads took: 0.0006618 seconds
[2023-02-23T12:21:05.719+0000][498.590s][debug][safepoint     ] Safepoint synchronization initiated. (188 threads)
[2023-02-23T12:21:05.720+0000][498.591s][info ][safepoint     ] Application time: 1.0011162 seconds
[2023-02-23T12:21:05.721+0000][498.592s][info ][safepoint     ] Entering safepoint region: Cleanup
[2023-02-23T12:21:05.723+0000][498.593s][info ][safepoint     ] Leaving safepoint region
[2023-02-23T12:21:05.723+0000][498.594s][info ][safepoint     ] Total time for which application threads were stopped: 0.0026201 seconds, Stopping threads took: 0.0009767 seconds
[2023-02-23T12:21:06.724+0000][499.595s][debug][safepoint     ] Safepoint synchronization initiated. (188 threads)
[2023-02-23T12:21:06.725+0000][499.596s][info ][safepoint     ] Application time: 1.0010925 seconds
[2023-02-23T12:21:06.726+0000][499.596s][info ][safepoint     ] Entering safepoint region: Cleanup
[2023-02-23T12:21:06.727+0000][499.598s][info ][safepoint     ] Leaving safepoint region
[2023-02-23T12:21:06.728+0000][499.599s][info ][safepoint     ] Total time for which application threads were stopped: 0.0021738 seconds, Stopping threads took: 0.0005930 seconds
[2023-02-23T12:21:07.729+0000][500.599s][debug][safepoint     ] Safepoint synchronization initiated. (188 threads)
[2023-02-23T12:21:07.730+0000][500.600s][info ][safepoint     ] Application time: 1.0010169 seconds
[2023-02-23T12:21:07.730+0000][500.601s][info ][safepoint     ] Entering safepoint region: Cleanup
[2023-02-23T12:21:07.733+0000][500.603s][info ][safepoint     ] Leaving safepoint region
[2023-02-23T12:21:07.733+0000][500.604s][info ][safepoint     ] Total time for which application threads were stopped: 0.0031586 seconds, Stopping threads took: 0.0012935 seconds
[2023-02-23T12:21:08.734+0000][501.605s][debug][safepoint     ] Safepoint synchronization initiated. (188 threads)
[2023-02-23T12:21:08.735+0000][501.605s][info ][safepoint     ] Application time: 1.0011204 seconds
[2023-02-23T12:21:08.735+0000][501.606s][info ][safepoint     ] Entering safepoint region: Cleanup
[2023-02-23T12:21:08.737+0000][501.608s][info ][safepoint     ] Leaving safepoint region
[2023-02-23T12:21:08.738+0000][501.609s][info ][safepoint     ] Total time for which application threads were stopped: 0.0026144 seconds, Stopping threads took: 0.0007555 seconds
[2023-02-23T12:21:09.739+0000][502.610s][debug][safepoint     ] Safepoint synchronization initiated. (188 threads)
[2023-02-23T12:21:09.740+0000][502.610s][info ][safepoint     ] Application time: 1.0011018 seconds
[2023-02-23T12:21:09.740+0000][502.611s][info ][safepoint     ] Entering safepoint region: Cleanup
[2023-02-23T12:21:09.742+0000][502.613s][info ][safepoint     ] Leaving safepoint region
[2023-02-23T12:21:09.743+0000][502.614s][info ][safepoint     ] Total time for which application threads were stopped: 0.0026246 seconds, Stopping threads took: 0.0011530 seconds
[2023-02-23T12:21:10.744+0000][503.614s][debug][safepoint     ] Safepoint synchronization initiated. (188 threads)
[2023-02-23T12:21:10.744+0000][503.615s][info ][safepoint     ] Application time: 1.0010886 seconds
[2023-02-23T12:21:10.745+0000][503.616s][info ][safepoint     ] Entering safepoint region: Cleanup
[2023-02-23T12:21:10.747+0000][503.618s][info ][safepoint     ] Leaving safepoint region
[2023-02-23T12:21:10.748+0000][503.619s][info ][safepoint     ] Total time for which application threads were stopped: 0.0027007 seconds, Stopping threads took: 0.0008316 seconds
[2023-02-23T12:21:11.749+0000][504.619s][debug][safepoint     ] Safepoint synchronization initiated. (188 threads)
[2023-02-23T12:21:11.749+0000][504.620s][info ][safepoint     ] Application time: 1.0009563 seconds
[2023-02-23T12:21:11.750+0000][504.621s][info ][safepoint     ] Entering safepoint region: Cleanup
[2023-02-23T12:21:11.751+0000][504.622s][info ][safepoint     ] Leaving safepoint region
[2023-02-23T12:21:11.752+0000][504.623s][info ][safepoint     ] Total time for which application threads were stopped: 0.0019782 seconds, Stopping threads took: 0.0006159 seconds
[2023-02-23T12:21:12.753+0000][505.623s][debug][safepoint     ] Safepoint synchronization initiated. (188 threads)
[2023-02-23T12:21:12.753+0000][505.624s][info ][safepoint     ] Application time: 1.0008441 seconds
[2023-02-23T12:21:12.754+0000][505.625s][info ][safepoint     ] Entering safepoint region: Cleanup
[2023-02-23T12:21:12.756+0000][505.627s][info ][safepoint     ] Leaving safepoint region
[2023-02-23T12:21:12.757+0000][505.627s][info ][safepoint     ] Total time for which application threads were stopped: 0.0027057 seconds, Stopping threads took: 0.0008440 seconds
[2023-02-23T12:21:13.758+0000][506.628s][debug][safepoint     ] Safepoint synchronization initiated. (188 threads)
[2023-02-23T12:21:13.759+0000][506.629s][info ][safepoint     ] Application time: 1.0010087 seconds
[2023-02-23T12:21:13.759+0000][506.630s][info ][safepoint     ] Entering safepoint region: Cleanup
[2023-02-23T12:21:13.761+0000][506.631s][info ][safepoint     ] Leaving safepoint region
[2023-02-23T12:21:13.761+0000][506.632s][info ][safepoint     ] Total time for which application threads were stopped: 0.0023183 seconds, Stopping threads took: 0.0006400 seconds
[2023-02-23T12:21:14.763+0000][507.634s][debug][safepoint     ] Safepoint synchronization initiated. (188 threads)
[2023-02-23T12:21:14.764+0000][507.634s][info ][safepoint     ] Application time: 1.0013991 seconds
[2023-02-23T12:21:14.764+0000][507.635s][info ][safepoint     ] Entering safepoint region: Cleanup
[2023-02-23T12:21:14.766+0000][507.636s][info ][safepoint     ] Leaving safepoint region
[2023-02-23T12:21:14.766+0000][507.637s][info ][safepoint     ] Total time for which application threads were stopped: 0.0020265 seconds, Stopping threads took: 0.0006008 seconds
[2023-02-23T12:21:15.767+0000][508.638s][debug][safepoint     ] Safepoint synchronization initiated. (188 threads)
[2023-02-23T12:21:15.768+0000][508.639s][info ][safepoint     ] Application time: 1.0009951 seconds
[2023-02-23T12:21:15.769+0000][508.639s][info ][safepoint     ] Entering safepoint region: Cleanup
[2023-02-23T12:21:15.770+0000][508.641s][info ][safepoint     ] Leaving safepoint region
[2023-02-23T12:21:15.771+0000][508.642s][info ][safepoint     ] Total time for which application threads were stopped: 0.0024776 seconds, Stopping threads took: 0.0006056 seconds
[2023-02-23T12:21:16.772+0000][509.643s][debug][safepoint     ] Safepoint synchronization initiated. (188 threads)
[2023-02-23T12:21:16.773+0000][509.644s][info ][safepoint     ] Application time: 1.0014174 seconds
[2023-02-23T12:21:16.774+0000][509.644s][info ][safepoint     ] Entering safepoint region: Cleanup
[2023-02-23T12:21:16.775+0000][509.646s][info ][safepoint     ] Leaving safepoint region
[2023-02-23T12:21:16.776+0000][509.647s][info ][safepoint     ] Total time for which application threads were stopped: 0.0023523 seconds, Stopping threads took: 0.0006812 seconds
[2023-02-23T12:21:16.775+0000][509.646s][debug][safepoint     ] ... found polling page return exception at pc = 0x00007f2468feb984, stub =0x00007f246085a800
[2023-02-23T12:21:17.777+0000][510.647s][debug][safepoint     ] Safepoint synchronization initiated. (188 threads)
[2023-02-23T12:21:17.778+0000][510.648s][info ][safepoint     ] Application time: 1.0010876 seconds
[2023-02-23T12:21:17.778+0000][510.649s][info ][safepoint     ] Entering safepoint region: Cleanup
[2023-02-23T12:21:17.779+0000][510.650s][info ][safepoint     ] Leaving safepoint region
[2023-02-23T12:21:17.780+0000][510.651s][info ][safepoint     ] Total time for which application threads were stopped: 0.0019825 seconds, Stopping threads took: 0.0005970 seconds
[2023-02-23T12:21:18.781+0000][511.651s][debug][safepoint     ] Safepoint synchronization initiated. (188 threads)
[2023-02-23T12:21:18.781+0000][511.652s][info ][safepoint     ] Application time: 1.0010640 seconds
[2023-02-23T12:21:18.782+0000][511.653s][info ][safepoint     ] Entering safepoint region: Cleanup
[2023-02-23T12:21:18.783+0000][511.654s][info ][safepoint     ] Leaving safepoint region
[2023-02-23T12:21:18.784+0000][511.654s][info ][safepoint     ] Total time for which application threads were stopped: 0.0018060 seconds, Stopping threads took: 0.0006304 seconds
[2023-02-23T12:21:19.785+0000][512.655s][debug][safepoint     ] Safepoint synchronization initiated. (188 threads)
[2023-02-23T12:21:19.785+0000][512.656s][info ][safepoint     ] Application time: 1.0011898 seconds
[2023-02-23T12:21:19.786+0000][512.657s][info ][safepoint     ] Entering safepoint region: Cleanup
[2023-02-23T12:21:19.788+0000][512.658s][info ][safepoint     ] Leaving safepoint region
[2023-02-23T12:21:19.788+0000][512.659s][info ][safepoint     ] Total time for which application threads were stopped: 0.0023165 seconds, Stopping threads took: 0.0006070 seconds
[2023-02-23T12:21:20.790+0000][513.661s][debug][safepoint     ] Safepoint synchronization initiated. (188 threads)
[2023-02-23T12:21:20.791+0000][513.662s][info ][safepoint     ] Application time: 1.0012809 seconds
[2023-02-23T12:21:20.792+0000][513.662s][info ][safepoint     ] Entering safepoint region: Cleanup
[2023-02-23T12:21:20.793+0000][513.664s][info ][safepoint     ] Leaving safepoint region
[2023-02-23T12:21:20.794+0000][513.664s][info ][safepoint     ] Total time for which application threads were stopped: 0.0022279 seconds, Stopping threads took: 0.0007919 seconds
[2023-02-23T12:21:21.795+0000][514.665s][debug][safepoint     ] Safepoint synchronization initiated. (188 threads)
[2023-02-23T12:21:21.796+0000][514.666s][info ][safepoint     ] Application time: 1.0013985 seconds
[2023-02-23T12:21:21.796+0000][514.667s][info ][safepoint     ] Entering safepoint region: Cleanup
[2023-02-23T12:21:21.799+0000][514.669s][info ][safepoint     ] Leaving safepoint region
[2023-02-23T12:21:21.799+0000][514.670s][info ][safepoint     ] Total time for which application threads were stopped: 0.0029291 seconds, Stopping threads took: 0.0011470 seconds
[2023-02-23T12:21:22.800+0000][515.671s][debug][safepoint     ] Safepoint synchronization initiated. (188 threads)
[2023-02-23T12:21:22.864+0000][515.734s][info ][safepoint     ] Application time: 1.0637964 seconds
[2023-02-23T12:21:22.881+0000][515.752s][info ][safepoint     ] Entering safepoint region: Cleanup
[2023-02-23T12:21:22.883+0000][515.754s][info ][safepoint     ] Leaving safepoint region
[2023-02-23T12:21:22.884+0000][515.754s][info ][safepoint     ] Total time for which application threads were stopped: 0.0026047 seconds, Stopping threads took: 0.0015032 seconds
[2023-02-23T12:21:23.884+0000][516.755s][debug][safepoint     ] Safepoint synchronization initiated. (188 threads)
[2023-02-23T12:21:23.885+0000][516.755s][info ][safepoint     ] Application time: 1.0008750 seconds
[2023-02-23T12:21:23.885+0000][516.756s][info ][safepoint     ] Entering safepoint region: Cleanup
[2023-02-23T12:21:23.887+0000][516.757s][info ][safepoint     ] Leaving safepoint region
[2023-02-23T12:21:23.887+0000][516.758s][info ][safepoint     ] Total time for which application threads were stopped: 0.0019180 seconds, Stopping threads took: 0.0005254 seconds
[2023-02-23T12:21:24.888+0000][517.759s][debug][safepoint     ] Safepoint synchronization initiated. (188 threads)
[2023-02-23T12:21:24.889+0000][517.760s][info ][safepoint     ] Application time: 1.0014376 seconds
[2023-02-23T12:21:24.890+0000][517.760s][info ][safepoint     ] Entering safepoint region: Cleanup
[2023-02-23T12:21:24.891+0000][517.762s][info ][safepoint     ] Leaving safepoint region
[2023-02-23T12:21:24.892+0000][517.763s][info ][safepoint     ] Total time for which application threads were stopped: 0.0023116 seconds, Stopping threads took: 0.0006804 seconds
[2023-02-23T12:21:25.893+0000][518.764s][debug][safepoint     ] Safepoint synchronization initiated. (188 threads)
[2023-02-23T12:21:25.894+0000][518.765s][info ][safepoint     ] Application time: 1.0013155 seconds
[2023-02-23T12:21:25.895+0000][518.765s][info ][safepoint     ] Entering safepoint region: Cleanup
[2023-02-23T12:21:25.896+0000][518.767s][info ][safepoint     ] Leaving safepoint region
[2023-02-23T12:21:25.897+0000][518.767s][info ][safepoint     ] Total time for which application threads were stopped: 0.0020458 seconds, Stopping threads took: 0.0006186 seconds
[2023-02-23T12:21:26.897+0000][519.768s][debug][safepoint     ] Safepoint synchronization initiated. (188 threads)
[2023-02-23T12:21:26.898+0000][519.769s][info ][safepoint     ] Application time: 1.0011456 seconds
[2023-02-23T12:21:26.899+0000][519.770s][info ][safepoint     ] Entering safepoint region: Cleanup
[2023-02-23T12:21:26.901+0000][519.771s][info ][safepoint     ] Leaving safepoint region
[2023-02-23T12:21:26.901+0000][519.772s][info ][safepoint     ] Total time for which application threads were stopped: 0.0023865 seconds, Stopping threads took: 0.0007266 seconds
[2023-02-23T12:21:27.902+0000][520.773s][debug][safepoint     ] Safepoint synchronization initiated. (188 threads)
[2023-02-23T12:21:27.903+0000][520.774s][info ][safepoint     ] Application time: 1.0009907 seconds
[2023-02-23T12:21:27.903+0000][520.774s][info ][safepoint     ] Entering safepoint region: Cleanup
[2023-02-23T12:21:27.905+0000][520.776s][info ][safepoint     ] Leaving safepoint region
[2023-02-23T12:21:27.906+0000][520.776s][info ][safepoint     ] Total time for which application threads were stopped: 0.0024703 seconds, Stopping threads took: 0.0007884 seconds
[2023-02-23T12:21:27.905+0000][520.776s][debug][safepoint     ] ... found polling page return exception at pc = 0x00007f2468feb984, stub =0x00007f246085a800
[2023-02-23T12:21:28.907+0000][521.777s][debug][safepoint     ] Safepoint synchronization initiated. (187 threads)
[2023-02-23T12:21:28.907+0000][521.778s][info ][safepoint     ] Application time: 1.0009522 seconds
[2023-02-23T12:21:28.908+0000][521.779s][info ][safepoint     ] Entering safepoint region: Cleanup
[2023-02-23T12:21:28.910+0000][521.781s][info ][safepoint     ] Leaving safepoint region
[2023-02-23T12:21:28.911+0000][521.782s][info ][safepoint     ] Total time for which application threads were stopped: 0.0033121 seconds, Stopping threads took: 0.0007020 seconds
[2023-02-23T12:21:29.913+0000][522.784s][debug][safepoint     ] Safepoint synchronization initiated. (187 threads)
[2023-02-23T12:21:29.914+0000][522.785s][info ][safepoint     ] Application time: 1.0015472 seconds
[2023-02-23T12:21:29.915+0000][522.785s][info ][safepoint     ] Entering safepoint region: Cleanup
[2023-02-23T12:21:29.916+0000][522.787s][info ][safepoint     ] Leaving safepoint region
[2023-02-23T12:21:29.917+0000][522.788s][info ][safepoint     ] Total time for which application threads were stopped: 0.0022433 seconds, Stopping threads took: 0.0006656 seconds
[2023-02-23T12:21:30.918+0000][523.789s][debug][safepoint     ] Safepoint synchronization initiated. (187 threads)
[2023-02-23T12:21:30.919+0000][523.790s][info ][safepoint     ] Application time: 1.0013963 seconds
[2023-02-23T12:21:30.920+0000][523.790s][info ][safepoint     ] Entering safepoint region: Cleanup
[2023-02-23T12:21:30.921+0000][523.792s][info ][safepoint     ] Leaving safepoint region
[2023-02-23T12:21:30.922+0000][523.792s][info ][safepoint     ] Total time for which application threads were stopped: 0.0021684 seconds, Stopping threads took: 0.0006950 seconds
[2023-02-23T12:21:31.923+0000][524.793s][debug][safepoint     ] Safepoint synchronization initiated. (187 threads)
[2023-02-23T12:21:31.923+0000][524.794s][info ][safepoint     ] Application time: 1.0012532 seconds
[2023-02-23T12:21:31.924+0000][524.795s][info ][safepoint     ] Entering safepoint region: Cleanup
[2023-02-23T12:21:31.925+0000][524.796s][info ][safepoint     ] Leaving safepoint region
[2023-02-23T12:21:31.926+0000][524.797s][info ][safepoint     ] Total time for which application threads were stopped: 0.0020742 seconds, Stopping threads took: 0.0006156 seconds
[2023-02-23T12:21:32.927+0000][525.797s][debug][safepoint     ] Safepoint synchronization initiated. (187 threads)
[2023-02-23T12:21:32.927+0000][525.798s][info ][safepoint     ] Application time: 1.0009031 seconds
[2023-02-23T12:21:32.928+0000][525.799s][info ][safepoint     ] Entering safepoint region: Cleanup
[2023-02-23T12:21:32.930+0000][525.800s][info ][safepoint     ] Leaving safepoint region
[2023-02-23T12:21:32.931+0000][525.801s][info ][safepoint     ] Total time for which application threads were stopped: 0.0026558 seconds, Stopping threads took: 0.0007829 seconds
[2023-02-23T12:21:33.932+0000][526.802s][debug][safepoint     ] Safepoint synchronization initiated. (187 threads)
[2023-02-23T12:21:33.932+0000][526.803s][info ][safepoint     ] Application time: 1.0011803 seconds
[2023-02-23T12:21:33.933+0000][526.804s][info ][safepoint     ] Entering safepoint region: Cleanup
[2023-02-23T12:21:33.935+0000][526.805s][info ][safepoint     ] Leaving safepoint region
[2023-02-23T12:21:33.935+0000][526.806s][info ][safepoint     ] Total time for which application threads were stopped: 0.0021264 seconds, Stopping threads took: 0.0006808 seconds
[2023-02-23T12:21:34.936+0000][527.807s][debug][safepoint     ] Safepoint synchronization initiated. (187 threads)
[2023-02-23T12:21:34.937+0000][527.807s][info ][safepoint     ] Application time: 1.0012541 seconds
[2023-02-23T12:21:34.938+0000][527.808s][info ][safepoint     ] Entering safepoint region: Cleanup
[2023-02-23T12:21:34.939+0000][527.810s][info ][safepoint     ] Leaving safepoint region
[2023-02-23T12:21:34.940+0000][527.810s][info ][safepoint     ] Total time for which application threads were stopped: 0.0023188 seconds, Stopping threads took: 0.0006209 seconds
[2023-02-23T12:21:35.941+0000][528.811s][debug][safepoint     ] Safepoint synchronization initiated. (187 threads)
[2023-02-23T12:21:35.942+0000][528.812s][info ][safepoint     ] Application time: 1.0012090 seconds
[2023-02-23T12:21:35.942+0000][528.813s][info ][safepoint     ] Entering safepoint region: Cleanup
[2023-02-23T12:21:35.944+0000][528.814s][info ][safepoint     ] Leaving safepoint region
[2023-02-23T12:21:35.944+0000][528.815s][info ][safepoint     ] Total time for which application threads were stopped: 0.0022550 seconds, Stopping threads took: 0.0007559 seconds
[2023-02-23T12:21:36.945+0000][529.816s][debug][safepoint     ] Safepoint synchronization initiated. (187 threads)
[2023-02-23T12:21:36.946+0000][529.817s][info ][safepoint     ] Application time: 1.0015234 seconds
[2023-02-23T12:21:36.947+0000][529.818s][info ][safepoint     ] Entering safepoint region: Cleanup
[2023-02-23T12:21:36.949+0000][529.819s][info ][safepoint     ] Leaving safepoint region
[2023-02-23T12:21:36.950+0000][529.820s][info ][safepoint     ] Total time for which application threads were stopped: 0.0027729 seconds, Stopping threads took: 0.0007878 seconds
[2023-02-23T12:21:37.951+0000][530.821s][debug][safepoint     ] Safepoint synchronization initiated. (187 threads)
[2023-02-23T12:21:37.952+0000][530.822s][info ][safepoint     ] Application time: 1.0012907 seconds
[2023-02-23T12:21:37.952+0000][530.823s][info ][safepoint     ] Entering safepoint region: Cleanup
[2023-02-23T12:21:37.954+0000][530.824s][info ][safepoint     ] Leaving safepoint region
[2023-02-23T12:21:37.954+0000][530.825s][info ][safepoint     ] Total time for which application threads were stopped: 0.0021127 seconds, Stopping threads took: 0.0008223 seconds
[2023-02-23T12:21:38.956+0000][531.826s][debug][safepoint     ] Safepoint synchronization initiated. (187 threads)
[2023-02-23T12:21:38.956+0000][531.827s][info ][safepoint     ] Application time: 1.0009385 seconds
[2023-02-23T12:21:38.957+0000][531.827s][info ][safepoint     ] Entering safepoint region: Cleanup
[2023-02-23T12:21:38.958+0000][531.829s][info ][safepoint     ] Leaving safepoint region
[2023-02-23T12:21:38.958+0000][531.829s][info ][safepoint     ] Total time for which application threads were stopped: 0.0017743 seconds, Stopping threads took: 0.0006261 seconds
[2023-02-23T12:21:39.959+0000][532.829s][debug][safepoint     ] Safepoint synchronization initiated. (187 threads)
[2023-02-23T12:21:39.960+0000][532.830s][info ][safepoint     ] Application time: 1.0009317 seconds
[2023-02-23T12:21:39.960+0000][532.831s][info ][safepoint     ] Entering safepoint region: Cleanup
[2023-02-23T12:21:39.962+0000][532.832s][info ][safepoint     ] Leaving safepoint region
[2023-02-23T12:21:39.962+0000][532.833s][info ][safepoint     ] Total time for which application threads were stopped: 0.0019890 seconds, Stopping threads took: 0.0006888 seconds
[2023-02-23T12:21:40.963+0000][533.834s][debug][safepoint     ] Safepoint synchronization initiated. (187 threads)
[2023-02-23T12:21:40.967+0000][533.837s][info ][safepoint     ] Application time: 1.0035604 seconds
[2023-02-23T12:21:40.967+0000][533.838s][info ][safepoint     ] Entering safepoint region: Cleanup
[2023-02-23T12:21:40.969+0000][533.839s][info ][safepoint     ] Leaving safepoint region
[2023-02-23T12:21:40.970+0000][533.840s][info ][safepoint     ] Total time for which application threads were stopped: 0.0026151 seconds, Stopping threads took: 0.0008549 seconds
[2023-02-23T12:21:41.977+0000][534.847s][debug][safepoint     ] Safepoint synchronization initiated. (187 threads)
[2023-02-23T12:21:41.978+0000][534.848s][info ][safepoint     ] Application time: 1.0014825 seconds
[2023-02-23T12:21:41.979+0000][534.849s][info ][safepoint     ] Entering safepoint region: Cleanup
[2023-02-23T12:21:41.981+0000][534.851s][info ][safepoint     ] Leaving safepoint region
[2023-02-23T12:21:41.982+0000][534.852s][info ][safepoint     ] Total time for which application threads were stopped: 0.0029375 seconds, Stopping threads took: 0.0011134 seconds
[2023-02-23T12:21:42.982+0000][535.853s][debug][safepoint     ] Safepoint synchronization initiated. (187 threads)
[2023-02-23T12:21:42.983+0000][535.854s][info ][safepoint     ] Application time: 1.0012549 seconds
[2023-02-23T12:21:42.984+0000][535.854s][info ][safepoint     ] Entering safepoint region: Cleanup
[2023-02-23T12:21:42.985+0000][535.855s][info ][safepoint     ] Leaving safepoint region
[2023-02-23T12:21:42.985+0000][535.856s][info ][safepoint     ] Total time for which application threads were stopped: 0.0017353 seconds, Stopping threads took: 0.0005689 seconds
[2023-02-23T12:21:43.986+0000][536.857s][debug][safepoint     ] Safepoint synchronization initiated. (187 threads)
[2023-02-23T12:21:43.987+0000][536.858s][info ][safepoint     ] Application time: 1.0010698 seconds
[2023-02-23T12:21:43.988+0000][536.858s][info ][safepoint     ] Entering safepoint region: Cleanup
[2023-02-23T12:21:43.990+0000][536.860s][info ][safepoint     ] Leaving safepoint region
[2023-02-23T12:21:43.990+0000][536.861s][info ][safepoint     ] Total time for which application threads were stopped: 0.0027343 seconds, Stopping threads took: 0.0009430 seconds
[2023-02-23T12:21:44.991+0000][537.862s][debug][safepoint     ] Safepoint synchronization initiated. (187 threads)
[2023-02-23T12:21:44.992+0000][537.862s][info ][safepoint     ] Application time: 1.0008764 seconds
[2023-02-23T12:21:44.993+0000][537.863s][info ][safepoint     ] Entering safepoint region: Cleanup
[2023-02-23T12:21:44.994+0000][537.864s][info ][safepoint     ] Leaving safepoint region
[2023-02-23T12:21:44.994+0000][537.865s][info ][safepoint     ] Total time for which application threads were stopped: 0.0020075 seconds, Stopping threads took: 0.0005049 seconds
[2023-02-23T12:21:45.995+0000][538.866s][debug][safepoint     ] Safepoint synchronization initiated. (187 threads)
[2023-02-23T12:21:45.996+0000][538.867s][info ][safepoint     ] Application time: 1.0012706 seconds
[2023-02-23T12:21:45.997+0000][538.868s][info ][safepoint     ] Entering safepoint region: Cleanup
[2023-02-23T12:21:45.999+0000][538.869s][info ][safepoint     ] Leaving safepoint region
[2023-02-23T12:21:45.999+0000][538.870s][info ][safepoint     ] Total time for which application threads were stopped: 0.0025321 seconds, Stopping threads took: 0.0007599 seconds
[2023-02-23T12:21:46.560+0000][539.430s][debug][safepoint     ] Safepoint synchronization initiated. (187 threads)
[2023-02-23T12:21:46.561+0000][539.431s][info ][safepoint     ] Application time: 0.5605630 seconds
[2023-02-23T12:21:46.561+0000][539.432s][info ][safepoint     ] Entering safepoint region: G1CollectForAllocation
[2023-02-23T12:21:46.563+0000][539.434s][info ][gc,start      ] GC(49) Pause Young (Normal) (G1 Evacuation Pause)
[2023-02-23T12:21:46.564+0000][539.434s][info ][gc,task       ] GC(49) Using 13 workers of 13 for evacuation
[2023-02-23T12:21:46.600+0000][539.470s][info ][gc,phases     ] GC(49)   Pre Evacuate Collection Set: 0.1ms
[2023-02-23T12:21:46.600+0000][539.471s][info ][gc,phases     ] GC(49)   Evacuate Collection Set: 25.4ms
[2023-02-23T12:21:46.601+0000][539.471s][info ][gc,phases     ] GC(49)   Post Evacuate Collection Set: 9.2ms
[2023-02-23T12:21:46.601+0000][539.471s][info ][gc,phases     ] GC(49)   Other: 1.8ms
[2023-02-23T12:21:46.601+0000][539.472s][info ][gc,heap       ] GC(49) Eden regions: 270->0(275)
[2023-02-23T12:21:46.601+0000][539.472s][info ][gc,heap       ] GC(49) Survivor regions: 21->16(37)
[2023-02-23T12:21:46.602+0000][539.472s][info ][gc,heap       ] GC(49) Old regions: 121->125
[2023-02-23T12:21:46.602+0000][539.472s][info ][gc,heap       ] GC(49) Humongous regions: 0->0
[2023-02-23T12:21:46.602+0000][539.473s][info ][gc,metaspace  ] GC(49) Metaspace: 154905K->154905K(1189888K)
[2023-02-23T12:21:46.602+0000][539.473s][info ][gc            ] GC(49) Pause Young (Normal) (G1 Evacuation Pause) 410M->139M(485M) 39.262ms
[2023-02-23T12:21:46.603+0000][539.473s][info ][gc,cpu        ] GC(49) User=0.35s Sys=0.01s Real=0.04s
[2023-02-23T12:21:46.603+0000][539.474s][info ][safepoint     ] Leaving safepoint region
[2023-02-23T12:21:46.604+0000][539.474s][info ][safepoint     ] Total time for which application threads were stopped: 0.0424716 seconds, Stopping threads took: 0.0008056 seconds
[2023-02-23T12:21:46.604+0000][539.475s][info ][gc,stringdedup] Concurrent String Deduplication (539.475s)
[2023-02-23T12:21:46.612+0000][539.483s][info ][gc,stringdedup] Concurrent String Deduplication 522.0K->314.0K(208.1K) avg 52.7% (539.475s, 539.483s) 7.903ms
[2023-02-23T12:21:47.605+0000][540.475s][debug][safepoint     ] Safepoint synchronization initiated. (187 threads)
[2023-02-23T12:21:47.606+0000][540.476s][info ][safepoint     ] Application time: 1.0016488 seconds
[2023-02-23T12:21:47.606+0000][540.477s][info ][safepoint     ] Entering safepoint region: Cleanup
[2023-02-23T12:21:47.608+0000][540.479s][info ][safepoint     ] Leaving safepoint region
[2023-02-23T12:21:47.609+0000][540.479s][info ][safepoint     ] Total time for which application threads were stopped: 0.0022522 seconds, Stopping threads took: 0.0006569 seconds
[2023-02-23T12:21:48.609+0000][541.480s][debug][safepoint     ] Safepoint synchronization initiated. (187 threads)
[2023-02-23T12:21:48.610+0000][541.481s][info ][safepoint     ] Application time: 1.0012244 seconds
[2023-02-23T12:21:48.611+0000][541.481s][info ][safepoint     ] Entering safepoint region: Cleanup
[2023-02-23T12:21:48.612+0000][541.483s][info ][safepoint     ] Leaving safepoint region
[2023-02-23T12:21:48.613+0000][541.483s][info ][safepoint     ] Total time for which application threads were stopped: 0.0018648 seconds, Stopping threads took: 0.0008018 seconds
[2023-02-23T12:21:49.614+0000][542.484s][debug][safepoint     ] Safepoint synchronization initiated. (187 threads)
[2023-02-23T12:21:49.614+0000][542.485s][info ][safepoint     ] Application time: 1.0014933 seconds
[2023-02-23T12:21:49.615+0000][542.486s][info ][safepoint     ] Entering safepoint region: Cleanup
[2023-02-23T12:21:49.617+0000][542.487s][info ][safepoint     ] Leaving safepoint region
[2023-02-23T12:21:49.617+0000][542.488s][info ][safepoint     ] Total time for which application threads were stopped: 0.0024032 seconds, Stopping threads took: 0.0006499 seconds
[2023-02-23T12:21:50.618+0000][543.489s][debug][safepoint     ] Safepoint synchronization initiated. (187 threads)
[2023-02-23T12:21:50.619+0000][543.490s][info ][safepoint     ] Application time: 1.0011202 seconds
[2023-02-23T12:21:50.620+0000][543.490s][info ][safepoint     ] Entering safepoint region: Cleanup
[2023-02-23T12:21:50.621+0000][543.492s][info ][safepoint     ] Leaving safepoint region
[2023-02-23T12:21:50.622+0000][543.493s][info ][safepoint     ] Total time for which application threads were stopped: 0.0023782 seconds, Stopping threads took: 0.0006311 seconds
[2023-02-23T12:21:51.623+0000][544.493s][debug][safepoint     ] Safepoint synchronization initiated. (187 threads)
[2023-02-23T12:21:51.624+0000][544.495s][info ][safepoint     ] Application time: 1.0018724 seconds
[2023-02-23T12:21:51.625+0000][544.496s][info ][safepoint     ] Entering safepoint region: Cleanup
[2023-02-23T12:21:51.627+0000][544.497s][info ][safepoint     ] Leaving safepoint region
[2023-02-23T12:21:51.627+0000][544.498s][info ][safepoint     ] Total time for which application threads were stopped: 0.0023382 seconds, Stopping threads took: 0.0006716 seconds
[2023-02-23T12:21:52.628+0000][545.499s][debug][safepoint     ] Safepoint synchronization initiated. (187 threads)
[2023-02-23T12:21:52.629+0000][545.500s][info ][safepoint     ] Application time: 1.0013237 seconds
[2023-02-23T12:21:52.630+0000][545.500s][info ][safepoint     ] Entering safepoint region: Cleanup
[2023-02-23T12:21:52.631+0000][545.502s][info ][safepoint     ] Leaving safepoint region
[2023-02-23T12:21:52.632+0000][545.502s][info ][safepoint     ] Total time for which application threads were stopped: 0.0019251 seconds, Stopping threads took: 0.0005749 seconds
[2023-02-23T12:21:53.632+0000][546.503s][debug][safepoint     ] Safepoint synchronization initiated. (187 threads)
[2023-02-23T12:21:53.633+0000][546.504s][info ][safepoint     ] Application time: 1.0009518 seconds
[2023-02-23T12:21:53.634+0000][546.504s][info ][safepoint     ] Entering safepoint region: Cleanup
[2023-02-23T12:21:53.635+0000][546.506s][info ][safepoint     ] Leaving safepoint region
[2023-02-23T12:21:53.636+0000][546.506s][info ][safepoint     ] Total time for which application threads were stopped: 0.0021082 seconds, Stopping threads took: 0.0006567 seconds
[2023-02-23T12:21:54.637+0000][547.507s][debug][safepoint     ] Safepoint synchronization initiated. (187 threads)
[2023-02-23T12:21:54.637+0000][547.508s][info ][safepoint     ] Application time: 1.0012005 seconds
[2023-02-23T12:21:54.638+0000][547.509s][info ][safepoint     ] Entering safepoint region: Cleanup
[2023-02-23T12:21:54.640+0000][547.511s][info ][safepoint     ] Leaving safepoint region
[2023-02-23T12:21:54.641+0000][547.512s][info ][safepoint     ] Total time for which application threads were stopped: 0.0030964 seconds, Stopping threads took: 0.0010270 seconds
[2023-02-23T12:21:55.643+0000][548.513s][debug][safepoint     ] Safepoint synchronization initiated. (187 threads)
[2023-02-23T12:21:55.644+0000][548.514s][info ][safepoint     ] Application time: 1.0015152 seconds
[2023-02-23T12:21:55.645+0000][548.515s][info ][safepoint     ] Entering safepoint region: Cleanup
[2023-02-23T12:21:55.646+0000][548.516s][info ][safepoint     ] Leaving safepoint region
[2023-02-23T12:21:55.647+0000][548.517s][info ][safepoint     ] Total time for which application threads were stopped: 0.0021773 seconds, Stopping threads took: 0.0008120 seconds
[2023-02-23T12:21:56.647+0000][549.518s][debug][safepoint     ] Safepoint synchronization initiated. (187 threads)
[2023-02-23T12:21:56.648+0000][549.519s][info ][safepoint     ] Application time: 1.0010110 seconds
[2023-02-23T12:21:56.649+0000][549.519s][info ][safepoint     ] Entering safepoint region: Cleanup
[2023-02-23T12:21:56.650+0000][549.521s][info ][safepoint     ] Leaving safepoint region
[2023-02-23T12:21:56.651+0000][549.521s][info ][safepoint     ] Total time for which application threads were stopped: 0.0019504 seconds, Stopping threads took: 0.0005967 seconds
[2023-02-23T12:21:57.652+0000][550.522s][debug][safepoint     ] Safepoint synchronization initiated. (187 threads)
[2023-02-23T12:21:57.654+0000][550.525s][info ][safepoint     ] Application time: 1.0030209 seconds
[2023-02-23T12:21:57.658+0000][550.529s][info ][safepoint     ] Entering safepoint region: Cleanup
[2023-02-23T12:21:57.660+0000][550.531s][info ][safepoint     ] Leaving safepoint region
[2023-02-23T12:21:57.661+0000][550.532s][info ][safepoint     ] Total time for which application threads were stopped: 0.0034001 seconds, Stopping threads took: 0.0010256 seconds
[2023-02-23T12:21:58.663+0000][551.533s][debug][safepoint     ] Safepoint synchronization initiated. (187 threads)
[2023-02-23T12:21:58.663+0000][551.534s][info ][safepoint     ] Application time: 1.0013153 seconds
[2023-02-23T12:21:58.664+0000][551.535s][info ][safepoint     ] Entering safepoint region: Cleanup
[2023-02-23T12:21:58.666+0000][551.536s][info ][safepoint     ] Leaving safepoint region
[2023-02-23T12:21:58.666+0000][551.537s][info ][safepoint     ] Total time for which application threads were stopped: 0.0022696 seconds, Stopping threads took: 0.0008270 seconds
[2023-02-23T12:21:59.667+0000][552.537s][debug][safepoint     ] Safepoint synchronization initiated. (187 threads)
[2023-02-23T12:21:59.668+0000][552.538s][info ][safepoint     ] Application time: 1.0008597 seconds
[2023-02-23T12:21:59.669+0000][552.539s][info ][safepoint     ] Entering safepoint region: Cleanup
[2023-02-23T12:21:59.670+0000][552.541s][info ][safepoint     ] Leaving safepoint region
[2023-02-23T12:21:59.671+0000][552.541s][info ][safepoint     ] Total time for which application threads were stopped: 0.0024554 seconds, Stopping threads took: 0.0008771 seconds
[2023-02-23T12:22:00.672+0000][553.542s][debug][safepoint     ] Safepoint synchronization initiated. (187 threads)
[2023-02-23T12:22:00.673+0000][553.543s][info ][safepoint     ] Application time: 1.0012962 seconds
[2023-02-23T12:22:00.674+0000][553.544s][info ][safepoint     ] Entering safepoint region: Cleanup
[2023-02-23T12:22:00.675+0000][553.546s][info ][safepoint     ] Leaving safepoint region
[2023-02-23T12:22:00.676+0000][553.547s][info ][safepoint     ] Total time for which application threads were stopped: 0.0025736 seconds, Stopping threads took: 0.0009098 seconds
[2023-02-23T12:22:01.677+0000][554.548s][debug][safepoint     ] Safepoint synchronization initiated. (187 threads)
[2023-02-23T12:22:01.678+0000][554.549s][info ][safepoint     ] Application time: 1.0011089 seconds
[2023-02-23T12:22:01.679+0000][554.549s][info ][safepoint     ] Entering safepoint region: Cleanup
[2023-02-23T12:22:01.680+0000][554.551s][info ][safepoint     ] Leaving safepoint region
[2023-02-23T12:22:01.681+0000][554.551s][info ][safepoint     ] Total time for which application threads were stopped: 0.0021271 seconds, Stopping threads took: 0.0006565 seconds
[2023-02-23T12:22:02.682+0000][555.552s][debug][safepoint     ] Safepoint synchronization initiated. (187 threads)
[2023-02-23T12:22:02.682+0000][555.553s][info ][safepoint     ] Application time: 1.0008406 seconds
[2023-02-23T12:22:02.683+0000][555.553s][info ][safepoint     ] Entering safepoint region: Cleanup
[2023-02-23T12:22:02.684+0000][555.555s][info ][safepoint     ] Leaving safepoint region
[2023-02-23T12:22:02.685+0000][555.555s][info ][safepoint     ] Total time for which application threads were stopped: 0.0020490 seconds, Stopping threads took: 0.0006740 seconds
[2023-02-23T12:22:03.685+0000][556.556s][debug][safepoint     ] Safepoint synchronization initiated. (187 threads)
[2023-02-23T12:22:03.686+0000][556.557s][info ][safepoint     ] Application time: 1.0008637 seconds
[2023-02-23T12:22:03.687+0000][556.558s][info ][safepoint     ] Entering safepoint region: Cleanup
[2023-02-23T12:22:03.688+0000][556.559s][info ][safepoint     ] Leaving safepoint region
[2023-02-23T12:22:03.689+0000][556.560s][info ][safepoint     ] Total time for which application threads were stopped: 0.0023395 seconds, Stopping threads took: 0.0006710 seconds
[2023-02-23T12:22:04.690+0000][557.561s][debug][safepoint     ] Safepoint synchronization initiated. (187 threads)
[2023-02-23T12:22:04.691+0000][557.562s][info ][safepoint     ] Application time: 1.0012922 seconds
[2023-02-23T12:22:04.692+0000][557.563s][info ][safepoint     ] Entering safepoint region: Cleanup
[2023-02-23T12:22:04.694+0000][557.565s][info ][safepoint     ] Leaving safepoint region
[2023-02-23T12:22:04.694+0000][557.565s][info ][safepoint     ] Total time for which application threads were stopped: 0.0026516 seconds, Stopping threads took: 0.0012258 seconds
[2023-02-23T12:22:05.695+0000][558.566s][debug][safepoint     ] Safepoint synchronization initiated. (187 threads)
[2023-02-23T12:22:05.696+0000][558.567s][info ][safepoint     ] Application time: 1.0014990 seconds
[2023-02-23T12:22:05.698+0000][558.568s][info ][safepoint     ] Entering safepoint region: Cleanup
[2023-02-23T12:22:05.700+0000][558.570s][info ][safepoint     ] Leaving safepoint region
[2023-02-23T12:22:05.701+0000][558.571s][info ][safepoint     ] Total time for which application threads were stopped: 0.0031118 seconds, Stopping threads took: 0.0013487 seconds
[2023-02-23T12:22:06.701+0000][559.572s][debug][safepoint     ] Safepoint synchronization initiated. (187 threads)
[2023-02-23T12:22:06.702+0000][559.573s][info ][safepoint     ] Application time: 1.0009815 seconds
[2023-02-23T12:22:06.703+0000][559.573s][info ][safepoint     ] Entering safepoint region: Cleanup
[2023-02-23T12:22:06.704+0000][559.575s][info ][safepoint     ] Leaving safepoint region
[2023-02-23T12:22:06.705+0000][559.575s][info ][safepoint     ] Total time for which application threads were stopped: 0.0021110 seconds, Stopping threads took: 0.0006776 seconds
[2023-02-23T12:22:07.705+0000][560.576s][debug][safepoint     ] Safepoint synchronization initiated. (187 threads)
[2023-02-23T12:22:07.706+0000][560.577s][info ][safepoint     ] Application time: 1.0009353 seconds
[2023-02-23T12:22:07.707+0000][560.578s][info ][safepoint     ] Entering safepoint region: Cleanup
[2023-02-23T12:22:07.709+0000][560.579s][info ][safepoint     ] Leaving safepoint region
[2023-02-23T12:22:07.709+0000][560.580s][info ][safepoint     ] Total time for which application threads were stopped: 0.0026192 seconds, Stopping threads took: 0.0007735 seconds
[2023-02-23T12:22:08.710+0000][561.581s][debug][safepoint     ] Safepoint synchronization initiated. (187 threads)
[2023-02-23T12:22:08.711+0000][561.582s][info ][safepoint     ] Application time: 1.0011164 seconds
[2023-02-23T12:22:08.713+0000][561.583s][info ][safepoint     ] Entering safepoint region: Cleanup
[2023-02-23T12:22:08.714+0000][561.585s][info ][safepoint     ] Leaving safepoint region
[2023-02-23T12:22:08.715+0000][561.586s][info ][safepoint     ] Total time for which application threads were stopped: 0.0026856 seconds, Stopping threads took: 0.0010336 seconds
[2023-02-23T12:22:09.716+0000][562.587s][debug][safepoint     ] Safepoint synchronization initiated. (187 threads)
[2023-02-23T12:22:09.717+0000][562.588s][info ][safepoint     ] Application time: 1.0015569 seconds
[2023-02-23T12:22:09.718+0000][562.589s][debug][safepoint     ] ... found polling page return exception at pc = 0x00007f2468c76676, stub =0x00007f246085a800
[2023-02-23T12:22:09.718+0000][562.589s][debug][safepoint     ] ... found polling page return exception at pc = 0x00007f246849f31d, stub =0x00007f246085a800
[2023-02-23T12:22:09.719+0000][562.590s][debug][safepoint     ] Waiting for 3 thread(s) to block
[2023-02-23T12:22:09.720+0000][562.591s][info ][safepoint     ] Entering safepoint region: Cleanup
[2023-02-23T12:22:09.722+0000][562.592s][info ][safepoint     ] Leaving safepoint region
[2023-02-23T12:22:09.722+0000][562.593s][info ][safepoint     ] Total time for which application threads were stopped: 0.0044260 seconds, Stopping threads took: 0.0029002 seconds
[2023-02-23T12:22:10.723+0000][563.594s][debug][safepoint     ] Safepoint synchronization initiated. (187 threads)
[2023-02-23T12:22:10.724+0000][563.595s][info ][safepoint     ] Application time: 1.0010828 seconds
[2023-02-23T12:22:10.725+0000][563.595s][info ][safepoint     ] Entering safepoint region: Cleanup
[2023-02-23T12:22:10.726+0000][563.597s][info ][safepoint     ] Leaving safepoint region
[2023-02-23T12:22:10.727+0000][563.597s][info ][safepoint     ] Total time for which application threads were stopped: 0.0021563 seconds, Stopping threads took: 0.0006791 seconds
[2023-02-23T12:22:11.727+0000][564.598s][debug][safepoint     ] Safepoint synchronization initiated. (187 threads)
[2023-02-23T12:22:11.728+0000][564.599s][info ][safepoint     ] Application time: 1.0008850 seconds
[2023-02-23T12:22:11.729+0000][564.599s][info ][safepoint     ] Entering safepoint region: Cleanup
[2023-02-23T12:22:11.730+0000][564.601s][debug][safepoint     ] ... found polling page return exception at pc = 0x00007f2468feb984, stub =0x00007f246085a800
[2023-02-23T12:22:11.730+0000][564.601s][info ][safepoint     ] Leaving safepoint region
[2023-02-23T12:22:11.732+0000][564.602s][info ][safepoint     ] Total time for which application threads were stopped: 0.0031094 seconds, Stopping threads took: 0.0007105 seconds
[2023-02-23T12:22:12.733+0000][565.603s][debug][safepoint     ] Safepoint synchronization initiated. (187 threads)
[2023-02-23T12:22:12.733+0000][565.604s][info ][safepoint     ] Application time: 1.0011129 seconds
[2023-02-23T12:22:12.734+0000][565.605s][info ][safepoint     ] Entering safepoint region: Cleanup
[2023-02-23T12:22:12.735+0000][565.606s][info ][safepoint     ] Leaving safepoint region
[2023-02-23T12:22:12.736+0000][565.607s][info ][safepoint     ] Total time for which application threads were stopped: 0.0019102 seconds, Stopping threads took: 0.0007240 seconds
[2023-02-23T12:22:13.737+0000][566.607s][debug][safepoint     ] Safepoint synchronization initiated. (187 threads)
[2023-02-23T12:22:13.737+0000][566.608s][info ][safepoint     ] Application time: 1.0009922 seconds
[2023-02-23T12:22:13.738+0000][566.609s][info ][safepoint     ] Entering safepoint region: Cleanup
[2023-02-23T12:22:13.739+0000][566.610s][info ][safepoint     ] Leaving safepoint region
[2023-02-23T12:22:13.740+0000][566.611s][info ][safepoint     ] Total time for which application threads were stopped: 0.0021383 seconds, Stopping threads took: 0.0006263 seconds
[2023-02-23T12:22:14.741+0000][567.612s][debug][safepoint     ] Safepoint synchronization initiated. (187 threads)
[2023-02-23T12:22:14.742+0000][567.612s][info ][safepoint     ] Application time: 1.0009766 seconds
[2023-02-23T12:22:14.742+0000][567.613s][info ][safepoint     ] Entering safepoint region: Cleanup
[2023-02-23T12:22:14.744+0000][567.614s][info ][safepoint     ] Leaving safepoint region
[2023-02-23T12:22:14.744+0000][567.615s][info ][safepoint     ] Total time for which application threads were stopped: 0.0019370 seconds, Stopping threads took: 0.0005571 seconds
[2023-02-23T12:22:15.745+0000][568.616s][debug][safepoint     ] Safepoint synchronization initiated. (187 threads)
[2023-02-23T12:22:15.746+0000][568.617s][info ][safepoint     ] Application time: 1.0014303 seconds
[2023-02-23T12:22:15.747+0000][568.618s][info ][safepoint     ] Entering safepoint region: Cleanup
[2023-02-23T12:22:15.749+0000][568.619s][info ][safepoint     ] Leaving safepoint region
[2023-02-23T12:22:15.749+0000][568.620s][info ][safepoint     ] Total time for which application threads were stopped: 0.0024825 seconds, Stopping threads took: 0.0007058 seconds
[2023-02-23T12:22:16.750+0000][569.621s][debug][safepoint     ] Safepoint synchronization initiated. (187 threads)
[2023-02-23T12:22:16.751+0000][569.622s][info ][safepoint     ] Application time: 1.0013063 seconds
[2023-02-23T12:22:16.752+0000][569.623s][info ][safepoint     ] Entering safepoint region: Cleanup
[2023-02-23T12:22:16.753+0000][569.624s][info ][safepoint     ] Leaving safepoint region
[2023-02-23T12:22:16.754+0000][569.625s][info ][safepoint     ] Total time for which application threads were stopped: 0.0021171 seconds, Stopping threads took: 0.0006648 seconds
[2023-02-23T12:22:17.755+0000][570.625s][debug][safepoint     ] Safepoint synchronization initiated. (187 threads)
[2023-02-23T12:22:17.755+0000][570.626s][info ][safepoint     ] Application time: 1.0008302 seconds
[2023-02-23T12:22:17.756+0000][570.627s][info ][safepoint     ] Entering safepoint region: Cleanup
[2023-02-23T12:22:17.758+0000][570.628s][info ][safepoint     ] Leaving safepoint region
[2023-02-23T12:22:17.758+0000][570.629s][info ][safepoint     ] Total time for which application threads were stopped: 0.0025178 seconds, Stopping threads took: 0.0009249 seconds
[2023-02-23T12:22:18.759+0000][571.630s][debug][safepoint     ] Safepoint synchronization initiated. (187 threads)
[2023-02-23T12:22:18.760+0000][571.631s][info ][safepoint     ] Application time: 1.0012036 seconds
[2023-02-23T12:22:18.761+0000][571.631s][info ][safepoint     ] Entering safepoint region: Cleanup
[2023-02-23T12:22:18.762+0000][571.633s][info ][safepoint     ] Leaving safepoint region
[2023-02-23T12:22:18.763+0000][571.633s][info ][safepoint     ] Total time for which application threads were stopped: 0.0021540 seconds, Stopping threads took: 0.0008323 seconds
[2023-02-23T12:22:19.763+0000][572.634s][debug][safepoint     ] Safepoint synchronization initiated. (187 threads)
[2023-02-23T12:22:19.764+0000][572.635s][info ][safepoint     ] Application time: 1.0007297 seconds
[2023-02-23T12:22:19.764+0000][572.635s][info ][safepoint     ] Entering safepoint region: Cleanup
[2023-02-23T12:22:19.765+0000][572.636s][info ][safepoint     ] Leaving safepoint region
[2023-02-23T12:22:19.766+0000][572.637s][info ][safepoint     ] Total time for which application threads were stopped: 0.0017481 seconds, Stopping threads took: 0.0004806 seconds
[2023-02-23T12:22:20.767+0000][573.638s][debug][safepoint     ] Safepoint synchronization initiated. (187 threads)
[2023-02-23T12:22:20.768+0000][573.639s][info ][safepoint     ] Application time: 1.0015171 seconds
[2023-02-23T12:22:20.769+0000][573.639s][info ][safepoint     ] Entering safepoint region: Cleanup
[2023-02-23T12:22:20.770+0000][573.641s][info ][safepoint     ] Leaving safepoint region
[2023-02-23T12:22:20.771+0000][573.642s][info ][safepoint     ] Total time for which application threads were stopped: 0.0022431 seconds, Stopping threads took: 0.0006453 seconds
[2023-02-23T12:22:21.772+0000][574.642s][debug][safepoint     ] Safepoint synchronization initiated. (187 threads)
[2023-02-23T12:22:21.772+0000][574.643s][info ][safepoint     ] Application time: 1.0009664 seconds
[2023-02-23T12:22:21.774+0000][574.644s][info ][safepoint     ] Entering safepoint region: Cleanup
[2023-02-23T12:22:21.775+0000][574.646s][info ][safepoint     ] Leaving safepoint region
[2023-02-23T12:22:21.776+0000][574.646s][info ][safepoint     ] Total time for which application threads were stopped: 0.0021666 seconds, Stopping threads took: 0.0006055 seconds
[2023-02-23T12:22:22.777+0000][575.647s][debug][safepoint     ] Safepoint synchronization initiated. (187 threads)
[2023-02-23T12:22:22.777+0000][575.648s][info ][safepoint     ] Application time: 1.0009195 seconds
[2023-02-23T12:22:22.778+0000][575.649s][info ][safepoint     ] Entering safepoint region: Cleanup
[2023-02-23T12:22:22.779+0000][575.650s][info ][safepoint     ] Leaving safepoint region
[2023-02-23T12:22:22.780+0000][575.651s][info ][safepoint     ] Total time for which application threads were stopped: 0.0020805 seconds, Stopping threads took: 0.0006931 seconds
[2023-02-23T12:22:26.781+0000][579.652s][debug][safepoint     ] Safepoint synchronization initiated. (187 threads)
[2023-02-23T12:22:26.782+0000][579.653s][info ][safepoint     ] Application time: 4.0015151 seconds
[2023-02-23T12:22:26.783+0000][579.653s][info ][safepoint     ] Entering safepoint region: Cleanup
[2023-02-23T12:22:26.784+0000][579.655s][info ][safepoint     ] Leaving safepoint region
[2023-02-23T12:22:26.785+0000][579.655s][info ][safepoint     ] Total time for which application threads were stopped: 0.0021795 seconds, Stopping threads took: 0.0006073 seconds
[2023-02-23T12:22:49.794+0000][602.663s][debug][safepoint     ] Safepoint synchronization initiated. (186 threads)
[2023-02-23T12:22:49.795+0000][602.664s][info ][safepoint     ] Application time: 23.0084533 seconds
[2023-02-23T12:22:49.795+0000][602.665s][info ][safepoint     ] Entering safepoint region: Cleanup
[2023-02-23T12:22:49.797+0000][602.667s][info ][safepoint     ] Leaving safepoint region
[2023-02-23T12:22:49.798+0000][602.668s][info ][safepoint     ] Total time for which application threads were stopped: 0.0025851 seconds, Stopping threads took: 0.0008680 seconds
[2023-02-23T12:23:14.811+0000][627.682s][debug][safepoint     ] Safepoint synchronization initiated. (186 threads)
[2023-02-23T12:23:14.812+0000][627.683s][info ][safepoint     ] Application time: 25.0143208 seconds
[2023-02-23T12:23:14.813+0000][627.683s][info ][safepoint     ] Entering safepoint region: Cleanup
[2023-02-23T12:23:14.814+0000][627.685s][info ][safepoint     ] Leaving safepoint region
[2023-02-23T12:23:14.815+0000][627.685s][info ][safepoint     ] Total time for which application threads were stopped: 0.0022080 seconds, Stopping threads took: 0.0007313 seconds
[2023-02-23T12:23:26.818+0000][639.688s][debug][safepoint     ] Safepoint synchronization initiated. (186 threads)
[2023-02-23T12:23:26.818+0000][639.689s][info ][safepoint     ] Application time: 12.0031116 seconds
[2023-02-23T12:23:26.819+0000][639.689s][info ][safepoint     ] Entering safepoint region: Cleanup
[2023-02-23T12:23:26.820+0000][639.691s][info ][safepoint     ] Leaving safepoint region
[2023-02-23T12:23:26.821+0000][639.691s][info ][safepoint     ] Total time for which application threads were stopped: 0.0018488 seconds, Stopping threads took: 0.0006294 seconds
[2023-02-23T12:24:06.831+0000][679.702s][debug][safepoint     ] Safepoint synchronization initiated. (185 threads)
[2023-02-23T12:24:06.832+0000][679.703s][info ][safepoint     ] Application time: 40.0111501 seconds
[2023-02-23T12:24:06.833+0000][679.704s][info ][safepoint     ] Entering safepoint region: Cleanup
[2023-02-23T12:24:06.834+0000][679.705s][info ][safepoint     ] Leaving safepoint region
[2023-02-23T12:24:06.835+0000][679.706s][info ][safepoint     ] Total time for which application threads were stopped: 0.0021589 seconds, Stopping threads took: 0.0006801 seconds
[2023-02-23T12:24:56.852+0000][729.722s][debug][safepoint     ] Safepoint synchronization initiated. (184 threads)
[2023-02-23T12:24:56.853+0000][729.723s][info ][safepoint     ] Application time: 50.0170118 seconds
[2023-02-23T12:24:56.853+0000][729.724s][info ][safepoint     ] Entering safepoint region: Cleanup
[2023-02-23T12:24:56.855+0000][729.725s][info ][safepoint     ] Leaving safepoint region
[2023-02-23T12:24:56.855+0000][729.726s][info ][safepoint     ] Total time for which application threads were stopped: 0.0020816 seconds, Stopping threads took: 0.0006471 seconds
[2023-02-23T12:25:05.859+0000][738.730s][debug][safepoint     ] Safepoint synchronization initiated. (184 threads)
[2023-02-23T12:25:05.860+0000][738.730s][info ][safepoint     ] Application time: 9.0039951 seconds
[2023-02-23T12:25:05.860+0000][738.731s][info ][safepoint     ] Entering safepoint region: Cleanup
[2023-02-23T12:25:05.862+0000][738.733s][info ][safepoint     ] Leaving safepoint region
[2023-02-23T12:25:05.863+0000][738.733s][info ][safepoint     ] Total time for which application threads were stopped: 0.0022935 seconds, Stopping threads took: 0.0006135 seconds
[2023-02-23T12:25:09.865+0000][742.735s][debug][safepoint     ] Safepoint synchronization initiated. (184 threads)
[2023-02-23T12:25:09.866+0000][742.736s][info ][safepoint     ] Application time: 4.0026084 seconds
[2023-02-23T12:25:09.866+0000][742.737s][info ][safepoint     ] Entering safepoint region: Cleanup
[2023-02-23T12:25:09.868+0000][742.738s][info ][safepoint     ] Leaving safepoint region
[2023-02-23T12:25:09.868+0000][742.739s][info ][safepoint     ] Total time for which application threads were stopped: 0.0020382 seconds, Stopping threads took: 0.0006161 seconds
[2023-02-23T12:26:26.165+0000][819.036s][debug][safepoint     ] Safepoint synchronization initiated. (184 threads)
[2023-02-23T12:26:26.166+0000][819.036s][info ][safepoint     ] Application time: 76.2967970 seconds
[2023-02-23T12:26:26.167+0000][819.037s][info ][safepoint     ] Entering safepoint region: ThreadDump
[2023-02-23T12:26:26.168+0000][819.038s][info ][safepoint     ] Leaving safepoint region
[2023-02-23T12:26:26.168+0000][819.039s][info ][safepoint     ] Total time for which application threads were stopped: 0.0018878 seconds, Stopping threads took: 0.0006096 seconds
[2023-02-23T12:26:26.170+0000][819.040s][debug][safepoint     ] Safepoint synchronization initiated. (184 threads)
[2023-02-23T12:26:26.171+0000][819.041s][info ][safepoint     ] Application time: 0.0015305 seconds
[2023-02-23T12:26:26.171+0000][819.042s][info ][safepoint     ] Entering safepoint region: ThreadDump
[2023-02-23T12:26:26.173+0000][819.043s][info ][safepoint     ] Leaving safepoint region
[2023-02-23T12:26:26.173+0000][819.044s][info ][safepoint     ] Total time for which application threads were stopped: 0.0017949 seconds, Stopping threads took: 0.0007116 seconds
[2023-02-23T12:26:26.175+0000][819.045s][debug][safepoint     ] Safepoint synchronization initiated. (184 threads)
[2023-02-23T12:26:26.175+0000][819.045s][info ][safepoint     ] Application time: 0.0013055 seconds
[2023-02-23T12:26:26.175+0000][819.046s][info ][safepoint     ] Entering safepoint region: ThreadDump
[2023-02-23T12:26:26.176+0000][819.047s][info ][safepoint     ] Leaving safepoint region
[2023-02-23T12:26:26.177+0000][819.047s][info ][safepoint     ] Total time for which application threads were stopped: 0.0015984 seconds, Stopping threads took: 0.0004779 seconds
[2023-02-23T12:26:26.178+0000][819.048s][debug][safepoint     ] Safepoint synchronization initiated. (184 threads)
[2023-02-23T12:26:26.178+0000][819.048s][info ][safepoint     ] Application time: 0.0006860 seconds
[2023-02-23T12:26:26.179+0000][819.050s][info ][safepoint     ] Entering safepoint region: ThreadDump
[2023-02-23T12:26:26.181+0000][819.051s][info ][safepoint     ] Leaving safepoint region
[2023-02-23T12:26:26.182+0000][819.052s][info ][safepoint     ] Total time for which application threads were stopped: 0.0023473 seconds, Stopping threads took: 0.0008145 seconds
[2023-02-23T12:26:26.183+0000][819.054s][debug][safepoint     ] Safepoint synchronization initiated. (184 threads)
[2023-02-23T12:26:26.184+0000][819.054s][info ][safepoint     ] Application time: 0.0018443 seconds
[2023-02-23T12:26:26.185+0000][819.055s][info ][safepoint     ] Entering safepoint region: ThreadDump
[2023-02-23T12:26:26.186+0000][819.056s][info ][safepoint     ] Leaving safepoint region
[2023-02-23T12:26:26.186+0000][819.057s][info ][safepoint     ] Total time for which application threads were stopped: 0.0016377 seconds, Stopping threads took: 0.0004861 seconds
[2023-02-23T12:26:26.187+0000][819.057s][debug][safepoint     ] Safepoint synchronization initiated. (184 threads)
[2023-02-23T12:26:26.187+0000][819.058s][info ][safepoint     ] Application time: 0.0009424 seconds
[2023-02-23T12:26:26.188+0000][819.059s][info ][safepoint     ] Entering safepoint region: ThreadDump
[2023-02-23T12:26:26.189+0000][819.060s][info ][safepoint     ] Leaving safepoint region
[2023-02-23T12:26:26.190+0000][819.060s][info ][safepoint     ] Total time for which application threads were stopped: 0.0018799 seconds, Stopping threads took: 0.0007047 seconds
[2023-02-23T12:26:26.191+0000][819.061s][debug][safepoint     ] Safepoint synchronization initiated. (184 threads)
[2023-02-23T12:26:26.191+0000][819.062s][info ][safepoint     ] Application time: 0.0011583 seconds
[2023-02-23T12:26:26.192+0000][819.062s][info ][safepoint     ] Entering safepoint region: ThreadDump
[2023-02-23T12:26:26.193+0000][819.063s][info ][safepoint     ] Leaving safepoint region
[2023-02-23T12:26:26.193+0000][819.064s][info ][safepoint     ] Total time for which application threads were stopped: 0.0015086 seconds, Stopping threads took: 0.0004928 seconds
[2023-02-23T12:26:26.194+0000][819.064s][debug][safepoint     ] Safepoint synchronization initiated. (184 threads)
[2023-02-23T12:26:26.194+0000][819.065s][info ][safepoint     ] Application time: 0.0006854 seconds
[2023-02-23T12:26:26.195+0000][819.065s][info ][safepoint     ] Entering safepoint region: ThreadDump
[2023-02-23T12:26:26.195+0000][819.066s][info ][safepoint     ] Leaving safepoint region
[2023-02-23T12:26:26.196+0000][819.066s][info ][safepoint     ] Total time for which application threads were stopped: 0.0011335 seconds, Stopping threads took: 0.0003605 seconds
[2023-02-23T12:26:26.197+0000][819.067s][debug][safepoint     ] Safepoint synchronization initiated. (184 threads)
[2023-02-23T12:26:26.197+0000][819.068s][info ][safepoint     ] Application time: 0.0011301 seconds
[2023-02-23T12:26:26.198+0000][819.068s][info ][safepoint     ] Entering safepoint region: ThreadDump
[2023-02-23T12:26:26.199+0000][819.069s][info ][safepoint     ] Leaving safepoint region
[2023-02-23T12:26:26.199+0000][819.069s][info ][safepoint     ] Total time for which application threads were stopped: 0.0012674 seconds, Stopping threads took: 0.0003498 seconds
[2023-02-23T12:26:26.199+0000][819.070s][debug][safepoint     ] Safepoint synchronization initiated. (184 threads)
[2023-02-23T12:26:26.200+0000][819.070s][info ][safepoint     ] Application time: 0.0005725 seconds
[2023-02-23T12:26:26.200+0000][819.070s][info ][safepoint     ] Entering safepoint region: ThreadDump
[2023-02-23T12:26:26.201+0000][819.071s][info ][safepoint     ] Leaving safepoint region
[2023-02-23T12:26:26.201+0000][819.072s][info ][safepoint     ] Total time for which application threads were stopped: 0.0012584 seconds, Stopping threads took: 0.0003916 seconds
[2023-02-23T12:26:26.202+0000][819.073s][debug][safepoint     ] Safepoint synchronization initiated. (184 threads)
[2023-02-23T12:26:26.202+0000][819.073s][info ][safepoint     ] Application time: 0.0007999 seconds
[2023-02-23T12:26:26.203+0000][819.073s][info ][safepoint     ] Entering safepoint region: ThreadDump
[2023-02-23T12:26:26.204+0000][819.074s][info ][safepoint     ] Leaving safepoint region
[2023-02-23T12:26:26.204+0000][819.074s][info ][safepoint     ] Total time for which application threads were stopped: 0.0011212 seconds, Stopping threads took: 0.0003017 seconds
[2023-02-23T12:26:26.204+0000][819.075s][debug][safepoint     ] Safepoint synchronization initiated. (184 threads)
[2023-02-23T12:26:26.205+0000][819.075s][info ][safepoint     ] Application time: 0.0005854 seconds
[2023-02-23T12:26:26.205+0000][819.075s][info ][safepoint     ] Entering safepoint region: ThreadDump
[2023-02-23T12:26:26.206+0000][819.076s][info ][safepoint     ] Leaving safepoint region
[2023-02-23T12:26:26.206+0000][819.077s][info ][safepoint     ] Total time for which application threads were stopped: 0.0012032 seconds, Stopping threads took: 0.0002959 seconds
[2023-02-23T12:26:26.207+0000][819.078s][debug][safepoint     ] Safepoint synchronization initiated. (184 threads)
[2023-02-23T12:26:26.207+0000][819.078s][info ][safepoint     ] Application time: 0.0007798 seconds
[2023-02-23T12:26:26.208+0000][819.078s][info ][safepoint     ] Entering safepoint region: ThreadDump
[2023-02-23T12:26:26.208+0000][819.079s][info ][safepoint     ] Leaving safepoint region
[2023-02-23T12:26:26.209+0000][819.079s][info ][safepoint     ] Total time for which application threads were stopped: 0.0012230 seconds, Stopping threads took: 0.0003024 seconds
[2023-02-23T12:26:26.209+0000][819.080s][debug][safepoint     ] Safepoint synchronization initiated. (184 threads)
[2023-02-23T12:26:26.210+0000][819.080s][info ][safepoint     ] Application time: 0.0006928 seconds
[2023-02-23T12:26:26.210+0000][819.081s][info ][safepoint     ] Entering safepoint region: ThreadDump
[2023-02-23T12:26:26.211+0000][819.081s][info ][safepoint     ] Leaving safepoint region
[2023-02-23T12:26:26.211+0000][819.082s][info ][safepoint     ] Total time for which application threads were stopped: 0.0011125 seconds, Stopping threads took: 0.0003334 seconds
[2023-02-23T12:26:26.212+0000][819.082s][debug][safepoint     ] Safepoint synchronization initiated. (184 threads)
[2023-02-23T12:26:26.212+0000][819.083s][info ][safepoint     ] Application time: 0.0007479 seconds
[2023-02-23T12:26:26.213+0000][819.083s][info ][safepoint     ] Entering safepoint region: ThreadDump
[2023-02-23T12:26:26.213+0000][819.084s][info ][safepoint     ] Leaving safepoint region
[2023-02-23T12:26:26.214+0000][819.084s][info ][safepoint     ] Total time for which application threads were stopped: 0.0010935 seconds, Stopping threads took: 0.0002918 seconds
[2023-02-23T12:26:26.214+0000][819.085s][debug][safepoint     ] Safepoint synchronization initiated. (184 threads)
[2023-02-23T12:26:26.215+0000][819.085s][info ][safepoint     ] Application time: 0.0006736 seconds
[2023-02-23T12:26:26.215+0000][819.085s][info ][safepoint     ] Entering safepoint region: ThreadDump
[2023-02-23T12:26:26.216+0000][819.086s][info ][safepoint     ] Leaving safepoint region
[2023-02-23T12:26:26.216+0000][819.087s][info ][safepoint     ] Total time for which application threads were stopped: 0.0011349 seconds, Stopping threads took: 0.0003644 seconds
[2023-02-23T12:26:26.217+0000][819.087s][debug][safepoint     ] Safepoint synchronization initiated. (184 threads)
[2023-02-23T12:26:26.217+0000][819.088s][info ][safepoint     ] Application time: 0.0008966 seconds
[2023-02-23T12:26:26.218+0000][819.088s][info ][safepoint     ] Entering safepoint region: ThreadDump
[2023-02-23T12:26:26.218+0000][819.089s][info ][safepoint     ] Leaving safepoint region
[2023-02-23T12:26:26.219+0000][819.089s][info ][safepoint     ] Total time for which application threads were stopped: 0.0012536 seconds, Stopping threads took: 0.0003627 seconds
[2023-02-23T12:26:26.219+0000][819.090s][debug][safepoint     ] Safepoint synchronization initiated. (184 threads)
[2023-02-23T12:26:26.220+0000][819.090s][info ][safepoint     ] Application time: 0.0005940 seconds
[2023-02-23T12:26:26.220+0000][819.091s][info ][safepoint     ] Entering safepoint region: ThreadDump
[2023-02-23T12:26:26.221+0000][819.091s][info ][safepoint     ] Leaving safepoint region
[2023-02-23T12:26:26.221+0000][819.092s][info ][safepoint     ] Total time for which application threads were stopped: 0.0012731 seconds, Stopping threads took: 0.0003840 seconds
[2023-02-23T12:26:26.222+0000][819.093s][debug][safepoint     ] Safepoint synchronization initiated. (184 threads)
[2023-02-23T12:26:26.223+0000][819.093s][info ][safepoint     ] Application time: 0.0009783 seconds
[2023-02-23T12:26:26.224+0000][819.095s][info ][safepoint     ] Entering safepoint region: ThreadDump
[2023-02-23T12:26:26.226+0000][819.096s][info ][safepoint     ] Leaving safepoint region
[2023-02-23T12:26:26.226+0000][819.096s][info ][safepoint     ] Total time for which application threads were stopped: 0.0015897 seconds, Stopping threads took: 0.0004459 seconds
[2023-02-23T12:26:26.227+0000][819.097s][debug][safepoint     ] Safepoint synchronization initiated. (184 threads)
[2023-02-23T12:26:26.227+0000][819.098s][info ][safepoint     ] Application time: 0.0007710 seconds
[2023-02-23T12:26:26.228+0000][819.098s][info ][safepoint     ] Entering safepoint region: ThreadDump
[2023-02-23T12:26:26.229+0000][819.099s][info ][safepoint     ] Leaving safepoint region
[2023-02-23T12:26:26.229+0000][819.099s][info ][safepoint     ] Total time for which application threads were stopped: 0.0013522 seconds, Stopping threads took: 0.0004621 seconds
[2023-02-23T12:26:26.230+0000][819.100s][debug][safepoint     ] Safepoint synchronization initiated. (184 threads)
[2023-02-23T12:26:26.230+0000][819.101s][info ][safepoint     ] Application time: 0.0009851 seconds
[2023-02-23T12:26:26.231+0000][819.101s][info ][safepoint     ] Entering safepoint region: ThreadDump
[2023-02-23T12:26:26.232+0000][819.102s][info ][safepoint     ] Leaving safepoint region
[2023-02-23T12:26:26.232+0000][819.102s][info ][safepoint     ] Total time for which application threads were stopped: 0.0013122 seconds, Stopping threads took: 0.0003094 seconds
[2023-02-23T12:26:26.232+0000][819.103s][debug][safepoint     ] Safepoint synchronization initiated. (184 threads)
[2023-02-23T12:26:26.233+0000][819.103s][info ][safepoint     ] Application time: 0.0004912 seconds
[2023-02-23T12:26:26.233+0000][819.103s][info ][safepoint     ] Entering safepoint region: ThreadDump
[2023-02-23T12:26:26.234+0000][819.104s][info ][safepoint     ] Leaving safepoint region
[2023-02-23T12:26:26.234+0000][819.105s][info ][safepoint     ] Total time for which application threads were stopped: 0.0012184 seconds, Stopping threads took: 0.0003916 seconds
[2023-02-23T12:26:26.235+0000][819.105s][debug][safepoint     ] Safepoint synchronization initiated. (184 threads)
[2023-02-23T12:26:26.235+0000][819.106s][info ][safepoint     ] Application time: 0.0008113 seconds
[2023-02-23T12:26:26.236+0000][819.106s][info ][safepoint     ] Entering safepoint region: ThreadDump
[2023-02-23T12:26:26.236+0000][819.107s][info ][safepoint     ] Leaving safepoint region
[2023-02-23T12:26:26.237+0000][819.107s][info ][safepoint     ] Total time for which application threads were stopped: 0.0013669 seconds, Stopping threads took: 0.0003537 seconds
[2023-02-23T12:26:26.237+0000][819.108s][debug][safepoint     ] Safepoint synchronization initiated. (184 threads)
[2023-02-23T12:26:26.238+0000][819.108s][info ][safepoint     ] Application time: 0.0005536 seconds
[2023-02-23T12:26:26.238+0000][819.109s][info ][safepoint     ] Entering safepoint region: ThreadDump
[2023-02-23T12:26:26.239+0000][819.109s][info ][safepoint     ] Leaving safepoint region
[2023-02-23T12:26:26.239+0000][819.110s][info ][safepoint     ] Total time for which application threads were stopped: 0.0012188 seconds, Stopping threads took: 0.0003332 seconds
[2023-02-23T12:26:26.593+0000][819.464s][info ][gc,heap,exit  ] Heap
[2023-02-23T12:26:26.595+0000][819.466s][info ][gc,heap,exit  ]  garbage-first heap   total 496640K, used 417920K [0x0000000740200000, 0x0000000800000000)
[2023-02-23T12:26:26.596+0000][819.466s][info ][gc,heap,exit  ]   region size 1024K, 286 young (292864K), 16 survivors (16384K)
[2023-02-23T12:26:26.597+0000][819.467s][info ][gc,heap,exit  ]  Metaspace       used 155300K, capacity 160598K, committed 160728K, reserved 1189888K
[2023-02-23T12:26:26.597+0000][819.468s][info ][gc,heap,exit  ]   class space    used 18265K, capacity 20346K, committed 20440K, reserved 1048576K
[2023-02-23T12:26:26.598+0000][819.469s][debug][safepoint     ] Safepoint synchronization initiated. (28 threads)
[2023-02-23T12:26:26.599+0000][819.469s][info ][safepoint     ] Application time: 0.3592931 seconds
[2023-02-23T12:26:26.599+0000][819.470s][info ][safepoint     ] Entering safepoint region: Exit
