[2023-02-09T10:17:37.046+0000][0.058s][info][gc,heap] Heap region size: 1M
[2023-02-09T10:17:37.061+0000][0.072s][info][gc     ] Using G1
[2023-02-09T10:17:37.061+0000][0.073s][info][gc,heap,coops] Heap address: 0x0000000740200000, size: 3070 MB, Compressed Oops mode: Zero based, Oop shift amount: 3
[2023-02-09T10:17:37.066+0000][0.078s][info][gc,cds       ] Mark closed archive regions in map: [0x00000007bfc00000, 0x00000007bfc6aff8]
[2023-02-09T10:17:37.067+0000][0.079s][info][gc,cds       ] Mark open archive regions in map: [0x00000007bf800000, 0x00000007bf847ff8]
[2023-02-09T10:17:37.376+0000][0.388s][debug][safepoint    ] Safepoint synchronization initiated. (10 threads)
[2023-02-09T10:17:37.377+0000][0.389s][info ][safepoint    ] Application time: 0.1149629 seconds
[2023-02-09T10:17:37.377+0000][0.389s][info ][safepoint    ] Entering safepoint region: Deoptimize
[2023-02-09T10:17:37.378+0000][0.389s][info ][safepoint    ] Leaving safepoint region
[2023-02-09T10:17:37.378+0000][0.390s][info ][safepoint    ] Total time for which application threads were stopped: 0.0007582 seconds, Stopping threads took: 0.0002700 seconds
[2023-02-09T10:17:38.378+0000][1.390s][debug][safepoint    ] Safepoint synchronization initiated. (15 threads)
[2023-02-09T10:17:38.379+0000][1.391s][info ][safepoint    ] Application time: 1.0008632 seconds
[2023-02-09T10:17:38.380+0000][1.392s][debug][safepoint    ] Waiting for 1 thread(s) to block
[2023-02-09T10:17:38.381+0000][1.392s][info ][safepoint    ] Entering safepoint region: Cleanup
[2023-02-09T10:17:38.381+0000][1.393s][info ][safepoint    ] Leaving safepoint region
[2023-02-09T10:17:38.382+0000][1.393s][info ][safepoint    ] Total time for which application threads were stopped: 0.0014742 seconds, Stopping threads took: 0.0008671 seconds
[2023-02-09T10:17:38.710+0000][1.722s][debug][safepoint    ] Safepoint synchronization initiated. (19 threads)
[2023-02-09T10:17:38.711+0000][1.722s][info ][safepoint    ] Application time: 0.3289189 seconds
[2023-02-09T10:17:38.711+0000][1.723s][info ][safepoint    ] Entering safepoint region: G1CollectForAllocation
[2023-02-09T10:17:38.712+0000][1.723s][info ][gc,start     ] GC(0) Pause Young (Normal) (G1 Evacuation Pause)
[2023-02-09T10:17:38.713+0000][1.725s][info ][gc,task      ] GC(0) Using 4 workers of 13 for evacuation
[2023-02-09T10:17:38.727+0000][1.739s][info ][gc,phases    ] GC(0)   Pre Evacuate Collection Set: 0.0ms
[2023-02-09T10:17:38.728+0000][1.739s][info ][gc,phases    ] GC(0)   Evacuate Collection Set: 12.2ms
[2023-02-09T10:17:38.728+0000][1.740s][info ][gc,phases    ] GC(0)   Post Evacuate Collection Set: 1.5ms
[2023-02-09T10:17:38.728+0000][1.740s][info ][gc,phases    ] GC(0)   Other: 2.0ms
[2023-02-09T10:17:38.729+0000][1.740s][info ][gc,heap      ] GC(0) Eden regions: 63->0(107)
[2023-02-09T10:17:38.729+0000][1.740s][info ][gc,heap      ] GC(0) Survivor regions: 0->8(8)
[2023-02-09T10:17:38.729+0000][1.741s][info ][gc,heap      ] GC(0) Old regions: 2->2
[2023-02-09T10:17:38.729+0000][1.741s][info ][gc,heap      ] GC(0) Humongous regions: 1->0
[2023-02-09T10:17:38.730+0000][1.741s][info ][gc,metaspace ] GC(0) Metaspace: 2697K->2697K(1056768K)
[2023-02-09T10:17:38.730+0000][1.741s][info ][gc           ] GC(0) Pause Young (Normal) (G1 Evacuation Pause) 64M->8M(194M) 18.070ms
[2023-02-09T10:17:38.730+0000][1.742s][info ][gc,cpu       ] GC(0) User=0.15s Sys=0.00s Real=0.02s
[2023-02-09T10:17:38.730+0000][1.742s][info ][safepoint    ] Leaving safepoint region
[2023-02-09T10:17:38.731+0000][1.742s][info ][safepoint    ] Total time for which application threads were stopped: 0.0195260 seconds, Stopping threads took: 0.0003199 seconds
[2023-02-09T10:17:38.793+0000][1.804s][debug][safepoint    ] Safepoint synchronization initiated. (19 threads)
[2023-02-09T10:17:38.793+0000][1.805s][info ][safepoint    ] Application time: 0.0622934 seconds
[2023-02-09T10:17:38.793+0000][1.805s][info ][safepoint    ] Entering safepoint region: Deoptimize
[2023-02-09T10:17:38.794+0000][1.806s][info ][safepoint    ] Leaving safepoint region
[2023-02-09T10:17:38.794+0000][1.806s][info ][safepoint    ] Total time for which application threads were stopped: 0.0010678 seconds, Stopping threads took: 0.0002628 seconds
[2023-02-09T10:17:38.810+0000][1.821s][debug][safepoint    ] Safepoint synchronization initiated. (19 threads)
[2023-02-09T10:17:38.810+0000][1.822s][info ][safepoint    ] Application time: 0.0154883 seconds
[2023-02-09T10:17:38.811+0000][1.822s][info ][safepoint    ] Entering safepoint region: Deoptimize
[2023-02-09T10:17:38.811+0000][1.823s][info ][safepoint    ] Leaving safepoint region
[2023-02-09T10:17:38.812+0000][1.824s][info ][safepoint    ] Total time for which application threads were stopped: 0.0011200 seconds, Stopping threads took: 0.0003010 seconds
[2023-02-09T10:17:38.979+0000][1.990s][debug][safepoint    ] Safepoint synchronization initiated. (19 threads)
[2023-02-09T10:17:38.979+0000][1.991s][info ][safepoint    ] Application time: 0.1672941 seconds
[2023-02-09T10:17:38.980+0000][1.991s][info ][safepoint    ] Entering safepoint region: Deoptimize
[2023-02-09T10:17:38.981+0000][1.992s][info ][safepoint    ] Leaving safepoint region
[2023-02-09T10:17:38.981+0000][1.992s][info ][safepoint    ] Total time for which application threads were stopped: 0.0010858 seconds, Stopping threads took: 0.0002746 seconds
[2023-02-09T10:17:39.005+0000][2.017s][debug][safepoint    ] Safepoint synchronization initiated. (19 threads)
[2023-02-09T10:17:39.006+0000][2.018s][info ][safepoint    ] Application time: 0.0247372 seconds
[2023-02-09T10:17:39.006+0000][2.018s][info ][safepoint    ] Entering safepoint region: Deoptimize
[2023-02-09T10:17:39.007+0000][2.018s][info ][safepoint    ] Leaving safepoint region
[2023-02-09T10:17:39.007+0000][2.019s][info ][safepoint    ] Total time for which application threads were stopped: 0.0009901 seconds, Stopping threads took: 0.0002382 seconds
[2023-02-09T10:17:39.963+0000][2.974s][debug][safepoint    ] Safepoint synchronization initiated. (19 threads)
[2023-02-09T10:17:39.964+0000][2.975s][info ][safepoint    ] Application time: 0.9562355 seconds
[2023-02-09T10:17:39.964+0000][2.976s][info ][safepoint    ] Entering safepoint region: G1CollectForAllocation
[2023-02-09T10:17:39.965+0000][2.976s][info ][gc,start     ] GC(1) Pause Young (Normal) (G1 Evacuation Pause)
[2023-02-09T10:17:39.965+0000][2.977s][info ][gc,task      ] GC(1) Using 4 workers of 13 for evacuation
[2023-02-09T10:17:39.981+0000][2.992s][info ][gc,phases    ] GC(1)   Pre Evacuate Collection Set: 0.0ms
[2023-02-09T10:17:39.981+0000][2.993s][info ][gc,phases    ] GC(1)   Evacuate Collection Set: 13.5ms
[2023-02-09T10:17:39.981+0000][2.993s][info ][gc,phases    ] GC(1)   Post Evacuate Collection Set: 1.7ms
[2023-02-09T10:17:39.982+0000][2.993s][info ][gc,phases    ] GC(1)   Other: 0.9ms
[2023-02-09T10:17:39.982+0000][2.994s][info ][gc,heap      ] GC(1) Eden regions: 107->0(105)
[2023-02-09T10:17:39.982+0000][2.994s][info ][gc,heap      ] GC(1) Survivor regions: 8->10(15)
[2023-02-09T10:17:39.982+0000][2.994s][info ][gc,heap      ] GC(1) Old regions: 2->2
[2023-02-09T10:17:39.983+0000][2.994s][info ][gc,heap      ] GC(1) Humongous regions: 0->0
[2023-02-09T10:17:39.983+0000][2.995s][info ][gc,metaspace ] GC(1) Metaspace: 7328K->7328K(1056768K)
[2023-02-09T10:17:39.983+0000][2.995s][info ][gc           ] GC(1) Pause Young (Normal) (G1 Evacuation Pause) 115M->10M(194M) 18.481ms
[2023-02-09T10:17:39.983+0000][2.995s][info ][gc,cpu       ] GC(1) User=0.14s Sys=0.00s Real=0.02s
[2023-02-09T10:17:39.984+0000][2.995s][info ][safepoint    ] Leaving safepoint region
[2023-02-09T10:17:39.984+0000][2.995s][info ][safepoint    ] Total time for which application threads were stopped: 0.0199057 seconds, Stopping threads took: 0.0002851 seconds
[2023-02-09T10:17:40.848+0000][3.860s][debug][safepoint    ] Safepoint synchronization initiated. (19 threads)
[2023-02-09T10:17:40.849+0000][3.860s][info ][safepoint    ] Application time: 0.8646683 seconds
[2023-02-09T10:17:40.849+0000][3.861s][info ][safepoint    ] Entering safepoint region: G1CollectForAllocation
[2023-02-09T10:17:40.850+0000][3.862s][info ][gc,start     ] GC(2) Pause Young (Normal) (G1 Evacuation Pause)
[2023-02-09T10:17:40.850+0000][3.862s][info ][gc,task      ] GC(2) Using 4 workers of 13 for evacuation
[2023-02-09T10:17:40.873+0000][3.884s][info ][gc,phases    ] GC(2)   Pre Evacuate Collection Set: 0.0ms
[2023-02-09T10:17:40.873+0000][3.885s][info ][gc,phases    ] GC(2)   Evacuate Collection Set: 19.4ms
[2023-02-09T10:17:40.874+0000][3.885s][info ][gc,phases    ] GC(2)   Post Evacuate Collection Set: 2.3ms
[2023-02-09T10:17:40.874+0000][3.886s][info ][gc,phases    ] GC(2)   Other: 1.0ms
[2023-02-09T10:17:40.875+0000][3.886s][info ][gc,heap      ] GC(2) Eden regions: 105->0(111)
[2023-02-09T10:17:40.875+0000][3.887s][info ][gc,heap      ] GC(2) Survivor regions: 10->4(15)
[2023-02-09T10:17:40.876+0000][3.887s][info ][gc,heap      ] GC(2) Old regions: 2->10
[2023-02-09T10:17:40.876+0000][3.888s][info ][gc,heap      ] GC(2) Humongous regions: 0->0
[2023-02-09T10:17:40.877+0000][3.888s][info ][gc,metaspace ] GC(2) Metaspace: 10989K->10989K(1060864K)
[2023-02-09T10:17:40.877+0000][3.889s][info ][gc           ] GC(2) Pause Young (Normal) (G1 Evacuation Pause) 115M->11M(194M) 26.998ms
[2023-02-09T10:17:40.877+0000][3.889s][info ][gc,cpu       ] GC(2) User=0.11s Sys=0.00s Real=0.03s
[2023-02-09T10:17:40.878+0000][3.890s][info ][safepoint    ] Leaving safepoint region
[2023-02-09T10:17:40.878+0000][3.890s][info ][safepoint    ] Total time for which application threads were stopped: 0.0291113 seconds, Stopping threads took: 0.0003897 seconds
[2023-02-09T10:17:40.879+0000][3.891s][info ][gc,stringdedup] Concurrent String Deduplication (3.891s)
[2023-02-09T10:17:40.893+0000][3.905s][info ][gc,stringdedup] Concurrent String Deduplication 2140.4K->1951.8K(188.6K) avg 7.8% (3.891s, 3.905s) 13.992ms
[2023-02-09T10:17:40.994+0000][4.006s][debug][safepoint     ] Safepoint synchronization initiated. (18 threads)
[2023-02-09T10:17:40.995+0000][4.006s][info ][safepoint     ] Application time: 0.1157934 seconds
[2023-02-09T10:17:40.995+0000][4.007s][info ][safepoint     ] Entering safepoint region: Deoptimize
[2023-02-09T10:17:40.996+0000][4.007s][info ][safepoint     ] Leaving safepoint region
[2023-02-09T10:17:40.996+0000][4.008s][info ][safepoint     ] Total time for which application threads were stopped: 0.0012319 seconds, Stopping threads took: 0.0003018 seconds
[2023-02-09T10:17:41.145+0000][4.157s][debug][safepoint     ] Safepoint synchronization initiated. (18 threads)
[2023-02-09T10:17:41.146+0000][4.158s][info ][safepoint     ] Application time: 0.1496252 seconds
[2023-02-09T10:17:41.146+0000][4.158s][info ][safepoint     ] Entering safepoint region: ICBufferFull
[2023-02-09T10:17:41.147+0000][4.159s][info ][safepoint     ] Leaving safepoint region
[2023-02-09T10:17:41.147+0000][4.159s][info ][safepoint     ] Total time for which application threads were stopped: 0.0009008 seconds, Stopping threads took: 0.0003524 seconds
[2023-02-09T10:17:41.655+0000][4.667s][debug][safepoint     ] Safepoint synchronization initiated. (18 threads)
[2023-02-09T10:17:41.655+0000][4.667s][info ][safepoint     ] Application time: 0.5078696 seconds
[2023-02-09T10:17:41.656+0000][4.668s][info ][safepoint     ] Entering safepoint region: G1CollectForAllocation
[2023-02-09T10:17:41.657+0000][4.669s][info ][gc,start      ] GC(3) Pause Young (Normal) (G1 Evacuation Pause)
[2023-02-09T10:17:41.658+0000][4.669s][info ][gc,task       ] GC(3) Using 4 workers of 13 for evacuation
[2023-02-09T10:17:41.669+0000][4.681s][info ][gc,phases     ] GC(3)   Pre Evacuate Collection Set: 0.0ms
[2023-02-09T10:17:41.670+0000][4.681s][info ][gc,phases     ] GC(3)   Evacuate Collection Set: 7.9ms
[2023-02-09T10:17:41.670+0000][4.682s][info ][gc,phases     ] GC(3)   Post Evacuate Collection Set: 2.9ms
[2023-02-09T10:17:41.670+0000][4.682s][info ][gc,phases     ] GC(3)   Other: 1.4ms
[2023-02-09T10:17:41.671+0000][4.682s][info ][gc,heap       ] GC(3) Eden regions: 111->0(109)
[2023-02-09T10:17:41.671+0000][4.683s][info ][gc,heap       ] GC(3) Survivor regions: 4->6(15)
[2023-02-09T10:17:41.671+0000][4.683s][info ][gc,heap       ] GC(3) Old regions: 10->10
[2023-02-09T10:17:41.672+0000][4.683s][info ][gc,heap       ] GC(3) Humongous regions: 0->0
[2023-02-09T10:17:41.672+0000][4.684s][info ][gc,metaspace  ] GC(3) Metaspace: 15002K->15002K(1062912K)
[2023-02-09T10:17:41.672+0000][4.684s][info ][gc            ] GC(3) Pause Young (Normal) (G1 Evacuation Pause) 122M->13M(194M) 15.154ms
[2023-02-09T10:17:41.673+0000][4.684s][info ][gc,cpu        ] GC(3) User=0.11s Sys=0.00s Real=0.02s
[2023-02-09T10:17:41.673+0000][4.684s][info ][safepoint     ] Leaving safepoint region
[2023-02-09T10:17:41.673+0000][4.685s][info ][safepoint     ] Total time for which application threads were stopped: 0.0170718 seconds, Stopping threads took: 0.0005044 seconds
[2023-02-09T10:17:41.674+0000][4.685s][info ][gc,stringdedup] Concurrent String Deduplication (4.685s)
[2023-02-09T10:17:41.677+0000][4.689s][info ][gc,stringdedup] Concurrent String Deduplication 160.8K->50800.0B(111.1K) avg 11.7% (4.685s, 4.689s) 3.508ms
[2023-02-09T10:17:41.927+0000][4.938s][debug][safepoint     ] Safepoint synchronization initiated. (18 threads)
[2023-02-09T10:17:41.927+0000][4.939s][info ][safepoint     ] Application time: 0.2536419 seconds
[2023-02-09T10:17:41.928+0000][4.939s][info ][safepoint     ] Entering safepoint region: Deoptimize
[2023-02-09T10:17:41.929+0000][4.940s][info ][safepoint     ] Leaving safepoint region
[2023-02-09T10:17:41.929+0000][4.941s][info ][safepoint     ] Total time for which application threads were stopped: 0.0014422 seconds, Stopping threads took: 0.0004404 seconds
[2023-02-09T10:17:41.968+0000][4.980s][debug][safepoint     ] Safepoint synchronization initiated. (18 threads)
[2023-02-09T10:17:41.969+0000][4.981s][info ][safepoint     ] Application time: 0.0395638 seconds
[2023-02-09T10:17:41.969+0000][4.981s][debug][safepoint     ] Waiting for 1 thread(s) to block
[2023-02-09T10:17:41.971+0000][4.982s][info ][safepoint     ] Entering safepoint region: G1CollectForAllocation
[2023-02-09T10:17:41.971+0000][4.983s][info ][gc,start      ] GC(4) Pause Young (Normal) (G1 Evacuation Pause)
[2023-02-09T10:17:41.972+0000][4.983s][info ][gc,task       ] GC(4) Using 4 workers of 13 for evacuation
[2023-02-09T10:17:41.982+0000][4.993s][info ][gc,phases     ] GC(4)   Pre Evacuate Collection Set: 0.0ms
[2023-02-09T10:17:41.982+0000][4.994s][info ][gc,phases     ] GC(4)   Evacuate Collection Set: 6.6ms
[2023-02-09T10:17:41.983+0000][4.994s][info ][gc,phases     ] GC(4)   Post Evacuate Collection Set: 3.2ms
[2023-02-09T10:17:41.983+0000][4.995s][info ][gc,phases     ] GC(4)   Other: 0.8ms
[2023-02-09T10:17:41.984+0000][4.995s][info ][gc,heap       ] GC(4) Eden regions: 109->0(133)
[2023-02-09T10:17:41.984+0000][4.996s][info ][gc,heap       ] GC(4) Survivor regions: 6->6(15)
[2023-02-09T10:17:41.984+0000][4.996s][info ][gc,heap       ] GC(4) Old regions: 10->10
[2023-02-09T10:17:41.985+0000][4.996s][info ][gc,heap       ] GC(4) Humongous regions: 0->0
[2023-02-09T10:17:41.985+0000][4.997s][info ][gc,metaspace  ] GC(4) Metaspace: 17531K->17531K(1064960K)
[2023-02-09T10:17:41.986+0000][4.997s][info ][gc            ] GC(4) Pause Young (Normal) (G1 Evacuation Pause) 122M->14M(233M) 14.392ms
[2023-02-09T10:17:41.986+0000][4.998s][info ][gc,cpu        ] GC(4) User=0.04s Sys=0.00s Real=0.02s
[2023-02-09T10:17:41.986+0000][4.998s][info ][safepoint     ] Leaving safepoint region
[2023-02-09T10:17:41.987+0000][4.998s][info ][safepoint     ] Total time for which application threads were stopped: 0.0174748 seconds, Stopping threads took: 0.0016221 seconds
[2023-02-09T10:17:41.987+0000][4.999s][info ][gc,stringdedup] Concurrent String Deduplication (4.999s)
[2023-02-09T10:17:41.989+0000][5.001s][info ][gc,stringdedup] Concurrent String Deduplication 100.7K->32736.0B(70424.0B) avg 13.8% (4.999s, 5.001s) 2.001ms
[2023-02-09T10:17:42.138+0000][5.149s][debug][safepoint     ] Safepoint synchronization initiated. (18 threads)
[2023-02-09T10:17:42.138+0000][5.150s][info ][safepoint     ] Application time: 0.1508425 seconds
[2023-02-09T10:17:42.138+0000][5.150s][info ][safepoint     ] Entering safepoint region: Deoptimize
[2023-02-09T10:17:42.139+0000][5.151s][info ][safepoint     ] Leaving safepoint region
[2023-02-09T10:17:42.140+0000][5.151s][info ][safepoint     ] Total time for which application threads were stopped: 0.0012197 seconds, Stopping threads took: 0.0002838 seconds
[2023-02-09T10:17:42.421+0000][5.433s][debug][safepoint     ] Safepoint synchronization initiated. (18 threads)
[2023-02-09T10:17:42.421+0000][5.433s][info ][safepoint     ] Application time: 0.2815032 seconds
[2023-02-09T10:17:42.422+0000][5.433s][info ][safepoint     ] Entering safepoint region: CollectForMetadataAllocation
[2023-02-09T10:17:42.422+0000][5.434s][info ][gc,start      ] GC(5) Pause Young (Concurrent Start) (Metadata GC Threshold)
[2023-02-09T10:17:42.423+0000][5.435s][info ][gc,task       ] GC(5) Using 5 workers of 13 for evacuation
[2023-02-09T10:17:42.435+0000][5.447s][info ][gc,phases     ] GC(5)   Pre Evacuate Collection Set: 0.1ms
[2023-02-09T10:17:42.436+0000][5.447s][info ][gc,phases     ] GC(5)   Evacuate Collection Set: 9.6ms
[2023-02-09T10:17:42.436+0000][5.447s][info ][gc,phases     ] GC(5)   Post Evacuate Collection Set: 1.6ms
[2023-02-09T10:17:42.436+0000][5.448s][info ][gc,phases     ] GC(5)   Other: 1.4ms
[2023-02-09T10:17:42.436+0000][5.448s][info ][gc,heap       ] GC(5) Eden regions: 67->0(130)
[2023-02-09T10:17:42.436+0000][5.448s][info ][gc,heap       ] GC(5) Survivor regions: 6->7(18)
[2023-02-09T10:17:42.437+0000][5.448s][info ][gc,heap       ] GC(5) Old regions: 10->10
[2023-02-09T10:17:42.437+0000][5.449s][info ][gc,heap       ] GC(5) Humongous regions: 0->0
[2023-02-09T10:17:42.437+0000][5.449s][info ][gc,metaspace  ] GC(5) Metaspace: 20485K->20485K(1067008K)
[2023-02-09T10:17:42.437+0000][5.449s][info ][gc            ] GC(5) Pause Young (Concurrent Start) (Metadata GC Threshold) 81M->14M(233M) 14.879ms
[2023-02-09T10:17:42.438+0000][5.449s][info ][gc,cpu        ] GC(5) User=0.07s Sys=0.00s Real=0.01s
[2023-02-09T10:17:42.438+0000][5.450s][info ][gc            ] GC(6) Concurrent Cycle
[2023-02-09T10:17:42.438+0000][5.450s][info ][safepoint     ] Leaving safepoint region
[2023-02-09T10:17:42.438+0000][5.450s][info ][gc,marking    ] GC(6) Concurrent Clear Claimed Marks
[2023-02-09T10:17:42.439+0000][5.451s][info ][safepoint     ] Total time for which application threads were stopped: 0.0171094 seconds, Stopping threads took: 0.0003064 seconds
[2023-02-09T10:17:42.439+0000][5.451s][info ][gc,marking    ] GC(6) Concurrent Clear Claimed Marks 0.858ms
[2023-02-09T10:17:42.440+0000][5.452s][info ][gc,marking    ] GC(6) Concurrent Scan Root Regions
[2023-02-09T10:17:42.440+0000][5.451s][info ][gc,stringdedup] Concurrent String Deduplication (5.451s)
[2023-02-09T10:17:42.444+0000][5.455s][info ][gc,stringdedup] Concurrent String Deduplication 170.0K->109.7K(61744.0B) avg 15.1% (5.451s, 5.455s) 3.974ms
[2023-02-09T10:17:42.445+0000][5.457s][info ][gc,marking    ] GC(6) Concurrent Scan Root Regions 4.897ms
[2023-02-09T10:17:42.446+0000][5.457s][info ][gc,marking    ] GC(6) Concurrent Mark (5.457s)
[2023-02-09T10:17:42.446+0000][5.458s][info ][gc,marking    ] GC(6) Concurrent Mark From Roots
[2023-02-09T10:17:42.447+0000][5.458s][info ][gc,task       ] GC(6) Using 3 workers of 3 for marking
[2023-02-09T10:17:42.454+0000][5.465s][info ][gc,marking    ] GC(6) Concurrent Mark From Roots 7.455ms
[2023-02-09T10:17:42.454+0000][5.466s][info ][gc,marking    ] GC(6) Concurrent Preclean
[2023-02-09T10:17:42.455+0000][5.466s][info ][gc,marking    ] GC(6) Concurrent Preclean 0.533ms
[2023-02-09T10:17:42.455+0000][5.467s][info ][gc,marking    ] GC(6) Concurrent Mark (5.457s, 5.467s) 9.445ms
[2023-02-09T10:17:42.456+0000][5.467s][debug][safepoint     ] Safepoint synchronization initiated. (18 threads)
[2023-02-09T10:17:42.456+0000][5.468s][info ][safepoint     ] Application time: 0.0166340 seconds
[2023-02-09T10:17:42.457+0000][5.469s][debug][safepoint     ] ... found polling page return exception at pc = 0x00007fea045974df, stub =0x00007fe9fc85a800
[2023-02-09T10:17:42.457+0000][5.469s][debug][safepoint     ] Waiting for 2 thread(s) to block
[2023-02-09T10:17:42.458+0000][5.469s][info ][safepoint     ] Entering safepoint region: CGC_Operation
[2023-02-09T10:17:42.458+0000][5.470s][info ][gc,start      ] GC(6) Pause Remark
[2023-02-09T10:17:42.462+0000][5.474s][info ][gc,stringtable] GC(6) Cleaned string and symbol table, strings: 8110 processed, 6 removed, symbols: 55134 processed, 114 removed
[2023-02-09T10:17:42.463+0000][5.475s][info ][gc            ] GC(6) Pause Remark 17M->17M(233M) 4.766ms
[2023-02-09T10:17:42.463+0000][5.475s][info ][gc,cpu        ] GC(6) User=0.05s Sys=0.00s Real=0.01s
[2023-02-09T10:17:42.464+0000][5.475s][info ][safepoint     ] Leaving safepoint region
[2023-02-09T10:17:42.464+0000][5.476s][info ][safepoint     ] Total time for which application threads were stopped: 0.0070162 seconds, Stopping threads took: 0.0011923 seconds
[2023-02-09T10:17:42.464+0000][5.476s][info ][gc,marking    ] GC(6) Concurrent Rebuild Remembered Sets
[2023-02-09T10:17:42.468+0000][5.479s][info ][gc,marking    ] GC(6) Concurrent Rebuild Remembered Sets 3.280ms
[2023-02-09T10:17:42.468+0000][5.480s][debug][safepoint     ] Safepoint synchronization initiated. (18 threads)
[2023-02-09T10:17:42.468+0000][5.480s][info ][safepoint     ] Application time: 0.0042968 seconds
[2023-02-09T10:17:42.469+0000][5.480s][debug][safepoint     ] Waiting for 2 thread(s) to block
[2023-02-09T10:17:42.469+0000][5.481s][info ][safepoint     ] Entering safepoint region: CGC_Operation
[2023-02-09T10:17:42.470+0000][5.481s][info ][gc,start      ] GC(6) Pause Cleanup
[2023-02-09T10:17:42.470+0000][5.482s][info ][gc            ] GC(6) Pause Cleanup 18M->18M(233M) 0.519ms
[2023-02-09T10:17:42.471+0000][5.482s][info ][gc,cpu        ] GC(6) User=0.00s Sys=0.00s Real=0.00s
[2023-02-09T10:17:42.471+0000][5.483s][info ][safepoint     ] Leaving safepoint region
[2023-02-09T10:17:42.471+0000][5.483s][info ][safepoint     ] Total time for which application threads were stopped: 0.0022836 seconds, Stopping threads took: 0.0007538 seconds
[2023-02-09T10:17:42.471+0000][5.483s][info ][gc,marking    ] GC(6) Concurrent Cleanup for Next Mark
[2023-02-09T10:17:42.475+0000][5.486s][info ][gc,marking    ] GC(6) Concurrent Cleanup for Next Mark 3.133ms
[2023-02-09T10:17:42.475+0000][5.487s][info ][gc            ] GC(6) Concurrent Cycle 37.161ms
[2023-02-09T10:17:42.861+0000][5.872s][debug][safepoint     ] Safepoint synchronization initiated. (18 threads)
[2023-02-09T10:17:42.861+0000][5.873s][info ][safepoint     ] Application time: 0.3898516 seconds
[2023-02-09T10:17:42.862+0000][5.873s][info ][safepoint     ] Entering safepoint region: Deoptimize
[2023-02-09T10:17:42.863+0000][5.874s][info ][safepoint     ] Leaving safepoint region
[2023-02-09T10:17:42.863+0000][5.875s][info ][safepoint     ] Total time for which application threads were stopped: 0.0017442 seconds, Stopping threads took: 0.0002755 seconds
[2023-02-09T10:17:43.097+0000][6.109s][debug][safepoint     ] Safepoint synchronization initiated. (18 threads)
[2023-02-09T10:17:43.098+0000][6.110s][info ][safepoint     ] Application time: 0.2344911 seconds
[2023-02-09T10:17:43.099+0000][6.110s][debug][safepoint     ] Waiting for 2 thread(s) to block
[2023-02-09T10:17:43.099+0000][6.111s][info ][safepoint     ] Entering safepoint region: G1CollectForAllocation
[2023-02-09T10:17:43.100+0000][6.111s][info ][gc,start      ] GC(7) Pause Young (Normal) (G1 Evacuation Pause)
[2023-02-09T10:17:43.100+0000][6.112s][info ][gc,task       ] GC(7) Using 5 workers of 13 for evacuation
[2023-02-09T10:17:43.112+0000][6.124s][info ][gc,phases     ] GC(7)   Pre Evacuate Collection Set: 0.0ms
[2023-02-09T10:17:43.113+0000][6.124s][info ][gc,phases     ] GC(7)   Evacuate Collection Set: 9.4ms
[2023-02-09T10:17:43.113+0000][6.125s][info ][gc,phases     ] GC(7)   Post Evacuate Collection Set: 2.2ms
[2023-02-09T10:17:43.113+0000][6.125s][info ][gc,phases     ] GC(7)   Other: 0.7ms
[2023-02-09T10:17:43.113+0000][6.125s][info ][gc,heap       ] GC(7) Eden regions: 130->0(129)
[2023-02-09T10:17:43.114+0000][6.125s][info ][gc,heap       ] GC(7) Survivor regions: 7->10(18)
[2023-02-09T10:17:43.114+0000][6.126s][info ][gc,heap       ] GC(7) Old regions: 10->10
[2023-02-09T10:17:43.114+0000][6.126s][info ][gc,heap       ] GC(7) Humongous regions: 0->0
[2023-02-09T10:17:43.114+0000][6.126s][info ][gc,metaspace  ] GC(7) Metaspace: 23995K->23995K(1071104K)
[2023-02-09T10:17:43.115+0000][6.126s][info ][gc            ] GC(7) Pause Young (Normal) (G1 Evacuation Pause) 144M->17M(233M) 14.787ms
[2023-02-09T10:17:43.115+0000][6.127s][info ][gc,cpu        ] GC(7) User=0.12s Sys=0.00s Real=0.02s
[2023-02-09T10:17:43.115+0000][6.127s][info ][safepoint     ] Leaving safepoint region
[2023-02-09T10:17:43.115+0000][6.127s][info ][safepoint     ] Total time for which application threads were stopped: 0.0165521 seconds, Stopping threads took: 0.0007965 seconds
[2023-02-09T10:17:43.116+0000][6.127s][info ][gc,stringdedup] Concurrent String Deduplication (6.127s)
[2023-02-09T10:17:43.117+0000][6.129s][info ][gc,stringdedup] Concurrent String Deduplication 115.6K->17040.0B(101296.0B) avg 17.8% (6.127s, 6.129s) 1.651ms
[2023-02-09T10:17:43.557+0000][6.569s][debug][safepoint     ] Safepoint synchronization initiated. (18 threads)
[2023-02-09T10:17:43.558+0000][6.569s][info ][safepoint     ] Application time: 0.4422682 seconds
[2023-02-09T10:17:43.558+0000][6.570s][debug][safepoint     ] Waiting for 1 thread(s) to block
[2023-02-09T10:17:43.559+0000][6.570s][info ][safepoint     ] Entering safepoint region: G1CollectForAllocation
[2023-02-09T10:17:43.559+0000][6.571s][info ][gc,start      ] GC(8) Pause Young (Normal) (G1 Evacuation Pause)
[2023-02-09T10:17:43.560+0000][6.571s][info ][gc,task       ] GC(8) Using 5 workers of 13 for evacuation
[2023-02-09T10:17:43.570+0000][6.582s][info ][gc,phases     ] GC(8)   Pre Evacuate Collection Set: 0.0ms
[2023-02-09T10:17:43.570+0000][6.582s][info ][gc,phases     ] GC(8)   Evacuate Collection Set: 7.6ms
[2023-02-09T10:17:43.571+0000][6.582s][info ][gc,phases     ] GC(8)   Post Evacuate Collection Set: 2.3ms
[2023-02-09T10:17:43.571+0000][6.583s][info ][gc,phases     ] GC(8)   Other: 0.8ms
[2023-02-09T10:17:43.571+0000][6.583s][info ][gc,heap       ] GC(8) Eden regions: 129->0(128)
[2023-02-09T10:17:43.571+0000][6.583s][info ][gc,heap       ] GC(8) Survivor regions: 10->11(18)
[2023-02-09T10:17:43.572+0000][6.583s][info ][gc,heap       ] GC(8) Old regions: 10->10
[2023-02-09T10:17:43.572+0000][6.584s][info ][gc,heap       ] GC(8) Humongous regions: 0->0
[2023-02-09T10:17:43.572+0000][6.584s][info ][gc,metaspace  ] GC(8) Metaspace: 25343K->25343K(1073152K)
[2023-02-09T10:17:43.573+0000][6.584s][info ][gc            ] GC(8) Pause Young (Normal) (G1 Evacuation Pause) 146M->19M(233M) 13.463ms
[2023-02-09T10:17:43.573+0000][6.585s][info ][gc,cpu        ] GC(8) User=0.09s Sys=0.00s Real=0.02s
[2023-02-09T10:17:43.573+0000][6.585s][info ][safepoint     ] Leaving safepoint region
[2023-02-09T10:17:43.574+0000][6.585s][info ][safepoint     ] Total time for which application threads were stopped: 0.0153334 seconds, Stopping threads took: 0.0007082 seconds
[2023-02-09T10:17:43.574+0000][6.586s][info ][gc,stringdedup] Concurrent String Deduplication (6.585s)
[2023-02-09T10:17:43.576+0000][6.587s][info ][gc,stringdedup] Concurrent String Deduplication 219.1K->167.5K(52912.0B) avg 18.2% (6.585s, 6.587s) 1.652ms
[2023-02-09T10:17:43.768+0000][6.780s][debug][safepoint     ] Safepoint synchronization initiated. (18 threads)
[2023-02-09T10:17:43.769+0000][6.780s][info ][safepoint     ] Application time: 0.1947859 seconds
[2023-02-09T10:17:43.769+0000][6.781s][info ][safepoint     ] Entering safepoint region: G1CollectForAllocation
[2023-02-09T10:17:43.770+0000][6.782s][info ][gc,start      ] GC(9) Pause Young (Normal) (G1 Evacuation Pause)
[2023-02-09T10:17:43.770+0000][6.782s][info ][gc,task       ] GC(9) Using 5 workers of 13 for evacuation
[2023-02-09T10:17:43.781+0000][6.793s][info ][gc,phases     ] GC(9)   Pre Evacuate Collection Set: 0.0ms
[2023-02-09T10:17:43.782+0000][6.793s][info ][gc,phases     ] GC(9)   Evacuate Collection Set: 8.5ms
[2023-02-09T10:17:43.782+0000][6.794s][info ][gc,phases     ] GC(9)   Post Evacuate Collection Set: 2.1ms
[2023-02-09T10:17:43.782+0000][6.794s][info ][gc,phases     ] GC(9)   Other: 0.8ms
[2023-02-09T10:17:43.783+0000][6.794s][info ][gc,heap       ] GC(9) Eden regions: 128->0(158)
[2023-02-09T10:17:43.783+0000][6.795s][info ][gc,heap       ] GC(9) Survivor regions: 11->10(18)
[2023-02-09T10:17:43.783+0000][6.795s][info ][gc,heap       ] GC(9) Old regions: 10->11
[2023-02-09T10:17:43.783+0000][6.795s][info ][gc,heap       ] GC(9) Humongous regions: 0->0
[2023-02-09T10:17:43.784+0000][6.795s][info ][gc,metaspace  ] GC(9) Metaspace: 25680K->25680K(1073152K)
[2023-02-09T10:17:43.784+0000][6.796s][info ][gc            ] GC(9) Pause Young (Normal) (G1 Evacuation Pause) 147M->19M(280M) 14.057ms
[2023-02-09T10:17:43.784+0000][6.796s][info ][gc,cpu        ] GC(9) User=0.07s Sys=0.00s Real=0.02s
[2023-02-09T10:17:43.785+0000][6.796s][info ][safepoint     ] Leaving safepoint region
[2023-02-09T10:17:43.785+0000][6.796s][info ][safepoint     ] Total time for which application threads were stopped: 0.0157068 seconds, Stopping threads took: 0.0004971 seconds
[2023-02-09T10:17:43.785+0000][6.797s][info ][gc,stringdedup] Concurrent String Deduplication (6.797s)
[2023-02-09T10:17:43.791+0000][6.803s][info ][gc,stringdedup] Concurrent String Deduplication 856.0K->380.4K(475.6K) avg 26.2% (6.797s, 6.803s) 5.787ms
[2023-02-09T10:17:44.023+0000][7.034s][debug][safepoint     ] Safepoint synchronization initiated. (17 threads)
[2023-02-09T10:17:44.023+0000][7.035s][info ][safepoint     ] Application time: 0.2382143 seconds
[2023-02-09T10:17:44.023+0000][7.035s][info ][safepoint     ] Entering safepoint region: G1CollectForAllocation
[2023-02-09T10:17:44.024+0000][7.036s][info ][gc,start      ] GC(10) Pause Young (Normal) (G1 Evacuation Pause)
[2023-02-09T10:17:44.024+0000][7.036s][info ][gc,task       ] GC(10) Using 6 workers of 13 for evacuation
[2023-02-09T10:17:44.037+0000][7.049s][info ][gc,phases     ] GC(10)   Pre Evacuate Collection Set: 0.0ms
[2023-02-09T10:17:44.037+0000][7.049s][info ][gc,phases     ] GC(10)   Evacuate Collection Set: 9.6ms
[2023-02-09T10:17:44.038+0000][7.049s][info ][gc,phases     ] GC(10)   Post Evacuate Collection Set: 2.5ms
[2023-02-09T10:17:44.038+0000][7.049s][info ][gc,phases     ] GC(10)   Other: 1.0ms
[2023-02-09T10:17:44.038+0000][7.050s][info ][gc,heap       ] GC(10) Eden regions: 158->0(158)
[2023-02-09T10:17:44.038+0000][7.050s][info ][gc,heap       ] GC(10) Survivor regions: 10->10(21)
[2023-02-09T10:17:44.039+0000][7.050s][info ][gc,heap       ] GC(10) Old regions: 11->11
[2023-02-09T10:17:44.039+0000][7.050s][info ][gc,heap       ] GC(10) Humongous regions: 0->0
[2023-02-09T10:17:44.039+0000][7.051s][info ][gc,metaspace  ] GC(10) Metaspace: 25686K->25686K(1073152K)
[2023-02-09T10:17:44.039+0000][7.051s][info ][gc            ] GC(10) Pause Young (Normal) (G1 Evacuation Pause) 177M->18M(280M) 15.406ms
[2023-02-09T10:17:44.040+0000][7.051s][info ][gc,cpu        ] GC(10) User=0.08s Sys=0.00s Real=0.01s
[2023-02-09T10:17:44.040+0000][7.051s][info ][safepoint     ] Leaving safepoint region
[2023-02-09T10:17:44.040+0000][7.052s][info ][safepoint     ] Total time for which application threads were stopped: 0.0165621 seconds, Stopping threads took: 0.0002276 seconds
[2023-02-09T10:17:44.040+0000][7.052s][info ][gc,stringdedup] Concurrent String Deduplication (7.052s)
[2023-02-09T10:17:44.043+0000][7.055s][info ][gc,stringdedup] Concurrent String Deduplication 865.2K->39928.0B(826.3K) avg 38.4% (7.052s, 7.055s) 3.122ms
[2023-02-09T10:17:44.738+0000][7.750s][debug][safepoint     ] Safepoint synchronization initiated. (13 threads)
[2023-02-09T10:17:44.739+0000][7.751s][info ][safepoint     ] Application time: 0.6986185 seconds
[2023-02-09T10:17:44.739+0000][7.751s][info ][safepoint     ] Entering safepoint region: ICBufferFull
[2023-02-09T10:17:44.740+0000][7.752s][info ][safepoint     ] Leaving safepoint region
[2023-02-09T10:17:44.741+0000][7.752s][info ][safepoint     ] Total time for which application threads were stopped: 0.0012079 seconds, Stopping threads took: 0.0004334 seconds
[2023-02-09T10:17:44.803+0000][7.815s][debug][safepoint     ] Safepoint synchronization initiated. (13 threads)
[2023-02-09T10:17:44.803+0000][7.815s][info ][safepoint     ] Application time: 0.0624676 seconds
[2023-02-09T10:17:44.804+0000][7.816s][info ][safepoint     ] Entering safepoint region: G1CollectForAllocation
[2023-02-09T10:17:44.805+0000][7.816s][info ][gc,start      ] GC(11) Pause Young (Normal) (G1 Evacuation Pause)
[2023-02-09T10:17:44.805+0000][7.817s][info ][gc,task       ] GC(11) Using 6 workers of 13 for evacuation
[2023-02-09T10:17:44.815+0000][7.827s][info ][gc,phases     ] GC(11)   Pre Evacuate Collection Set: 0.0ms
[2023-02-09T10:17:44.815+0000][7.827s][info ][gc,phases     ] GC(11)   Evacuate Collection Set: 7.1ms
[2023-02-09T10:17:44.816+0000][7.828s][info ][gc,phases     ] GC(11)   Post Evacuate Collection Set: 2.3ms
[2023-02-09T10:17:44.816+0000][7.828s][info ][gc,phases     ] GC(11)   Other: 0.9ms
[2023-02-09T10:17:44.817+0000][7.828s][info ][gc,heap       ] GC(11) Eden regions: 158->0(158)
[2023-02-09T10:17:44.817+0000][7.829s][info ][gc,heap       ] GC(11) Survivor regions: 10->10(21)
[2023-02-09T10:17:44.817+0000][7.829s][info ][gc,heap       ] GC(11) Old regions: 11->11
[2023-02-09T10:17:44.818+0000][7.829s][info ][gc,heap       ] GC(11) Humongous regions: 0->0
[2023-02-09T10:17:44.818+0000][7.830s][info ][gc,metaspace  ] GC(11) Metaspace: 28129K->28129K(1075200K)
[2023-02-09T10:17:44.818+0000][7.830s][info ][gc            ] GC(11) Pause Young (Normal) (G1 Evacuation Pause) 176M->19M(280M) 13.708ms
[2023-02-09T10:17:44.819+0000][7.830s][info ][gc,cpu        ] GC(11) User=0.07s Sys=0.00s Real=0.01s
[2023-02-09T10:17:44.819+0000][7.831s][info ][safepoint     ] Leaving safepoint region
[2023-02-09T10:17:44.820+0000][7.831s][info ][safepoint     ] Total time for which application threads were stopped: 0.0156933 seconds, Stopping threads took: 0.0004414 seconds
[2023-02-09T10:17:44.820+0000][7.832s][info ][gc,stringdedup] Concurrent String Deduplication (7.832s)
[2023-02-09T10:17:44.821+0000][7.832s][info ][gc,stringdedup] Concurrent String Deduplication 37968.0B->6712.0B(31256.0B) avg 38.7% (7.832s, 7.832s) 0.683ms
[2023-02-09T10:17:45.044+0000][8.055s][debug][safepoint     ] Safepoint synchronization initiated. (13 threads)
[2023-02-09T10:17:45.044+0000][8.056s][info ][safepoint     ] Application time: 0.2244872 seconds
[2023-02-09T10:17:45.045+0000][8.057s][info ][safepoint     ] Entering safepoint region: Deoptimize
[2023-02-09T10:17:45.047+0000][8.058s][info ][safepoint     ] Leaving safepoint region
[2023-02-09T10:17:45.047+0000][8.059s][info ][safepoint     ] Total time for which application threads were stopped: 0.0022734 seconds, Stopping threads took: 0.0005206 seconds
[2023-02-09T10:17:45.461+0000][8.473s][debug][safepoint     ] Safepoint synchronization initiated. (13 threads)
[2023-02-09T10:17:45.461+0000][8.473s][info ][safepoint     ] Application time: 0.4137966 seconds
[2023-02-09T10:17:45.462+0000][8.474s][info ][safepoint     ] Entering safepoint region: G1CollectForAllocation
[2023-02-09T10:17:45.463+0000][8.474s][info ][gc,start      ] GC(12) Pause Young (Normal) (G1 Evacuation Pause)
[2023-02-09T10:17:45.463+0000][8.475s][info ][gc,task       ] GC(12) Using 6 workers of 13 for evacuation
[2023-02-09T10:17:45.470+0000][8.482s][info ][gc,phases     ] GC(12)   Pre Evacuate Collection Set: 0.0ms
[2023-02-09T10:17:45.471+0000][8.482s][info ][gc,phases     ] GC(12)   Evacuate Collection Set: 5.5ms
[2023-02-09T10:17:45.471+0000][8.483s][info ][gc,phases     ] GC(12)   Post Evacuate Collection Set: 1.6ms
[2023-02-09T10:17:45.471+0000][8.483s][info ][gc,phases     ] GC(12)   Other: 0.7ms
[2023-02-09T10:17:45.471+0000][8.483s][info ][gc,heap       ] GC(12) Eden regions: 158->0(157)
[2023-02-09T10:17:45.472+0000][8.483s][info ][gc,heap       ] GC(12) Survivor regions: 10->11(21)
[2023-02-09T10:17:45.472+0000][8.483s][info ][gc,heap       ] GC(12) Old regions: 11->11
[2023-02-09T10:17:45.472+0000][8.484s][info ][gc,heap       ] GC(12) Humongous regions: 0->0
[2023-02-09T10:17:45.472+0000][8.484s][info ][gc,metaspace  ] GC(12) Metaspace: 28677K->28677K(1075200K)
[2023-02-09T10:17:45.473+0000][8.484s][info ][gc            ] GC(12) Pause Young (Normal) (G1 Evacuation Pause) 177M->20M(280M) 9.974ms
[2023-02-09T10:17:45.473+0000][8.484s][info ][gc,cpu        ] GC(12) User=0.05s Sys=0.00s Real=0.01s
[2023-02-09T10:17:45.473+0000][8.485s][info ][safepoint     ] Leaving safepoint region
[2023-02-09T10:17:45.473+0000][8.485s][info ][safepoint     ] Total time for which application threads were stopped: 0.0113255 seconds, Stopping threads took: 0.0004647 seconds
[2023-02-09T10:17:45.473+0000][8.485s][info ][gc,stringdedup] Concurrent String Deduplication (8.485s)
[2023-02-09T10:17:45.474+0000][8.485s][info ][gc,stringdedup] Concurrent String Deduplication 23104.0B->0.0B(23104.0B) avg 39.0% (8.485s, 8.485s) 0.288ms
[2023-02-09T10:17:45.628+0000][8.640s][debug][safepoint     ] Safepoint synchronization initiated. (13 threads)
[2023-02-09T10:17:45.629+0000][8.640s][info ][safepoint     ] Application time: 0.1553072 seconds
[2023-02-09T10:17:45.629+0000][8.641s][info ][safepoint     ] Entering safepoint region: Deoptimize
[2023-02-09T10:17:45.630+0000][8.642s][info ][safepoint     ] Leaving safepoint region
[2023-02-09T10:17:45.630+0000][8.642s][info ][safepoint     ] Total time for which application threads were stopped: 0.0012649 seconds, Stopping threads took: 0.0002788 seconds
[2023-02-09T10:17:45.648+0000][8.659s][debug][safepoint     ] Safepoint synchronization initiated. (13 threads)
[2023-02-09T10:17:45.648+0000][8.660s][info ][safepoint     ] Application time: 0.0179613 seconds
[2023-02-09T10:17:45.649+0000][8.660s][info ][safepoint     ] Entering safepoint region: Deoptimize
[2023-02-09T10:17:45.650+0000][8.662s][info ][safepoint     ] Leaving safepoint region
[2023-02-09T10:17:45.650+0000][8.662s][info ][safepoint     ] Total time for which application threads were stopped: 0.0016903 seconds, Stopping threads took: 0.0003472 seconds
[2023-02-09T10:17:45.678+0000][8.690s][debug][safepoint     ] Safepoint synchronization initiated. (13 threads)
[2023-02-09T10:17:45.679+0000][8.690s][info ][safepoint     ] Application time: 0.0278705 seconds
[2023-02-09T10:17:45.679+0000][8.690s][info ][safepoint     ] Entering safepoint region: Deoptimize
[2023-02-09T10:17:45.680+0000][8.691s][info ][safepoint     ] Leaving safepoint region
[2023-02-09T10:17:45.680+0000][8.692s][info ][safepoint     ] Total time for which application threads were stopped: 0.0012015 seconds, Stopping threads took: 0.0001735 seconds
[2023-02-09T10:17:45.724+0000][8.735s][debug][safepoint     ] Safepoint synchronization initiated. (13 threads)
[2023-02-09T10:17:45.724+0000][8.736s][info ][safepoint     ] Application time: 0.0439636 seconds
[2023-02-09T10:17:45.724+0000][8.736s][info ][safepoint     ] Entering safepoint region: Deoptimize
[2023-02-09T10:17:45.725+0000][8.737s][info ][safepoint     ] Leaving safepoint region
[2023-02-09T10:17:45.726+0000][8.737s][info ][safepoint     ] Total time for which application threads were stopped: 0.0013133 seconds, Stopping threads took: 0.0002999 seconds
[2023-02-09T10:17:46.050+0000][9.062s][debug][safepoint     ] Safepoint synchronization initiated. (14 threads)
[2023-02-09T10:17:46.050+0000][9.062s][info ][safepoint     ] Application time: 0.3244362 seconds
[2023-02-09T10:17:46.051+0000][9.062s][info ][safepoint     ] Entering safepoint region: Deoptimize
[2023-02-09T10:17:46.052+0000][9.064s][info ][safepoint     ] Leaving safepoint region
[2023-02-09T10:17:46.052+0000][9.064s][info ][safepoint     ] Total time for which application threads were stopped: 0.0017770 seconds, Stopping threads took: 0.0003214 seconds
[2023-02-09T10:17:46.115+0000][9.126s][debug][safepoint     ] Safepoint synchronization initiated. (14 threads)
[2023-02-09T10:17:46.115+0000][9.127s][info ][safepoint     ] Application time: 0.0623040 seconds
[2023-02-09T10:17:46.115+0000][9.127s][info ][safepoint     ] Entering safepoint region: G1CollectForAllocation
[2023-02-09T10:17:46.116+0000][9.127s][info ][gc,start      ] GC(13) Pause Young (Normal) (G1 Evacuation Pause)
[2023-02-09T10:17:46.116+0000][9.127s][info ][gc,task       ] GC(13) Using 6 workers of 13 for evacuation
[2023-02-09T10:17:46.124+0000][9.135s][info ][gc,phases     ] GC(13)   Pre Evacuate Collection Set: 0.0ms
[2023-02-09T10:17:46.124+0000][9.136s][info ][gc,phases     ] GC(13)   Evacuate Collection Set: 5.7ms
[2023-02-09T10:17:46.124+0000][9.136s][info ][gc,phases     ] GC(13)   Post Evacuate Collection Set: 1.9ms
[2023-02-09T10:17:46.125+0000][9.136s][info ][gc,phases     ] GC(13)   Other: 0.5ms
[2023-02-09T10:17:46.125+0000][9.136s][info ][gc,heap       ] GC(13) Eden regions: 157->0(158)
[2023-02-09T10:17:46.125+0000][9.137s][info ][gc,heap       ] GC(13) Survivor regions: 11->10(21)
[2023-02-09T10:17:46.125+0000][9.137s][info ][gc,heap       ] GC(13) Old regions: 11->12
[2023-02-09T10:17:46.125+0000][9.137s][info ][gc,heap       ] GC(13) Humongous regions: 0->0
[2023-02-09T10:17:46.126+0000][9.137s][info ][gc,metaspace  ] GC(13) Metaspace: 30950K->30950K(1077248K)
[2023-02-09T10:17:46.126+0000][9.137s][info ][gc            ] GC(13) Pause Young (Normal) (G1 Evacuation Pause) 177M->20M(280M) 10.179ms
[2023-02-09T10:17:46.126+0000][9.138s][info ][gc,cpu        ] GC(13) User=0.05s Sys=0.00s Real=0.01s
[2023-02-09T10:17:46.126+0000][9.138s][info ][safepoint     ] Leaving safepoint region
[2023-02-09T10:17:46.126+0000][9.138s][info ][safepoint     ] Total time for which application threads were stopped: 0.0111639 seconds, Stopping threads took: 0.0001822 seconds
[2023-02-09T10:17:46.127+0000][9.138s][info ][gc,stringdedup] Concurrent String Deduplication (9.138s)
[2023-02-09T10:17:46.128+0000][9.140s][info ][gc,stringdedup] Concurrent String Deduplication 215.1K->99288.0B(118.2K) avg 39.7% (9.138s, 9.140s) 1.545ms
[2023-02-09T10:17:46.384+0000][9.395s][debug][safepoint     ] Safepoint synchronization initiated. (14 threads)
[2023-02-09T10:17:46.384+0000][9.396s][info ][safepoint     ] Application time: 0.2575597 seconds
[2023-02-09T10:17:46.384+0000][9.396s][info ][safepoint     ] Entering safepoint region: Deoptimize
[2023-02-09T10:17:46.385+0000][9.397s][info ][safepoint     ] Leaving safepoint region
[2023-02-09T10:17:46.386+0000][9.397s][info ][safepoint     ] Total time for which application threads were stopped: 0.0013692 seconds, Stopping threads took: 0.0001948 seconds
[2023-02-09T10:17:46.631+0000][9.643s][debug][safepoint     ] Safepoint synchronization initiated. (15 threads)
[2023-02-09T10:17:46.631+0000][9.643s][info ][safepoint     ] Application time: 0.2453846 seconds
[2023-02-09T10:17:46.632+0000][9.643s][info ][safepoint     ] Entering safepoint region: G1CollectForAllocation
[2023-02-09T10:17:46.632+0000][9.644s][info ][gc,start      ] GC(14) Pause Young (Normal) (G1 Evacuation Pause)
[2023-02-09T10:17:46.632+0000][9.644s][info ][gc,task       ] GC(14) Using 6 workers of 13 for evacuation
[2023-02-09T10:17:46.646+0000][9.657s][info ][gc,phases     ] GC(14)   Pre Evacuate Collection Set: 0.0ms
[2023-02-09T10:17:46.646+0000][9.658s][info ][gc,phases     ] GC(14)   Evacuate Collection Set: 9.4ms
[2023-02-09T10:17:46.646+0000][9.658s][info ][gc,phases     ] GC(14)   Post Evacuate Collection Set: 3.7ms
[2023-02-09T10:17:46.647+0000][9.658s][info ][gc,phases     ] GC(14)   Other: 0.7ms
[2023-02-09T10:17:46.647+0000][9.658s][info ][gc,heap       ] GC(14) Eden regions: 158->0(192)
[2023-02-09T10:17:46.647+0000][9.659s][info ][gc,heap       ] GC(14) Survivor regions: 10->9(21)
[2023-02-09T10:17:46.647+0000][9.659s][info ][gc,heap       ] GC(14) Old regions: 12->15
[2023-02-09T10:17:46.647+0000][9.659s][info ][gc,heap       ] GC(14) Humongous regions: 0->0
[2023-02-09T10:17:46.648+0000][9.659s][info ][gc,metaspace  ] GC(14) Metaspace: 32833K->32833K(1079296K)
[2023-02-09T10:17:46.648+0000][9.659s][info ][gc            ] GC(14) Pause Young (Normal) (G1 Evacuation Pause) 178M->21M(336M) 15.787ms
[2023-02-09T10:17:46.648+0000][9.660s][info ][gc,cpu        ] GC(14) User=0.12s Sys=0.01s Real=0.02s
[2023-02-09T10:17:46.648+0000][9.660s][info ][safepoint     ] Leaving safepoint region
[2023-02-09T10:17:46.648+0000][9.660s][info ][safepoint     ] Total time for which application threads were stopped: 0.0168811 seconds, Stopping threads took: 0.0002741 seconds
[2023-02-09T10:17:46.649+0000][9.660s][info ][gc,stringdedup] Concurrent String Deduplication (9.660s)
[2023-02-09T10:17:46.652+0000][9.663s][info ][gc,stringdedup] Concurrent String Deduplication 347.0K->179.8K(167.2K) avg 40.2% (9.660s, 9.663s) 3.123ms
[2023-02-09T10:17:47.107+0000][10.119s][debug][safepoint     ] Safepoint synchronization initiated. (15 threads)
[2023-02-09T10:17:47.107+0000][10.119s][info ][safepoint     ] Application time: 0.4588300 seconds
[2023-02-09T10:17:47.108+0000][10.119s][info ][safepoint     ] Entering safepoint region: Deoptimize
[2023-02-09T10:17:47.109+0000][10.120s][info ][safepoint     ] Leaving safepoint region
[2023-02-09T10:17:47.109+0000][10.121s][info ][safepoint     ] Total time for which application threads were stopped: 0.0013724 seconds, Stopping threads took: 0.0001492 seconds
[2023-02-09T10:17:47.288+0000][10.300s][debug][safepoint     ] Safepoint synchronization initiated. (15 threads)
[2023-02-09T10:17:47.289+0000][10.300s][info ][safepoint     ] Application time: 0.1796519 seconds
[2023-02-09T10:17:47.289+0000][10.301s][info ][safepoint     ] Entering safepoint region: CollectForMetadataAllocation
[2023-02-09T10:17:47.289+0000][10.301s][info ][gc,start      ] GC(15) Pause Young (Concurrent Start) (Metadata GC Threshold)
[2023-02-09T10:17:47.290+0000][10.302s][info ][gc,task       ] GC(15) Using 8 workers of 13 for evacuation
[2023-02-09T10:17:47.297+0000][10.309s][info ][gc,phases     ] GC(15)   Pre Evacuate Collection Set: 0.1ms
[2023-02-09T10:17:47.298+0000][10.309s][info ][gc,phases     ] GC(15)   Evacuate Collection Set: 5.5ms
[2023-02-09T10:17:47.298+0000][10.309s][info ][gc,phases     ] GC(15)   Post Evacuate Collection Set: 1.4ms
[2023-02-09T10:17:47.298+0000][10.310s][info ][gc,phases     ] GC(15)   Other: 1.0ms
[2023-02-09T10:17:47.298+0000][10.310s][info ][gc,heap       ] GC(15) Eden regions: 124->0(191)
[2023-02-09T10:17:47.298+0000][10.310s][info ][gc,heap       ] GC(15) Survivor regions: 9->10(26)
[2023-02-09T10:17:47.298+0000][10.310s][info ][gc,heap       ] GC(15) Old regions: 15->15
[2023-02-09T10:17:47.299+0000][10.310s][info ][gc,heap       ] GC(15) Humongous regions: 0->0
[2023-02-09T10:17:47.299+0000][10.310s][info ][gc,metaspace  ] GC(15) Metaspace: 34978K->34978K(1081344K)
[2023-02-09T10:17:47.299+0000][10.311s][info ][gc            ] GC(15) Pause Young (Concurrent Start) (Metadata GC Threshold) 145M->23M(336M) 9.532ms
[2023-02-09T10:17:47.299+0000][10.311s][info ][gc,cpu        ] GC(15) User=0.07s Sys=0.00s Real=0.01s
[2023-02-09T10:17:47.299+0000][10.311s][info ][gc            ] GC(16) Concurrent Cycle
[2023-02-09T10:17:47.299+0000][10.311s][info ][gc,marking    ] GC(16) Concurrent Clear Claimed Marks
[2023-02-09T10:17:47.299+0000][10.311s][info ][safepoint     ] Leaving safepoint region
[2023-02-09T10:17:47.300+0000][10.311s][info ][gc,marking    ] GC(16) Concurrent Clear Claimed Marks 0.402ms
[2023-02-09T10:17:47.300+0000][10.312s][info ][gc,marking    ] GC(16) Concurrent Scan Root Regions
[2023-02-09T10:17:47.300+0000][10.312s][info ][safepoint     ] Total time for which application threads were stopped: 0.0109591 seconds, Stopping threads took: 0.0002008 seconds
[2023-02-09T10:17:47.300+0000][10.312s][info ][gc,stringdedup] Concurrent String Deduplication (10.312s)
[2023-02-09T10:17:47.303+0000][10.314s][info ][gc,marking    ] GC(16) Concurrent Scan Root Regions 2.559ms
[2023-02-09T10:17:47.303+0000][10.315s][info ][gc,marking    ] GC(16) Concurrent Mark (10.315s)
[2023-02-09T10:17:47.303+0000][10.315s][info ][gc,marking    ] GC(16) Concurrent Mark From Roots
[2023-02-09T10:17:47.304+0000][10.315s][info ][gc,task       ] GC(16) Using 3 workers of 3 for marking
[2023-02-09T10:17:47.305+0000][10.316s][info ][gc,stringdedup] Concurrent String Deduplication 182.7K->78264.0B(106.3K) avg 40.8% (10.312s, 10.316s) 4.128ms
[2023-02-09T10:17:47.312+0000][10.324s][info ][gc,marking    ] GC(16) Concurrent Mark From Roots 8.551ms
[2023-02-09T10:17:47.312+0000][10.324s][info ][gc,marking    ] GC(16) Concurrent Preclean
[2023-02-09T10:17:47.313+0000][10.324s][info ][gc,marking    ] GC(16) Concurrent Preclean 0.341ms
[2023-02-09T10:17:47.313+0000][10.325s][info ][gc,marking    ] GC(16) Concurrent Mark (10.315s, 10.325s) 9.924ms
[2023-02-09T10:17:47.313+0000][10.325s][debug][safepoint     ] Safepoint synchronization initiated. (15 threads)
[2023-02-09T10:17:47.314+0000][10.325s][info ][safepoint     ] Application time: 0.0131113 seconds
[2023-02-09T10:17:47.314+0000][10.325s][info ][safepoint     ] Entering safepoint region: CGC_Operation
[2023-02-09T10:17:47.314+0000][10.326s][info ][gc,start      ] GC(16) Pause Remark
[2023-02-09T10:17:47.319+0000][10.330s][info ][gc,stringtable] GC(16) Cleaned string and symbol table, strings: 12661 processed, 19 removed, symbols: 110822 processed, 332 removed
[2023-02-09T10:17:47.319+0000][10.331s][info ][gc            ] GC(16) Pause Remark 25M->25M(336M) 5.035ms
[2023-02-09T10:17:47.319+0000][10.331s][info ][gc,cpu        ] GC(16) User=0.03s Sys=0.00s Real=0.00s
[2023-02-09T10:17:47.319+0000][10.331s][info ][safepoint     ] Leaving safepoint region
[2023-02-09T10:17:47.320+0000][10.331s][info ][safepoint     ] Total time for which application threads were stopped: 0.0058983 seconds, Stopping threads took: 0.0001948 seconds
[2023-02-09T10:17:47.320+0000][10.331s][info ][gc,marking    ] GC(16) Concurrent Rebuild Remembered Sets
[2023-02-09T10:17:47.324+0000][10.336s][info ][gc,marking    ] GC(16) Concurrent Rebuild Remembered Sets 4.564ms
[2023-02-09T10:17:47.325+0000][10.336s][debug][safepoint     ] Safepoint synchronization initiated. (15 threads)
[2023-02-09T10:17:47.325+0000][10.337s][info ][safepoint     ] Application time: 0.0054854 seconds
[2023-02-09T10:17:47.325+0000][10.337s][info ][safepoint     ] Entering safepoint region: CGC_Operation
[2023-02-09T10:17:47.326+0000][10.338s][info ][gc,start      ] GC(16) Pause Cleanup
[2023-02-09T10:17:47.326+0000][10.338s][info ][gc            ] GC(16) Pause Cleanup 27M->27M(336M) 0.492ms
[2023-02-09T10:17:47.327+0000][10.338s][info ][gc,cpu        ] GC(16) User=0.00s Sys=0.00s Real=0.00s
[2023-02-09T10:17:47.327+0000][10.338s][info ][safepoint     ] Leaving safepoint region
[2023-02-09T10:17:47.327+0000][10.339s][info ][safepoint     ] Total time for which application threads were stopped: 0.0015489 seconds, Stopping threads took: 0.0002260 seconds
[2023-02-09T10:17:47.327+0000][10.339s][info ][gc,marking    ] GC(16) Concurrent Cleanup for Next Mark
[2023-02-09T10:17:47.330+0000][10.342s][info ][gc,marking    ] GC(16) Concurrent Cleanup for Next Mark 3.031ms
[2023-02-09T10:17:47.331+0000][10.342s][info ][gc            ] GC(16) Concurrent Cycle 31.603ms
[2023-02-09T10:17:47.897+0000][10.908s][debug][safepoint     ] Safepoint synchronization initiated. (14 threads)
[2023-02-09T10:17:47.897+0000][10.909s][info ][safepoint     ] Application time: 0.5698421 seconds
[2023-02-09T10:17:47.897+0000][10.909s][info ][safepoint     ] Entering safepoint region: Deoptimize
[2023-02-09T10:17:47.898+0000][10.910s][info ][safepoint     ] Leaving safepoint region
[2023-02-09T10:17:47.898+0000][10.910s][info ][safepoint     ] Total time for which application threads were stopped: 0.0010605 seconds, Stopping threads took: 0.0001456 seconds
[2023-02-09T10:17:47.929+0000][10.940s][debug][safepoint     ] Safepoint synchronization initiated. (14 threads)
[2023-02-09T10:17:47.929+0000][10.941s][info ][safepoint     ] Application time: 0.0306296 seconds
[2023-02-09T10:17:47.929+0000][10.941s][info ][safepoint     ] Entering safepoint region: Deoptimize
[2023-02-09T10:17:47.931+0000][10.942s][info ][safepoint     ] Leaving safepoint region
[2023-02-09T10:17:47.931+0000][10.943s][info ][safepoint     ] Total time for which application threads were stopped: 0.0015863 seconds, Stopping threads took: 0.0002892 seconds
[2023-02-09T10:17:48.203+0000][11.215s][debug][safepoint     ] Safepoint synchronization initiated. (14 threads)
[2023-02-09T10:17:48.203+0000][11.215s][info ][safepoint     ] Application time: 0.2721516 seconds
[2023-02-09T10:17:48.204+0000][11.215s][info ][safepoint     ] Entering safepoint region: Deoptimize
[2023-02-09T10:17:48.205+0000][11.216s][info ][safepoint     ] Leaving safepoint region
[2023-02-09T10:17:48.205+0000][11.217s][info ][safepoint     ] Total time for which application threads were stopped: 0.0015322 seconds, Stopping threads took: 0.0002163 seconds
[2023-02-09T10:17:48.207+0000][11.219s][debug][safepoint     ] Safepoint synchronization initiated. (14 threads)
[2023-02-09T10:17:48.208+0000][11.219s][info ][safepoint     ] Application time: 0.0023385 seconds
[2023-02-09T10:17:48.208+0000][11.219s][debug][safepoint     ] Waiting for 1 thread(s) to block
[2023-02-09T10:17:48.208+0000][11.220s][info ][safepoint     ] Entering safepoint region: Deoptimize
[2023-02-09T10:17:48.209+0000][11.221s][info ][safepoint     ] Leaving safepoint region
[2023-02-09T10:17:48.209+0000][11.221s][info ][safepoint     ] Total time for which application threads were stopped: 0.0015438 seconds, Stopping threads took: 0.0005238 seconds
[2023-02-09T10:17:48.304+0000][11.315s][debug][safepoint     ] Safepoint synchronization initiated. (16 threads)
[2023-02-09T10:17:48.304+0000][11.316s][info ][safepoint     ] Application time: 0.0945825 seconds
[2023-02-09T10:17:48.304+0000][11.316s][info ][safepoint     ] Entering safepoint region: Deoptimize
[2023-02-09T10:17:48.305+0000][11.317s][info ][safepoint     ] Leaving safepoint region
[2023-02-09T10:17:48.306+0000][11.317s][info ][safepoint     ] Total time for which application threads were stopped: 0.0012436 seconds, Stopping threads took: 0.0001651 seconds
[2023-02-09T10:17:48.307+0000][11.319s][debug][safepoint     ] Safepoint synchronization initiated. (16 threads)
[2023-02-09T10:17:48.307+0000][11.319s][info ][safepoint     ] Application time: 0.0016730 seconds
[2023-02-09T10:17:48.308+0000][11.319s][info ][safepoint     ] Entering safepoint region: Deoptimize
[2023-02-09T10:17:48.309+0000][11.320s][info ][safepoint     ] Leaving safepoint region
[2023-02-09T10:17:48.309+0000][11.320s][info ][safepoint     ] Total time for which application threads were stopped: 0.0012803 seconds, Stopping threads took: 0.0002145 seconds
[2023-02-09T10:17:48.337+0000][11.349s][debug][safepoint     ] Safepoint synchronization initiated. (16 threads)
[2023-02-09T10:17:48.338+0000][11.349s][info ][safepoint     ] Application time: 0.0285131 seconds
[2023-02-09T10:17:48.338+0000][11.349s][info ][safepoint     ] Entering safepoint region: G1CollectForAllocation
[2023-02-09T10:17:48.338+0000][11.350s][info ][gc,start      ] GC(17) Pause Young (Normal) (G1 Evacuation Pause)
[2023-02-09T10:17:48.338+0000][11.350s][info ][gc,task       ] GC(17) Using 8 workers of 13 for evacuation
[2023-02-09T10:17:48.347+0000][11.359s][info ][gc,phases     ] GC(17)   Pre Evacuate Collection Set: 0.0ms
[2023-02-09T10:17:48.347+0000][11.359s][info ][gc,phases     ] GC(17)   Evacuate Collection Set: 6.2ms
[2023-02-09T10:17:48.348+0000][11.359s][info ][gc,phases     ] GC(17)   Post Evacuate Collection Set: 2.1ms
[2023-02-09T10:17:48.348+0000][11.359s][info ][gc,phases     ] GC(17)   Other: 0.6ms
[2023-02-09T10:17:48.348+0000][11.359s][info ][gc,heap       ] GC(17) Eden regions: 191->0(189)
[2023-02-09T10:17:48.348+0000][11.360s][info ][gc,heap       ] GC(17) Survivor regions: 10->12(26)
[2023-02-09T10:17:48.348+0000][11.360s][info ][gc,heap       ] GC(17) Old regions: 15->16
[2023-02-09T10:17:48.348+0000][11.360s][info ][gc,heap       ] GC(17) Humongous regions: 0->0
[2023-02-09T10:17:48.349+0000][11.360s][info ][gc,metaspace  ] GC(17) Metaspace: 38960K->38960K(1083392K)
[2023-02-09T10:17:48.349+0000][11.360s][info ][gc            ] GC(17) Pause Young (Normal) (G1 Evacuation Pause) 214M->25M(336M) 10.556ms
[2023-02-09T10:17:48.349+0000][11.360s][info ][gc,cpu        ] GC(17) User=0.09s Sys=0.00s Real=0.01s
[2023-02-09T10:17:48.349+0000][11.361s][info ][safepoint     ] Leaving safepoint region
[2023-02-09T10:17:48.349+0000][11.361s][info ][safepoint     ] Total time for which application threads were stopped: 0.0114420 seconds, Stopping threads took: 0.0001665 seconds
[2023-02-09T10:17:48.349+0000][11.361s][info ][gc,stringdedup] Concurrent String Deduplication (11.361s)
[2023-02-09T10:17:48.351+0000][11.362s][info ][gc,stringdedup] Concurrent String Deduplication 192.7K->38504.0B(155.1K) avg 42.1% (11.361s, 11.362s) 1.313ms
[2023-02-09T10:17:48.576+0000][11.588s][debug][safepoint     ] Safepoint synchronization initiated. (16 threads)
[2023-02-09T10:17:48.577+0000][11.588s][info ][safepoint     ] Application time: 0.2275083 seconds
[2023-02-09T10:17:48.577+0000][11.589s][info ][safepoint     ] Entering safepoint region: Deoptimize
[2023-02-09T10:17:48.578+0000][11.590s][info ][safepoint     ] Leaving safepoint region
[2023-02-09T10:17:48.579+0000][11.590s][info ][safepoint     ] Total time for which application threads were stopped: 0.0014759 seconds, Stopping threads took: 0.0001764 seconds
[2023-02-09T10:17:48.580+0000][11.591s][debug][safepoint     ] Safepoint synchronization initiated. (16 threads)
[2023-02-09T10:17:48.580+0000][11.592s][info ][safepoint     ] Application time: 0.0014162 seconds
[2023-02-09T10:17:48.580+0000][11.592s][info ][safepoint     ] Entering safepoint region: Deoptimize
[2023-02-09T10:17:48.582+0000][11.593s][info ][safepoint     ] Leaving safepoint region
[2023-02-09T10:17:48.582+0000][11.593s][info ][safepoint     ] Total time for which application threads were stopped: 0.0014663 seconds, Stopping threads took: 0.0001779 seconds
[2023-02-09T10:17:48.860+0000][11.871s][debug][safepoint     ] Safepoint synchronization initiated. (16 threads)
[2023-02-09T10:17:48.860+0000][11.872s][info ][safepoint     ] Application time: 0.2781828 seconds
[2023-02-09T10:17:48.860+0000][11.872s][info ][safepoint     ] Entering safepoint region: Deoptimize
[2023-02-09T10:17:48.862+0000][11.873s][info ][safepoint     ] Leaving safepoint region
[2023-02-09T10:17:48.863+0000][11.874s][info ][safepoint     ] Total time for which application threads were stopped: 0.0020611 seconds, Stopping threads took: 0.0001461 seconds
[2023-02-09T10:17:49.286+0000][12.298s][debug][safepoint     ] Safepoint synchronization initiated. (18 threads)
[2023-02-09T10:17:49.287+0000][12.299s][info ][safepoint     ] Application time: 0.4241811 seconds
[2023-02-09T10:17:49.287+0000][12.299s][info ][safepoint     ] Entering safepoint region: Deoptimize
[2023-02-09T10:17:49.288+0000][12.300s][info ][safepoint     ] Leaving safepoint region
[2023-02-09T10:17:49.289+0000][12.300s][info ][safepoint     ] Total time for which application threads were stopped: 0.0015417 seconds, Stopping threads took: 0.0001475 seconds
[2023-02-09T10:17:49.476+0000][12.488s][debug][safepoint     ] Safepoint synchronization initiated. (19 threads)
[2023-02-09T10:17:49.477+0000][12.488s][info ][safepoint     ] Application time: 0.1878163 seconds
[2023-02-09T10:17:49.477+0000][12.489s][info ][safepoint     ] Entering safepoint region: G1CollectForAllocation
[2023-02-09T10:17:49.477+0000][12.489s][info ][gc,start      ] GC(18) Pause Young (Normal) (G1 Evacuation Pause)
[2023-02-09T10:17:49.478+0000][12.489s][info ][gc,task       ] GC(18) Using 8 workers of 13 for evacuation
[2023-02-09T10:17:49.493+0000][12.505s][info ][gc,phases     ] GC(18)   Pre Evacuate Collection Set: 0.0ms
[2023-02-09T10:17:49.493+0000][12.505s][info ][gc,phases     ] GC(18)   Evacuate Collection Set: 12.3ms
[2023-02-09T10:17:49.494+0000][12.505s][info ][gc,phases     ] GC(18)   Post Evacuate Collection Set: 2.7ms
[2023-02-09T10:17:49.494+0000][12.505s][info ][gc,phases     ] GC(18)   Other: 0.6ms
[2023-02-09T10:17:49.494+0000][12.506s][info ][gc,heap       ] GC(18) Eden regions: 189->0(188)
[2023-02-09T10:17:49.494+0000][12.506s][info ][gc,heap       ] GC(18) Survivor regions: 12->13(26)
[2023-02-09T10:17:49.494+0000][12.506s][info ][gc,heap       ] GC(18) Old regions: 16->18
[2023-02-09T10:17:49.495+0000][12.506s][info ][gc,heap       ] GC(18) Humongous regions: 0->0
[2023-02-09T10:17:49.495+0000][12.506s][info ][gc,metaspace  ] GC(18) Metaspace: 44776K->44776K(1089536K)
[2023-02-09T10:17:49.495+0000][12.507s][info ][gc            ] GC(18) Pause Young (Normal) (G1 Evacuation Pause) 214M->28M(336M) 17.563ms
[2023-02-09T10:17:49.495+0000][12.507s][info ][gc,cpu        ] GC(18) User=0.17s Sys=0.08s Real=0.02s
[2023-02-09T10:17:49.495+0000][12.507s][info ][safepoint     ] Leaving safepoint region
[2023-02-09T10:17:49.496+0000][12.507s][info ][safepoint     ] Total time for which application threads were stopped: 0.0185231 seconds, Stopping threads took: 0.0002215 seconds
[2023-02-09T10:17:49.496+0000][12.507s][info ][gc,stringdedup] Concurrent String Deduplication (12.507s)
[2023-02-09T10:17:49.497+0000][12.509s][info ][gc,stringdedup] Concurrent String Deduplication 115.0K->45520.0B(72280.0B) avg 42.5% (12.507s, 12.509s) 1.680ms
[2023-02-09T10:17:49.636+0000][12.647s][debug][safepoint     ] Safepoint synchronization initiated. (19 threads)
[2023-02-09T10:17:49.636+0000][12.648s][info ][safepoint     ] Application time: 0.1406338 seconds
[2023-02-09T10:17:49.637+0000][12.648s][info ][safepoint     ] Entering safepoint region: Deoptimize
[2023-02-09T10:17:49.638+0000][12.649s][info ][safepoint     ] Leaving safepoint region
[2023-02-09T10:17:49.638+0000][12.650s][info ][safepoint     ] Total time for which application threads were stopped: 0.0019234 seconds, Stopping threads took: 0.0001990 seconds
[2023-02-09T10:17:49.711+0000][12.722s][debug][safepoint     ] Safepoint synchronization initiated. (19 threads)
[2023-02-09T10:17:49.711+0000][12.723s][info ][safepoint     ] Application time: 0.0724600 seconds
[2023-02-09T10:17:49.711+0000][12.723s][info ][safepoint     ] Entering safepoint region: Deoptimize
[2023-02-09T10:17:49.713+0000][12.724s][info ][safepoint     ] Leaving safepoint region
[2023-02-09T10:17:49.713+0000][12.725s][info ][safepoint     ] Total time for which application threads were stopped: 0.0015745 seconds, Stopping threads took: 0.0001616 seconds
[2023-02-09T10:17:49.715+0000][12.726s][debug][safepoint     ] Safepoint synchronization initiated. (19 threads)
[2023-02-09T10:17:49.715+0000][12.727s][info ][safepoint     ] Application time: 0.0018501 seconds
[2023-02-09T10:17:49.715+0000][12.727s][info ][safepoint     ] Entering safepoint region: Deoptimize
[2023-02-09T10:17:49.716+0000][12.728s][info ][safepoint     ] Leaving safepoint region
[2023-02-09T10:17:49.717+0000][12.728s][info ][safepoint     ] Total time for which application threads were stopped: 0.0016085 seconds, Stopping threads took: 0.0002233 seconds
[2023-02-09T10:17:49.791+0000][12.802s][debug][safepoint     ] Safepoint synchronization initiated. (19 threads)
[2023-02-09T10:17:49.791+0000][12.803s][info ][safepoint     ] Application time: 0.0740381 seconds
[2023-02-09T10:17:49.792+0000][12.803s][info ][safepoint     ] Entering safepoint region: Deoptimize
[2023-02-09T10:17:49.793+0000][12.804s][info ][safepoint     ] Leaving safepoint region
[2023-02-09T10:17:49.793+0000][12.805s][info ][safepoint     ] Total time for which application threads were stopped: 0.0015754 seconds, Stopping threads took: 0.0002581 seconds
[2023-02-09T10:17:50.114+0000][13.126s][debug][safepoint     ] Safepoint synchronization initiated. (19 threads)
[2023-02-09T10:17:50.115+0000][13.126s][info ][safepoint     ] Application time: 0.3211191 seconds
[2023-02-09T10:17:50.115+0000][13.126s][info ][safepoint     ] Entering safepoint region: Deoptimize
[2023-02-09T10:17:50.116+0000][13.128s][info ][safepoint     ] Leaving safepoint region
[2023-02-09T10:17:50.117+0000][13.128s][info ][safepoint     ] Total time for which application threads were stopped: 0.0018207 seconds, Stopping threads took: 0.0001539 seconds
[2023-02-09T10:17:50.400+0000][13.411s][debug][safepoint     ] Safepoint synchronization initiated. (19 threads)
[2023-02-09T10:17:50.401+0000][13.413s][info ][safepoint     ] Application time: 0.2844494 seconds
[2023-02-09T10:17:50.402+0000][13.413s][debug][safepoint     ] Waiting for 1 thread(s) to block
[2023-02-09T10:17:50.402+0000][13.414s][info ][safepoint     ] Entering safepoint region: Deoptimize
[2023-02-09T10:17:50.405+0000][13.416s][info ][safepoint     ] Leaving safepoint region
[2023-02-09T10:17:50.405+0000][13.417s][info ][safepoint     ] Total time for which application threads were stopped: 0.0035748 seconds, Stopping threads took: 0.0010723 seconds
[2023-02-09T10:17:50.408+0000][13.419s][debug][safepoint     ] Safepoint synchronization initiated. (19 threads)
[2023-02-09T10:17:50.408+0000][13.420s][info ][safepoint     ] Application time: 0.0024277 seconds
[2023-02-09T10:17:50.409+0000][13.420s][info ][safepoint     ] Entering safepoint region: Deoptimize
[2023-02-09T10:17:50.410+0000][13.422s][info ][safepoint     ] Leaving safepoint region
[2023-02-09T10:17:50.411+0000][13.423s][info ][safepoint     ] Total time for which application threads were stopped: 0.0023744 seconds, Stopping threads took: 0.0003394 seconds
[2023-02-09T10:17:50.597+0000][13.608s][debug][safepoint     ] Safepoint synchronization initiated. (19 threads)
[2023-02-09T10:17:50.597+0000][13.609s][info ][safepoint     ] Application time: 0.1858360 seconds
[2023-02-09T10:17:50.597+0000][13.609s][info ][safepoint     ] Entering safepoint region: Deoptimize
[2023-02-09T10:17:50.599+0000][13.611s][info ][safepoint     ] Leaving safepoint region
[2023-02-09T10:17:50.599+0000][13.611s][info ][safepoint     ] Total time for which application threads were stopped: 0.0021385 seconds, Stopping threads took: 0.0002242 seconds
[2023-02-09T10:17:50.694+0000][13.705s][debug][safepoint     ] Safepoint synchronization initiated. (19 threads)
[2023-02-09T10:17:50.694+0000][13.706s][info ][safepoint     ] Application time: 0.0946504 seconds
[2023-02-09T10:17:50.695+0000][13.706s][info ][safepoint     ] Entering safepoint region: Deoptimize
[2023-02-09T10:17:50.696+0000][13.708s][info ][safepoint     ] Leaving safepoint region
[2023-02-09T10:17:50.696+0000][13.708s][info ][safepoint     ] Total time for which application threads were stopped: 0.0018593 seconds, Stopping threads took: 0.0002085 seconds
[2023-02-09T10:17:50.761+0000][13.773s][debug][safepoint     ] Safepoint synchronization initiated. (22 threads)
[2023-02-09T10:17:50.762+0000][13.773s][info ][safepoint     ] Application time: 0.0651387 seconds
[2023-02-09T10:17:50.762+0000][13.773s][info ][safepoint     ] Entering safepoint region: Deoptimize
[2023-02-09T10:17:50.763+0000][13.775s][info ][safepoint     ] Leaving safepoint region
[2023-02-09T10:17:50.764+0000][13.776s][info ][safepoint     ] Total time for which application threads were stopped: 0.0020575 seconds, Stopping threads took: 0.0001771 seconds
[2023-02-09T10:17:50.973+0000][13.985s][debug][safepoint     ] Safepoint synchronization initiated. (22 threads)
[2023-02-09T10:17:50.974+0000][13.985s][info ][safepoint     ] Application time: 0.2097059 seconds
[2023-02-09T10:17:50.974+0000][13.986s][info ][safepoint     ] Entering safepoint region: G1CollectForAllocation
[2023-02-09T10:17:50.975+0000][13.986s][info ][gc,start      ] GC(19) Pause Young (Normal) (G1 Evacuation Pause)
[2023-02-09T10:17:50.975+0000][13.986s][info ][gc,task       ] GC(19) Using 8 workers of 13 for evacuation
[2023-02-09T10:17:50.984+0000][13.996s][info ][gc,phases     ] GC(19)   Pre Evacuate Collection Set: 0.0ms
[2023-02-09T10:17:50.984+0000][13.996s][info ][gc,phases     ] GC(19)   Evacuate Collection Set: 6.5ms
[2023-02-09T10:17:50.985+0000][13.996s][info ][gc,phases     ] GC(19)   Post Evacuate Collection Set: 2.3ms
[2023-02-09T10:17:50.985+0000][13.997s][info ][gc,phases     ] GC(19)   Other: 0.6ms
[2023-02-09T10:17:50.985+0000][13.997s][info ][gc,heap       ] GC(19) Eden regions: 188->0(186)
[2023-02-09T10:17:50.985+0000][13.997s][info ][gc,heap       ] GC(19) Survivor regions: 13->15(26)
[2023-02-09T10:17:50.986+0000][13.997s][info ][gc,heap       ] GC(19) Old regions: 18->18
[2023-02-09T10:17:50.986+0000][13.997s][info ][gc,heap       ] GC(19) Humongous regions: 0->0
[2023-02-09T10:17:50.986+0000][13.997s][info ][gc,metaspace  ] GC(19) Metaspace: 49915K->49915K(1093632K)
[2023-02-09T10:17:50.986+0000][13.998s][info ][gc            ] GC(19) Pause Young (Normal) (G1 Evacuation Pause) 216M->31M(336M) 11.480ms
[2023-02-09T10:17:50.986+0000][13.998s][info ][gc,cpu        ] GC(19) User=0.07s Sys=0.01s Real=0.01s
[2023-02-09T10:17:50.986+0000][13.998s][info ][safepoint     ] Leaving safepoint region
[2023-02-09T10:17:50.987+0000][13.998s][info ][safepoint     ] Total time for which application threads were stopped: 0.0125612 seconds, Stopping threads took: 0.0002382 seconds
[2023-02-09T10:17:50.987+0000][13.999s][info ][gc,stringdedup] Concurrent String Deduplication (13.999s)
[2023-02-09T10:17:50.989+0000][14.001s][info ][gc,stringdedup] Concurrent String Deduplication 212.9K->93432.0B(121.6K) avg 43.0% (13.999s, 14.001s) 2.243ms
[2023-02-09T10:17:51.671+0000][14.682s][debug][safepoint     ] Safepoint synchronization initiated. (15 threads)
[2023-02-09T10:17:51.671+0000][14.683s][info ][safepoint     ] Application time: 0.6842467 seconds
[2023-02-09T10:17:51.671+0000][14.683s][info ][safepoint     ] Entering safepoint region: G1CollectForAllocation
[2023-02-09T10:17:51.672+0000][14.684s][info ][gc,start      ] GC(20) Pause Young (Normal) (G1 Evacuation Pause)
[2023-02-09T10:17:51.672+0000][14.684s][info ][gc,task       ] GC(20) Using 8 workers of 13 for evacuation
[2023-02-09T10:17:51.683+0000][14.695s][info ][gc,phases     ] GC(20)   Pre Evacuate Collection Set: 0.0ms
[2023-02-09T10:17:51.684+0000][14.695s][info ][gc,phases     ] GC(20)   Evacuate Collection Set: 8.4ms
[2023-02-09T10:17:51.684+0000][14.695s][info ][gc,phases     ] GC(20)   Post Evacuate Collection Set: 2.0ms
[2023-02-09T10:17:51.684+0000][14.695s][info ][gc,phases     ] GC(20)   Other: 0.8ms
[2023-02-09T10:17:51.684+0000][14.696s][info ][gc,heap       ] GC(20) Eden regions: 186->0(187)
[2023-02-09T10:17:51.684+0000][14.696s][info ][gc,heap       ] GC(20) Survivor regions: 15->14(26)
[2023-02-09T10:17:51.684+0000][14.696s][info ][gc,heap       ] GC(20) Old regions: 18->19
[2023-02-09T10:17:51.684+0000][14.696s][info ][gc,heap       ] GC(20) Humongous regions: 0->0
[2023-02-09T10:17:51.685+0000][14.696s][info ][gc,metaspace  ] GC(20) Metaspace: 53175K->53175K(1097728K)
[2023-02-09T10:17:51.685+0000][14.696s][info ][gc            ] GC(20) Pause Young (Normal) (G1 Evacuation Pause) 217M->31M(336M) 12.713ms
[2023-02-09T10:17:51.685+0000][14.696s][info ][gc,cpu        ] GC(20) User=0.08s Sys=0.00s Real=0.02s
[2023-02-09T10:17:51.685+0000][14.697s][info ][safepoint     ] Leaving safepoint region
[2023-02-09T10:17:51.685+0000][14.697s][info ][safepoint     ] Total time for which application threads were stopped: 0.0137588 seconds, Stopping threads took: 0.0002256 seconds
[2023-02-09T10:17:51.685+0000][14.697s][info ][gc,stringdedup] Concurrent String Deduplication (14.697s)
[2023-02-09T10:17:51.688+0000][14.700s][info ][gc,stringdedup] Concurrent String Deduplication 277.5K->170.2K(107.3K) avg 42.8% (14.697s, 14.700s) 2.793ms
[2023-02-09T10:17:52.686+0000][15.697s][debug][safepoint     ] Safepoint synchronization initiated. (18 threads)
[2023-02-09T10:17:52.686+0000][15.697s][info ][safepoint     ] Application time: 1.0004530 seconds
[2023-02-09T10:17:52.686+0000][15.698s][info ][safepoint     ] Entering safepoint region: Cleanup
[2023-02-09T10:17:52.687+0000][15.698s][info ][safepoint     ] Leaving safepoint region
[2023-02-09T10:17:52.687+0000][15.699s][info ][safepoint     ] Total time for which application threads were stopped: 0.0008534 seconds, Stopping threads took: 0.0003010 seconds
[2023-02-09T10:17:52.698+0000][15.709s][debug][safepoint     ] Safepoint synchronization initiated. (18 threads)
[2023-02-09T10:17:52.698+0000][15.710s][info ][safepoint     ] Application time: 0.0108835 seconds
[2023-02-09T10:17:52.698+0000][15.710s][info ][safepoint     ] Entering safepoint region: CollectForMetadataAllocation
[2023-02-09T10:17:52.699+0000][15.711s][info ][gc,start      ] GC(21) Pause Young (Concurrent Start) (Metadata GC Threshold)
[2023-02-09T10:17:52.699+0000][15.711s][info ][gc,task       ] GC(21) Using 8 workers of 13 for evacuation
[2023-02-09T10:17:52.712+0000][15.724s][info ][gc,phases     ] GC(21)   Pre Evacuate Collection Set: 0.3ms
[2023-02-09T10:17:52.713+0000][15.724s][info ][gc,phases     ] GC(21)   Evacuate Collection Set: 9.5ms
[2023-02-09T10:17:52.713+0000][15.724s][info ][gc,phases     ] GC(21)   Post Evacuate Collection Set: 2.8ms
[2023-02-09T10:17:52.713+0000][15.725s][info ][gc,phases     ] GC(21)   Other: 0.8ms
[2023-02-09T10:17:52.713+0000][15.725s][info ][gc,heap       ] GC(21) Eden regions: 147->0(186)
[2023-02-09T10:17:52.713+0000][15.725s][info ][gc,heap       ] GC(21) Survivor regions: 14->15(26)
[2023-02-09T10:17:52.713+0000][15.725s][info ][gc,heap       ] GC(21) Old regions: 19->20
[2023-02-09T10:17:52.714+0000][15.725s][info ][gc,heap       ] GC(21) Humongous regions: 0->0
[2023-02-09T10:17:52.714+0000][15.725s][info ][gc,metaspace  ] GC(21) Metaspace: 58532K->58532K(1101824K)
[2023-02-09T10:17:52.714+0000][15.725s][info ][gc            ] GC(21) Pause Young (Concurrent Start) (Metadata GC Threshold) 177M->33M(336M) 14.816ms
[2023-02-09T10:17:52.714+0000][15.726s][info ][gc,cpu        ] GC(21) User=0.10s Sys=0.01s Real=0.02s
[2023-02-09T10:17:52.714+0000][15.726s][info ][gc            ] GC(22) Concurrent Cycle
[2023-02-09T10:17:52.714+0000][15.726s][info ][safepoint     ] Leaving safepoint region
[2023-02-09T10:17:52.714+0000][15.726s][info ][gc,marking    ] GC(22) Concurrent Clear Claimed Marks
[2023-02-09T10:17:52.715+0000][15.726s][info ][safepoint     ] Total time for which application threads were stopped: 0.0160886 seconds, Stopping threads took: 0.0002775 seconds
[2023-02-09T10:17:52.715+0000][15.727s][info ][gc,stringdedup] Concurrent String Deduplication (15.727s)
[2023-02-09T10:17:52.715+0000][15.727s][info ][gc,marking    ] GC(22) Concurrent Clear Claimed Marks 0.744ms
[2023-02-09T10:17:52.721+0000][15.732s][info ][gc,marking    ] GC(22) Concurrent Scan Root Regions
[2023-02-09T10:17:52.720+0000][15.732s][info ][gc,stringdedup] Concurrent String Deduplication 336.2K->223.2K(112.9K) avg 42.3% (15.727s, 15.732s) 5.326ms
[2023-02-09T10:17:52.727+0000][15.739s][info ][gc,marking    ] GC(22) Concurrent Scan Root Regions 6.397ms
[2023-02-09T10:17:52.727+0000][15.739s][info ][gc,marking    ] GC(22) Concurrent Mark (15.739s)
[2023-02-09T10:17:52.728+0000][15.739s][info ][gc,marking    ] GC(22) Concurrent Mark From Roots
[2023-02-09T10:17:52.728+0000][15.739s][info ][gc,task       ] GC(22) Using 3 workers of 3 for marking
[2023-02-09T10:17:52.743+0000][15.755s][info ][gc,marking    ] GC(22) Concurrent Mark From Roots 15.730ms
[2023-02-09T10:17:52.744+0000][15.755s][info ][gc,marking    ] GC(22) Concurrent Preclean
[2023-02-09T10:17:52.744+0000][15.756s][info ][gc,marking    ] GC(22) Concurrent Preclean 0.466ms
[2023-02-09T10:17:52.744+0000][15.756s][info ][gc,marking    ] GC(22) Concurrent Mark (15.739s, 15.756s) 17.083ms
[2023-02-09T10:17:52.745+0000][15.756s][debug][safepoint     ] Safepoint synchronization initiated. (18 threads)
[2023-02-09T10:17:52.745+0000][15.756s][info ][safepoint     ] Application time: 0.0300020 seconds
[2023-02-09T10:17:52.745+0000][15.757s][debug][safepoint     ] Waiting for 1 thread(s) to block
[2023-02-09T10:17:52.746+0000][15.757s][info ][safepoint     ] Entering safepoint region: CGC_Operation
[2023-02-09T10:17:52.746+0000][15.758s][info ][gc,start      ] GC(22) Pause Remark
[2023-02-09T10:17:52.757+0000][15.769s][info ][gc,stringtable] GC(22) Cleaned string and symbol table, strings: 25391 processed, 4 removed, symbols: 177916 processed, 178 removed
[2023-02-09T10:17:52.758+0000][15.769s][info ][gc            ] GC(22) Pause Remark 37M->37M(336M) 11.802ms
[2023-02-09T10:17:52.758+0000][15.770s][info ][gc,cpu        ] GC(22) User=0.09s Sys=0.00s Real=0.01s
[2023-02-09T10:17:52.758+0000][15.770s][info ][safepoint     ] Leaving safepoint region
[2023-02-09T10:17:52.758+0000][15.770s][info ][safepoint     ] Total time for which application threads were stopped: 0.0132493 seconds, Stopping threads took: 0.0005849 seconds
[2023-02-09T10:17:52.759+0000][15.770s][info ][gc,marking    ] GC(22) Concurrent Rebuild Remembered Sets
[2023-02-09T10:17:52.767+0000][15.779s][info ][gc,marking    ] GC(22) Concurrent Rebuild Remembered Sets 8.255ms
[2023-02-09T10:17:52.768+0000][15.779s][debug][safepoint     ] Safepoint synchronization initiated. (18 threads)
[2023-02-09T10:17:52.768+0000][15.780s][info ][safepoint     ] Application time: 0.0095751 seconds
[2023-02-09T10:17:52.769+0000][15.780s][debug][safepoint     ] ... found polling page return exception at pc = 0x00007fea0461e238, stub =0x00007fe9fc85a800
[2023-02-09T10:17:52.769+0000][15.781s][debug][safepoint     ] Waiting for 1 thread(s) to block
[2023-02-09T10:17:52.769+0000][15.781s][info ][safepoint     ] Entering safepoint region: CGC_Operation
[2023-02-09T10:17:52.770+0000][15.782s][info ][gc,start      ] GC(22) Pause Cleanup
[2023-02-09T10:17:52.771+0000][15.782s][info ][gc            ] GC(22) Pause Cleanup 38M->38M(336M) 0.478ms
[2023-02-09T10:17:52.771+0000][15.782s][info ][gc,cpu        ] GC(22) User=0.01s Sys=0.00s Real=0.00s
[2023-02-09T10:17:52.771+0000][15.783s][info ][safepoint     ] Leaving safepoint region
[2023-02-09T10:17:52.771+0000][15.783s][info ][safepoint     ] Total time for which application threads were stopped: 0.0026700 seconds, Stopping threads took: 0.0010656 seconds
[2023-02-09T10:17:52.772+0000][15.783s][info ][gc,marking    ] GC(22) Concurrent Cleanup for Next Mark
[2023-02-09T10:17:52.773+0000][15.785s][info ][gc,marking    ] GC(22) Concurrent Cleanup for Next Mark 1.436ms
[2023-02-09T10:17:52.774+0000][15.785s][info ][gc            ] GC(22) Concurrent Cycle 59.353ms
[2023-02-09T10:17:53.024+0000][16.035s][debug][safepoint     ] Safepoint synchronization initiated. (20 threads)
[2023-02-09T10:17:53.024+0000][16.036s][info ][safepoint     ] Application time: 0.2527527 seconds
[2023-02-09T10:17:53.025+0000][16.036s][info ][safepoint     ] Entering safepoint region: ICBufferFull
[2023-02-09T10:17:53.025+0000][16.037s][info ][safepoint     ] Leaving safepoint region
[2023-02-09T10:17:53.025+0000][16.037s][info ][safepoint     ] Total time for which application threads were stopped: 0.0008502 seconds, Stopping threads took: 0.0002616 seconds
[2023-02-09T10:17:53.117+0000][16.129s][debug][safepoint     ] Safepoint synchronization initiated. (20 threads)
[2023-02-09T10:17:53.118+0000][16.129s][info ][safepoint     ] Application time: 0.0920303 seconds
[2023-02-09T10:17:53.118+0000][16.129s][info ][safepoint     ] Entering safepoint region: Deoptimize
[2023-02-09T10:17:53.119+0000][16.131s][info ][safepoint     ] Leaving safepoint region
[2023-02-09T10:17:53.119+0000][16.131s][info ][safepoint     ] Total time for which application threads were stopped: 0.0014599 seconds, Stopping threads took: 0.0001658 seconds
[2023-02-09T10:17:53.165+0000][16.176s][debug][safepoint     ] Safepoint synchronization initiated. (20 threads)
[2023-02-09T10:17:53.165+0000][16.177s][info ][safepoint     ] Application time: 0.0457479 seconds
[2023-02-09T10:17:53.165+0000][16.177s][info ][safepoint     ] Entering safepoint region: Deoptimize
[2023-02-09T10:17:53.167+0000][16.179s][info ][safepoint     ] Leaving safepoint region
[2023-02-09T10:17:53.167+0000][16.179s][info ][safepoint     ] Total time for which application threads were stopped: 0.0018629 seconds, Stopping threads took: 0.0001829 seconds
[2023-02-09T10:17:53.384+0000][16.396s][debug][safepoint     ] Safepoint synchronization initiated. (20 threads)
[2023-02-09T10:17:53.385+0000][16.396s][info ][safepoint     ] Application time: 0.2171978 seconds
[2023-02-09T10:17:53.385+0000][16.397s][info ][safepoint     ] Entering safepoint region: ICBufferFull
[2023-02-09T10:17:53.385+0000][16.397s][info ][safepoint     ] Leaving safepoint region
[2023-02-09T10:17:53.386+0000][16.397s][info ][safepoint     ] Total time for which application threads were stopped: 0.0006775 seconds, Stopping threads took: 0.0001940 seconds
[2023-02-09T10:17:53.631+0000][16.642s][debug][safepoint     ] Safepoint synchronization initiated. (19 threads)
[2023-02-09T10:17:53.631+0000][16.643s][info ][safepoint     ] Application time: 0.2450765 seconds
[2023-02-09T10:17:53.631+0000][16.643s][info ][safepoint     ] Entering safepoint region: G1CollectForAllocation
[2023-02-09T10:17:53.632+0000][16.644s][info ][gc,start      ] GC(23) Pause Young (Normal) (G1 Evacuation Pause)
[2023-02-09T10:17:53.632+0000][16.644s][info ][gc,task       ] GC(23) Using 8 workers of 13 for evacuation
[2023-02-09T10:17:53.647+0000][16.659s][info ][gc,phases     ] GC(23)   Pre Evacuate Collection Set: 0.0ms
[2023-02-09T10:17:53.648+0000][16.659s][info ][gc,phases     ] GC(23)   Evacuate Collection Set: 12.1ms
[2023-02-09T10:17:53.648+0000][16.660s][info ][gc,phases     ] GC(23)   Post Evacuate Collection Set: 2.5ms
[2023-02-09T10:17:53.648+0000][16.660s][info ][gc,phases     ] GC(23)   Other: 0.9ms
[2023-02-09T10:17:53.649+0000][16.660s][info ][gc,heap       ] GC(23) Eden regions: 186->0(184)
[2023-02-09T10:17:53.649+0000][16.660s][info ][gc,heap       ] GC(23) Survivor regions: 15->17(26)
[2023-02-09T10:17:53.649+0000][16.661s][info ][gc,heap       ] GC(23) Old regions: 20->21
[2023-02-09T10:17:53.649+0000][16.661s][info ][gc,heap       ] GC(23) Humongous regions: 0->0
[2023-02-09T10:17:53.650+0000][16.661s][info ][gc,metaspace  ] GC(23) Metaspace: 63385K->63385K(1105920K)
[2023-02-09T10:17:53.650+0000][16.661s][info ][gc            ] GC(23) Pause Young (Normal) (G1 Evacuation Pause) 219M->36M(336M) 17.914ms
[2023-02-09T10:17:53.650+0000][16.662s][info ][gc,cpu        ] GC(23) User=0.13s Sys=0.00s Real=0.02s
[2023-02-09T10:17:53.650+0000][16.662s][info ][safepoint     ] Leaving safepoint region
[2023-02-09T10:17:53.651+0000][16.662s][info ][safepoint     ] Total time for which application threads were stopped: 0.0192302 seconds, Stopping threads took: 0.0003623 seconds
[2023-02-09T10:17:53.651+0000][16.663s][info ][gc,stringdedup] Concurrent String Deduplication (16.662s)
[2023-02-09T10:17:53.652+0000][16.664s][info ][gc,stringdedup] Concurrent String Deduplication 73984.0B->14040.0B(59944.0B) avg 42.7% (16.662s, 16.664s) 1.322ms
[2023-02-09T10:17:54.020+0000][17.032s][debug][safepoint     ] Safepoint synchronization initiated. (17 threads)
[2023-02-09T10:17:54.021+0000][17.033s][info ][safepoint     ] Application time: 0.3702207 seconds
[2023-02-09T10:17:54.022+0000][17.033s][debug][safepoint     ] Waiting for 1 thread(s) to block
[2023-02-09T10:17:54.022+0000][17.034s][info ][safepoint     ] Entering safepoint region: ICBufferFull
[2023-02-09T10:17:54.024+0000][17.036s][info ][safepoint     ] Leaving safepoint region
[2023-02-09T10:17:54.025+0000][17.036s][info ][safepoint     ] Total time for which application threads were stopped: 0.0030642 seconds, Stopping threads took: 0.0008126 seconds
[2023-02-09T10:17:54.046+0000][17.058s][debug][safepoint     ] Safepoint synchronization initiated. (17 threads)
[2023-02-09T10:17:54.047+0000][17.058s][info ][safepoint     ] Application time: 0.0217714 seconds
[2023-02-09T10:17:54.047+0000][17.059s][info ][safepoint     ] Entering safepoint region: ICBufferFull
[2023-02-09T10:17:54.047+0000][17.059s][info ][safepoint     ] Leaving safepoint region
[2023-02-09T10:17:54.048+0000][17.059s][info ][safepoint     ] Total time for which application threads were stopped: 0.0006773 seconds, Stopping threads took: 0.0001832 seconds
[2023-02-09T10:17:54.201+0000][17.212s][debug][safepoint     ] Safepoint synchronization initiated. (19 threads)
[2023-02-09T10:17:54.201+0000][17.213s][info ][safepoint     ] Application time: 0.1533383 seconds
[2023-02-09T10:17:54.201+0000][17.213s][info ][safepoint     ] Entering safepoint region: ICBufferFull
[2023-02-09T10:17:54.202+0000][17.213s][info ][safepoint     ] Leaving safepoint region
[2023-02-09T10:17:54.202+0000][17.213s][info ][safepoint     ] Total time for which application threads were stopped: 0.0005089 seconds, Stopping threads took: 0.0001504 seconds
[2023-02-09T10:17:54.249+0000][17.260s][debug][safepoint     ] Safepoint synchronization initiated. (19 threads)
[2023-02-09T10:17:54.249+0000][17.261s][info ][safepoint     ] Application time: 0.0469748 seconds
[2023-02-09T10:17:54.249+0000][17.261s][info ][safepoint     ] Entering safepoint region: ICBufferFull
[2023-02-09T10:17:54.250+0000][17.261s][info ][safepoint     ] Leaving safepoint region
[2023-02-09T10:17:54.250+0000][17.262s][info ][safepoint     ] Total time for which application threads were stopped: 0.0007153 seconds, Stopping threads took: 0.0002769 seconds
[2023-02-09T10:17:54.327+0000][17.338s][debug][safepoint     ] Safepoint synchronization initiated. (19 threads)
[2023-02-09T10:17:54.327+0000][17.339s][info ][safepoint     ] Application time: 0.0770730 seconds
[2023-02-09T10:17:54.327+0000][17.339s][info ][safepoint     ] Entering safepoint region: ICBufferFull
[2023-02-09T10:17:54.328+0000][17.339s][info ][safepoint     ] Leaving safepoint region
[2023-02-09T10:17:54.328+0000][17.339s][info ][safepoint     ] Total time for which application threads were stopped: 0.0005360 seconds, Stopping threads took: 0.0001616 seconds
[2023-02-09T10:17:54.411+0000][17.423s][debug][safepoint     ] Safepoint synchronization initiated. (19 threads)
[2023-02-09T10:17:54.412+0000][17.423s][info ][safepoint     ] Application time: 0.0837408 seconds
[2023-02-09T10:17:54.412+0000][17.424s][info ][safepoint     ] Entering safepoint region: ICBufferFull
[2023-02-09T10:17:54.412+0000][17.424s][info ][safepoint     ] Leaving safepoint region
[2023-02-09T10:17:54.413+0000][17.424s][info ][safepoint     ] Total time for which application threads were stopped: 0.0006610 seconds, Stopping threads took: 0.0001664 seconds
[2023-02-09T10:17:54.425+0000][17.436s][debug][safepoint     ] Safepoint synchronization initiated. (20 threads)
[2023-02-09T10:17:54.425+0000][17.437s][info ][safepoint     ] Application time: 0.0121705 seconds
[2023-02-09T10:17:54.425+0000][17.437s][debug][safepoint     ] Waiting for 1 thread(s) to block
[2023-02-09T10:17:54.425+0000][17.437s][info ][safepoint     ] Entering safepoint region: G1CollectForAllocation
[2023-02-09T10:17:54.426+0000][17.437s][info ][gc,start      ] GC(24) Pause Young (Normal) (G1 Evacuation Pause)
[2023-02-09T10:17:54.426+0000][17.437s][info ][gc,task       ] GC(24) Using 8 workers of 13 for evacuation
[2023-02-09T10:17:54.441+0000][17.453s][info ][gc,phases     ] GC(24)   Pre Evacuate Collection Set: 0.0ms
[2023-02-09T10:17:54.441+0000][17.453s][info ][gc,phases     ] GC(24)   Evacuate Collection Set: 12.8ms
[2023-02-09T10:17:54.441+0000][17.453s][info ][gc,phases     ] GC(24)   Post Evacuate Collection Set: 2.1ms
[2023-02-09T10:17:54.442+0000][17.453s][info ][gc,phases     ] GC(24)   Other: 0.4ms
[2023-02-09T10:17:54.442+0000][17.453s][info ][gc,heap       ] GC(24) Eden regions: 184->0(187)
[2023-02-09T10:17:54.442+0000][17.453s][info ][gc,heap       ] GC(24) Survivor regions: 17->14(26)
[2023-02-09T10:17:54.442+0000][17.454s][info ][gc,heap       ] GC(24) Old regions: 21->26
[2023-02-09T10:17:54.442+0000][17.454s][info ][gc,heap       ] GC(24) Humongous regions: 0->0
[2023-02-09T10:17:54.442+0000][17.454s][info ][gc,metaspace  ] GC(24) Metaspace: 66148K->66148K(1107968K)
[2023-02-09T10:17:54.443+0000][17.454s][info ][gc            ] GC(24) Pause Young (Normal) (G1 Evacuation Pause) 220M->38M(336M) 16.784ms
[2023-02-09T10:17:54.443+0000][17.454s][info ][gc,cpu        ] GC(24) User=0.13s Sys=0.00s Real=0.02s
[2023-02-09T10:17:54.443+0000][17.454s][info ][safepoint     ] Leaving safepoint region
[2023-02-09T10:17:54.443+0000][17.455s][info ][safepoint     ] Total time for which application threads were stopped: 0.0177868 seconds, Stopping threads took: 0.0003634 seconds
[2023-02-09T10:17:54.443+0000][17.455s][info ][gc,stringdedup] Concurrent String Deduplication (17.455s)
[2023-02-09T10:17:54.446+0000][17.458s][info ][gc,stringdedup] Concurrent String Deduplication 138.8K->57080.0B(85072.0B) avg 43.1% (17.455s, 17.458s) 2.880ms
[2023-02-09T10:17:54.988+0000][18.000s][debug][safepoint     ] Safepoint synchronization initiated. (20 threads)
[2023-02-09T10:17:54.989+0000][18.000s][info ][safepoint     ] Application time: 0.5454699 seconds
[2023-02-09T10:17:54.989+0000][18.000s][info ][safepoint     ] Entering safepoint region: ICBufferFull
[2023-02-09T10:17:54.990+0000][18.001s][info ][safepoint     ] Leaving safepoint region
[2023-02-09T10:17:54.990+0000][18.001s][info ][safepoint     ] Total time for which application threads were stopped: 0.0009152 seconds, Stopping threads took: 0.0002823 seconds
[2023-02-09T10:17:55.363+0000][18.375s][debug][safepoint     ] Safepoint synchronization initiated. (20 threads)
[2023-02-09T10:17:55.363+0000][18.375s][info ][safepoint     ] Application time: 0.3734050 seconds
[2023-02-09T10:17:55.363+0000][18.375s][info ][safepoint     ] Entering safepoint region: G1CollectForAllocation
[2023-02-09T10:17:55.364+0000][18.375s][info ][gc,start      ] GC(25) Pause Young (Normal) (G1 Evacuation Pause)
[2023-02-09T10:17:55.364+0000][18.376s][info ][gc,task       ] GC(25) Using 8 workers of 13 for evacuation
[2023-02-09T10:17:55.377+0000][18.389s][info ][gc,phases     ] GC(25)   Pre Evacuate Collection Set: 0.0ms
[2023-02-09T10:17:55.378+0000][18.389s][info ][gc,phases     ] GC(25)   Evacuate Collection Set: 10.6ms
[2023-02-09T10:17:55.378+0000][18.389s][info ][gc,phases     ] GC(25)   Post Evacuate Collection Set: 2.7ms
[2023-02-09T10:17:55.378+0000][18.390s][info ][gc,phases     ] GC(25)   Other: 0.4ms
[2023-02-09T10:17:55.378+0000][18.390s][info ][gc,heap       ] GC(25) Eden regions: 187->0(187)
[2023-02-09T10:17:55.378+0000][18.390s][info ][gc,heap       ] GC(25) Survivor regions: 14->14(26)
[2023-02-09T10:17:55.378+0000][18.390s][info ][gc,heap       ] GC(25) Old regions: 26->26
[2023-02-09T10:17:55.378+0000][18.390s][info ][gc,heap       ] GC(25) Humongous regions: 0->0
[2023-02-09T10:17:55.379+0000][18.390s][info ][gc,metaspace  ] GC(25) Metaspace: 70068K->70068K(1112064K)
[2023-02-09T10:17:55.379+0000][18.390s][info ][gc            ] GC(25) Pause Young (Normal) (G1 Evacuation Pause) 225M->38M(336M) 14.853ms
[2023-02-09T10:17:55.379+0000][18.390s][info ][gc,cpu        ] GC(25) User=0.08s Sys=0.01s Real=0.01s
[2023-02-09T10:17:55.379+0000][18.391s][info ][safepoint     ] Leaving safepoint region
[2023-02-09T10:17:55.379+0000][18.391s][info ][safepoint     ] Total time for which application threads were stopped: 0.0156086 seconds, Stopping threads took: 0.0001212 seconds
[2023-02-09T10:17:55.379+0000][18.391s][info ][gc,stringdedup] Concurrent String Deduplication (18.391s)
[2023-02-09T10:17:55.381+0000][18.393s][info ][gc,stringdedup] Concurrent String Deduplication 199.8K->48024.0B(152.9K) avg 44.0% (18.391s, 18.393s) 1.750ms
[2023-02-09T10:17:55.482+0000][18.493s][debug][safepoint     ] Safepoint synchronization initiated. (20 threads)
[2023-02-09T10:17:55.482+0000][18.494s][info ][safepoint     ] Application time: 0.1027872 seconds
[2023-02-09T10:17:55.482+0000][18.494s][info ][safepoint     ] Entering safepoint region: Deoptimize
[2023-02-09T10:17:55.484+0000][18.495s][info ][safepoint     ] Leaving safepoint region
[2023-02-09T10:17:55.484+0000][18.496s][info ][safepoint     ] Total time for which application threads were stopped: 0.0018390 seconds, Stopping threads took: 0.0001417 seconds
[2023-02-09T10:17:55.623+0000][18.635s][debug][safepoint     ] Safepoint synchronization initiated. (20 threads)
[2023-02-09T10:17:55.623+0000][18.635s][info ][safepoint     ] Application time: 0.1393018 seconds
[2023-02-09T10:17:55.624+0000][18.635s][info ][safepoint     ] Entering safepoint region: Deoptimize
[2023-02-09T10:17:55.626+0000][18.637s][info ][safepoint     ] Leaving safepoint region
[2023-02-09T10:17:55.626+0000][18.638s][info ][safepoint     ] Total time for which application threads were stopped: 0.0021963 seconds, Stopping threads took: 0.0003215 seconds
[2023-02-09T10:17:55.663+0000][18.674s][debug][safepoint     ] Safepoint synchronization initiated. (20 threads)
[2023-02-09T10:17:55.663+0000][18.675s][info ][safepoint     ] Application time: 0.0368855 seconds
[2023-02-09T10:17:55.663+0000][18.675s][info ][safepoint     ] Entering safepoint region: Deoptimize
[2023-02-09T10:17:55.665+0000][18.677s][info ][safepoint     ] Leaving safepoint region
[2023-02-09T10:17:55.665+0000][18.677s][info ][safepoint     ] Total time for which application threads were stopped: 0.0020489 seconds, Stopping threads took: 0.0002592 seconds
[2023-02-09T10:17:55.734+0000][18.746s][debug][safepoint     ] Safepoint synchronization initiated. (20 threads)
[2023-02-09T10:17:55.735+0000][18.746s][info ][safepoint     ] Application time: 0.0689763 seconds
[2023-02-09T10:17:55.735+0000][18.746s][info ][safepoint     ] Entering safepoint region: Deoptimize
[2023-02-09T10:17:55.736+0000][18.748s][info ][safepoint     ] Leaving safepoint region
[2023-02-09T10:17:55.736+0000][18.748s][info ][safepoint     ] Total time for which application threads were stopped: 0.0015260 seconds, Stopping threads took: 0.0001364 seconds
[2023-02-09T10:17:55.914+0000][18.925s][debug][safepoint     ] Safepoint synchronization initiated. (20 threads)
[2023-02-09T10:17:55.914+0000][18.926s][info ][safepoint     ] Application time: 0.1776294 seconds
[2023-02-09T10:17:55.914+0000][18.926s][info ][safepoint     ] Entering safepoint region: Deoptimize
[2023-02-09T10:17:55.916+0000][18.927s][info ][safepoint     ] Leaving safepoint region
[2023-02-09T10:17:55.916+0000][18.928s][info ][safepoint     ] Total time for which application threads were stopped: 0.0019186 seconds, Stopping threads took: 0.0001413 seconds
[2023-02-09T10:17:56.367+0000][19.379s][debug][safepoint     ] Safepoint synchronization initiated. (24 threads)
[2023-02-09T10:17:56.368+0000][19.379s][info ][safepoint     ] Application time: 0.4514647 seconds
[2023-02-09T10:17:56.368+0000][19.380s][info ][safepoint     ] Entering safepoint region: ICBufferFull
[2023-02-09T10:17:56.369+0000][19.380s][info ][safepoint     ] Leaving safepoint region
[2023-02-09T10:17:56.369+0000][19.381s][info ][safepoint     ] Total time for which application threads were stopped: 0.0009247 seconds, Stopping threads took: 0.0002305 seconds
[2023-02-09T10:17:56.759+0000][19.770s][debug][safepoint     ] Safepoint synchronization initiated. (24 threads)
[2023-02-09T10:17:56.759+0000][19.771s][info ][safepoint     ] Application time: 0.3901235 seconds
[2023-02-09T10:17:56.760+0000][19.771s][info ][safepoint     ] Entering safepoint region: ICBufferFull
[2023-02-09T10:17:56.760+0000][19.772s][info ][safepoint     ] Leaving safepoint region
[2023-02-09T10:17:56.760+0000][19.772s][info ][safepoint     ] Total time for which application threads were stopped: 0.0007376 seconds, Stopping threads took: 0.0001943 seconds
[2023-02-09T10:17:56.788+0000][19.800s][debug][safepoint     ] Safepoint synchronization initiated. (24 threads)
[2023-02-09T10:17:56.789+0000][19.800s][info ][safepoint     ] Application time: 0.0282657 seconds
[2023-02-09T10:17:56.789+0000][19.801s][debug][safepoint     ] Waiting for 1 thread(s) to block
[2023-02-09T10:17:56.789+0000][19.801s][info ][safepoint     ] Entering safepoint region: G1CollectForAllocation
[2023-02-09T10:17:56.790+0000][19.801s][info ][gc,start      ] GC(26) Pause Young (Normal) (G1 Evacuation Pause)
[2023-02-09T10:17:56.790+0000][19.802s][info ][gc,task       ] GC(26) Using 8 workers of 13 for evacuation
[2023-02-09T10:17:56.805+0000][19.817s][info ][gc,phases     ] GC(26)   Pre Evacuate Collection Set: 0.0ms
[2023-02-09T10:17:56.806+0000][19.817s][info ][gc,phases     ] GC(26)   Evacuate Collection Set: 12.3ms
[2023-02-09T10:17:56.806+0000][19.817s][info ][gc,phases     ] GC(26)   Post Evacuate Collection Set: 2.6ms
[2023-02-09T10:17:56.806+0000][19.818s][info ][gc,phases     ] GC(26)   Other: 0.6ms
[2023-02-09T10:17:56.806+0000][19.818s][info ][gc,heap       ] GC(26) Eden regions: 187->0(186)
[2023-02-09T10:17:56.806+0000][19.818s][info ][gc,heap       ] GC(26) Survivor regions: 14->15(26)
[2023-02-09T10:17:56.806+0000][19.818s][info ][gc,heap       ] GC(26) Old regions: 26->29
[2023-02-09T10:17:56.807+0000][19.818s][info ][gc,heap       ] GC(26) Humongous regions: 0->0
[2023-02-09T10:17:56.807+0000][19.818s][info ][gc,metaspace  ] GC(26) Metaspace: 75053K->75053K(1116160K)
[2023-02-09T10:17:56.807+0000][19.818s][info ][gc            ] GC(26) Pause Young (Normal) (G1 Evacuation Pause) 225M->42M(336M) 17.076ms
[2023-02-09T10:17:56.807+0000][19.819s][info ][gc,cpu        ] GC(26) User=0.11s Sys=0.06s Real=0.02s
[2023-02-09T10:17:56.807+0000][19.819s][info ][safepoint     ] Leaving safepoint region
[2023-02-09T10:17:56.807+0000][19.819s][info ][safepoint     ] Total time for which application threads were stopped: 0.0182508 seconds, Stopping threads took: 0.0005004 seconds
[2023-02-09T10:17:56.808+0000][19.819s][info ][gc,stringdedup] Concurrent String Deduplication (19.819s)
[2023-02-09T10:17:56.809+0000][19.821s][info ][gc,stringdedup] Concurrent String Deduplication 86248.0B->42032.0B(44216.0B) avg 44.1% (19.819s, 19.821s) 1.580ms
[2023-02-09T10:17:57.317+0000][20.329s][debug][safepoint     ] Safepoint synchronization initiated. (24 threads)
[2023-02-09T10:17:57.318+0000][20.330s][info ][safepoint     ] Application time: 0.5105122 seconds
[2023-02-09T10:17:57.318+0000][20.330s][info ][safepoint     ] Entering safepoint region: ICBufferFull
[2023-02-09T10:17:57.319+0000][20.331s][info ][safepoint     ] Leaving safepoint region
[2023-02-09T10:17:57.320+0000][20.332s][info ][safepoint     ] Total time for which application threads were stopped: 0.0016174 seconds, Stopping threads took: 0.0006192 seconds
[2023-02-09T10:17:57.455+0000][20.466s][debug][safepoint     ] Safepoint synchronization initiated. (24 threads)
[2023-02-09T10:17:57.455+0000][20.467s][info ][safepoint     ] Application time: 0.1349451 seconds
[2023-02-09T10:17:57.456+0000][20.467s][info ][safepoint     ] Entering safepoint region: ICBufferFull
[2023-02-09T10:17:57.456+0000][20.468s][info ][safepoint     ] Leaving safepoint region
[2023-02-09T10:17:57.456+0000][20.468s][info ][safepoint     ] Total time for which application threads were stopped: 0.0007451 seconds, Stopping threads took: 0.0001764 seconds
[2023-02-09T10:17:57.634+0000][20.646s][debug][safepoint     ] Safepoint synchronization initiated. (24 threads)
[2023-02-09T10:17:57.635+0000][20.646s][info ][safepoint     ] Application time: 0.1781936 seconds
[2023-02-09T10:17:57.635+0000][20.647s][debug][safepoint     ] ... found polling page return exception at pc = 0x00007fe9fdfe7880, stub =0x00007fe9fc85a800
[2023-02-09T10:17:57.636+0000][20.647s][debug][safepoint     ] Waiting for 1 thread(s) to block
[2023-02-09T10:17:57.636+0000][20.647s][info ][safepoint     ] Entering safepoint region: ICBufferFull
[2023-02-09T10:17:57.636+0000][20.648s][info ][safepoint     ] Leaving safepoint region
[2023-02-09T10:17:57.637+0000][20.648s][info ][safepoint     ] Total time for which application threads were stopped: 0.0014757 seconds, Stopping threads took: 0.0008797 seconds
[2023-02-09T10:17:57.903+0000][20.915s][debug][safepoint     ] Safepoint synchronization initiated. (23 threads)
[2023-02-09T10:17:57.903+0000][20.915s][info ][safepoint     ] Application time: 0.2665214 seconds
[2023-02-09T10:17:57.904+0000][20.915s][info ][safepoint     ] Entering safepoint region: ICBufferFull
[2023-02-09T10:17:57.904+0000][20.916s][info ][safepoint     ] Leaving safepoint region
[2023-02-09T10:17:57.904+0000][20.916s][info ][safepoint     ] Total time for which application threads were stopped: 0.0008573 seconds, Stopping threads took: 0.0002249 seconds
[2023-02-09T10:17:58.059+0000][21.071s][debug][safepoint     ] Safepoint synchronization initiated. (23 threads)
[2023-02-09T10:17:58.060+0000][21.071s][info ][safepoint     ] Application time: 0.1551260 seconds
[2023-02-09T10:17:58.060+0000][21.072s][info ][safepoint     ] Entering safepoint region: G1CollectForAllocation
[2023-02-09T10:17:58.061+0000][21.072s][info ][gc,start      ] GC(27) Pause Young (Normal) (G1 Evacuation Pause)
[2023-02-09T10:17:58.061+0000][21.072s][info ][gc,task       ] GC(27) Using 8 workers of 13 for evacuation
[2023-02-09T10:17:58.076+0000][21.088s][info ][gc,phases     ] GC(27)   Pre Evacuate Collection Set: 0.0ms
[2023-02-09T10:17:58.077+0000][21.088s][info ][gc,phases     ] GC(27)   Evacuate Collection Set: 12.2ms
[2023-02-09T10:17:58.077+0000][21.088s][info ][gc,phases     ] GC(27)   Post Evacuate Collection Set: 2.8ms
[2023-02-09T10:17:58.077+0000][21.089s][info ][gc,phases     ] GC(27)   Other: 0.6ms
[2023-02-09T10:17:58.077+0000][21.089s][info ][gc,heap       ] GC(27) Eden regions: 186->0(183)
[2023-02-09T10:17:58.077+0000][21.089s][info ][gc,heap       ] GC(27) Survivor regions: 15->18(26)
[2023-02-09T10:17:58.077+0000][21.089s][info ][gc,heap       ] GC(27) Old regions: 29->32
[2023-02-09T10:17:58.078+0000][21.089s][info ][gc,heap       ] GC(27) Humongous regions: 0->0
[2023-02-09T10:17:58.078+0000][21.089s][info ][gc,metaspace  ] GC(27) Metaspace: 76963K->76963K(1118208K)
[2023-02-09T10:17:58.078+0000][21.090s][info ][gc            ] GC(27) Pause Young (Normal) (G1 Evacuation Pause) 228M->47M(336M) 17.480ms
[2023-02-09T10:17:58.078+0000][21.090s][info ][gc,cpu        ] GC(27) User=0.23s Sys=0.00s Real=0.02s
[2023-02-09T10:17:58.078+0000][21.090s][info ][safepoint     ] Leaving safepoint region
[2023-02-09T10:17:58.078+0000][21.090s][info ][safepoint     ] Total time for which application threads were stopped: 0.0184533 seconds, Stopping threads took: 0.0001897 seconds
[2023-02-09T10:17:58.079+0000][21.090s][info ][gc,stringdedup] Concurrent String Deduplication (21.090s)
[2023-02-09T10:17:58.083+0000][21.094s][info ][gc,stringdedup] Concurrent String Deduplication 333.2K->167.4K(165.7K) avg 44.3% (21.090s, 21.094s) 4.032ms
[2023-02-09T10:17:58.584+0000][21.595s][debug][safepoint     ] Safepoint synchronization initiated. (23 threads)
[2023-02-09T10:17:58.584+0000][21.596s][info ][safepoint     ] Application time: 0.5055467 seconds
[2023-02-09T10:17:58.584+0000][21.596s][info ][safepoint     ] Entering safepoint region: ICBufferFull
[2023-02-09T10:17:58.585+0000][21.596s][info ][safepoint     ] Leaving safepoint region
[2023-02-09T10:17:58.585+0000][21.597s][info ][safepoint     ] Total time for which application threads were stopped: 0.0007910 seconds, Stopping threads took: 0.0002291 seconds
[2023-02-09T10:17:59.197+0000][22.208s][debug][safepoint     ] Safepoint synchronization initiated. (27 threads)
[2023-02-09T10:17:59.197+0000][22.209s][info ][safepoint     ] Application time: 0.6117169 seconds
[2023-02-09T10:17:59.197+0000][22.209s][info ][safepoint     ] Entering safepoint region: G1CollectForAllocation
[2023-02-09T10:17:59.198+0000][22.210s][info ][gc,start      ] GC(28) Pause Young (Normal) (G1 Evacuation Pause)
[2023-02-09T10:17:59.199+0000][22.211s][info ][gc,task       ] GC(28) Using 13 workers of 13 for evacuation
[2023-02-09T10:17:59.220+0000][22.232s][info ][gc,phases     ] GC(28)   Pre Evacuate Collection Set: 0.0ms
[2023-02-09T10:17:59.221+0000][22.232s][info ][gc,phases     ] GC(28)   Evacuate Collection Set: 17.8ms
[2023-02-09T10:17:59.221+0000][22.232s][info ][gc,phases     ] GC(28)   Post Evacuate Collection Set: 2.9ms
[2023-02-09T10:17:59.221+0000][22.232s][info ][gc,phases     ] GC(28)   Other: 1.4ms
[2023-02-09T10:17:59.221+0000][22.232s][info ][gc,heap       ] GC(28) Eden regions: 183->0(182)
[2023-02-09T10:17:59.221+0000][22.233s][info ][gc,heap       ] GC(28) Survivor regions: 18->19(26)
[2023-02-09T10:17:59.221+0000][22.233s][info ][gc,heap       ] GC(28) Old regions: 32->36
[2023-02-09T10:17:59.221+0000][22.233s][info ][gc,heap       ] GC(28) Humongous regions: 0->0
[2023-02-09T10:17:59.221+0000][22.233s][info ][gc,metaspace  ] GC(28) Metaspace: 78792K->78792K(1120256K)
[2023-02-09T10:17:59.222+0000][22.233s][info ][gc            ] GC(28) Pause Young (Normal) (G1 Evacuation Pause) 230M->53M(336M) 23.575ms
[2023-02-09T10:17:59.222+0000][22.233s][info ][gc,cpu        ] GC(28) User=0.20s Sys=0.11s Real=0.02s
[2023-02-09T10:17:59.222+0000][22.233s][info ][safepoint     ] Leaving safepoint region
[2023-02-09T10:17:59.222+0000][22.234s][info ][safepoint     ] Total time for which application threads were stopped: 0.0245925 seconds, Stopping threads took: 0.0002612 seconds
[2023-02-09T10:17:59.222+0000][22.234s][info ][gc,stringdedup] Concurrent String Deduplication (22.234s)
[2023-02-09T10:17:59.226+0000][22.237s][info ][gc,stringdedup] Concurrent String Deduplication 288.3K->97368.0B(193.2K) avg 45.1% (22.234s, 22.237s) 3.432ms
[2023-02-09T10:17:59.792+0000][22.804s][debug][safepoint     ] Safepoint synchronization initiated. (29 threads)
[2023-02-09T10:17:59.793+0000][22.804s][info ][safepoint     ] Application time: 0.5705821 seconds
[2023-02-09T10:17:59.793+0000][22.804s][info ][safepoint     ] Entering safepoint region: Deoptimize
[2023-02-09T10:17:59.795+0000][22.806s][info ][safepoint     ] Leaving safepoint region
[2023-02-09T10:17:59.795+0000][22.807s][info ][safepoint     ] Total time for which application threads were stopped: 0.0021934 seconds, Stopping threads took: 0.0001553 seconds
[2023-02-09T10:17:59.868+0000][22.880s][debug][safepoint     ] Safepoint synchronization initiated. (29 threads)
[2023-02-09T10:17:59.869+0000][22.880s][info ][safepoint     ] Application time: 0.0734286 seconds
[2023-02-09T10:17:59.869+0000][22.880s][info ][safepoint     ] Entering safepoint region: ICBufferFull
[2023-02-09T10:17:59.870+0000][22.881s][info ][safepoint     ] Leaving safepoint region
[2023-02-09T10:17:59.870+0000][22.882s][info ][safepoint     ] Total time for which application threads were stopped: 0.0011145 seconds, Stopping threads took: 0.0002901 seconds
[2023-02-09T10:17:59.999+0000][23.011s][debug][safepoint     ] Safepoint synchronization initiated. (35 threads)
[2023-02-09T10:18:00.000+0000][23.011s][info ][safepoint     ] Application time: 0.1294729 seconds
[2023-02-09T10:18:00.000+0000][23.012s][info ][safepoint     ] Entering safepoint region: G1CollectForAllocation
[2023-02-09T10:18:00.001+0000][23.012s][info ][gc,start      ] GC(29) Pause Young (Normal) (G1 Evacuation Pause)
[2023-02-09T10:18:00.001+0000][23.013s][info ][gc,task       ] GC(29) Using 13 workers of 13 for evacuation
[2023-02-09T10:18:00.026+0000][23.038s][info ][gc,phases     ] GC(29)   Pre Evacuate Collection Set: 0.0ms
[2023-02-09T10:18:00.026+0000][23.038s][info ][gc,phases     ] GC(29)   Evacuate Collection Set: 21.5ms
[2023-02-09T10:18:00.027+0000][23.038s][info ][gc,phases     ] GC(29)   Post Evacuate Collection Set: 3.0ms
[2023-02-09T10:18:00.027+0000][23.038s][info ][gc,phases     ] GC(29)   Other: 0.7ms
[2023-02-09T10:18:00.027+0000][23.038s][info ][gc,heap       ] GC(29) Eden regions: 182->0(184)
[2023-02-09T10:18:00.027+0000][23.039s][info ][gc,heap       ] GC(29) Survivor regions: 19->17(26)
[2023-02-09T10:18:00.027+0000][23.039s][info ][gc,heap       ] GC(29) Old regions: 36->43
[2023-02-09T10:18:00.027+0000][23.039s][info ][gc,heap       ] GC(29) Humongous regions: 0->0
[2023-02-09T10:18:00.027+0000][23.039s][info ][gc,metaspace  ] GC(29) Metaspace: 79948K->79948K(1120256K)
[2023-02-09T10:18:00.028+0000][23.039s][info ][gc            ] GC(29) Pause Young (Normal) (G1 Evacuation Pause) 235M->57M(336M) 26.741ms
[2023-02-09T10:18:00.028+0000][23.039s][info ][gc,cpu        ] GC(29) User=0.22s Sys=0.10s Real=0.03s
[2023-02-09T10:18:00.028+0000][23.040s][info ][safepoint     ] Leaving safepoint region
[2023-02-09T10:18:00.028+0000][23.040s][info ][safepoint     ] Total time for which application threads were stopped: 0.0279536 seconds, Stopping threads took: 0.0004455 seconds
[2023-02-09T10:18:00.028+0000][23.040s][info ][gc,stringdedup] Concurrent String Deduplication (23.040s)
[2023-02-09T10:18:00.033+0000][23.044s][info ][gc,stringdedup] Concurrent String Deduplication 528.0K->122.4K(405.6K) avg 47.1% (23.040s, 23.044s) 4.328ms
[2023-02-09T10:18:00.558+0000][23.570s][debug][safepoint     ] Safepoint synchronization initiated. (35 threads)
[2023-02-09T10:18:00.559+0000][23.570s][info ][safepoint     ] Application time: 0.5303508 seconds
[2023-02-09T10:18:00.559+0000][23.570s][debug][safepoint     ] Waiting for 1 thread(s) to block
[2023-02-09T10:18:00.559+0000][23.571s][info ][safepoint     ] Entering safepoint region: ICBufferFull
[2023-02-09T10:18:00.560+0000][23.571s][info ][safepoint     ] Leaving safepoint region
[2023-02-09T10:18:00.560+0000][23.571s][info ][safepoint     ] Total time for which application threads were stopped: 0.0010862 seconds, Stopping threads took: 0.0004616 seconds
[2023-02-09T10:18:00.990+0000][24.002s][debug][safepoint     ] Safepoint synchronization initiated. (35 threads)
[2023-02-09T10:18:00.990+0000][24.002s][info ][safepoint     ] Application time: 0.4303680 seconds
[2023-02-09T10:18:00.991+0000][24.002s][info ][safepoint     ] Entering safepoint region: G1CollectForAllocation
[2023-02-09T10:18:00.991+0000][24.003s][info ][gc,start      ] GC(30) Pause Young (Normal) (G1 Evacuation Pause)
[2023-02-09T10:18:00.991+0000][24.003s][info ][gc,task       ] GC(30) Using 13 workers of 13 for evacuation
[2023-02-09T10:18:01.006+0000][24.018s][info ][gc,phases     ] GC(30)   Pre Evacuate Collection Set: 0.0ms
[2023-02-09T10:18:01.007+0000][24.018s][info ][gc,phases     ] GC(30)   Evacuate Collection Set: 12.0ms
[2023-02-09T10:18:01.007+0000][24.018s][info ][gc,phases     ] GC(30)   Post Evacuate Collection Set: 2.3ms
[2023-02-09T10:18:01.007+0000][24.019s][info ][gc,phases     ] GC(30)   Other: 0.8ms
[2023-02-09T10:18:01.007+0000][24.019s][info ][gc,heap       ] GC(30) Eden regions: 184->0(184)
[2023-02-09T10:18:01.007+0000][24.019s][info ][gc,heap       ] GC(30) Survivor regions: 17->17(26)
[2023-02-09T10:18:01.008+0000][24.019s][info ][gc,heap       ] GC(30) Old regions: 43->48
[2023-02-09T10:18:01.008+0000][24.019s][info ][gc,heap       ] GC(30) Humongous regions: 0->0
[2023-02-09T10:18:01.008+0000][24.020s][info ][gc,metaspace  ] GC(30) Metaspace: 81918K->81918K(1122304K)
[2023-02-09T10:18:01.008+0000][24.020s][info ][gc            ] GC(30) Pause Young (Normal) (G1 Evacuation Pause) 241M->63M(336M) 17.118ms
[2023-02-09T10:18:01.008+0000][24.020s][info ][gc,cpu        ] GC(30) User=0.19s Sys=0.00s Real=0.02s
[2023-02-09T10:18:01.009+0000][24.020s][info ][safepoint     ] Leaving safepoint region
[2023-02-09T10:18:01.009+0000][24.020s][info ][safepoint     ] Total time for which application threads were stopped: 0.0182109 seconds, Stopping threads took: 0.0002218 seconds
[2023-02-09T10:18:01.009+0000][24.021s][info ][gc,stringdedup] Concurrent String Deduplication (24.021s)
[2023-02-09T10:18:01.011+0000][24.023s][info ][gc,stringdedup] Concurrent String Deduplication 499.2K->120.4K(378.7K) avg 48.7% (24.021s, 24.023s) 2.443ms
[2023-02-09T10:18:01.664+0000][24.676s][debug][safepoint     ] Safepoint synchronization initiated. (30 threads)
[2023-02-09T10:18:01.664+0000][24.676s][info ][safepoint     ] Application time: 0.6553711 seconds
[2023-02-09T10:18:01.665+0000][24.676s][debug][safepoint     ] Waiting for 1 thread(s) to block
[2023-02-09T10:18:01.665+0000][24.677s][info ][safepoint     ] Entering safepoint region: ICBufferFull
[2023-02-09T10:18:01.666+0000][24.677s][info ][safepoint     ] Leaving safepoint region
[2023-02-09T10:18:01.666+0000][24.677s][info ][safepoint     ] Total time for which application threads were stopped: 0.0012990 seconds, Stopping threads took: 0.0006574 seconds
[2023-02-09T10:18:01.810+0000][24.822s][debug][safepoint     ] Safepoint synchronization initiated. (30 threads)
[2023-02-09T10:18:01.811+0000][24.822s][info ][safepoint     ] Application time: 0.1444792 seconds
[2023-02-09T10:18:01.811+0000][24.822s][info ][safepoint     ] Entering safepoint region: G1CollectForAllocation
[2023-02-09T10:18:01.811+0000][24.823s][info ][gc,start      ] GC(31) Pause Young (Normal) (G1 Evacuation Pause)
[2023-02-09T10:18:01.812+0000][24.823s][info ][gc,task       ] GC(31) Using 13 workers of 13 for evacuation
[2023-02-09T10:18:01.832+0000][24.844s][info ][gc,phases     ] GC(31)   Pre Evacuate Collection Set: 0.0ms
[2023-02-09T10:18:01.833+0000][24.844s][info ][gc,phases     ] GC(31)   Evacuate Collection Set: 18.1ms
[2023-02-09T10:18:01.833+0000][24.845s][info ][gc,phases     ] GC(31)   Post Evacuate Collection Set: 2.0ms
[2023-02-09T10:18:01.833+0000][24.845s][info ][gc,phases     ] GC(31)   Other: 0.8ms
[2023-02-09T10:18:01.834+0000][24.845s][info ][gc,heap       ] GC(31) Eden regions: 184->0(186)
[2023-02-09T10:18:01.834+0000][24.845s][info ][gc,heap       ] GC(31) Survivor regions: 17->15(26)
[2023-02-09T10:18:01.834+0000][24.846s][info ][gc,heap       ] GC(31) Old regions: 48->53
[2023-02-09T10:18:01.834+0000][24.846s][info ][gc,heap       ] GC(31) Humongous regions: 0->0
[2023-02-09T10:18:01.834+0000][24.846s][info ][gc,metaspace  ] GC(31) Metaspace: 83874K->83874K(1124352K)
[2023-02-09T10:18:01.835+0000][24.846s][info ][gc            ] GC(31) Pause Young (Normal) (G1 Evacuation Pause) 247M->66M(336M) 23.214ms
[2023-02-09T10:18:01.835+0000][24.846s][info ][gc,cpu        ] GC(31) User=0.21s Sys=0.06s Real=0.03s
[2023-02-09T10:18:01.835+0000][24.847s][info ][safepoint     ] Leaving safepoint region
[2023-02-09T10:18:01.835+0000][24.847s][info ][safepoint     ] Total time for which application threads were stopped: 0.0244358 seconds, Stopping threads took: 0.0002321 seconds
[2023-02-09T10:18:01.836+0000][24.847s][info ][gc,stringdedup] Concurrent String Deduplication (24.847s)
[2023-02-09T10:18:01.837+0000][24.849s][info ][gc,stringdedup] Concurrent String Deduplication 310.6K->87800.0B(224.8K) avg 49.5% (24.847s, 24.849s) 1.725ms
[2023-02-09T10:18:02.013+0000][25.024s][debug][safepoint     ] Safepoint synchronization initiated. (32 threads)
[2023-02-09T10:18:02.013+0000][25.025s][info ][safepoint     ] Application time: 0.1776125 seconds
[2023-02-09T10:18:02.014+0000][25.025s][info ][safepoint     ] Entering safepoint region: Deoptimize
[2023-02-09T10:18:02.016+0000][25.027s][info ][safepoint     ] Leaving safepoint region
[2023-02-09T10:18:02.016+0000][25.027s][info ][safepoint     ] Total time for which application threads were stopped: 0.0023468 seconds, Stopping threads took: 0.0004856 seconds
[2023-02-09T10:18:02.016+0000][25.028s][debug][safepoint     ] Safepoint synchronization initiated. (32 threads)
[2023-02-09T10:18:02.017+0000][25.028s][info ][safepoint     ] Application time: 0.0005689 seconds
[2023-02-09T10:18:02.017+0000][25.029s][info ][safepoint     ] Entering safepoint region: Deoptimize
[2023-02-09T10:18:02.019+0000][25.031s][info ][safepoint     ] Leaving safepoint region
[2023-02-09T10:18:02.020+0000][25.031s][info ][safepoint     ] Total time for which application threads were stopped: 0.0024921 seconds, Stopping threads took: 0.0003922 seconds
[2023-02-09T10:18:02.021+0000][25.033s][debug][safepoint     ] Safepoint synchronization initiated. (32 threads)
[2023-02-09T10:18:02.022+0000][25.034s][info ][safepoint     ] Application time: 0.0021483 seconds
[2023-02-09T10:18:02.022+0000][25.034s][info ][safepoint     ] Entering safepoint region: Deoptimize
[2023-02-09T10:18:02.025+0000][25.036s][info ][safepoint     ] Leaving safepoint region
[2023-02-09T10:18:02.025+0000][25.036s][info ][safepoint     ] Total time for which application threads were stopped: 0.0025859 seconds, Stopping threads took: 0.0003023 seconds
[2023-02-09T10:18:02.039+0000][25.050s][debug][safepoint     ] Safepoint synchronization initiated. (32 threads)
[2023-02-09T10:18:02.039+0000][25.051s][info ][safepoint     ] Application time: 0.0137724 seconds
[2023-02-09T10:18:02.039+0000][25.051s][info ][safepoint     ] Entering safepoint region: Deoptimize
[2023-02-09T10:18:02.041+0000][25.053s][info ][safepoint     ] Leaving safepoint region
[2023-02-09T10:18:02.042+0000][25.053s][info ][safepoint     ] Total time for which application threads were stopped: 0.0024448 seconds, Stopping threads took: 0.0003245 seconds
[2023-02-09T10:18:02.197+0000][25.208s][debug][safepoint     ] Safepoint synchronization initiated. (32 threads)
[2023-02-09T10:18:02.197+0000][25.209s][info ][safepoint     ] Application time: 0.1553220 seconds
[2023-02-09T10:18:02.197+0000][25.209s][info ][safepoint     ] Entering safepoint region: Deoptimize
[2023-02-09T10:18:02.200+0000][25.211s][info ][safepoint     ] Leaving safepoint region
[2023-02-09T10:18:02.200+0000][25.212s][info ][safepoint     ] Total time for which application threads were stopped: 0.0027957 seconds, Stopping threads took: 0.0002790 seconds
[2023-02-09T10:18:02.511+0000][25.523s][debug][safepoint     ] Safepoint synchronization initiated. (33 threads)
[2023-02-09T10:18:02.512+0000][25.523s][info ][safepoint     ] Application time: 0.3112507 seconds
[2023-02-09T10:18:02.512+0000][25.523s][info ][safepoint     ] Entering safepoint region: Deoptimize
[2023-02-09T10:18:02.514+0000][25.525s][info ][safepoint     ] Leaving safepoint region
[2023-02-09T10:18:02.514+0000][25.526s][info ][safepoint     ] Total time for which application threads were stopped: 0.0020972 seconds, Stopping threads took: 0.0002270 seconds
[2023-02-09T10:18:02.705+0000][25.716s][debug][safepoint     ] Safepoint synchronization initiated. (32 threads)
[2023-02-09T10:18:02.705+0000][25.717s][info ][safepoint     ] Application time: 0.1909505 seconds
[2023-02-09T10:18:02.705+0000][25.717s][info ][safepoint     ] Entering safepoint region: G1CollectForAllocation
[2023-02-09T10:18:02.706+0000][25.717s][info ][gc,start      ] GC(32) Pause Young (Normal) (G1 Evacuation Pause)
[2023-02-09T10:18:02.706+0000][25.718s][info ][gc,task       ] GC(32) Using 13 workers of 13 for evacuation
[2023-02-09T10:18:02.723+0000][25.734s][info ][gc,phases     ] GC(32)   Pre Evacuate Collection Set: 0.0ms
[2023-02-09T10:18:02.723+0000][25.735s][info ][gc,phases     ] GC(32)   Evacuate Collection Set: 13.3ms
[2023-02-09T10:18:02.723+0000][25.735s][info ][gc,phases     ] GC(32)   Post Evacuate Collection Set: 2.9ms
[2023-02-09T10:18:02.724+0000][25.735s][info ][gc,phases     ] GC(32)   Other: 0.8ms
[2023-02-09T10:18:02.724+0000][25.735s][info ][gc,heap       ] GC(32) Eden regions: 186->0(187)
[2023-02-09T10:18:02.724+0000][25.735s][info ][gc,heap       ] GC(32) Survivor regions: 15->14(26)
[2023-02-09T10:18:02.724+0000][25.736s][info ][gc,heap       ] GC(32) Old regions: 53->58
[2023-02-09T10:18:02.724+0000][25.736s][info ][gc,heap       ] GC(32) Humongous regions: 0->0
[2023-02-09T10:18:02.724+0000][25.736s][info ][gc,metaspace  ] GC(32) Metaspace: 86027K->86027K(1126400K)
[2023-02-09T10:18:02.724+0000][25.736s][info ][gc            ] GC(32) Pause Young (Normal) (G1 Evacuation Pause) 252M->70M(336M) 18.645ms
[2023-02-09T10:18:02.725+0000][25.736s][info ][gc,cpu        ] GC(32) User=0.19s Sys=0.02s Real=0.02s
[2023-02-09T10:18:02.725+0000][25.736s][info ][safepoint     ] Leaving safepoint region
[2023-02-09T10:18:02.725+0000][25.736s][info ][safepoint     ] Total time for which application threads were stopped: 0.0196205 seconds, Stopping threads took: 0.0002172 seconds
[2023-02-09T10:18:02.725+0000][25.737s][info ][gc,stringdedup] Concurrent String Deduplication (25.737s)
[2023-02-09T10:18:02.729+0000][25.740s][info ][gc,stringdedup] Concurrent String Deduplication 541.4K->153.4K(388.0K) avg 50.7% (25.737s, 25.740s) 3.762ms
[2023-02-09T10:18:03.064+0000][26.076s][debug][safepoint     ] Safepoint synchronization initiated. (33 threads)
[2023-02-09T10:18:03.064+0000][26.076s][info ][safepoint     ] Application time: 0.3393771 seconds
[2023-02-09T10:18:03.065+0000][26.076s][info ][safepoint     ] Entering safepoint region: Deoptimize
[2023-02-09T10:18:03.067+0000][26.079s][info ][safepoint     ] Leaving safepoint region
[2023-02-09T10:18:03.068+0000][26.079s][info ][safepoint     ] Total time for which application threads were stopped: 0.0029320 seconds, Stopping threads took: 0.0004172 seconds
[2023-02-09T10:18:03.086+0000][26.097s][debug][safepoint     ] Safepoint synchronization initiated. (33 threads)
[2023-02-09T10:18:03.086+0000][26.098s][info ][safepoint     ] Application time: 0.0181200 seconds
[2023-02-09T10:18:03.086+0000][26.098s][info ][safepoint     ] Entering safepoint region: Deoptimize
[2023-02-09T10:18:03.088+0000][26.100s][info ][safepoint     ] Leaving safepoint region
[2023-02-09T10:18:03.089+0000][26.100s][info ][safepoint     ] Total time for which application threads were stopped: 0.0021710 seconds, Stopping threads took: 0.0002142 seconds
[2023-02-09T10:18:03.116+0000][26.127s][debug][safepoint     ] Safepoint synchronization initiated. (33 threads)
[2023-02-09T10:18:03.116+0000][26.128s][info ][safepoint     ] Application time: 0.0275910 seconds
[2023-02-09T10:18:03.117+0000][26.128s][info ][safepoint     ] Entering safepoint region: Deoptimize
[2023-02-09T10:18:03.120+0000][26.131s][info ][safepoint     ] Leaving safepoint region
[2023-02-09T10:18:03.121+0000][26.132s][info ][safepoint     ] Total time for which application threads were stopped: 0.0038599 seconds, Stopping threads took: 0.0004979 seconds
[2023-02-09T10:18:03.555+0000][26.567s][debug][safepoint     ] Safepoint synchronization initiated. (36 threads)
[2023-02-09T10:18:03.555+0000][26.567s][info ][safepoint     ] Application time: 0.4344216 seconds
[2023-02-09T10:18:03.556+0000][26.567s][info ][safepoint     ] Entering safepoint region: Deoptimize
[2023-02-09T10:18:03.558+0000][26.570s][info ][safepoint     ] Leaving safepoint region
[2023-02-09T10:18:03.559+0000][26.570s][info ][safepoint     ] Total time for which application threads were stopped: 0.0029407 seconds, Stopping threads took: 0.0002258 seconds
[2023-02-09T10:18:03.561+0000][26.573s][debug][safepoint     ] Safepoint synchronization initiated. (36 threads)
[2023-02-09T10:18:03.562+0000][26.573s][info ][safepoint     ] Application time: 0.0030103 seconds
[2023-02-09T10:18:03.562+0000][26.574s][info ][safepoint     ] Entering safepoint region: Deoptimize
[2023-02-09T10:18:03.564+0000][26.576s][info ][safepoint     ] Leaving safepoint region
[2023-02-09T10:18:03.565+0000][26.576s][info ][safepoint     ] Total time for which application threads were stopped: 0.0027184 seconds, Stopping threads took: 0.0001552 seconds
[2023-02-09T10:18:03.631+0000][26.643s][debug][safepoint     ] Safepoint synchronization initiated. (36 threads)
[2023-02-09T10:18:03.632+0000][26.644s][info ][safepoint     ] Application time: 0.0669239 seconds
[2023-02-09T10:18:03.632+0000][26.644s][info ][safepoint     ] Entering safepoint region: Deoptimize
[2023-02-09T10:18:03.635+0000][26.647s][info ][safepoint     ] Leaving safepoint region
[2023-02-09T10:18:03.636+0000][26.647s][info ][safepoint     ] Total time for which application threads were stopped: 0.0037313 seconds, Stopping threads took: 0.0001655 seconds
[2023-02-09T10:18:03.638+0000][26.649s][debug][safepoint     ] Safepoint synchronization initiated. (36 threads)
[2023-02-09T10:18:03.638+0000][26.650s][info ][safepoint     ] Application time: 0.0020009 seconds
[2023-02-09T10:18:03.638+0000][26.650s][info ][safepoint     ] Entering safepoint region: Deoptimize
[2023-02-09T10:18:03.641+0000][26.652s][info ][safepoint     ] Leaving safepoint region
[2023-02-09T10:18:03.641+0000][26.653s][info ][safepoint     ] Total time for which application threads were stopped: 0.0030335 seconds, Stopping threads took: 0.0001587 seconds
[2023-02-09T10:18:03.917+0000][26.929s][debug][safepoint     ] Safepoint synchronization initiated. (37 threads)
[2023-02-09T10:18:03.917+0000][26.929s][info ][safepoint     ] Application time: 0.2758120 seconds
[2023-02-09T10:18:03.917+0000][26.929s][debug][safepoint     ] Waiting for 1 thread(s) to block
[2023-02-09T10:18:03.918+0000][26.929s][info ][safepoint     ] Entering safepoint region: G1CollectForAllocation
[2023-02-09T10:18:03.918+0000][26.930s][info ][gc,start      ] GC(33) Pause Young (Normal) (G1 Evacuation Pause)
[2023-02-09T10:18:03.919+0000][26.930s][info ][gc,task       ] GC(33) Using 13 workers of 13 for evacuation
[2023-02-09T10:18:03.930+0000][26.942s][info ][gc,phases     ] GC(33)   Pre Evacuate Collection Set: 0.0ms
[2023-02-09T10:18:03.930+0000][26.942s][info ][gc,phases     ] GC(33)   Evacuate Collection Set: 8.1ms
[2023-02-09T10:18:03.930+0000][26.942s][info ][gc,phases     ] GC(33)   Post Evacuate Collection Set: 2.9ms
[2023-02-09T10:18:03.931+0000][26.942s][info ][gc,phases     ] GC(33)   Other: 0.7ms
[2023-02-09T10:18:03.931+0000][26.942s][info ][gc,heap       ] GC(33) Eden regions: 187->0(184)
[2023-02-09T10:18:03.931+0000][26.943s][info ][gc,heap       ] GC(33) Survivor regions: 14->17(26)
[2023-02-09T10:18:03.931+0000][26.943s][info ][gc,heap       ] GC(33) Old regions: 58->58
[2023-02-09T10:18:03.931+0000][26.943s][info ][gc,heap       ] GC(33) Humongous regions: 0->0
[2023-02-09T10:18:03.932+0000][26.943s][info ][gc,metaspace  ] GC(33) Metaspace: 90211K->90211K(1130496K)
[2023-02-09T10:18:03.932+0000][26.943s][info ][gc            ] GC(33) Pause Young (Normal) (G1 Evacuation Pause) 257M->72M(336M) 13.445ms
[2023-02-09T10:18:03.932+0000][26.944s][info ][gc,cpu        ] GC(33) User=0.16s Sys=0.00s Real=0.01s
[2023-02-09T10:18:03.932+0000][26.944s][info ][safepoint     ] Leaving safepoint region
[2023-02-09T10:18:03.932+0000][26.944s][info ][safepoint     ] Total time for which application threads were stopped: 0.0149144 seconds, Stopping threads took: 0.0005242 seconds
[2023-02-09T10:18:03.933+0000][26.944s][info ][gc,stringdedup] Concurrent String Deduplication (26.944s)
[2023-02-09T10:18:03.936+0000][26.947s][info ][gc,stringdedup] Concurrent String Deduplication 235.5K->95304.0B(142.5K) avg 51.0% (26.944s, 26.947s) 2.804ms
[2023-02-09T10:18:04.762+0000][27.773s][debug][safepoint     ] Safepoint synchronization initiated. (53 threads)
[2023-02-09T10:18:04.762+0000][27.774s][info ][safepoint     ] Application time: 0.8295315 seconds
[2023-02-09T10:18:04.762+0000][27.774s][info ][safepoint     ] Entering safepoint region: Deoptimize
[2023-02-09T10:18:04.764+0000][27.776s][info ][safepoint     ] Leaving safepoint region
[2023-02-09T10:18:04.764+0000][27.776s][info ][safepoint     ] Total time for which application threads were stopped: 0.0022430 seconds, Stopping threads took: 0.0001503 seconds
[2023-02-09T10:18:04.774+0000][27.785s][debug][safepoint     ] Safepoint synchronization initiated. (53 threads)
[2023-02-09T10:18:04.774+0000][27.786s][info ][safepoint     ] Application time: 0.0094017 seconds
[2023-02-09T10:18:04.774+0000][27.786s][debug][safepoint     ] Waiting for 1 thread(s) to block
[2023-02-09T10:18:04.774+0000][27.786s][info ][safepoint     ] Entering safepoint region: G1CollectForAllocation
[2023-02-09T10:18:04.775+0000][27.787s][info ][gc,start      ] GC(34) Pause Young (Normal) (G1 Evacuation Pause)
[2023-02-09T10:18:04.775+0000][27.787s][info ][gc,task       ] GC(34) Using 13 workers of 13 for evacuation
[2023-02-09T10:18:04.797+0000][27.808s][info ][gc,phases     ] GC(34)   Pre Evacuate Collection Set: 0.0ms
[2023-02-09T10:18:04.797+0000][27.809s][info ][gc,phases     ] GC(34)   Evacuate Collection Set: 18.8ms
[2023-02-09T10:18:04.797+0000][27.809s][info ][gc,phases     ] GC(34)   Post Evacuate Collection Set: 2.5ms
[2023-02-09T10:18:04.797+0000][27.809s][info ][gc,phases     ] GC(34)   Other: 0.5ms
[2023-02-09T10:18:04.797+0000][27.809s][info ][gc,heap       ] GC(34) Eden regions: 184->0(187)
[2023-02-09T10:18:04.798+0000][27.809s][info ][gc,heap       ] GC(34) Survivor regions: 17->14(26)
[2023-02-09T10:18:04.798+0000][27.809s][info ][gc,heap       ] GC(34) Old regions: 58->63
[2023-02-09T10:18:04.798+0000][27.809s][info ][gc,heap       ] GC(34) Humongous regions: 0->0
[2023-02-09T10:18:04.798+0000][27.809s][info ][gc,metaspace  ] GC(34) Metaspace: 92717K->92717K(1132544K)
[2023-02-09T10:18:04.798+0000][27.810s][info ][gc            ] GC(34) Pause Young (Normal) (G1 Evacuation Pause) 256M->75M(336M) 23.005ms
[2023-02-09T10:18:04.798+0000][27.810s][info ][gc,cpu        ] GC(34) User=0.21s Sys=0.08s Real=0.02s
[2023-02-09T10:18:04.798+0000][27.810s][info ][safepoint     ] Leaving safepoint region
[2023-02-09T10:18:04.798+0000][27.810s][info ][safepoint     ] Total time for which application threads were stopped: 0.0242170 seconds, Stopping threads took: 0.0003750 seconds
[2023-02-09T10:18:04.799+0000][27.810s][info ][gc,stringdedup] Concurrent String Deduplication (27.810s)
[2023-02-09T10:18:04.801+0000][27.813s][info ][gc,stringdedup] Concurrent String Deduplication 209.9K->95560.0B(116.5K) avg 51.0% (27.810s, 27.813s) 2.454ms
[2023-02-09T10:18:05.318+0000][28.329s][debug][safepoint     ] Safepoint synchronization initiated. (51 threads)
[2023-02-09T10:18:05.318+0000][28.330s][info ][safepoint     ] Application time: 0.5198063 seconds
[2023-02-09T10:18:05.319+0000][28.330s][info ][safepoint     ] Entering safepoint region: Deoptimize
[2023-02-09T10:18:05.321+0000][28.333s][info ][safepoint     ] Leaving safepoint region
[2023-02-09T10:18:05.322+0000][28.333s][info ][safepoint     ] Total time for which application threads were stopped: 0.0029594 seconds, Stopping threads took: 0.0003411 seconds
[2023-02-09T10:18:05.506+0000][28.518s][debug][safepoint     ] Safepoint synchronization initiated. (63 threads)
[2023-02-09T10:18:05.507+0000][28.518s][info ][safepoint     ] Application time: 0.1849529 seconds
[2023-02-09T10:18:05.507+0000][28.519s][info ][safepoint     ] Entering safepoint region: G1CollectForAllocation
[2023-02-09T10:18:05.508+0000][28.519s][info ][gc,start      ] GC(35) Pause Young (Normal) (G1 Evacuation Pause)
[2023-02-09T10:18:05.508+0000][28.520s][info ][gc,task       ] GC(35) Using 13 workers of 13 for evacuation
[2023-02-09T10:18:05.519+0000][28.531s][info ][gc,phases     ] GC(35)   Pre Evacuate Collection Set: 0.0ms
[2023-02-09T10:18:05.520+0000][28.531s][info ][gc,phases     ] GC(35)   Evacuate Collection Set: 8.2ms
[2023-02-09T10:18:05.520+0000][28.531s][info ][gc,phases     ] GC(35)   Post Evacuate Collection Set: 2.7ms
[2023-02-09T10:18:05.520+0000][28.532s][info ][gc,phases     ] GC(35)   Other: 0.6ms
[2023-02-09T10:18:05.520+0000][28.532s][info ][gc,heap       ] GC(35) Eden regions: 187->0(226)
[2023-02-09T10:18:05.520+0000][28.532s][info ][gc,heap       ] GC(35) Survivor regions: 14->16(26)
[2023-02-09T10:18:05.520+0000][28.532s][info ][gc,heap       ] GC(35) Old regions: 63->63
[2023-02-09T10:18:05.521+0000][28.532s][info ][gc,heap       ] GC(35) Humongous regions: 0->0
[2023-02-09T10:18:05.521+0000][28.532s][info ][gc,metaspace  ] GC(35) Metaspace: 95683K->95683K(1134592K)
[2023-02-09T10:18:05.521+0000][28.532s][info ][gc            ] GC(35) Pause Young (Normal) (G1 Evacuation Pause) 262M->76M(404M) 13.047ms
[2023-02-09T10:18:05.521+0000][28.533s][info ][gc,cpu        ] GC(35) User=0.09s Sys=0.00s Real=0.01s
[2023-02-09T10:18:05.521+0000][28.533s][info ][safepoint     ] Leaving safepoint region
[2023-02-09T10:18:05.521+0000][28.533s][info ][safepoint     ] Total time for which application threads were stopped: 0.0144161 seconds, Stopping threads took: 0.0002957 seconds
[2023-02-09T10:18:05.522+0000][28.533s][info ][gc,stringdedup] Concurrent String Deduplication (28.533s)
[2023-02-09T10:18:05.526+0000][28.537s][debug][safepoint     ] Safepoint synchronization initiated. (63 threads)
[2023-02-09T10:18:05.526+0000][28.538s][info ][safepoint     ] Application time: 0.0045652 seconds
[2023-02-09T10:18:05.526+0000][28.538s][info ][safepoint     ] Entering safepoint region: Deoptimize
[2023-02-09T10:18:05.528+0000][28.540s][info ][safepoint     ] Leaving safepoint region
[2023-02-09T10:18:05.529+0000][28.540s][info ][safepoint     ] Total time for which application threads were stopped: 0.0023690 seconds, Stopping threads took: 0.0002098 seconds
[2023-02-09T10:18:05.530+0000][28.542s][info ][gc,stringdedup] Concurrent String Deduplication 405.0K->318.8K(88272.0B) avg 49.9% (28.533s, 28.542s) 5.638ms
[2023-02-09T10:18:06.529+0000][29.541s][debug][safepoint     ] Safepoint synchronization initiated. (63 threads)
[2023-02-09T10:18:06.529+0000][29.541s][info ][safepoint     ] Application time: 1.0004950 seconds
[2023-02-09T10:18:06.530+0000][29.541s][info ][safepoint     ] Entering safepoint region: Cleanup
[2023-02-09T10:18:06.530+0000][29.542s][info ][safepoint     ] Leaving safepoint region
[2023-02-09T10:18:06.530+0000][29.542s][info ][safepoint     ] Total time for which application threads were stopped: 0.0008929 seconds, Stopping threads took: 0.0002660 seconds
[2023-02-09T10:18:07.531+0000][30.542s][debug][safepoint     ] Safepoint synchronization initiated. (59 threads)
[2023-02-09T10:18:07.532+0000][30.543s][info ][safepoint     ] Application time: 1.0009660 seconds
[2023-02-09T10:18:07.532+0000][30.544s][info ][safepoint     ] Entering safepoint region: Cleanup
[2023-02-09T10:18:07.534+0000][30.545s][info ][safepoint     ] Leaving safepoint region
[2023-02-09T10:18:07.534+0000][30.546s][info ][safepoint     ] Total time for which application threads were stopped: 0.0019385 seconds, Stopping threads took: 0.0007090 seconds
[2023-02-09T10:18:08.535+0000][31.546s][debug][safepoint     ] Safepoint synchronization initiated. (58 threads)
[2023-02-09T10:18:08.535+0000][31.547s][info ][safepoint     ] Application time: 1.0008412 seconds
[2023-02-09T10:18:08.536+0000][31.547s][info ][safepoint     ] Entering safepoint region: Cleanup
[2023-02-09T10:18:08.537+0000][31.549s][info ][safepoint     ] Leaving safepoint region
[2023-02-09T10:18:08.538+0000][31.549s][info ][safepoint     ] Total time for which application threads were stopped: 0.0017610 seconds, Stopping threads took: 0.0004552 seconds
[2023-02-09T10:18:09.539+0000][32.550s][debug][safepoint     ] Safepoint synchronization initiated. (58 threads)
[2023-02-09T10:18:09.540+0000][32.551s][info ][safepoint     ] Application time: 1.0015143 seconds
[2023-02-09T10:18:09.540+0000][32.552s][info ][safepoint     ] Entering safepoint region: Cleanup
[2023-02-09T10:18:09.541+0000][32.553s][info ][safepoint     ] Leaving safepoint region
[2023-02-09T10:18:09.542+0000][32.553s][info ][safepoint     ] Total time for which application threads were stopped: 0.0017940 seconds, Stopping threads took: 0.0005040 seconds
[2023-02-09T10:18:10.543+0000][33.554s][debug][safepoint     ] Safepoint synchronization initiated. (56 threads)
[2023-02-09T10:18:10.543+0000][33.555s][info ][safepoint     ] Application time: 1.0012197 seconds
[2023-02-09T10:18:10.544+0000][33.555s][info ][safepoint     ] Entering safepoint region: Cleanup
[2023-02-09T10:18:10.545+0000][33.557s][info ][safepoint     ] Leaving safepoint region
[2023-02-09T10:18:10.546+0000][33.558s][info ][safepoint     ] Total time for which application threads were stopped: 0.0021491 seconds, Stopping threads took: 0.0004716 seconds
[2023-02-09T10:18:11.547+0000][34.558s][debug][safepoint     ] Safepoint synchronization initiated. (56 threads)
[2023-02-09T10:18:11.548+0000][34.559s][info ][safepoint     ] Application time: 1.0011822 seconds
[2023-02-09T10:18:11.548+0000][34.560s][info ][safepoint     ] Entering safepoint region: Cleanup
[2023-02-09T10:18:11.549+0000][34.561s][info ][safepoint     ] Leaving safepoint region
[2023-02-09T10:18:11.550+0000][34.561s][info ][safepoint     ] Total time for which application threads were stopped: 0.0013773 seconds, Stopping threads took: 0.0002992 seconds
[2023-02-09T10:18:12.550+0000][35.562s][debug][safepoint     ] Safepoint synchronization initiated. (56 threads)
[2023-02-09T10:18:12.551+0000][35.562s][info ][safepoint     ] Application time: 1.0008953 seconds
[2023-02-09T10:18:12.551+0000][35.563s][info ][safepoint     ] Entering safepoint region: Cleanup
[2023-02-09T10:18:12.553+0000][35.564s][info ][safepoint     ] Leaving safepoint region
[2023-02-09T10:18:12.554+0000][35.565s][info ][safepoint     ] Total time for which application threads were stopped: 0.0023092 seconds, Stopping threads took: 0.0004924 seconds
[2023-02-09T10:18:12.736+0000][35.747s][debug][safepoint     ] Safepoint synchronization initiated. (56 threads)
[2023-02-09T10:18:12.736+0000][35.748s][info ][safepoint     ] Application time: 0.1823324 seconds
[2023-02-09T10:18:12.737+0000][35.748s][info ][safepoint     ] Entering safepoint region: CollectForMetadataAllocation
[2023-02-09T10:18:12.738+0000][35.749s][info ][gc,start      ] GC(36) Pause Young (Concurrent Start) (Metadata GC Threshold)
[2023-02-09T10:18:12.738+0000][35.750s][info ][gc,task       ] GC(36) Using 13 workers of 13 for evacuation
[2023-02-09T10:18:12.782+0000][35.793s][info ][gc,phases     ] GC(36)   Pre Evacuate Collection Set: 0.8ms
[2023-02-09T10:18:12.782+0000][35.794s][info ][gc,phases     ] GC(36)   Evacuate Collection Set: 36.4ms
[2023-02-09T10:18:12.783+0000][35.794s][info ][gc,phases     ] GC(36)   Post Evacuate Collection Set: 5.9ms
[2023-02-09T10:18:12.783+0000][35.795s][info ][gc,phases     ] GC(36)   Other: 1.0ms
[2023-02-09T10:18:12.783+0000][35.795s][info ][gc,heap       ] GC(36) Eden regions: 39->0(226)
[2023-02-09T10:18:12.784+0000][35.795s][info ][gc,heap       ] GC(36) Survivor regions: 16->16(31)
[2023-02-09T10:18:12.784+0000][35.796s][info ][gc,heap       ] GC(36) Old regions: 63->63
[2023-02-09T10:18:12.784+0000][35.796s][info ][gc,heap       ] GC(36) Humongous regions: 0->0
[2023-02-09T10:18:12.785+0000][35.796s][info ][gc,metaspace  ] GC(36) Metaspace: 97633K->97633K(1136640K)
[2023-02-09T10:18:12.785+0000][35.796s][info ][gc            ] GC(36) Pause Young (Concurrent Start) (Metadata GC Threshold) 115M->77M(404M) 47.353ms
[2023-02-09T10:18:12.785+0000][35.797s][info ][gc,cpu        ] GC(36) User=0.38s Sys=0.14s Real=0.05s
[2023-02-09T10:18:12.786+0000][35.797s][info ][gc            ] GC(37) Concurrent Cycle
[2023-02-09T10:18:12.786+0000][35.798s][info ][gc,marking    ] GC(37) Concurrent Clear Claimed Marks
[2023-02-09T10:18:12.786+0000][35.797s][info ][safepoint     ] Leaving safepoint region
[2023-02-09T10:18:12.787+0000][35.798s][info ][safepoint     ] Total time for which application threads were stopped: 0.0498857 seconds, Stopping threads took: 0.0003028 seconds
[2023-02-09T10:18:12.787+0000][35.799s][info ][gc,marking    ] GC(37) Concurrent Clear Claimed Marks 1.195ms
[2023-02-09T10:18:12.787+0000][35.799s][info ][gc,stringdedup] Concurrent String Deduplication (35.799s)
[2023-02-09T10:18:12.788+0000][35.799s][info ][gc,marking    ] GC(37) Concurrent Scan Root Regions
[2023-02-09T10:18:12.788+0000][35.800s][debug][safepoint     ] Safepoint synchronization initiated. (56 threads)
[2023-02-09T10:18:12.789+0000][35.801s][info ][safepoint     ] Application time: 0.0020019 seconds
[2023-02-09T10:18:12.790+0000][35.801s][info ][safepoint     ] Entering safepoint region: CollectForMetadataAllocation
[2023-02-09T10:18:12.791+0000][35.803s][info ][safepoint     ] Leaving safepoint region
[2023-02-09T10:18:12.791+0000][35.803s][info ][safepoint     ] Total time for which application threads were stopped: 0.0019615 seconds, Stopping threads took: 0.0005027 seconds
[2023-02-09T10:18:12.795+0000][35.807s][info ][gc,stringdedup] Concurrent String Deduplication 198.4K->70800.0B(129.2K) avg 50.2% (35.799s, 35.807s) 4.354ms
[2023-02-09T10:18:12.802+0000][35.813s][info ][gc,marking    ] GC(37) Concurrent Scan Root Regions 13.946ms
[2023-02-09T10:18:12.803+0000][35.814s][info ][gc,marking    ] GC(37) Concurrent Mark (35.814s)
[2023-02-09T10:18:12.803+0000][35.815s][info ][gc,marking    ] GC(37) Concurrent Mark From Roots
[2023-02-09T10:18:12.804+0000][35.815s][info ][gc,task       ] GC(37) Using 3 workers of 3 for marking
[2023-02-09T10:18:12.898+0000][35.909s][debug][safepoint     ] Safepoint synchronization initiated. (58 threads)
[2023-02-09T10:18:12.898+0000][35.910s][info ][safepoint     ] Application time: 0.1066953 seconds
[2023-02-09T10:18:12.899+0000][35.911s][debug][safepoint     ] Waiting for 1 thread(s) to block
[2023-02-09T10:18:12.900+0000][35.911s][info ][safepoint     ] Entering safepoint region: CollectForMetadataAllocation
[2023-02-09T10:18:12.901+0000][35.912s][info ][safepoint     ] Leaving safepoint region
[2023-02-09T10:18:12.901+0000][35.913s][info ][safepoint     ] Total time for which application threads were stopped: 0.0024750 seconds, Stopping threads took: 0.0009459 seconds
[2023-02-09T10:18:12.905+0000][35.917s][info ][gc,marking    ] GC(37) Concurrent Mark From Roots 102.166ms
[2023-02-09T10:18:12.906+0000][35.918s][info ][gc,marking    ] GC(37) Concurrent Preclean
[2023-02-09T10:18:12.908+0000][35.919s][info ][gc,marking    ] GC(37) Concurrent Preclean 1.509ms
[2023-02-09T10:18:12.908+0000][35.920s][info ][gc,marking    ] GC(37) Concurrent Mark (35.814s, 35.920s) 105.822ms
[2023-02-09T10:18:12.909+0000][35.920s][debug][safepoint     ] Safepoint synchronization initiated. (58 threads)
[2023-02-09T10:18:12.909+0000][35.921s][info ][safepoint     ] Application time: 0.0072290 seconds
[2023-02-09T10:18:12.910+0000][35.921s][debug][safepoint     ] Waiting for 2 thread(s) to block
[2023-02-09T10:18:12.911+0000][35.922s][info ][safepoint     ] Entering safepoint region: CGC_Operation
[2023-02-09T10:18:12.912+0000][35.923s][info ][gc,start      ] GC(37) Pause Remark
[2023-02-09T10:18:12.943+0000][35.955s][info ][gc,stringtable] GC(37) Cleaned string and symbol table, strings: 47574 processed, 45 removed, symbols: 255897 processed, 331 removed
[2023-02-09T10:18:12.945+0000][35.957s][info ][gc            ] GC(37) Pause Remark 84M->84M(404M) 33.614ms
[2023-02-09T10:18:12.946+0000][35.958s][info ][gc,cpu        ] GC(37) User=0.32s Sys=0.04s Real=0.04s
[2023-02-09T10:18:12.947+0000][35.958s][info ][safepoint     ] Leaving safepoint region
[2023-02-09T10:18:12.947+0000][35.959s][info ][safepoint     ] Total time for which application threads were stopped: 0.0372394 seconds, Stopping threads took: 0.0011830 seconds
[2023-02-09T10:18:12.948+0000][35.959s][info ][gc,marking    ] GC(37) Concurrent Rebuild Remembered Sets
[2023-02-09T10:18:13.001+0000][36.013s][info ][gc,marking    ] GC(37) Concurrent Rebuild Remembered Sets 53.446ms
[2023-02-09T10:18:13.002+0000][36.014s][debug][safepoint     ] Safepoint synchronization initiated. (58 threads)
[2023-02-09T10:18:13.003+0000][36.014s][info ][safepoint     ] Application time: 0.0549870 seconds
[2023-02-09T10:18:13.003+0000][36.015s][debug][safepoint     ] ... found polling page loop exception at pc = 0x00007fea04c9580e, stub =0x00007fe9fc85ab00
[2023-02-09T10:18:13.003+0000][36.015s][debug][safepoint     ] Waiting for 1 thread(s) to block
[2023-02-09T10:18:13.004+0000][36.015s][info ][safepoint     ] Entering safepoint region: CGC_Operation
[2023-02-09T10:18:13.005+0000][36.016s][info ][gc,start      ] GC(37) Pause Cleanup
[2023-02-09T10:18:13.006+0000][36.017s][info ][gc            ] GC(37) Pause Cleanup 89M->89M(404M) 1.082ms
[2023-02-09T10:18:13.006+0000][36.018s][info ][gc,cpu        ] GC(37) User=0.00s Sys=0.00s Real=0.00s
[2023-02-09T10:18:13.007+0000][36.018s][info ][safepoint     ] Leaving safepoint region
[2023-02-09T10:18:13.007+0000][36.018s][info ][safepoint     ] Total time for which application threads were stopped: 0.0038618 seconds, Stopping threads took: 0.0011930 seconds
[2023-02-09T10:18:13.007+0000][36.019s][info ][gc,marking    ] GC(37) Concurrent Cleanup for Next Mark
[2023-02-09T10:18:13.009+0000][36.021s][info ][gc,marking    ] GC(37) Concurrent Cleanup for Next Mark 1.848ms
[2023-02-09T10:18:13.010+0000][36.021s][info ][gc            ] GC(37) Concurrent Cycle 224.283ms
[2023-02-09T10:18:13.320+0000][36.331s][debug][safepoint     ] Safepoint synchronization initiated. (60 threads)
[2023-02-09T10:18:13.320+0000][36.332s][info ][safepoint     ] Application time: 0.3133397 seconds
[2023-02-09T10:18:13.321+0000][36.332s][info ][safepoint     ] Entering safepoint region: Deoptimize
[2023-02-09T10:18:13.325+0000][36.337s][info ][safepoint     ] Leaving safepoint region
[2023-02-09T10:18:13.326+0000][36.337s][info ][safepoint     ] Total time for which application threads were stopped: 0.0048939 seconds, Stopping threads took: 0.0003160 seconds
[2023-02-09T10:18:13.989+0000][37.001s][debug][safepoint     ] Safepoint synchronization initiated. (61 threads)
[2023-02-09T10:18:13.990+0000][37.001s][info ][safepoint     ] Application time: 0.6634502 seconds
[2023-02-09T10:18:13.990+0000][37.002s][info ][safepoint     ] Entering safepoint region: Deoptimize
[2023-02-09T10:18:13.993+0000][37.004s][info ][safepoint     ] Leaving safepoint region
[2023-02-09T10:18:13.993+0000][37.005s][info ][safepoint     ] Total time for which application threads were stopped: 0.0032515 seconds, Stopping threads took: 0.0004093 seconds
[2023-02-09T10:18:14.148+0000][37.159s][debug][safepoint     ] Safepoint synchronization initiated. (61 threads)
[2023-02-09T10:18:14.148+0000][37.160s][info ][safepoint     ] Application time: 0.1547367 seconds
[2023-02-09T10:18:14.148+0000][37.160s][info ][safepoint     ] Entering safepoint region: Deoptimize
[2023-02-09T10:18:14.151+0000][37.163s][info ][safepoint     ] Leaving safepoint region
[2023-02-09T10:18:14.152+0000][37.163s][info ][safepoint     ] Total time for which application threads were stopped: 0.0031578 seconds, Stopping threads took: 0.0002818 seconds
[2023-02-09T10:18:14.984+0000][37.995s][debug][safepoint     ] Safepoint synchronization initiated. (59 threads)
[2023-02-09T10:18:14.984+0000][37.996s][info ][safepoint     ] Application time: 0.8321617 seconds
[2023-02-09T10:18:14.984+0000][37.996s][info ][safepoint     ] Entering safepoint region: ICBufferFull
[2023-02-09T10:18:14.985+0000][37.997s][info ][safepoint     ] Leaving safepoint region
[2023-02-09T10:18:14.985+0000][37.997s][info ][safepoint     ] Total time for which application threads were stopped: 0.0010597 seconds, Stopping threads took: 0.0003338 seconds
[2023-02-09T10:18:15.891+0000][38.902s][debug][safepoint     ] Safepoint synchronization initiated. (60 threads)
[2023-02-09T10:18:15.891+0000][38.903s][info ][safepoint     ] Application time: 0.9053111 seconds
[2023-02-09T10:18:15.891+0000][38.903s][info ][safepoint     ] Entering safepoint region: ICBufferFull
[2023-02-09T10:18:15.892+0000][38.904s][info ][safepoint     ] Leaving safepoint region
[2023-02-09T10:18:15.892+0000][38.904s][info ][safepoint     ] Total time for which application threads were stopped: 0.0010057 seconds, Stopping threads took: 0.0002901 seconds
[2023-02-09T10:18:16.093+0000][39.104s][debug][safepoint     ] Safepoint synchronization initiated. (60 threads)
[2023-02-09T10:18:16.093+0000][39.105s][info ][safepoint     ] Application time: 0.2004690 seconds
[2023-02-09T10:18:16.094+0000][39.105s][info ][safepoint     ] Entering safepoint region: Deoptimize
[2023-02-09T10:18:16.097+0000][39.109s][info ][safepoint     ] Leaving safepoint region
[2023-02-09T10:18:16.098+0000][39.109s][info ][safepoint     ] Total time for which application threads were stopped: 0.0041423 seconds, Stopping threads took: 0.0004640 seconds
[2023-02-09T10:18:16.283+0000][39.294s][debug][safepoint     ] Safepoint synchronization initiated. (61 threads)
[2023-02-09T10:18:16.283+0000][39.295s][info ][safepoint     ] Application time: 0.1847876 seconds
[2023-02-09T10:18:16.283+0000][39.295s][info ][safepoint     ] Entering safepoint region: Deoptimize
[2023-02-09T10:18:16.286+0000][39.297s][info ][safepoint     ] Leaving safepoint region
[2023-02-09T10:18:16.286+0000][39.298s][info ][safepoint     ] Total time for which application threads were stopped: 0.0029305 seconds, Stopping threads took: 0.0002779 seconds
[2023-02-09T10:18:16.311+0000][39.322s][debug][safepoint     ] Safepoint synchronization initiated. (61 threads)
[2023-02-09T10:18:16.311+0000][39.323s][info ][safepoint     ] Application time: 0.0247327 seconds
[2023-02-09T10:18:16.312+0000][39.323s][info ][safepoint     ] Entering safepoint region: Deoptimize
[2023-02-09T10:18:16.314+0000][39.326s][info ][safepoint     ] Leaving safepoint region
[2023-02-09T10:18:16.315+0000][39.326s][info ][safepoint     ] Total time for which application threads were stopped: 0.0028856 seconds, Stopping threads took: 0.0002822 seconds
[2023-02-09T10:18:16.337+0000][39.348s][debug][safepoint     ] Safepoint synchronization initiated. (61 threads)
[2023-02-09T10:18:16.337+0000][39.349s][info ][safepoint     ] Application time: 0.0225668 seconds
[2023-02-09T10:18:16.338+0000][39.349s][info ][safepoint     ] Entering safepoint region: Deoptimize
[2023-02-09T10:18:16.341+0000][39.352s][info ][safepoint     ] Leaving safepoint region
[2023-02-09T10:18:16.341+0000][39.353s][info ][safepoint     ] Total time for which application threads were stopped: 0.0033075 seconds, Stopping threads took: 0.0004354 seconds
[2023-02-09T10:18:16.734+0000][39.745s][debug][safepoint     ] Safepoint synchronization initiated. (60 threads)
[2023-02-09T10:18:16.734+0000][39.746s][info ][safepoint     ] Application time: 0.3927524 seconds
[2023-02-09T10:18:16.735+0000][39.746s][info ][safepoint     ] Entering safepoint region: Deoptimize
[2023-02-09T10:18:16.738+0000][39.750s][info ][safepoint     ] Leaving safepoint region
[2023-02-09T10:18:16.739+0000][39.750s][info ][safepoint     ] Total time for which application threads were stopped: 0.0042182 seconds, Stopping threads took: 0.0004315 seconds
[2023-02-09T10:18:16.894+0000][39.906s][debug][safepoint     ] Safepoint synchronization initiated. (61 threads)
[2023-02-09T10:18:16.895+0000][39.906s][info ][safepoint     ] Application time: 0.1557079 seconds
[2023-02-09T10:18:16.895+0000][39.907s][info ][safepoint     ] Entering safepoint region: G1CollectForAllocation
[2023-02-09T10:18:16.896+0000][39.908s][info ][gc,start      ] GC(38) Pause Young (Concurrent Start) (G1 Evacuation Pause)
[2023-02-09T10:18:16.897+0000][39.908s][info ][gc,task       ] GC(38) Using 13 workers of 13 for evacuation
[2023-02-09T10:18:16.917+0000][39.928s][info ][gc,phases     ] GC(38)   Pre Evacuate Collection Set: 0.5ms
[2023-02-09T10:18:16.917+0000][39.929s][info ][gc,phases     ] GC(38)   Evacuate Collection Set: 15.3ms
[2023-02-09T10:18:16.918+0000][39.929s][info ][gc,phases     ] GC(38)   Post Evacuate Collection Set: 3.7ms
[2023-02-09T10:18:16.918+0000][39.930s][info ][gc,phases     ] GC(38)   Other: 1.0ms
[2023-02-09T10:18:16.918+0000][39.930s][info ][gc,heap       ] GC(38) Eden regions: 226->0(223)
[2023-02-09T10:18:16.919+0000][39.930s][info ][gc,heap       ] GC(38) Survivor regions: 16->19(31)
[2023-02-09T10:18:16.919+0000][39.931s][info ][gc,heap       ] GC(38) Old regions: 63->63
[2023-02-09T10:18:16.919+0000][39.931s][info ][gc,heap       ] GC(38) Humongous regions: 0->0
[2023-02-09T10:18:16.920+0000][39.931s][info ][gc,metaspace  ] GC(38) Metaspace: 109143K->109143K(1146880K)
[2023-02-09T10:18:16.920+0000][39.932s][info ][gc            ] GC(38) Pause Young (Concurrent Start) (G1 Evacuation Pause) 303M->79M(404M) 23.900ms
[2023-02-09T10:18:16.921+0000][39.932s][info ][gc,cpu        ] GC(38) User=0.19s Sys=0.00s Real=0.02s
[2023-02-09T10:18:16.921+0000][39.933s][info ][gc            ] GC(39) Concurrent Cycle
[2023-02-09T10:18:16.921+0000][39.933s][info ][gc,marking    ] GC(39) Concurrent Clear Claimed Marks
[2023-02-09T10:18:16.921+0000][39.933s][info ][safepoint     ] Leaving safepoint region
[2023-02-09T10:18:16.922+0000][39.934s][info ][safepoint     ] Total time for which application threads were stopped: 0.0267620 seconds, Stopping threads took: 0.0004600 seconds
[2023-02-09T10:18:16.922+0000][39.934s][info ][gc,marking    ] GC(39) Concurrent Clear Claimed Marks 0.834ms
[2023-02-09T10:18:16.923+0000][39.934s][info ][gc,stringdedup] Concurrent String Deduplication (39.934s)
[2023-02-09T10:18:16.923+0000][39.934s][info ][gc,marking    ] GC(39) Concurrent Scan Root Regions
[2023-02-09T10:18:16.926+0000][39.938s][info ][gc,stringdedup] Concurrent String Deduplication 153.1K->71072.0B(85656.0B) avg 50.3% (39.934s, 39.938s) 3.635ms
[2023-02-09T10:18:16.934+0000][39.945s][info ][gc,marking    ] GC(39) Concurrent Scan Root Regions 10.807ms
[2023-02-09T10:18:16.934+0000][39.946s][info ][gc,marking    ] GC(39) Concurrent Mark (39.946s)
[2023-02-09T10:18:16.935+0000][39.946s][info ][gc,marking    ] GC(39) Concurrent Mark From Roots
[2023-02-09T10:18:16.935+0000][39.946s][info ][gc,task       ] GC(39) Using 3 workers of 3 for marking
[2023-02-09T10:18:16.981+0000][39.992s][info ][gc,marking    ] GC(39) Concurrent Mark From Roots 46.117ms
[2023-02-09T10:18:16.981+0000][39.993s][info ][gc,marking    ] GC(39) Concurrent Preclean
[2023-02-09T10:18:16.982+0000][39.994s][info ][gc,marking    ] GC(39) Concurrent Preclean 0.819ms
[2023-02-09T10:18:16.983+0000][39.994s][info ][gc,marking    ] GC(39) Concurrent Mark (39.946s, 39.994s) 48.289ms
[2023-02-09T10:18:16.983+0000][39.995s][debug][safepoint     ] Safepoint synchronization initiated. (61 threads)
[2023-02-09T10:18:16.983+0000][39.995s][info ][safepoint     ] Application time: 0.0609760 seconds
[2023-02-09T10:18:16.984+0000][39.995s][info ][safepoint     ] Entering safepoint region: CGC_Operation
[2023-02-09T10:18:16.985+0000][39.996s][info ][gc,start      ] GC(39) Pause Remark
[2023-02-09T10:18:16.996+0000][40.007s][info ][gc,stringtable] GC(39) Cleaned string and symbol table, strings: 53260 processed, 0 removed, symbols: 280891 processed, 40 removed
[2023-02-09T10:18:16.997+0000][40.008s][info ][gc            ] GC(39) Pause Remark 82M->82M(404M) 12.074ms
[2023-02-09T10:18:16.997+0000][40.009s][info ][gc,cpu        ] GC(39) User=0.12s Sys=0.00s Real=0.01s
[2023-02-09T10:18:16.997+0000][40.009s][info ][safepoint     ] Leaving safepoint region
[2023-02-09T10:18:16.998+0000][40.009s][info ][safepoint     ] Total time for which application threads were stopped: 0.0140248 seconds, Stopping threads took: 0.0003872 seconds
[2023-02-09T10:18:16.998+0000][40.010s][info ][gc,marking    ] GC(39) Concurrent Rebuild Remembered Sets
[2023-02-09T10:18:17.031+0000][40.043s][info ][gc,marking    ] GC(39) Concurrent Rebuild Remembered Sets 33.119ms
[2023-02-09T10:18:17.032+0000][40.043s][debug][safepoint     ] Safepoint synchronization initiated. (61 threads)
[2023-02-09T10:18:17.032+0000][40.044s][info ][safepoint     ] Application time: 0.0341241 seconds
[2023-02-09T10:18:17.033+0000][40.044s][debug][safepoint     ] ... found polling page return exception at pc = 0x00007fea04939ba2, stub =0x00007fe9fc85a800
[2023-02-09T10:18:17.033+0000][40.045s][debug][safepoint     ] Waiting for 2 thread(s) to block
[2023-02-09T10:18:17.034+0000][40.045s][info ][safepoint     ] Entering safepoint region: CGC_Operation
[2023-02-09T10:18:17.035+0000][40.046s][info ][gc,start      ] GC(39) Pause Cleanup
[2023-02-09T10:18:17.035+0000][40.047s][info ][gc            ] GC(39) Pause Cleanup 82M->82M(404M) 0.845ms
[2023-02-09T10:18:17.036+0000][40.047s][info ][gc,cpu        ] GC(39) User=0.00s Sys=0.00s Real=0.00s
[2023-02-09T10:18:17.036+0000][40.048s][info ][safepoint     ] Leaving safepoint region
[2023-02-09T10:18:17.036+0000][40.048s][info ][safepoint     ] Total time for which application threads were stopped: 0.0037888 seconds, Stopping threads took: 0.0014382 seconds
[2023-02-09T10:18:17.037+0000][40.048s][info ][gc,marking    ] GC(39) Concurrent Cleanup for Next Mark
[2023-02-09T10:18:17.038+0000][40.050s][info ][gc,marking    ] GC(39) Concurrent Cleanup for Next Mark 1.145ms
[2023-02-09T10:18:17.039+0000][40.050s][info ][gc            ] GC(39) Concurrent Cycle 117.602ms
[2023-02-09T10:18:17.819+0000][40.831s][debug][safepoint     ] Safepoint synchronization initiated. (61 threads)
[2023-02-09T10:18:17.820+0000][40.831s][info ][safepoint     ] Application time: 0.7830703 seconds
[2023-02-09T10:18:17.820+0000][40.832s][info ][safepoint     ] Entering safepoint region: ICBufferFull
[2023-02-09T10:18:17.821+0000][40.833s][info ][safepoint     ] Leaving safepoint region
[2023-02-09T10:18:17.822+0000][40.833s][info ][safepoint     ] Total time for which application threads were stopped: 0.0012302 seconds, Stopping threads took: 0.0003631 seconds
[2023-02-09T10:18:18.815+0000][41.834s][debug][safepoint     ] Safepoint synchronization initiated. (61 threads)
[2023-02-09T10:18:18.816+0000][41.834s][info ][safepoint     ] Application time: 1.0007662 seconds
[2023-02-09T10:18:18.816+0000][41.835s][debug][safepoint     ] ... found polling page return exception at pc = 0x00007fea045687b1, stub =0x00007fe9fc85a800
[2023-02-09T10:18:18.817+0000][41.835s][debug][safepoint     ] Waiting for 2 thread(s) to block
[2023-02-09T10:18:18.817+0000][41.836s][info ][safepoint     ] Entering safepoint region: Cleanup
[2023-02-09T10:18:18.818+0000][41.836s][info ][safepoint     ] Leaving safepoint region
[2023-02-09T10:18:18.818+0000][41.837s][info ][safepoint     ] Total time for which application threads were stopped: 0.0019772 seconds, Stopping threads took: 0.0012152 seconds
[2023-02-09T10:18:19.612+0000][42.630s][debug][safepoint     ] Safepoint synchronization initiated. (61 threads)
[2023-02-09T10:18:19.612+0000][42.631s][info ][safepoint     ] Application time: 0.7937225 seconds
[2023-02-09T10:18:19.613+0000][42.631s][info ][safepoint     ] Entering safepoint region: Deoptimize
[2023-02-09T10:18:19.617+0000][42.635s][info ][safepoint     ] Leaving safepoint region
[2023-02-09T10:18:19.617+0000][42.635s][info ][safepoint     ] Total time for which application threads were stopped: 0.0043524 seconds, Stopping threads took: 0.0003853 seconds
[2023-02-09T10:18:20.045+0000][43.063s][debug][safepoint     ] Safepoint synchronization initiated. (62 threads)
[2023-02-09T10:18:20.045+0000][43.064s][info ][safepoint     ] Application time: 0.4277769 seconds
[2023-02-09T10:18:20.046+0000][43.064s][debug][safepoint     ] Waiting for 1 thread(s) to block
[2023-02-09T10:18:20.046+0000][43.065s][info ][safepoint     ] Entering safepoint region: Deoptimize
[2023-02-09T10:18:20.049+0000][43.068s][info ][safepoint     ] Leaving safepoint region
[2023-02-09T10:18:20.050+0000][43.069s][info ][safepoint     ] Total time for which application threads were stopped: 0.0044392 seconds, Stopping threads took: 0.0010221 seconds
[2023-02-09T10:18:20.975+0000][43.993s][debug][safepoint     ] Safepoint synchronization initiated. (64 threads)
[2023-02-09T10:18:20.975+0000][43.993s][info ][safepoint     ] Application time: 0.9242784 seconds
[2023-02-09T10:18:20.975+0000][43.993s][info ][safepoint     ] Entering safepoint region: Deoptimize
[2023-02-09T10:18:20.978+0000][43.996s][info ][safepoint     ] Leaving safepoint region
[2023-02-09T10:18:20.979+0000][43.997s][info ][safepoint     ] Total time for which application threads were stopped: 0.0034034 seconds, Stopping threads took: 0.0002321 seconds
[2023-02-09T10:18:21.979+0000][44.998s][debug][safepoint     ] Safepoint synchronization initiated. (65 threads)
[2023-02-09T10:18:21.980+0000][44.998s][info ][safepoint     ] Application time: 1.0009078 seconds
[2023-02-09T10:18:21.980+0000][44.998s][info ][safepoint     ] Entering safepoint region: Cleanup
[2023-02-09T10:18:21.981+0000][44.999s][info ][safepoint     ] Leaving safepoint region
[2023-02-09T10:18:21.981+0000][44.999s][info ][safepoint     ] Total time for which application threads were stopped: 0.0011579 seconds, Stopping threads took: 0.0002901 seconds
[2023-02-09T10:18:22.780+0000][45.798s][debug][safepoint     ] Safepoint synchronization initiated. (65 threads)
[2023-02-09T10:18:22.780+0000][45.799s][info ][safepoint     ] Application time: 0.7988645 seconds
[2023-02-09T10:18:22.781+0000][45.799s][info ][safepoint     ] Entering safepoint region: ICBufferFull
[2023-02-09T10:18:22.782+0000][45.800s][info ][safepoint     ] Leaving safepoint region
[2023-02-09T10:18:22.782+0000][45.800s][info ][safepoint     ] Total time for which application threads were stopped: 0.0014330 seconds, Stopping threads took: 0.0004507 seconds
[2023-02-09T10:18:22.969+0000][45.987s][debug][safepoint     ] Safepoint synchronization initiated. (70 threads)
[2023-02-09T10:18:22.970+0000][45.988s][info ][safepoint     ] Application time: 0.1870356 seconds
[2023-02-09T10:18:22.970+0000][45.988s][info ][safepoint     ] Entering safepoint region: Deoptimize
[2023-02-09T10:18:22.973+0000][45.991s][info ][safepoint     ] Leaving safepoint region
[2023-02-09T10:18:22.974+0000][45.992s][info ][safepoint     ] Total time for which application threads were stopped: 0.0036686 seconds, Stopping threads took: 0.0003485 seconds
[2023-02-09T10:18:23.077+0000][46.095s][info ][gc,heap,exit  ] Heap
[2023-02-09T10:18:23.078+0000][46.096s][info ][gc,heap,exit  ]  garbage-first heap   total 413696K, used 308035K [0x0000000740200000, 0x0000000800000000)
[2023-02-09T10:18:23.078+0000][46.097s][info ][gc,heap,exit  ]   region size 1024K, 242 young (247808K), 19 survivors (19456K)
[2023-02-09T10:18:23.079+0000][46.097s][info ][gc,heap,exit  ]  Metaspace       used 114188K, capacity 117972K, committed 118064K, reserved 1153024K
[2023-02-09T10:18:23.079+0000][46.098s][info ][gc,heap,exit  ]   class space    used 13753K, capacity 15209K, committed 15228K, reserved 1048576K
[2023-02-09T10:18:23.080+0000][46.098s][debug][safepoint     ] Safepoint synchronization initiated. (19 threads)
[2023-02-09T10:18:23.080+0000][46.098s][info ][safepoint     ] Application time: 0.1061255 seconds
[2023-02-09T10:18:23.080+0000][46.099s][info ][safepoint     ] Entering safepoint region: Halt
