[2023-02-09T10:18:23.224+0000][0.015s][info][gc,heap] Heap region size: 1M
[2023-02-09T10:18:23.232+0000][0.023s][info][gc     ] Using G1
[2023-02-09T10:18:23.233+0000][0.024s][info][gc,heap,coops] Heap address: 0x0000000740200000, size: 3070 MB, Compressed Oops mode: Zero based, Oop shift amount: 3
[2023-02-09T10:18:23.234+0000][0.025s][info][gc,cds       ] Mark closed archive regions in map: [0x00000007bfc00000, 0x00000007bfc6aff8]
[2023-02-09T10:18:23.235+0000][0.026s][info][gc,cds       ] Mark open archive regions in map: [0x00000007bf800000, 0x00000007bf847ff8]
[2023-02-09T10:18:23.345+0000][0.136s][debug][safepoint    ] Safepoint synchronization initiated. (10 threads)
[2023-02-09T10:18:23.378+0000][0.169s][info ][safepoint    ] Application time: 0.0886896 seconds
[2023-02-09T10:18:23.379+0000][0.170s][info ][safepoint    ] Entering safepoint region: Deoptimize
[2023-02-09T10:18:23.380+0000][0.171s][info ][safepoint    ] Leaving safepoint region
[2023-02-09T10:18:23.380+0000][0.171s][info ][safepoint    ] Total time for which application threads were stopped: 0.0015712 seconds, Stopping threads took: 0.0006024 seconds
[2023-02-09T10:18:23.986+0000][0.777s][debug][safepoint    ] Safepoint synchronization initiated. (19 threads)
[2023-02-09T10:18:23.987+0000][0.778s][info ][safepoint    ] Application time: 0.6058433 seconds
[2023-02-09T10:18:23.987+0000][0.778s][info ][safepoint    ] Entering safepoint region: ICBufferFull
[2023-02-09T10:18:23.988+0000][0.779s][info ][safepoint    ] Leaving safepoint region
[2023-02-09T10:18:23.988+0000][0.779s][info ][safepoint    ] Total time for which application threads were stopped: 0.0010207 seconds, Stopping threads took: 0.0002801 seconds
[2023-02-09T10:18:24.072+0000][0.863s][debug][safepoint    ] Safepoint synchronization initiated. (19 threads)
[2023-02-09T10:18:24.072+0000][0.863s][info ][safepoint    ] Application time: 0.0837431 seconds
[2023-02-09T10:18:24.075+0000][0.866s][debug][safepoint    ] Waiting for 1 thread(s) to block
[2023-02-09T10:18:24.076+0000][0.867s][info ][safepoint    ] Entering safepoint region: G1CollectForAllocation
[2023-02-09T10:18:24.079+0000][0.870s][info ][gc,start     ] GC(0) Pause Young (Normal) (G1 Evacuation Pause)
[2023-02-09T10:18:24.083+0000][0.874s][info ][gc,task      ] GC(0) Using 4 workers of 13 for evacuation
[2023-02-09T10:18:24.096+0000][0.887s][info ][gc,phases    ] GC(0)   Pre Evacuate Collection Set: 0.0ms
[2023-02-09T10:18:24.097+0000][0.888s][info ][gc,phases    ] GC(0)   Evacuate Collection Set: 10.5ms
[2023-02-09T10:18:24.097+0000][0.888s][info ][gc,phases    ] GC(0)   Post Evacuate Collection Set: 2.3ms
[2023-02-09T10:18:24.097+0000][0.888s][info ][gc,phases    ] GC(0)   Other: 5.1ms
[2023-02-09T10:18:24.097+0000][0.889s][info ][gc,heap      ] GC(0) Eden regions: 63->0(107)
[2023-02-09T10:18:24.098+0000][0.889s][info ][gc,heap      ] GC(0) Survivor regions: 0->8(8)
[2023-02-09T10:18:24.098+0000][0.889s][info ][gc,heap      ] GC(0) Old regions: 2->2
[2023-02-09T10:18:24.098+0000][0.889s][info ][gc,heap      ] GC(0) Humongous regions: 1->0
[2023-02-09T10:18:24.098+0000][0.889s][info ][gc,metaspace ] GC(0) Metaspace: 2942K->2942K(1056768K)
[2023-02-09T10:18:24.098+0000][0.890s][info ][gc           ] GC(0) Pause Young (Normal) (G1 Evacuation Pause) 64M->8M(194M) 19.944ms
[2023-02-09T10:18:24.099+0000][0.890s][info ][gc,cpu       ] GC(0) User=0.11s Sys=0.00s Real=0.02s
[2023-02-09T10:18:24.099+0000][0.890s][info ][safepoint    ] Leaving safepoint region
[2023-02-09T10:18:24.099+0000][0.890s][info ][safepoint    ] Total time for which application threads were stopped: 0.0245177 seconds, Stopping threads took: 0.0024251 seconds
[2023-02-09T10:18:24.180+0000][0.971s][debug][safepoint    ] Safepoint synchronization initiated. (19 threads)
[2023-02-09T10:18:24.180+0000][0.971s][info ][safepoint    ] Application time: 0.0810548 seconds
[2023-02-09T10:18:24.181+0000][0.972s][info ][safepoint    ] Entering safepoint region: Deoptimize
[2023-02-09T10:18:24.181+0000][0.972s][info ][safepoint    ] Leaving safepoint region
[2023-02-09T10:18:24.182+0000][0.973s][info ][safepoint    ] Total time for which application threads were stopped: 0.0009461 seconds, Stopping threads took: 0.0001796 seconds
[2023-02-09T10:18:24.192+0000][0.983s][debug][safepoint    ] Safepoint synchronization initiated. (19 threads)
[2023-02-09T10:18:24.192+0000][0.983s][info ][safepoint    ] Application time: 0.0104680 seconds
[2023-02-09T10:18:24.193+0000][0.984s][info ][safepoint    ] Entering safepoint region: Deoptimize
[2023-02-09T10:18:24.193+0000][0.984s][info ][safepoint    ] Leaving safepoint region
[2023-02-09T10:18:24.194+0000][0.985s][info ][safepoint    ] Total time for which application threads were stopped: 0.0009481 seconds, Stopping threads took: 0.0002297 seconds
[2023-02-09T10:18:24.322+0000][1.113s][debug][safepoint    ] Safepoint synchronization initiated. (19 threads)
[2023-02-09T10:18:24.322+0000][1.113s][info ][safepoint    ] Application time: 0.1285380 seconds
[2023-02-09T10:18:24.322+0000][1.114s][info ][safepoint    ] Entering safepoint region: Deoptimize
[2023-02-09T10:18:24.323+0000][1.114s][info ][safepoint    ] Leaving safepoint region
[2023-02-09T10:18:24.323+0000][1.115s][info ][safepoint    ] Total time for which application threads were stopped: 0.0009712 seconds, Stopping threads took: 0.0001677 seconds
[2023-02-09T10:18:24.349+0000][1.140s][debug][safepoint    ] Safepoint synchronization initiated. (19 threads)
[2023-02-09T10:18:24.350+0000][1.141s][info ][safepoint    ] Application time: 0.0259285 seconds
[2023-02-09T10:18:24.350+0000][1.141s][info ][safepoint    ] Entering safepoint region: Deoptimize
[2023-02-09T10:18:24.351+0000][1.142s][info ][safepoint    ] Leaving safepoint region
[2023-02-09T10:18:24.351+0000][1.142s][info ][safepoint    ] Total time for which application threads were stopped: 0.0012993 seconds, Stopping threads took: 0.0003113 seconds
[2023-02-09T10:18:24.978+0000][1.769s][debug][safepoint    ] Safepoint synchronization initiated. (20 threads)
[2023-02-09T10:18:24.978+0000][1.770s][info ][safepoint    ] Application time: 0.6269388 seconds
[2023-02-09T10:18:24.979+0000][1.770s][info ][safepoint    ] Entering safepoint region: G1CollectForAllocation
[2023-02-09T10:18:24.979+0000][1.770s][info ][gc,start     ] GC(1) Pause Young (Normal) (G1 Evacuation Pause)
[2023-02-09T10:18:24.980+0000][1.771s][info ][gc,task      ] GC(1) Using 4 workers of 13 for evacuation
[2023-02-09T10:18:24.989+0000][1.780s][info ][gc,phases    ] GC(1)   Pre Evacuate Collection Set: 0.0ms
[2023-02-09T10:18:24.990+0000][1.781s][info ][gc,phases    ] GC(1)   Evacuate Collection Set: 8.0ms
[2023-02-09T10:18:24.990+0000][1.781s][info ][gc,phases    ] GC(1)   Post Evacuate Collection Set: 1.2ms
[2023-02-09T10:18:24.990+0000][1.781s][info ][gc,phases    ] GC(1)   Other: 0.6ms
[2023-02-09T10:18:24.990+0000][1.781s][info ][gc,heap      ] GC(1) Eden regions: 107->0(112)
[2023-02-09T10:18:24.990+0000][1.781s][info ][gc,heap      ] GC(1) Survivor regions: 8->3(15)
[2023-02-09T10:18:24.990+0000][1.782s][info ][gc,heap      ] GC(1) Old regions: 2->10
[2023-02-09T10:18:24.991+0000][1.782s][info ][gc,heap      ] GC(1) Humongous regions: 0->0
[2023-02-09T10:18:24.991+0000][1.782s][info ][gc,metaspace ] GC(1) Metaspace: 7335K->7335K(1056768K)
[2023-02-09T10:18:24.991+0000][1.782s][info ][gc           ] GC(1) Pause Young (Normal) (G1 Evacuation Pause) 115M->10M(194M) 11.652ms
[2023-02-09T10:18:24.991+0000][1.782s][info ][gc,cpu       ] GC(1) User=0.02s Sys=0.03s Real=0.01s
[2023-02-09T10:18:24.991+0000][1.783s][info ][safepoint    ] Leaving safepoint region
[2023-02-09T10:18:24.992+0000][1.783s][info ][safepoint    ] Total time for which application threads were stopped: 0.0129049 seconds, Stopping threads took: 0.0002996 seconds
[2023-02-09T10:18:24.992+0000][1.783s][info ][gc,stringdedup] Concurrent String Deduplication (1.783s)
[2023-02-09T10:18:25.002+0000][1.793s][info ][gc,stringdedup] Concurrent String Deduplication 2144.7K->1953.4K(191.3K) avg 7.9% (1.783s, 1.793s) 10.335ms
[2023-02-09T10:18:25.485+0000][2.276s][debug][safepoint     ] Safepoint synchronization initiated. (18 threads)
[2023-02-09T10:18:25.487+0000][2.278s][info ][safepoint     ] Application time: 0.4950459 seconds
[2023-02-09T10:18:25.487+0000][2.278s][debug][safepoint     ] Waiting for 1 thread(s) to block
[2023-02-09T10:18:25.488+0000][2.279s][info ][safepoint     ] Entering safepoint region: G1CollectForAllocation
[2023-02-09T10:18:25.488+0000][2.279s][info ][gc,start      ] GC(2) Pause Young (Normal) (G1 Evacuation Pause)
[2023-02-09T10:18:25.489+0000][2.280s][info ][gc,task       ] GC(2) Using 4 workers of 13 for evacuation
[2023-02-09T10:18:25.494+0000][2.286s][info ][gc,phases     ] GC(2)   Pre Evacuate Collection Set: 0.0ms
[2023-02-09T10:18:25.495+0000][2.286s][info ][gc,phases     ] GC(2)   Evacuate Collection Set: 4.1ms
[2023-02-09T10:18:25.495+0000][2.286s][info ][gc,phases     ] GC(2)   Post Evacuate Collection Set: 1.4ms
[2023-02-09T10:18:25.495+0000][2.286s][info ][gc,phases     ] GC(2)   Other: 0.6ms
[2023-02-09T10:18:25.495+0000][2.287s][info ][gc,heap       ] GC(2) Eden regions: 112->0(111)
[2023-02-09T10:18:25.496+0000][2.287s][info ][gc,heap       ] GC(2) Survivor regions: 3->4(15)
[2023-02-09T10:18:25.496+0000][2.287s][info ][gc,heap       ] GC(2) Old regions: 10->10
[2023-02-09T10:18:25.496+0000][2.287s][info ][gc,heap       ] GC(2) Humongous regions: 0->0
[2023-02-09T10:18:25.496+0000][2.287s][info ][gc,metaspace  ] GC(2) Metaspace: 11150K->11150K(1060864K)
[2023-02-09T10:18:25.496+0000][2.288s][info ][gc            ] GC(2) Pause Young (Normal) (G1 Evacuation Pause) 122M->11M(194M) 8.186ms
[2023-02-09T10:18:25.497+0000][2.288s][info ][gc,cpu        ] GC(2) User=0.03s Sys=0.00s Real=0.01s
[2023-02-09T10:18:25.497+0000][2.288s][info ][safepoint     ] Leaving safepoint region
[2023-02-09T10:18:25.497+0000][2.288s][info ][safepoint     ] Total time for which application threads were stopped: 0.0096309 seconds, Stopping threads took: 0.0007200 seconds
[2023-02-09T10:18:25.548+0000][2.339s][debug][safepoint     ] Safepoint synchronization initiated. (18 threads)
[2023-02-09T10:18:25.548+0000][2.339s][info ][safepoint     ] Application time: 0.0510764 seconds
[2023-02-09T10:18:25.548+0000][2.340s][info ][safepoint     ] Entering safepoint region: Deoptimize
[2023-02-09T10:18:25.549+0000][2.340s][info ][safepoint     ] Leaving safepoint region
[2023-02-09T10:18:25.550+0000][2.341s][info ][safepoint     ] Total time for which application threads were stopped: 0.0010642 seconds, Stopping threads took: 0.0001997 seconds
[2023-02-09T10:18:25.669+0000][2.460s][debug][safepoint     ] Safepoint synchronization initiated. (18 threads)
[2023-02-09T10:18:25.669+0000][2.460s][info ][safepoint     ] Application time: 0.1192739 seconds
[2023-02-09T10:18:25.669+0000][2.460s][info ][safepoint     ] Entering safepoint region: ICBufferFull
[2023-02-09T10:18:25.670+0000][2.461s][info ][safepoint     ] Leaving safepoint region
[2023-02-09T10:18:25.670+0000][2.461s][info ][safepoint     ] Total time for which application threads were stopped: 0.0008188 seconds, Stopping threads took: 0.0002433 seconds
[2023-02-09T10:18:25.947+0000][2.738s][debug][safepoint     ] Safepoint synchronization initiated. (19 threads)
[2023-02-09T10:18:25.947+0000][2.738s][info ][safepoint     ] Application time: 0.2768599 seconds
[2023-02-09T10:18:25.947+0000][2.738s][info ][safepoint     ] Entering safepoint region: G1CollectForAllocation
[2023-02-09T10:18:25.948+0000][2.739s][info ][gc,start      ] GC(3) Pause Young (Normal) (G1 Evacuation Pause)
[2023-02-09T10:18:25.948+0000][2.739s][info ][gc,task       ] GC(3) Using 4 workers of 13 for evacuation
[2023-02-09T10:18:25.955+0000][2.746s][info ][gc,phases     ] GC(3)   Pre Evacuate Collection Set: 0.0ms
[2023-02-09T10:18:25.955+0000][2.746s][info ][gc,phases     ] GC(3)   Evacuate Collection Set: 5.4ms
[2023-02-09T10:18:25.956+0000][2.747s][info ][gc,phases     ] GC(3)   Post Evacuate Collection Set: 1.5ms
[2023-02-09T10:18:25.956+0000][2.747s][info ][gc,phases     ] GC(3)   Other: 0.4ms
[2023-02-09T10:18:25.956+0000][2.747s][info ][gc,heap       ] GC(3) Eden regions: 111->0(109)
[2023-02-09T10:18:25.956+0000][2.747s][info ][gc,heap       ] GC(3) Survivor regions: 4->6(15)
[2023-02-09T10:18:25.956+0000][2.747s][info ][gc,heap       ] GC(3) Old regions: 10->10
[2023-02-09T10:18:25.956+0000][2.747s][info ][gc,heap       ] GC(3) Humongous regions: 0->0
[2023-02-09T10:18:25.957+0000][2.748s][info ][gc,metaspace  ] GC(3) Metaspace: 15222K->15222K(1062912K)
[2023-02-09T10:18:25.957+0000][2.748s][info ][gc            ] GC(3) Pause Young (Normal) (G1 Evacuation Pause) 122M->13M(194M) 8.923ms
[2023-02-09T10:18:25.957+0000][2.748s][info ][gc,cpu        ] GC(3) User=0.02s Sys=0.00s Real=0.01s
[2023-02-09T10:18:25.957+0000][2.748s][info ][safepoint     ] Leaving safepoint region
[2023-02-09T10:18:25.957+0000][2.748s][info ][safepoint     ] Total time for which application threads were stopped: 0.0097392 seconds, Stopping threads took: 0.0001768 seconds
[2023-02-09T10:18:25.957+0000][2.748s][info ][gc,stringdedup] Concurrent String Deduplication (2.748s)
[2023-02-09T10:18:25.960+0000][2.752s][info ][gc,stringdedup] Concurrent String Deduplication 157.0K->49816.0B(108.4K) avg 11.7% (2.748s, 2.752s) 3.149ms
[2023-02-09T10:18:26.116+0000][2.907s][debug][safepoint     ] Safepoint synchronization initiated. (19 threads)
[2023-02-09T10:18:26.117+0000][2.908s][info ][safepoint     ] Application time: 0.1592797 seconds
[2023-02-09T10:18:26.117+0000][2.908s][info ][safepoint     ] Entering safepoint region: Deoptimize
[2023-02-09T10:18:26.117+0000][2.909s][info ][safepoint     ] Leaving safepoint region
[2023-02-09T10:18:26.118+0000][2.909s][info ][safepoint     ] Total time for which application threads were stopped: 0.0009486 seconds, Stopping threads took: 0.0001745 seconds
[2023-02-09T10:18:26.181+0000][2.972s][debug][safepoint     ] Safepoint synchronization initiated. (19 threads)
[2023-02-09T10:18:26.181+0000][2.973s][info ][safepoint     ] Application time: 0.0635326 seconds
[2023-02-09T10:18:26.182+0000][2.973s][debug][safepoint     ] Waiting for 1 thread(s) to block
[2023-02-09T10:18:26.183+0000][2.974s][info ][safepoint     ] Entering safepoint region: G1CollectForAllocation
[2023-02-09T10:18:26.184+0000][2.975s][info ][gc,start      ] GC(4) Pause Young (Normal) (G1 Evacuation Pause)
[2023-02-09T10:18:26.184+0000][2.975s][info ][gc,task       ] GC(4) Using 4 workers of 13 for evacuation
[2023-02-09T10:18:26.194+0000][2.985s][info ][gc,phases     ] GC(4)   Pre Evacuate Collection Set: 0.0ms
[2023-02-09T10:18:26.194+0000][2.985s][info ][gc,phases     ] GC(4)   Evacuate Collection Set: 7.1ms
[2023-02-09T10:18:26.194+0000][2.985s][info ][gc,phases     ] GC(4)   Post Evacuate Collection Set: 2.2ms
[2023-02-09T10:18:26.195+0000][2.986s][info ][gc,phases     ] GC(4)   Other: 0.8ms
[2023-02-09T10:18:26.195+0000][2.986s][info ][gc,heap       ] GC(4) Eden regions: 109->0(108)
[2023-02-09T10:18:26.195+0000][2.986s][info ][gc,heap       ] GC(4) Survivor regions: 6->7(15)
[2023-02-09T10:18:26.195+0000][2.986s][info ][gc,heap       ] GC(4) Old regions: 10->10
[2023-02-09T10:18:26.195+0000][2.986s][info ][gc,heap       ] GC(4) Humongous regions: 0->0
[2023-02-09T10:18:26.195+0000][2.987s][info ][gc,metaspace  ] GC(4) Metaspace: 17581K->17581K(1064960K)
[2023-02-09T10:18:26.196+0000][2.987s][info ][gc            ] GC(4) Pause Young (Normal) (G1 Evacuation Pause) 122M->14M(194M) 12.017ms
[2023-02-09T10:18:26.196+0000][2.987s][info ][gc,cpu        ] GC(4) User=0.09s Sys=0.00s Real=0.02s
[2023-02-09T10:18:26.196+0000][2.987s][info ][safepoint     ] Leaving safepoint region
[2023-02-09T10:18:26.196+0000][2.987s][info ][safepoint     ] Total time for which application threads were stopped: 0.0142054 seconds, Stopping threads took: 0.0012022 seconds
[2023-02-09T10:18:26.197+0000][2.988s][info ][gc,stringdedup] Concurrent String Deduplication (2.988s)
[2023-02-09T10:18:26.200+0000][2.991s][info ][gc,stringdedup] Concurrent String Deduplication 109.8K->40528.0B(71912.0B) avg 13.8% (2.988s, 2.991s) 3.177ms
[2023-02-09T10:18:26.303+0000][3.094s][debug][safepoint     ] Safepoint synchronization initiated. (19 threads)
[2023-02-09T10:18:26.304+0000][3.095s][info ][safepoint     ] Application time: 0.1071649 seconds
[2023-02-09T10:18:26.304+0000][3.095s][info ][safepoint     ] Entering safepoint region: Deoptimize
[2023-02-09T10:18:26.305+0000][3.096s][info ][safepoint     ] Leaving safepoint region
[2023-02-09T10:18:26.305+0000][3.096s][info ][safepoint     ] Total time for which application threads were stopped: 0.0013195 seconds, Stopping threads took: 0.0002013 seconds
[2023-02-09T10:18:26.532+0000][3.323s][debug][safepoint     ] Safepoint synchronization initiated. (19 threads)
[2023-02-09T10:18:26.533+0000][3.324s][info ][safepoint     ] Application time: 0.2271395 seconds
[2023-02-09T10:18:26.533+0000][3.324s][debug][safepoint     ] Waiting for 1 thread(s) to block
[2023-02-09T10:18:26.534+0000][3.325s][info ][safepoint     ] Entering safepoint region: CollectForMetadataAllocation
[2023-02-09T10:18:26.534+0000][3.325s][info ][gc,start      ] GC(5) Pause Young (Concurrent Start) (Metadata GC Threshold)
[2023-02-09T10:18:26.534+0000][3.326s][info ][gc,task       ] GC(5) Using 4 workers of 13 for evacuation
[2023-02-09T10:18:26.545+0000][3.337s][info ][gc,phases     ] GC(5)   Pre Evacuate Collection Set: 0.1ms
[2023-02-09T10:18:26.546+0000][3.337s][info ][gc,phases     ] GC(5)   Evacuate Collection Set: 7.8ms
[2023-02-09T10:18:26.546+0000][3.337s][info ][gc,phases     ] GC(5)   Post Evacuate Collection Set: 2.5ms
[2023-02-09T10:18:26.546+0000][3.338s][info ][gc,phases     ] GC(5)   Other: 0.9ms
[2023-02-09T10:18:26.547+0000][3.338s][info ][gc,heap       ] GC(5) Eden regions: 67->0(131)
[2023-02-09T10:18:26.547+0000][3.338s][info ][gc,heap       ] GC(5) Survivor regions: 7->8(15)
[2023-02-09T10:18:26.547+0000][3.338s][info ][gc,heap       ] GC(5) Old regions: 10->10
[2023-02-09T10:18:26.547+0000][3.338s][info ][gc,heap       ] GC(5) Humongous regions: 0->0
[2023-02-09T10:18:26.547+0000][3.339s][info ][gc,metaspace  ] GC(5) Metaspace: 20491K->20491K(1067008K)
[2023-02-09T10:18:26.548+0000][3.339s][info ][gc            ] GC(5) Pause Young (Concurrent Start) (Metadata GC Threshold) 81M->16M(233M) 13.608ms
[2023-02-09T10:18:26.548+0000][3.339s][info ][gc,cpu        ] GC(5) User=0.09s Sys=0.00s Real=0.02s
[2023-02-09T10:18:26.548+0000][3.339s][info ][gc            ] GC(6) Concurrent Cycle
[2023-02-09T10:18:26.548+0000][3.339s][info ][safepoint     ] Leaving safepoint region
[2023-02-09T10:18:26.549+0000][3.340s][info ][gc,marking    ] GC(6) Concurrent Clear Claimed Marks
[2023-02-09T10:18:26.549+0000][3.340s][info ][safepoint     ] Total time for which application threads were stopped: 0.0157240 seconds, Stopping threads took: 0.0007924 seconds
[2023-02-09T10:18:26.549+0000][3.340s][info ][gc,marking    ] GC(6) Concurrent Clear Claimed Marks 0.665ms
[2023-02-09T10:18:26.550+0000][3.341s][info ][gc,marking    ] GC(6) Concurrent Scan Root Regions
[2023-02-09T10:18:26.549+0000][3.340s][info ][gc,stringdedup] Concurrent String Deduplication (3.340s)
[2023-02-09T10:18:26.550+0000][3.341s][debug][safepoint     ] Safepoint synchronization initiated. (19 threads)
[2023-02-09T10:18:26.551+0000][3.342s][info ][safepoint     ] Application time: 0.0012060 seconds
[2023-02-09T10:18:26.551+0000][3.342s][info ][safepoint     ] Entering safepoint region: CollectForMetadataAllocation
[2023-02-09T10:18:26.551+0000][3.342s][info ][safepoint     ] Leaving safepoint region
[2023-02-09T10:18:26.552+0000][3.343s][info ][safepoint     ] Total time for which application threads were stopped: 0.0007947 seconds, Stopping threads took: 0.0002155 seconds
[2023-02-09T10:18:26.553+0000][3.344s][info ][gc,marking    ] GC(6) Concurrent Scan Root Regions 3.663ms
[2023-02-09T10:18:26.554+0000][3.345s][info ][gc,marking    ] GC(6) Concurrent Mark (3.345s)
[2023-02-09T10:18:26.554+0000][3.346s][info ][gc,marking    ] GC(6) Concurrent Mark From Roots
[2023-02-09T10:18:26.555+0000][3.346s][info ][gc,task       ] GC(6) Using 3 workers of 3 for marking
[2023-02-09T10:18:26.556+0000][3.347s][info ][gc,stringdedup] Concurrent String Deduplication 167.3K->101.9K(66944.0B) avg 15.3% (3.340s, 3.347s) 4.324ms
[2023-02-09T10:18:26.563+0000][3.354s][info ][gc,marking    ] GC(6) Concurrent Mark From Roots 8.890ms
[2023-02-09T10:18:26.564+0000][3.355s][info ][gc,marking    ] GC(6) Concurrent Preclean
[2023-02-09T10:18:26.565+0000][3.356s][info ][gc,marking    ] GC(6) Concurrent Preclean 0.769ms
[2023-02-09T10:18:26.566+0000][3.357s][info ][gc,marking    ] GC(6) Concurrent Mark (3.345s, 3.357s) 11.600ms
[2023-02-09T10:18:26.566+0000][3.357s][debug][safepoint     ] Safepoint synchronization initiated. (19 threads)
[2023-02-09T10:18:26.567+0000][3.358s][info ][safepoint     ] Application time: 0.0148067 seconds
[2023-02-09T10:18:26.567+0000][3.358s][debug][safepoint     ] ... found polling page return exception at pc = 0x00007f08683bb072, stub =0x00007f086085a800
[2023-02-09T10:18:26.568+0000][3.359s][debug][safepoint     ] Waiting for 3 thread(s) to block
[2023-02-09T10:18:26.568+0000][3.359s][info ][safepoint     ] Entering safepoint region: CGC_Operation
[2023-02-09T10:18:26.568+0000][3.359s][info ][gc,start      ] GC(6) Pause Remark
[2023-02-09T10:18:26.573+0000][3.364s][info ][gc,stringtable] GC(6) Cleaned string and symbol table, strings: 8273 processed, 7 removed, symbols: 54588 processed, 115 removed
[2023-02-09T10:18:26.574+0000][3.365s][info ][gc            ] GC(6) Pause Remark 18M->18M(233M) 5.507ms
[2023-02-09T10:18:26.574+0000][3.365s][info ][gc,cpu        ] GC(6) User=0.02s Sys=0.00s Real=0.00s
[2023-02-09T10:18:26.574+0000][3.365s][info ][safepoint     ] Leaving safepoint region
[2023-02-09T10:18:26.575+0000][3.366s][info ][safepoint     ] Total time for which application threads were stopped: 0.0074707 seconds, Stopping threads took: 0.0010272 seconds
[2023-02-09T10:18:26.575+0000][3.366s][info ][gc,marking    ] GC(6) Concurrent Rebuild Remembered Sets
[2023-02-09T10:18:26.579+0000][3.370s][info ][gc,marking    ] GC(6) Concurrent Rebuild Remembered Sets 3.826ms
[2023-02-09T10:18:26.579+0000][3.370s][debug][safepoint     ] Safepoint synchronization initiated. (19 threads)
[2023-02-09T10:18:26.580+0000][3.371s][info ][safepoint     ] Application time: 0.0049285 seconds
[2023-02-09T10:18:26.580+0000][3.371s][debug][safepoint     ] ... found polling page return exception at pc = 0x00007f08613ebf08, stub =0x00007f086085a800
[2023-02-09T10:18:26.581+0000][3.372s][debug][safepoint     ] Waiting for 2 thread(s) to block
[2023-02-09T10:18:26.581+0000][3.372s][info ][safepoint     ] Entering safepoint region: CGC_Operation
[2023-02-09T10:18:26.582+0000][3.373s][info ][gc,start      ] GC(6) Pause Cleanup
[2023-02-09T10:18:26.582+0000][3.373s][info ][gc            ] GC(6) Pause Cleanup 19M->19M(233M) 0.606ms
[2023-02-09T10:18:26.583+0000][3.374s][info ][gc,cpu        ] GC(6) User=0.00s Sys=0.00s Real=0.00s
[2023-02-09T10:18:26.583+0000][3.374s][info ][safepoint     ] Leaving safepoint region
[2023-02-09T10:18:26.583+0000][3.374s][info ][safepoint     ] Total time for which application threads were stopped: 0.0030731 seconds, Stopping threads took: 0.0012475 seconds
[2023-02-09T10:18:26.584+0000][3.375s][info ][gc,marking    ] GC(6) Concurrent Cleanup for Next Mark
[2023-02-09T10:18:26.585+0000][3.376s][info ][gc,marking    ] GC(6) Concurrent Cleanup for Next Mark 1.610ms
[2023-02-09T10:18:26.586+0000][3.377s][info ][gc            ] GC(6) Concurrent Cycle 37.784ms
[2023-02-09T10:18:27.020+0000][3.811s][debug][safepoint     ] Safepoint synchronization initiated. (20 threads)
[2023-02-09T10:18:27.020+0000][3.811s][info ][safepoint     ] Application time: 0.4366471 seconds
[2023-02-09T10:18:27.020+0000][3.812s][debug][safepoint     ] ... found polling page return exception at pc = 0x00007f0868558a11, stub =0x00007f086085a800
[2023-02-09T10:18:27.021+0000][3.812s][debug][safepoint     ] Waiting for 1 thread(s) to block
[2023-02-09T10:18:27.021+0000][3.812s][info ][safepoint     ] Entering safepoint region: Deoptimize
[2023-02-09T10:18:27.022+0000][3.813s][info ][safepoint     ] Leaving safepoint region
[2023-02-09T10:18:27.022+0000][3.813s][info ][safepoint     ] Total time for which application threads were stopped: 0.0018158 seconds, Stopping threads took: 0.0008010 seconds
[2023-02-09T10:18:27.162+0000][3.953s][debug][safepoint     ] Safepoint synchronization initiated. (19 threads)
[2023-02-09T10:18:27.163+0000][3.954s][info ][safepoint     ] Application time: 0.1403290 seconds
[2023-02-09T10:18:27.163+0000][3.954s][info ][safepoint     ] Entering safepoint region: G1CollectForAllocation
[2023-02-09T10:18:27.163+0000][3.954s][info ][gc,start      ] GC(7) Pause Young (Normal) (G1 Evacuation Pause)
[2023-02-09T10:18:27.164+0000][3.955s][info ][gc,task       ] GC(7) Using 5 workers of 13 for evacuation
[2023-02-09T10:18:27.174+0000][3.965s][info ][gc,phases     ] GC(7)   Pre Evacuate Collection Set: 0.0ms
[2023-02-09T10:18:27.175+0000][3.966s][info ][gc,phases     ] GC(7)   Evacuate Collection Set: 8.1ms
[2023-02-09T10:18:27.175+0000][3.966s][info ][gc,phases     ] GC(7)   Post Evacuate Collection Set: 2.0ms
[2023-02-09T10:18:27.175+0000][3.966s][info ][gc,phases     ] GC(7)   Other: 0.8ms
[2023-02-09T10:18:27.175+0000][3.966s][info ][gc,heap       ] GC(7) Eden regions: 131->0(128)
[2023-02-09T10:18:27.175+0000][3.966s][info ][gc,heap       ] GC(7) Survivor regions: 8->11(18)
[2023-02-09T10:18:27.175+0000][3.967s][info ][gc,heap       ] GC(7) Old regions: 10->10
[2023-02-09T10:18:27.176+0000][3.967s][info ][gc,heap       ] GC(7) Humongous regions: 0->0
[2023-02-09T10:18:27.176+0000][3.967s][info ][gc,metaspace  ] GC(7) Metaspace: 24000K->24000K(1071104K)
[2023-02-09T10:18:27.176+0000][3.967s][info ][gc            ] GC(7) Pause Young (Normal) (G1 Evacuation Pause) 147M->18M(233M) 12.680ms
[2023-02-09T10:18:27.176+0000][3.967s][info ][gc,cpu        ] GC(7) User=0.16s Sys=0.00s Real=0.02s
[2023-02-09T10:18:27.176+0000][3.967s][info ][safepoint     ] Leaving safepoint region
[2023-02-09T10:18:27.177+0000][3.968s][info ][safepoint     ] Total time for which application threads were stopped: 0.0135709 seconds, Stopping threads took: 0.0001986 seconds
[2023-02-09T10:18:27.177+0000][3.968s][info ][gc,stringdedup] Concurrent String Deduplication (3.968s)
[2023-02-09T10:18:27.180+0000][3.971s][info ][gc,stringdedup] Concurrent String Deduplication 374.0K->278.3K(97968.0B) avg 16.5% (3.968s, 3.971s) 3.125ms
[2023-02-09T10:18:27.887+0000][4.678s][debug][safepoint     ] Safepoint synchronization initiated. (19 threads)
[2023-02-09T10:18:27.887+0000][4.678s][info ][safepoint     ] Application time: 0.7104931 seconds
[2023-02-09T10:18:27.887+0000][4.679s][info ][safepoint     ] Entering safepoint region: G1CollectForAllocation
[2023-02-09T10:18:27.888+0000][4.679s][info ][gc,start      ] GC(8) Pause Young (Normal) (G1 Evacuation Pause)
[2023-02-09T10:18:27.888+0000][4.679s][info ][gc,task       ] GC(8) Using 5 workers of 13 for evacuation
[2023-02-09T10:18:27.899+0000][4.690s][info ][gc,phases     ] GC(8)   Pre Evacuate Collection Set: 0.0ms
[2023-02-09T10:18:27.900+0000][4.691s][info ][gc,phases     ] GC(8)   Evacuate Collection Set: 9.0ms
[2023-02-09T10:18:27.900+0000][4.691s][info ][gc,phases     ] GC(8)   Post Evacuate Collection Set: 1.7ms
[2023-02-09T10:18:27.900+0000][4.691s][info ][gc,phases     ] GC(8)   Other: 0.7ms
[2023-02-09T10:18:27.900+0000][4.691s][info ][gc,heap       ] GC(8) Eden regions: 128->0(127)
[2023-02-09T10:18:27.900+0000][4.691s][info ][gc,heap       ] GC(8) Survivor regions: 11->12(18)
[2023-02-09T10:18:27.900+0000][4.691s][info ][gc,heap       ] GC(8) Old regions: 10->11
[2023-02-09T10:18:27.900+0000][4.691s][info ][gc,heap       ] GC(8) Humongous regions: 0->0
[2023-02-09T10:18:27.900+0000][4.692s][info ][gc,metaspace  ] GC(8) Metaspace: 24506K->24506K(1071104K)
[2023-02-09T10:18:27.901+0000][4.692s][info ][gc            ] GC(8) Pause Young (Normal) (G1 Evacuation Pause) 146M->21M(233M) 12.612ms
[2023-02-09T10:18:27.901+0000][4.692s][info ][gc,cpu        ] GC(8) User=0.07s Sys=0.00s Real=0.01s
[2023-02-09T10:18:27.901+0000][4.692s][info ][safepoint     ] Leaving safepoint region
[2023-02-09T10:18:27.901+0000][4.692s][info ][safepoint     ] Total time for which application threads were stopped: 0.0136783 seconds, Stopping threads took: 0.0001841 seconds
[2023-02-09T10:18:27.901+0000][4.693s][info ][gc,stringdedup] Concurrent String Deduplication (4.692s)
[2023-02-09T10:18:27.904+0000][4.695s][info ][gc,stringdedup] Concurrent String Deduplication 412.9K->369.5K(44416.0B) avg 15.8% (4.692s, 4.695s) 2.681ms
[2023-02-09T10:18:28.494+0000][5.285s][debug][safepoint     ] Safepoint synchronization initiated. (19 threads)
[2023-02-09T10:18:28.495+0000][5.286s][info ][safepoint     ] Application time: 0.5932461 seconds
[2023-02-09T10:18:28.495+0000][5.286s][info ][safepoint     ] Entering safepoint region: G1CollectForAllocation
[2023-02-09T10:18:28.495+0000][5.286s][info ][gc,start      ] GC(9) Pause Young (Normal) (G1 Evacuation Pause)
[2023-02-09T10:18:28.496+0000][5.287s][info ][gc,task       ] GC(9) Using 5 workers of 13 for evacuation
[2023-02-09T10:18:28.508+0000][5.299s][info ][gc,phases     ] GC(9)   Pre Evacuate Collection Set: 0.0ms
[2023-02-09T10:18:28.508+0000][5.299s][info ][gc,phases     ] GC(9)   Evacuate Collection Set: 9.9ms
[2023-02-09T10:18:28.508+0000][5.299s][info ][gc,phases     ] GC(9)   Post Evacuate Collection Set: 2.0ms
[2023-02-09T10:18:28.508+0000][5.300s][info ][gc,phases     ] GC(9)   Other: 0.6ms
[2023-02-09T10:18:28.509+0000][5.300s][info ][gc,heap       ] GC(9) Eden regions: 127->0(127)
[2023-02-09T10:18:28.509+0000][5.300s][info ][gc,heap       ] GC(9) Survivor regions: 12->12(18)
[2023-02-09T10:18:28.509+0000][5.300s][info ][gc,heap       ] GC(9) Old regions: 11->15
[2023-02-09T10:18:28.509+0000][5.300s][info ][gc,heap       ] GC(9) Humongous regions: 0->0
[2023-02-09T10:18:28.509+0000][5.300s][info ][gc,metaspace  ] GC(9) Metaspace: 24805K->24805K(1071104K)
[2023-02-09T10:18:28.509+0000][5.300s][info ][gc            ] GC(9) Pause Young (Normal) (G1 Evacuation Pause) 148M->24M(233M) 14.028ms
[2023-02-09T10:18:28.509+0000][5.300s][info ][gc,cpu        ] GC(9) User=0.15s Sys=0.00s Real=0.02s
[2023-02-09T10:18:28.510+0000][5.301s][info ][safepoint     ] Leaving safepoint region
[2023-02-09T10:18:28.510+0000][5.301s][info ][safepoint     ] Total time for which application threads were stopped: 0.0149014 seconds, Stopping threads took: 0.0001772 seconds
[2023-02-09T10:18:28.510+0000][5.301s][info ][gc,stringdedup] Concurrent String Deduplication (5.301s)
[2023-02-09T10:18:28.516+0000][5.307s][info ][gc,stringdedup] Concurrent String Deduplication 845.3K->488.1K(357.2K) avg 20.8% (5.301s, 5.307s) 5.953ms
[2023-02-09T10:18:28.679+0000][5.470s][debug][safepoint     ] Safepoint synchronization initiated. (20 threads)
[2023-02-09T10:18:28.679+0000][5.471s][info ][safepoint     ] Application time: 0.1697003 seconds
[2023-02-09T10:18:28.680+0000][5.471s][debug][safepoint     ] ... found polling page return exception at pc = 0x00007f0868414e88, stub =0x00007f086085a800
[2023-02-09T10:18:28.680+0000][5.471s][debug][safepoint     ] Waiting for 1 thread(s) to block
[2023-02-09T10:18:28.680+0000][5.471s][info ][safepoint     ] Entering safepoint region: G1CollectForAllocation
[2023-02-09T10:18:28.681+0000][5.472s][info ][gc,start      ] GC(10) Pause Young (Normal) (G1 Evacuation Pause)
[2023-02-09T10:18:28.681+0000][5.472s][info ][gc,task       ] GC(10) Using 5 workers of 13 for evacuation
[2023-02-09T10:18:28.689+0000][5.481s][info ][gc,phases     ] GC(10)   Pre Evacuate Collection Set: 0.0ms
[2023-02-09T10:18:28.690+0000][5.481s][info ][gc,phases     ] GC(10)   Evacuate Collection Set: 6.5ms
[2023-02-09T10:18:28.690+0000][5.481s][info ][gc,phases     ] GC(10)   Post Evacuate Collection Set: 2.0ms
[2023-02-09T10:18:28.690+0000][5.481s][info ][gc,phases     ] GC(10)   Other: 0.4ms
[2023-02-09T10:18:28.690+0000][5.481s][info ][gc,heap       ] GC(10) Eden regions: 127->0(158)
[2023-02-09T10:18:28.690+0000][5.481s][info ][gc,heap       ] GC(10) Survivor regions: 12->10(18)
[2023-02-09T10:18:28.691+0000][5.482s][info ][gc,heap       ] GC(10) Old regions: 15->17
[2023-02-09T10:18:28.691+0000][5.482s][info ][gc,heap       ] GC(10) Humongous regions: 0->0
[2023-02-09T10:18:28.691+0000][5.482s][info ][gc,metaspace  ] GC(10) Metaspace: 26304K->26304K(1073152K)
[2023-02-09T10:18:28.691+0000][5.482s][info ][gc            ] GC(10) Pause Young (Normal) (G1 Evacuation Pause) 151M->25M(280M) 10.481ms
[2023-02-09T10:18:28.691+0000][5.482s][info ][gc,cpu        ] GC(10) User=0.01s Sys=0.05s Real=0.01s
[2023-02-09T10:18:28.691+0000][5.482s][info ][safepoint     ] Leaving safepoint region
[2023-02-09T10:18:28.691+0000][5.483s][info ][safepoint     ] Total time for which application threads were stopped: 0.0117773 seconds, Stopping threads took: 0.0006360 seconds
[2023-02-09T10:18:28.692+0000][5.483s][info ][gc,stringdedup] Concurrent String Deduplication (5.483s)
[2023-02-09T10:18:28.702+0000][5.493s][info ][gc,stringdedup] Concurrent String Deduplication 830.5K->345.3K(485.2K) avg 26.7% (5.483s, 5.493s) 9.974ms
[2023-02-09T10:18:28.829+0000][5.620s][debug][safepoint     ] Safepoint synchronization initiated. (19 threads)
[2023-02-09T10:18:28.830+0000][5.621s][info ][safepoint     ] Application time: 0.1379727 seconds
[2023-02-09T10:18:28.830+0000][5.621s][info ][safepoint     ] Entering safepoint region: G1CollectForAllocation
[2023-02-09T10:18:28.830+0000][5.621s][info ][gc,start      ] GC(11) Pause Young (Normal) (G1 Evacuation Pause)
[2023-02-09T10:18:28.831+0000][5.622s][info ][gc,task       ] GC(11) Using 6 workers of 13 for evacuation
[2023-02-09T10:18:28.836+0000][5.628s][info ][gc,phases     ] GC(11)   Pre Evacuate Collection Set: 0.0ms
[2023-02-09T10:18:28.837+0000][5.628s][info ][gc,phases     ] GC(11)   Evacuate Collection Set: 3.6ms
[2023-02-09T10:18:28.837+0000][5.628s][info ][gc,phases     ] GC(11)   Post Evacuate Collection Set: 1.6ms
[2023-02-09T10:18:28.837+0000][5.628s][info ][gc,phases     ] GC(11)   Other: 1.0ms
[2023-02-09T10:18:28.837+0000][5.628s][info ][gc,heap       ] GC(11) Eden regions: 158->0(158)
[2023-02-09T10:18:28.838+0000][5.629s][info ][gc,heap       ] GC(11) Survivor regions: 10->10(21)
[2023-02-09T10:18:28.838+0000][5.629s][info ][gc,heap       ] GC(11) Old regions: 17->17
[2023-02-09T10:18:28.838+0000][5.629s][info ][gc,heap       ] GC(11) Humongous regions: 0->0
[2023-02-09T10:18:28.838+0000][5.629s][info ][gc,metaspace  ] GC(11) Metaspace: 26312K->26312K(1073152K)
[2023-02-09T10:18:28.838+0000][5.629s][info ][gc            ] GC(11) Pause Young (Normal) (G1 Evacuation Pause) 183M->24M(280M) 7.969ms
[2023-02-09T10:18:28.838+0000][5.630s][info ][gc,cpu        ] GC(11) User=0.05s Sys=0.00s Real=0.01s
[2023-02-09T10:18:28.839+0000][5.630s][info ][safepoint     ] Leaving safepoint region
[2023-02-09T10:18:28.839+0000][5.630s][info ][safepoint     ] Total time for which application threads were stopped: 0.0089669 seconds, Stopping threads took: 0.0002185 seconds
[2023-02-09T10:18:28.839+0000][5.630s][info ][gc,stringdedup] Concurrent String Deduplication (5.630s)
[2023-02-09T10:18:28.845+0000][5.636s][info ][gc,stringdedup] Concurrent String Deduplication 1483.8K->269.7K(1214.2K) avg 38.7% (5.630s, 5.636s) 5.547ms
[2023-02-09T10:18:29.300+0000][6.091s][debug][safepoint     ] Safepoint synchronization initiated. (16 threads)
[2023-02-09T10:18:29.301+0000][6.092s][info ][safepoint     ] Application time: 0.4616389 seconds
[2023-02-09T10:18:29.301+0000][6.092s][info ][safepoint     ] Entering safepoint region: G1CollectForAllocation
[2023-02-09T10:18:29.301+0000][6.092s][info ][gc,start      ] GC(12) Pause Young (Normal) (G1 Evacuation Pause)
[2023-02-09T10:18:29.302+0000][6.093s][info ][gc,task       ] GC(12) Using 6 workers of 13 for evacuation
[2023-02-09T10:18:29.310+0000][6.101s][info ][gc,phases     ] GC(12)   Pre Evacuate Collection Set: 0.0ms
[2023-02-09T10:18:29.310+0000][6.101s][info ][gc,phases     ] GC(12)   Evacuate Collection Set: 6.2ms
[2023-02-09T10:18:29.310+0000][6.101s][info ][gc,phases     ] GC(12)   Post Evacuate Collection Set: 1.9ms
[2023-02-09T10:18:29.311+0000][6.102s][info ][gc,phases     ] GC(12)   Other: 0.6ms
[2023-02-09T10:18:29.311+0000][6.102s][info ][gc,heap       ] GC(12) Eden regions: 158->0(158)
[2023-02-09T10:18:29.311+0000][6.102s][info ][gc,heap       ] GC(12) Survivor regions: 10->10(21)
[2023-02-09T10:18:29.311+0000][6.102s][info ][gc,heap       ] GC(12) Old regions: 17->17
[2023-02-09T10:18:29.311+0000][6.102s][info ][gc,heap       ] GC(12) Humongous regions: 0->0
[2023-02-09T10:18:29.311+0000][6.102s][info ][gc,metaspace  ] GC(12) Metaspace: 30933K->30933K(1077248K)
[2023-02-09T10:18:29.311+0000][6.102s][info ][gc            ] GC(12) Pause Young (Normal) (G1 Evacuation Pause) 182M->24M(280M) 9.933ms
[2023-02-09T10:18:29.311+0000][6.102s][info ][gc,cpu        ] GC(12) User=0.05s Sys=0.00s Real=0.01s
[2023-02-09T10:18:29.312+0000][6.103s][info ][safepoint     ] Leaving safepoint region
[2023-02-09T10:18:29.312+0000][6.103s][info ][safepoint     ] Total time for which application threads were stopped: 0.0108107 seconds, Stopping threads took: 0.0002058 seconds
[2023-02-09T10:18:29.312+0000][6.103s][info ][gc,stringdedup] Concurrent String Deduplication (6.103s)
[2023-02-09T10:18:29.313+0000][6.104s][info ][gc,stringdedup] Concurrent String Deduplication 107.0K->32312.0B(77304.0B) avg 39.2% (6.103s, 6.104s) 0.886ms
[2023-02-09T10:18:29.661+0000][6.452s][debug][safepoint     ] Safepoint synchronization initiated. (15 threads)
[2023-02-09T10:18:29.661+0000][6.452s][info ][safepoint     ] Application time: 0.3491791 seconds
[2023-02-09T10:18:29.661+0000][6.452s][info ][safepoint     ] Entering safepoint region: Deoptimize
[2023-02-09T10:18:29.662+0000][6.453s][info ][safepoint     ] Leaving safepoint region
[2023-02-09T10:18:29.662+0000][6.454s][info ][safepoint     ] Total time for which application threads were stopped: 0.0013674 seconds, Stopping threads took: 0.0001714 seconds
[2023-02-09T10:18:29.814+0000][6.605s][debug][safepoint     ] Safepoint synchronization initiated. (15 threads)
[2023-02-09T10:18:29.814+0000][6.605s][info ][safepoint     ] Application time: 0.1515779 seconds
[2023-02-09T10:18:29.814+0000][6.605s][info ][safepoint     ] Entering safepoint region: G1CollectForAllocation
[2023-02-09T10:18:29.815+0000][6.606s][info ][gc,start      ] GC(13) Pause Young (Normal) (G1 Evacuation Pause)
[2023-02-09T10:18:29.815+0000][6.606s][info ][gc,task       ] GC(13) Using 6 workers of 13 for evacuation
[2023-02-09T10:18:29.823+0000][6.614s][info ][gc,phases     ] GC(13)   Pre Evacuate Collection Set: 0.0ms
[2023-02-09T10:18:29.823+0000][6.614s][info ][gc,phases     ] GC(13)   Evacuate Collection Set: 5.5ms
[2023-02-09T10:18:29.823+0000][6.614s][info ][gc,phases     ] GC(13)   Post Evacuate Collection Set: 2.0ms
[2023-02-09T10:18:29.823+0000][6.614s][info ][gc,phases     ] GC(13)   Other: 0.5ms
[2023-02-09T10:18:29.823+0000][6.615s][info ][gc,heap       ] GC(13) Eden regions: 158->0(157)
[2023-02-09T10:18:29.824+0000][6.615s][info ][gc,heap       ] GC(13) Survivor regions: 10->11(21)
[2023-02-09T10:18:29.824+0000][6.615s][info ][gc,heap       ] GC(13) Old regions: 17->17
[2023-02-09T10:18:29.824+0000][6.615s][info ][gc,heap       ] GC(13) Humongous regions: 0->0
[2023-02-09T10:18:29.824+0000][6.615s][info ][gc,metaspace  ] GC(13) Metaspace: 31966K->31966K(1079296K)
[2023-02-09T10:18:29.824+0000][6.615s][info ][gc            ] GC(13) Pause Young (Normal) (G1 Evacuation Pause) 182M->25M(280M) 9.255ms
[2023-02-09T10:18:29.824+0000][6.615s][info ][gc,cpu        ] GC(13) User=0.06s Sys=0.00s Real=0.01s
[2023-02-09T10:18:29.824+0000][6.615s][info ][safepoint     ] Leaving safepoint region
[2023-02-09T10:18:29.824+0000][6.615s][info ][safepoint     ] Total time for which application threads were stopped: 0.0100134 seconds, Stopping threads took: 0.0001574 seconds
[2023-02-09T10:18:29.825+0000][6.616s][info ][gc,stringdedup] Concurrent String Deduplication (6.616s)
[2023-02-09T10:18:29.825+0000][6.616s][info ][gc,stringdedup] Concurrent String Deduplication 23104.0B->0.0B(23104.0B) avg 39.4% (6.616s, 6.616s) 0.255ms
[2023-02-09T10:18:30.062+0000][6.853s][debug][safepoint     ] Safepoint synchronization initiated. (15 threads)
[2023-02-09T10:18:30.062+0000][6.854s][info ][safepoint     ] Application time: 0.2379504 seconds
[2023-02-09T10:18:30.063+0000][6.854s][info ][safepoint     ] Entering safepoint region: Deoptimize
[2023-02-09T10:18:30.063+0000][6.855s][info ][safepoint     ] Leaving safepoint region
[2023-02-09T10:18:30.064+0000][6.855s][info ][safepoint     ] Total time for which application threads were stopped: 0.0012044 seconds, Stopping threads took: 0.0001450 seconds
[2023-02-09T10:18:30.198+0000][6.989s][debug][safepoint     ] Safepoint synchronization initiated. (15 threads)
[2023-02-09T10:18:30.198+0000][6.989s][info ][safepoint     ] Application time: 0.1340808 seconds
[2023-02-09T10:18:30.198+0000][6.989s][info ][safepoint     ] Entering safepoint region: G1CollectForAllocation
[2023-02-09T10:18:30.199+0000][6.990s][info ][gc,start      ] GC(14) Pause Young (Normal) (G1 Evacuation Pause)
[2023-02-09T10:18:30.199+0000][6.990s][info ][gc,task       ] GC(14) Using 6 workers of 13 for evacuation
[2023-02-09T10:18:30.205+0000][6.996s][info ][gc,phases     ] GC(14)   Pre Evacuate Collection Set: 0.0ms
[2023-02-09T10:18:30.206+0000][6.997s][info ][gc,phases     ] GC(14)   Evacuate Collection Set: 4.7ms
[2023-02-09T10:18:30.206+0000][6.997s][info ][gc,phases     ] GC(14)   Post Evacuate Collection Set: 1.6ms
[2023-02-09T10:18:30.206+0000][6.997s][info ][gc,phases     ] GC(14)   Other: 0.6ms
[2023-02-09T10:18:30.206+0000][6.997s][info ][gc,heap       ] GC(14) Eden regions: 157->0(156)
[2023-02-09T10:18:30.206+0000][6.997s][info ][gc,heap       ] GC(14) Survivor regions: 11->12(21)
[2023-02-09T10:18:30.206+0000][6.997s][info ][gc,heap       ] GC(14) Old regions: 17->17
[2023-02-09T10:18:30.206+0000][6.998s][info ][gc,heap       ] GC(14) Humongous regions: 0->0
[2023-02-09T10:18:30.207+0000][6.998s][info ][gc,metaspace  ] GC(14) Metaspace: 32760K->32760K(1079296K)
[2023-02-09T10:18:30.207+0000][6.998s][info ][gc            ] GC(14) Pause Young (Normal) (G1 Evacuation Pause) 182M->26M(280M) 8.256ms
[2023-02-09T10:18:30.207+0000][6.998s][info ][gc,cpu        ] GC(14) User=0.04s Sys=0.00s Real=0.01s
[2023-02-09T10:18:30.207+0000][6.998s][info ][safepoint     ] Leaving safepoint region
[2023-02-09T10:18:30.207+0000][6.998s][info ][safepoint     ] Total time for which application threads were stopped: 0.0090345 seconds, Stopping threads took: 0.0001399 seconds
[2023-02-09T10:18:30.207+0000][6.998s][info ][gc,stringdedup] Concurrent String Deduplication (6.998s)
[2023-02-09T10:18:30.209+0000][7.000s][info ][gc,stringdedup] Concurrent String Deduplication 119.2K->17776.0B(101.8K) avg 40.2% (6.998s, 7.000s) 1.074ms
[2023-02-09T10:18:30.415+0000][7.206s][debug][safepoint     ] Safepoint synchronization initiated. (15 threads)
[2023-02-09T10:18:30.415+0000][7.206s][info ][safepoint     ] Application time: 0.2076138 seconds
[2023-02-09T10:18:30.415+0000][7.206s][info ][safepoint     ] Entering safepoint region: Deoptimize
[2023-02-09T10:18:30.416+0000][7.207s][info ][safepoint     ] Leaving safepoint region
[2023-02-09T10:18:30.417+0000][7.208s][info ][safepoint     ] Total time for which application threads were stopped: 0.0015424 seconds, Stopping threads took: 0.0002503 seconds
[2023-02-09T10:18:30.425+0000][7.216s][debug][safepoint     ] Safepoint synchronization initiated. (16 threads)
[2023-02-09T10:18:30.426+0000][7.217s][info ][safepoint     ] Application time: 0.0085695 seconds
[2023-02-09T10:18:30.426+0000][7.217s][info ][safepoint     ] Entering safepoint region: Deoptimize
[2023-02-09T10:18:30.427+0000][7.218s][info ][safepoint     ] Leaving safepoint region
[2023-02-09T10:18:30.427+0000][7.218s][info ][safepoint     ] Total time for which application threads were stopped: 0.0014876 seconds, Stopping threads took: 0.0002172 seconds
[2023-02-09T10:18:30.500+0000][7.291s][debug][safepoint     ] Safepoint synchronization initiated. (16 threads)
[2023-02-09T10:18:30.501+0000][7.292s][info ][safepoint     ] Application time: 0.0730822 seconds
[2023-02-09T10:18:30.501+0000][7.292s][info ][safepoint     ] Entering safepoint region: Deoptimize
[2023-02-09T10:18:30.502+0000][7.293s][info ][safepoint     ] Leaving safepoint region
[2023-02-09T10:18:30.502+0000][7.293s][info ][safepoint     ] Total time for which application threads were stopped: 0.0011858 seconds, Stopping threads took: 0.0001646 seconds
[2023-02-09T10:18:30.545+0000][7.336s][debug][safepoint     ] Safepoint synchronization initiated. (16 threads)
[2023-02-09T10:18:30.545+0000][7.336s][info ][safepoint     ] Application time: 0.0428461 seconds
[2023-02-09T10:18:30.545+0000][7.336s][info ][safepoint     ] Entering safepoint region: Deoptimize
[2023-02-09T10:18:30.546+0000][7.337s][info ][safepoint     ] Leaving safepoint region
[2023-02-09T10:18:30.546+0000][7.338s][info ][safepoint     ] Total time for which application threads were stopped: 0.0013572 seconds, Stopping threads took: 0.0001670 seconds
[2023-02-09T10:18:30.776+0000][7.567s][debug][safepoint     ] Safepoint synchronization initiated. (16 threads)
[2023-02-09T10:18:30.776+0000][7.567s][info ][safepoint     ] Application time: 0.2295005 seconds
[2023-02-09T10:18:30.776+0000][7.567s][info ][safepoint     ] Entering safepoint region: CollectForMetadataAllocation
[2023-02-09T10:18:30.777+0000][7.568s][info ][gc,start      ] GC(15) Pause Young (Concurrent Start) (Metadata GC Threshold)
[2023-02-09T10:18:30.777+0000][7.568s][info ][gc,task       ] GC(15) Using 6 workers of 13 for evacuation
[2023-02-09T10:18:30.790+0000][7.582s][info ][gc,phases     ] GC(15)   Pre Evacuate Collection Set: 0.1ms
[2023-02-09T10:18:30.791+0000][7.582s][info ][gc,phases     ] GC(15)   Evacuate Collection Set: 9.0ms
[2023-02-09T10:18:30.791+0000][7.582s][info ][gc,phases     ] GC(15)   Post Evacuate Collection Set: 4.3ms
[2023-02-09T10:18:30.791+0000][7.582s][info ][gc,phases     ] GC(15)   Other: 0.5ms
[2023-02-09T10:18:30.791+0000][7.582s][info ][gc,heap       ] GC(15) Eden regions: 108->0(189)
[2023-02-09T10:18:30.791+0000][7.583s][info ][gc,heap       ] GC(15) Survivor regions: 12->12(21)
[2023-02-09T10:18:30.792+0000][7.583s][info ][gc,heap       ] GC(15) Old regions: 17->17
[2023-02-09T10:18:30.792+0000][7.583s][info ][gc,heap       ] GC(15) Humongous regions: 0->0
[2023-02-09T10:18:30.792+0000][7.583s][info ][gc,metaspace  ] GC(15) Metaspace: 34806K->34806K(1081344K)
[2023-02-09T10:18:30.792+0000][7.583s][info ][gc            ] GC(15) Pause Young (Concurrent Start) (Metadata GC Threshold) 134M->27M(336M) 15.484ms
[2023-02-09T10:18:30.792+0000][7.583s][info ][gc,cpu        ] GC(15) User=0.09s Sys=0.00s Real=0.01s
[2023-02-09T10:18:30.792+0000][7.584s][info ][gc            ] GC(16) Concurrent Cycle
[2023-02-09T10:18:30.792+0000][7.584s][info ][safepoint     ] Leaving safepoint region
[2023-02-09T10:18:30.793+0000][7.584s][info ][gc,marking    ] GC(16) Concurrent Clear Claimed Marks
[2023-02-09T10:18:30.793+0000][7.584s][info ][safepoint     ] Total time for which application threads were stopped: 0.0166817 seconds, Stopping threads took: 0.0001286 seconds
[2023-02-09T10:18:30.793+0000][7.584s][info ][gc,marking    ] GC(16) Concurrent Clear Claimed Marks 0.494ms
[2023-02-09T10:18:30.794+0000][7.585s][info ][gc,marking    ] GC(16) Concurrent Scan Root Regions
[2023-02-09T10:18:30.793+0000][7.584s][info ][gc,stringdedup] Concurrent String Deduplication (7.584s)
[2023-02-09T10:18:30.798+0000][7.589s][info ][gc,marking    ] GC(16) Concurrent Scan Root Regions 4.148ms
[2023-02-09T10:18:30.798+0000][7.589s][info ][gc,marking    ] GC(16) Concurrent Mark (7.589s)
[2023-02-09T10:18:30.798+0000][7.589s][info ][gc,marking    ] GC(16) Concurrent Mark From Roots
[2023-02-09T10:18:30.798+0000][7.589s][info ][gc,stringdedup] Concurrent String Deduplication 347.6K->158.7K(188.9K) avg 40.9% (7.584s, 7.589s) 5.021ms
[2023-02-09T10:18:30.799+0000][7.590s][info ][gc,task       ] GC(16) Using 3 workers of 3 for marking
[2023-02-09T10:18:30.808+0000][7.599s][info ][gc,marking    ] GC(16) Concurrent Mark From Roots 9.615ms
[2023-02-09T10:18:30.808+0000][7.599s][info ][gc,marking    ] GC(16) Concurrent Preclean
[2023-02-09T10:18:30.809+0000][7.600s][info ][gc,marking    ] GC(16) Concurrent Preclean 0.352ms
[2023-02-09T10:18:30.809+0000][7.600s][info ][gc,marking    ] GC(16) Concurrent Mark (7.589s, 7.600s) 10.982ms
[2023-02-09T10:18:30.809+0000][7.601s][debug][safepoint     ] Safepoint synchronization initiated. (16 threads)
[2023-02-09T10:18:30.810+0000][7.601s][info ][safepoint     ] Application time: 0.0164690 seconds
[2023-02-09T10:18:30.810+0000][7.601s][info ][safepoint     ] Entering safepoint region: CGC_Operation
[2023-02-09T10:18:30.810+0000][7.601s][info ][gc,start      ] GC(16) Pause Remark
[2023-02-09T10:18:30.816+0000][7.607s][info ][gc,stringtable] GC(16) Cleaned string and symbol table, strings: 12665 processed, 28 removed, symbols: 118881 processed, 336 removed
[2023-02-09T10:18:30.817+0000][7.608s][info ][gc            ] GC(16) Pause Remark 29M->29M(336M) 6.291ms
[2023-02-09T10:18:30.817+0000][7.608s][info ][gc,cpu        ] GC(16) User=0.06s Sys=0.00s Real=0.01s
[2023-02-09T10:18:30.817+0000][7.608s][info ][safepoint     ] Leaving safepoint region
[2023-02-09T10:18:30.817+0000][7.608s][info ][safepoint     ] Total time for which application threads were stopped: 0.0071491 seconds, Stopping threads took: 0.0001721 seconds
[2023-02-09T10:18:30.817+0000][7.608s][info ][gc,marking    ] GC(16) Concurrent Rebuild Remembered Sets
[2023-02-09T10:18:30.822+0000][7.613s][info ][gc,marking    ] GC(16) Concurrent Rebuild Remembered Sets 4.527ms
[2023-02-09T10:18:30.822+0000][7.613s][debug][safepoint     ] Safepoint synchronization initiated. (16 threads)
[2023-02-09T10:18:30.822+0000][7.614s][info ][safepoint     ] Application time: 0.0052690 seconds
[2023-02-09T10:18:30.823+0000][7.614s][debug][safepoint     ] Waiting for 1 thread(s) to block
[2023-02-09T10:18:30.823+0000][7.614s][info ][safepoint     ] Entering safepoint region: CGC_Operation
[2023-02-09T10:18:30.823+0000][7.614s][info ][gc,start      ] GC(16) Pause Cleanup
[2023-02-09T10:18:30.824+0000][7.615s][info ][gc            ] GC(16) Pause Cleanup 30M->30M(336M) 0.358ms
[2023-02-09T10:18:30.824+0000][7.615s][info ][gc,cpu        ] GC(16) User=0.00s Sys=0.00s Real=0.00s
[2023-02-09T10:18:30.824+0000][7.615s][info ][safepoint     ] Leaving safepoint region
[2023-02-09T10:18:30.824+0000][7.615s][info ][safepoint     ] Total time for which application threads were stopped: 0.0015258 seconds, Stopping threads took: 0.0003651 seconds
[2023-02-09T10:18:30.824+0000][7.615s][info ][gc,marking    ] GC(16) Concurrent Cleanup for Next Mark
[2023-02-09T10:18:30.828+0000][7.619s][info ][gc,marking    ] GC(16) Concurrent Cleanup for Next Mark 3.965ms
[2023-02-09T10:18:30.829+0000][7.620s][info ][gc            ] GC(16) Concurrent Cycle 36.345ms
[2023-02-09T10:18:30.883+0000][7.674s][debug][safepoint     ] Safepoint synchronization initiated. (16 threads)
[2023-02-09T10:18:30.883+0000][7.674s][info ][safepoint     ] Application time: 0.0586508 seconds
[2023-02-09T10:18:30.883+0000][7.674s][info ][safepoint     ] Entering safepoint region: Deoptimize
[2023-02-09T10:18:30.884+0000][7.675s][info ][safepoint     ] Leaving safepoint region
[2023-02-09T10:18:30.884+0000][7.675s][info ][safepoint     ] Total time for which application threads were stopped: 0.0011576 seconds, Stopping threads took: 0.0001934 seconds
[2023-02-09T10:18:31.204+0000][7.995s][debug][safepoint     ] Safepoint synchronization initiated. (16 threads)
[2023-02-09T10:18:31.204+0000][7.995s][info ][safepoint     ] Application time: 0.3194149 seconds
[2023-02-09T10:18:31.204+0000][7.995s][info ][safepoint     ] Entering safepoint region: Deoptimize
[2023-02-09T10:18:31.205+0000][7.996s][info ][safepoint     ] Leaving safepoint region
[2023-02-09T10:18:31.206+0000][7.997s][info ][safepoint     ] Total time for which application threads were stopped: 0.0013533 seconds, Stopping threads took: 0.0002007 seconds
[2023-02-09T10:18:31.493+0000][8.284s][debug][safepoint     ] Safepoint synchronization initiated. (17 threads)
[2023-02-09T10:18:31.494+0000][8.285s][info ][safepoint     ] Application time: 0.2881860 seconds
[2023-02-09T10:18:31.494+0000][8.285s][info ][safepoint     ] Entering safepoint region: G1CollectForAllocation
[2023-02-09T10:18:31.495+0000][8.286s][info ][gc,start      ] GC(17) Pause Young (Normal) (G1 Evacuation Pause)
[2023-02-09T10:18:31.495+0000][8.286s][info ][gc,task       ] GC(17) Using 8 workers of 13 for evacuation
[2023-02-09T10:18:31.505+0000][8.296s][info ][gc,phases     ] GC(17)   Pre Evacuate Collection Set: 0.0ms
[2023-02-09T10:18:31.505+0000][8.296s][info ][gc,phases     ] GC(17)   Evacuate Collection Set: 6.4ms
[2023-02-09T10:18:31.506+0000][8.297s][info ][gc,phases     ] GC(17)   Post Evacuate Collection Set: 2.6ms
[2023-02-09T10:18:31.506+0000][8.297s][info ][gc,phases     ] GC(17)   Other: 1.1ms
[2023-02-09T10:18:31.506+0000][8.297s][info ][gc,heap       ] GC(17) Eden regions: 189->0(188)
[2023-02-09T10:18:31.506+0000][8.297s][info ][gc,heap       ] GC(17) Survivor regions: 12->13(26)
[2023-02-09T10:18:31.506+0000][8.297s][info ][gc,heap       ] GC(17) Old regions: 17->17
[2023-02-09T10:18:31.507+0000][8.298s][info ][gc,heap       ] GC(17) Humongous regions: 0->0
[2023-02-09T10:18:31.507+0000][8.298s][info ][gc,metaspace  ] GC(17) Metaspace: 37450K->37450K(1083392K)
[2023-02-09T10:18:31.507+0000][8.298s][info ][gc            ] GC(17) Pause Young (Normal) (G1 Evacuation Pause) 216M->28M(336M) 12.226ms
[2023-02-09T10:18:31.507+0000][8.298s][info ][gc,cpu        ] GC(17) User=0.10s Sys=0.03s Real=0.02s
[2023-02-09T10:18:31.507+0000][8.299s][info ][safepoint     ] Leaving safepoint region
[2023-02-09T10:18:31.508+0000][8.299s][info ][safepoint     ] Total time for which application threads were stopped: 0.0134820 seconds, Stopping threads took: 0.0001991 seconds
[2023-02-09T10:18:31.508+0000][8.299s][info ][gc,stringdedup] Concurrent String Deduplication (8.299s)
[2023-02-09T10:18:31.510+0000][8.301s][info ][gc,stringdedup] Concurrent String Deduplication 249.0K->116.4K(132.6K) avg 41.3% (8.299s, 8.301s) 1.851ms
[2023-02-09T10:18:31.737+0000][8.528s][debug][safepoint     ] Safepoint synchronization initiated. (17 threads)
[2023-02-09T10:18:31.737+0000][8.529s][info ][safepoint     ] Application time: 0.2295779 seconds
[2023-02-09T10:18:31.738+0000][8.529s][info ][safepoint     ] Entering safepoint region: Deoptimize
[2023-02-09T10:18:31.739+0000][8.530s][info ][safepoint     ] Leaving safepoint region
[2023-02-09T10:18:31.739+0000][8.530s][info ][safepoint     ] Total time for which application threads were stopped: 0.0016046 seconds, Stopping threads took: 0.0002554 seconds
[2023-02-09T10:18:32.364+0000][9.155s][debug][safepoint     ] Safepoint synchronization initiated. (17 threads)
[2023-02-09T10:18:32.364+0000][9.155s][info ][safepoint     ] Application time: 0.6245846 seconds
[2023-02-09T10:18:32.364+0000][9.156s][info ][safepoint     ] Entering safepoint region: G1CollectForAllocation
[2023-02-09T10:18:32.365+0000][9.156s][info ][gc,start      ] GC(18) Pause Young (Normal) (G1 Evacuation Pause)
[2023-02-09T10:18:32.366+0000][9.157s][info ][gc,task       ] GC(18) Using 8 workers of 13 for evacuation
[2023-02-09T10:18:32.378+0000][9.169s][info ][gc,phases     ] GC(18)   Pre Evacuate Collection Set: 0.0ms
[2023-02-09T10:18:32.378+0000][9.169s][info ][gc,phases     ] GC(18)   Evacuate Collection Set: 10.2ms
[2023-02-09T10:18:32.378+0000][9.169s][info ][gc,phases     ] GC(18)   Post Evacuate Collection Set: 1.7ms
[2023-02-09T10:18:32.378+0000][9.169s][info ][gc,phases     ] GC(18)   Other: 0.7ms
[2023-02-09T10:18:32.379+0000][9.170s][info ][gc,heap       ] GC(18) Eden regions: 188->0(189)
[2023-02-09T10:18:32.379+0000][9.170s][info ][gc,heap       ] GC(18) Survivor regions: 13->12(26)
[2023-02-09T10:18:32.379+0000][9.170s][info ][gc,heap       ] GC(18) Old regions: 17->20
[2023-02-09T10:18:32.379+0000][9.170s][info ][gc,heap       ] GC(18) Humongous regions: 0->0
[2023-02-09T10:18:32.379+0000][9.170s][info ][gc,metaspace  ] GC(18) Metaspace: 39937K->39937K(1085440K)
[2023-02-09T10:18:32.379+0000][9.170s][info ][gc            ] GC(18) Pause Young (Normal) (G1 Evacuation Pause) 216M->29M(336M) 14.143ms
[2023-02-09T10:18:32.379+0000][9.171s][info ][gc,cpu        ] GC(18) User=0.09s Sys=0.02s Real=0.02s
[2023-02-09T10:18:32.380+0000][9.171s][info ][safepoint     ] Leaving safepoint region
[2023-02-09T10:18:32.380+0000][9.171s][info ][safepoint     ] Total time for which application threads were stopped: 0.0152301 seconds, Stopping threads took: 0.0004403 seconds
[2023-02-09T10:18:32.380+0000][9.171s][info ][gc,stringdedup] Concurrent String Deduplication (9.171s)
[2023-02-09T10:18:32.381+0000][9.172s][info ][gc,stringdedup] Concurrent String Deduplication 88088.0B->29192.0B(58896.0B) avg 41.5% (9.171s, 9.172s) 0.785ms
[2023-02-09T10:18:32.433+0000][9.224s][debug][safepoint     ] Safepoint synchronization initiated. (16 threads)
[2023-02-09T10:18:32.433+0000][9.224s][info ][safepoint     ] Application time: 0.0534549 seconds
[2023-02-09T10:18:32.433+0000][9.225s][info ][safepoint     ] Entering safepoint region: Deoptimize
[2023-02-09T10:18:32.434+0000][9.226s][info ][safepoint     ] Leaving safepoint region
[2023-02-09T10:18:32.435+0000][9.226s][info ][safepoint     ] Total time for which application threads were stopped: 0.0013319 seconds, Stopping threads took: 0.0001646 seconds
[2023-02-09T10:18:32.447+0000][9.239s][debug][safepoint     ] Safepoint synchronization initiated. (16 threads)
[2023-02-09T10:18:32.448+0000][9.239s][info ][safepoint     ] Application time: 0.0129874 seconds
[2023-02-09T10:18:32.448+0000][9.239s][info ][safepoint     ] Entering safepoint region: Deoptimize
[2023-02-09T10:18:32.449+0000][9.240s][info ][safepoint     ] Leaving safepoint region
[2023-02-09T10:18:32.450+0000][9.241s][info ][safepoint     ] Total time for which application threads were stopped: 0.0014573 seconds, Stopping threads took: 0.0002918 seconds
[2023-02-09T10:18:32.467+0000][9.258s][debug][safepoint     ] Safepoint synchronization initiated. (16 threads)
[2023-02-09T10:18:32.467+0000][9.258s][info ][safepoint     ] Application time: 0.0175131 seconds
[2023-02-09T10:18:32.468+0000][9.259s][info ][safepoint     ] Entering safepoint region: Deoptimize
[2023-02-09T10:18:32.469+0000][9.260s][info ][safepoint     ] Leaving safepoint region
[2023-02-09T10:18:32.469+0000][9.260s][info ][safepoint     ] Total time for which application threads were stopped: 0.0016761 seconds, Stopping threads took: 0.0002547 seconds
[2023-02-09T10:18:32.758+0000][9.549s][debug][safepoint     ] Safepoint synchronization initiated. (16 threads)
[2023-02-09T10:18:32.759+0000][9.550s][info ][safepoint     ] Application time: 0.2890578 seconds
[2023-02-09T10:18:32.759+0000][9.550s][info ][safepoint     ] Entering safepoint region: Deoptimize
[2023-02-09T10:18:32.760+0000][9.551s][info ][safepoint     ] Leaving safepoint region
[2023-02-09T10:18:32.760+0000][9.552s][info ][safepoint     ] Total time for which application threads were stopped: 0.0016967 seconds, Stopping threads took: 0.0002071 seconds
[2023-02-09T10:18:32.762+0000][9.553s][debug][safepoint     ] Safepoint synchronization initiated. (16 threads)
[2023-02-09T10:18:32.762+0000][9.554s][info ][safepoint     ] Application time: 0.0017543 seconds
[2023-02-09T10:18:32.763+0000][9.554s][info ][safepoint     ] Entering safepoint region: Deoptimize
[2023-02-09T10:18:32.764+0000][9.555s][info ][safepoint     ] Leaving safepoint region
[2023-02-09T10:18:32.764+0000][9.555s][info ][safepoint     ] Total time for which application threads were stopped: 0.0015199 seconds, Stopping threads took: 0.0002282 seconds
[2023-02-09T10:18:32.890+0000][9.681s][debug][safepoint     ] Safepoint synchronization initiated. (18 threads)
[2023-02-09T10:18:32.890+0000][9.681s][info ][safepoint     ] Application time: 0.1257705 seconds
[2023-02-09T10:18:32.891+0000][9.682s][info ][safepoint     ] Entering safepoint region: Deoptimize
[2023-02-09T10:18:32.892+0000][9.683s][info ][safepoint     ] Leaving safepoint region
[2023-02-09T10:18:32.893+0000][9.685s][info ][safepoint     ] Total time for which application threads were stopped: 0.0029112 seconds, Stopping threads took: 0.0002607 seconds
[2023-02-09T10:18:32.898+0000][9.689s][debug][safepoint     ] Safepoint synchronization initiated. (18 threads)
[2023-02-09T10:18:32.899+0000][9.690s][info ][safepoint     ] Application time: 0.0028701 seconds
[2023-02-09T10:18:32.899+0000][9.690s][info ][safepoint     ] Entering safepoint region: Deoptimize
[2023-02-09T10:18:32.900+0000][9.691s][info ][safepoint     ] Leaving safepoint region
[2023-02-09T10:18:32.901+0000][9.692s][info ][safepoint     ] Total time for which application threads were stopped: 0.0018337 seconds, Stopping threads took: 0.0002355 seconds
[2023-02-09T10:18:33.258+0000][10.049s][debug][safepoint     ] Safepoint synchronization initiated. (18 threads)
[2023-02-09T10:18:33.259+0000][10.050s][info ][safepoint     ] Application time: 0.3577155 seconds
[2023-02-09T10:18:33.260+0000][10.051s][info ][safepoint     ] Entering safepoint region: Deoptimize
[2023-02-09T10:18:33.262+0000][10.054s][info ][safepoint     ] Leaving safepoint region
[2023-02-09T10:18:33.263+0000][10.054s][info ][safepoint     ] Total time for which application threads were stopped: 0.0031510 seconds, Stopping threads took: 0.0005218 seconds
[2023-02-09T10:18:33.265+0000][10.056s][debug][safepoint     ] Safepoint synchronization initiated. (18 threads)
[2023-02-09T10:18:33.266+0000][10.057s][info ][safepoint     ] Application time: 0.0021478 seconds
[2023-02-09T10:18:33.266+0000][10.058s][info ][safepoint     ] Entering safepoint region: Deoptimize
[2023-02-09T10:18:33.269+0000][10.060s][info ][safepoint     ] Leaving safepoint region
[2023-02-09T10:18:33.269+0000][10.060s][info ][safepoint     ] Total time for which application threads were stopped: 0.0028777 seconds, Stopping threads took: 0.0006012 seconds
[2023-02-09T10:18:33.601+0000][10.392s][debug][safepoint     ] Safepoint synchronization initiated. (19 threads)
[2023-02-09T10:18:33.602+0000][10.393s][info ][safepoint     ] Application time: 0.3318898 seconds
[2023-02-09T10:18:33.602+0000][10.393s][info ][safepoint     ] Entering safepoint region: Deoptimize
[2023-02-09T10:18:33.603+0000][10.395s][info ][safepoint     ] Leaving safepoint region
[2023-02-09T10:18:33.604+0000][10.395s][info ][safepoint     ] Total time for which application threads were stopped: 0.0020084 seconds, Stopping threads took: 0.0001607 seconds
[2023-02-09T10:18:33.721+0000][10.512s][debug][safepoint     ] Safepoint synchronization initiated. (19 threads)
[2023-02-09T10:18:33.721+0000][10.513s][info ][safepoint     ] Application time: 0.1172426 seconds
[2023-02-09T10:18:33.722+0000][10.513s][info ][safepoint     ] Entering safepoint region: G1CollectForAllocation
[2023-02-09T10:18:33.722+0000][10.513s][info ][gc,start      ] GC(19) Pause Young (Normal) (G1 Evacuation Pause)
[2023-02-09T10:18:33.722+0000][10.513s][info ][gc,task       ] GC(19) Using 8 workers of 13 for evacuation
[2023-02-09T10:18:33.736+0000][10.527s][info ][gc,phases     ] GC(19)   Pre Evacuate Collection Set: 0.0ms
[2023-02-09T10:18:33.736+0000][10.527s][info ][gc,phases     ] GC(19)   Evacuate Collection Set: 10.5ms
[2023-02-09T10:18:33.736+0000][10.527s][info ][gc,phases     ] GC(19)   Post Evacuate Collection Set: 2.6ms
[2023-02-09T10:18:33.736+0000][10.527s][info ][gc,phases     ] GC(19)   Other: 0.5ms
[2023-02-09T10:18:33.737+0000][10.528s][info ][gc,heap       ] GC(19) Eden regions: 189->0(188)
[2023-02-09T10:18:33.737+0000][10.528s][info ][gc,heap       ] GC(19) Survivor regions: 12->13(26)
[2023-02-09T10:18:33.737+0000][10.528s][info ][gc,heap       ] GC(19) Old regions: 20->22
[2023-02-09T10:18:33.737+0000][10.528s][info ][gc,heap       ] GC(19) Humongous regions: 0->0
[2023-02-09T10:18:33.737+0000][10.528s][info ][gc,metaspace  ] GC(19) Metaspace: 45934K->45934K(1091584K)
[2023-02-09T10:18:33.737+0000][10.528s][info ][gc            ] GC(19) Pause Young (Normal) (G1 Evacuation Pause) 218M->32M(336M) 15.308ms
[2023-02-09T10:18:33.738+0000][10.529s][info ][gc,cpu        ] GC(19) User=0.18s Sys=0.02s Real=0.02s
[2023-02-09T10:18:33.738+0000][10.529s][info ][safepoint     ] Leaving safepoint region
[2023-02-09T10:18:33.738+0000][10.529s][info ][safepoint     ] Total time for which application threads were stopped: 0.0162496 seconds, Stopping threads took: 0.0001824 seconds
[2023-02-09T10:18:33.738+0000][10.529s][info ][gc,stringdedup] Concurrent String Deduplication (10.529s)
[2023-02-09T10:18:33.741+0000][10.532s][info ][gc,stringdedup] Concurrent String Deduplication 244.6K->61632.0B(184.5K) avg 42.6% (10.529s, 10.532s) 2.405ms
[2023-02-09T10:18:33.834+0000][10.626s][debug][safepoint     ] Safepoint synchronization initiated. (20 threads)
[2023-02-09T10:18:33.835+0000][10.626s][info ][safepoint     ] Application time: 0.0968342 seconds
[2023-02-09T10:18:33.835+0000][10.626s][debug][safepoint     ] Waiting for 1 thread(s) to block
[2023-02-09T10:18:33.835+0000][10.626s][info ][safepoint     ] Entering safepoint region: Deoptimize
[2023-02-09T10:18:33.836+0000][10.627s][info ][safepoint     ] Leaving safepoint region
[2023-02-09T10:18:33.837+0000][10.628s][info ][safepoint     ] Total time for which application threads were stopped: 0.0016470 seconds, Stopping threads took: 0.0004182 seconds
[2023-02-09T10:18:34.441+0000][11.232s][debug][safepoint     ] Safepoint synchronization initiated. (20 threads)
[2023-02-09T10:18:34.441+0000][11.232s][info ][safepoint     ] Application time: 0.6043300 seconds
[2023-02-09T10:18:34.441+0000][11.233s][info ][safepoint     ] Entering safepoint region: Deoptimize
[2023-02-09T10:18:34.443+0000][11.234s][info ][safepoint     ] Leaving safepoint region
[2023-02-09T10:18:34.444+0000][11.235s][info ][safepoint     ] Total time for which application threads were stopped: 0.0025148 seconds, Stopping threads took: 0.0001638 seconds
[2023-02-09T10:18:34.577+0000][11.368s][debug][safepoint     ] Safepoint synchronization initiated. (20 threads)
[2023-02-09T10:18:34.578+0000][11.369s][info ][safepoint     ] Application time: 0.1332425 seconds
[2023-02-09T10:18:34.578+0000][11.369s][info ][safepoint     ] Entering safepoint region: Deoptimize
[2023-02-09T10:18:34.579+0000][11.370s][info ][safepoint     ] Leaving safepoint region
[2023-02-09T10:18:34.580+0000][11.371s][info ][safepoint     ] Total time for which application threads were stopped: 0.0018902 seconds, Stopping threads took: 0.0002066 seconds
[2023-02-09T10:18:34.909+0000][11.700s][debug][safepoint     ] Safepoint synchronization initiated. (20 threads)
[2023-02-09T10:18:34.909+0000][11.700s][info ][safepoint     ] Application time: 0.3291454 seconds
[2023-02-09T10:18:34.910+0000][11.701s][info ][safepoint     ] Entering safepoint region: ICBufferFull
[2023-02-09T10:18:34.910+0000][11.701s][info ][safepoint     ] Leaving safepoint region
[2023-02-09T10:18:34.911+0000][11.702s][info ][safepoint     ] Total time for which application threads were stopped: 0.0011026 seconds, Stopping threads took: 0.0003058 seconds
[2023-02-09T10:18:35.090+0000][11.881s][debug][safepoint     ] Safepoint synchronization initiated. (20 threads)
[2023-02-09T10:18:35.091+0000][11.882s][info ][safepoint     ] Application time: 0.1798755 seconds
[2023-02-09T10:18:35.091+0000][11.882s][info ][safepoint     ] Entering safepoint region: ICBufferFull
[2023-02-09T10:18:35.092+0000][11.883s][info ][safepoint     ] Leaving safepoint region
[2023-02-09T10:18:35.092+0000][11.883s][info ][safepoint     ] Total time for which application threads were stopped: 0.0012651 seconds, Stopping threads took: 0.0002626 seconds
[2023-02-09T10:18:35.297+0000][12.088s][debug][safepoint     ] Safepoint synchronization initiated. (20 threads)
[2023-02-09T10:18:35.297+0000][12.088s][info ][safepoint     ] Application time: 0.2044412 seconds
[2023-02-09T10:18:35.297+0000][12.088s][info ][safepoint     ] Entering safepoint region: G1CollectForAllocation
[2023-02-09T10:18:35.298+0000][12.089s][info ][gc,start      ] GC(20) Pause Young (Normal) (G1 Evacuation Pause)
[2023-02-09T10:18:35.298+0000][12.089s][info ][gc,task       ] GC(20) Using 8 workers of 13 for evacuation
[2023-02-09T10:18:35.311+0000][12.102s][info ][gc,phases     ] GC(20)   Pre Evacuate Collection Set: 0.0ms
[2023-02-09T10:18:35.311+0000][12.102s][info ][gc,phases     ] GC(20)   Evacuate Collection Set: 9.1ms
[2023-02-09T10:18:35.311+0000][12.102s][info ][gc,phases     ] GC(20)   Post Evacuate Collection Set: 3.2ms
[2023-02-09T10:18:35.311+0000][12.102s][info ][gc,phases     ] GC(20)   Other: 0.7ms
[2023-02-09T10:18:35.312+0000][12.103s][info ][gc,heap       ] GC(20) Eden regions: 188->0(227)
[2023-02-09T10:18:35.312+0000][12.103s][info ][gc,heap       ] GC(20) Survivor regions: 13->15(26)
[2023-02-09T10:18:35.312+0000][12.103s][info ][gc,heap       ] GC(20) Old regions: 22->23
[2023-02-09T10:18:35.312+0000][12.103s][info ][gc,heap       ] GC(20) Humongous regions: 0->0
[2023-02-09T10:18:35.312+0000][12.103s][info ][gc,metaspace  ] GC(20) Metaspace: 51345K->51345K(1095680K)
[2023-02-09T10:18:35.312+0000][12.103s][info ][gc            ] GC(20) Pause Young (Normal) (G1 Evacuation Pause) 220M->36M(404M) 14.686ms
[2023-02-09T10:18:35.313+0000][12.104s][info ][gc,cpu        ] GC(20) User=0.14s Sys=0.00s Real=0.01s
[2023-02-09T10:18:35.313+0000][12.104s][info ][safepoint     ] Leaving safepoint region
[2023-02-09T10:18:35.313+0000][12.104s][info ][safepoint     ] Total time for which application threads were stopped: 0.0157396 seconds, Stopping threads took: 0.0002013 seconds
[2023-02-09T10:18:35.313+0000][12.104s][info ][gc,stringdedup] Concurrent String Deduplication (12.104s)
[2023-02-09T10:18:35.316+0000][12.107s][info ][gc,stringdedup] Concurrent String Deduplication 182.3K->85632.0B(101024.0B) avg 42.8% (12.104s, 12.107s) 3.055ms
[2023-02-09T10:18:35.875+0000][12.666s][debug][safepoint     ] Safepoint synchronization initiated. (14 threads)
[2023-02-09T10:18:35.875+0000][12.666s][info ][safepoint     ] Application time: 0.5623232 seconds
[2023-02-09T10:18:35.876+0000][12.667s][info ][safepoint     ] Entering safepoint region: G1CollectForAllocation
[2023-02-09T10:18:35.876+0000][12.667s][info ][gc,start      ] GC(21) Pause Young (Normal) (G1 Evacuation Pause)
[2023-02-09T10:18:35.876+0000][12.667s][info ][gc,task       ] GC(21) Using 9 workers of 13 for evacuation
[2023-02-09T10:18:35.891+0000][12.682s][info ][gc,phases     ] GC(21)   Pre Evacuate Collection Set: 0.0ms
[2023-02-09T10:18:35.891+0000][12.682s][info ][gc,phases     ] GC(21)   Evacuate Collection Set: 10.9ms
[2023-02-09T10:18:35.891+0000][12.682s][info ][gc,phases     ] GC(21)   Post Evacuate Collection Set: 3.3ms
[2023-02-09T10:18:35.891+0000][12.683s][info ][gc,phases     ] GC(21)   Other: 0.6ms
[2023-02-09T10:18:35.892+0000][12.683s][info ][gc,heap       ] GC(21) Eden regions: 227->0(227)
[2023-02-09T10:18:35.892+0000][12.683s][info ][gc,heap       ] GC(21) Survivor regions: 15->15(31)
[2023-02-09T10:18:35.892+0000][12.683s][info ][gc,heap       ] GC(21) Old regions: 23->24
[2023-02-09T10:18:35.892+0000][12.683s][info ][gc,heap       ] GC(21) Humongous regions: 0->0
[2023-02-09T10:18:35.892+0000][12.683s][info ][gc,metaspace  ] GC(21) Metaspace: 55171K->55171K(1097728K)
[2023-02-09T10:18:35.892+0000][12.683s][info ][gc            ] GC(21) Pause Young (Normal) (G1 Evacuation Pause) 263M->36M(404M) 16.420ms
[2023-02-09T10:18:35.892+0000][12.684s][info ][gc,cpu        ] GC(21) User=0.13s Sys=0.00s Real=0.01s
[2023-02-09T10:18:35.893+0000][12.684s][info ][safepoint     ] Leaving safepoint region
[2023-02-09T10:18:35.893+0000][12.684s][info ][safepoint     ] Total time for which application threads were stopped: 0.0171535 seconds, Stopping threads took: 0.0001274 seconds
[2023-02-09T10:18:35.893+0000][12.684s][info ][gc,stringdedup] Concurrent String Deduplication (12.684s)
[2023-02-09T10:18:35.896+0000][12.687s][info ][gc,stringdedup] Concurrent String Deduplication 205.0K->80784.0B(126.1K) avg 43.3% (12.684s, 12.687s) 2.710ms
[2023-02-09T10:18:35.932+0000][12.723s][debug][safepoint     ] Safepoint synchronization initiated. (14 threads)
[2023-02-09T10:18:35.932+0000][12.723s][info ][safepoint     ] Application time: 0.0389777 seconds
[2023-02-09T10:18:35.932+0000][12.723s][info ][safepoint     ] Entering safepoint region: Deoptimize
[2023-02-09T10:18:35.933+0000][12.724s][info ][safepoint     ] Leaving safepoint region
[2023-02-09T10:18:35.934+0000][12.725s][info ][safepoint     ] Total time for which application threads were stopped: 0.0017403 seconds, Stopping threads took: 0.0001381 seconds
[2023-02-09T10:18:36.215+0000][13.006s][debug][safepoint     ] Safepoint synchronization initiated. (16 threads)
[2023-02-09T10:18:36.215+0000][13.006s][info ][safepoint     ] Application time: 0.2810047 seconds
[2023-02-09T10:18:36.215+0000][13.006s][info ][safepoint     ] Entering safepoint region: CollectForMetadataAllocation
[2023-02-09T10:18:36.216+0000][13.007s][info ][gc,start      ] GC(22) Pause Young (Concurrent Start) (Metadata GC Threshold)
[2023-02-09T10:18:36.216+0000][13.007s][info ][gc,task       ] GC(22) Using 9 workers of 13 for evacuation
[2023-02-09T10:18:36.229+0000][13.020s][info ][gc,phases     ] GC(22)   Pre Evacuate Collection Set: 0.2ms
[2023-02-09T10:18:36.229+0000][13.020s][info ][gc,phases     ] GC(22)   Evacuate Collection Set: 10.0ms
[2023-02-09T10:18:36.229+0000][13.020s][info ][gc,phases     ] GC(22)   Post Evacuate Collection Set: 2.3ms
[2023-02-09T10:18:36.229+0000][13.021s][info ][gc,phases     ] GC(22)   Other: 0.7ms
[2023-02-09T10:18:36.230+0000][13.021s][info ][gc,heap       ] GC(22) Eden regions: 84->0(226)
[2023-02-09T10:18:36.230+0000][13.021s][info ][gc,heap       ] GC(22) Survivor regions: 15->16(31)
[2023-02-09T10:18:36.230+0000][13.021s][info ][gc,heap       ] GC(22) Old regions: 24->24
[2023-02-09T10:18:36.230+0000][13.021s][info ][gc,heap       ] GC(22) Humongous regions: 0->0
[2023-02-09T10:18:36.230+0000][13.021s][info ][gc,metaspace  ] GC(22) Metaspace: 58614K->58614K(1101824K)
[2023-02-09T10:18:36.231+0000][13.022s][info ][gc            ] GC(22) Pause Young (Concurrent Start) (Metadata GC Threshold) 119M->37M(404M) 15.056ms
[2023-02-09T10:18:36.231+0000][13.022s][info ][gc,cpu        ] GC(22) User=0.07s Sys=0.01s Real=0.02s
[2023-02-09T10:18:36.231+0000][13.022s][info ][gc            ] GC(23) Concurrent Cycle
[2023-02-09T10:18:36.231+0000][13.022s][info ][safepoint     ] Leaving safepoint region
[2023-02-09T10:18:36.231+0000][13.022s][info ][gc,marking    ] GC(23) Concurrent Clear Claimed Marks
[2023-02-09T10:18:36.232+0000][13.023s][info ][safepoint     ] Total time for which application threads were stopped: 0.0165427 seconds, Stopping threads took: 0.0001488 seconds
[2023-02-09T10:18:36.232+0000][13.023s][info ][gc,marking    ] GC(23) Concurrent Clear Claimed Marks 0.615ms
[2023-02-09T10:18:36.232+0000][13.023s][info ][gc,stringdedup] Concurrent String Deduplication (13.023s)
[2023-02-09T10:18:36.232+0000][13.023s][info ][gc,marking    ] GC(23) Concurrent Scan Root Regions
[2023-02-09T10:18:36.236+0000][13.027s][info ][gc,stringdedup] Concurrent String Deduplication 324.8K->140.3K(184.5K) avg 43.8% (13.023s, 13.027s) 4.101ms
[2023-02-09T10:18:36.238+0000][13.029s][info ][gc,marking    ] GC(23) Concurrent Scan Root Regions 5.698ms
[2023-02-09T10:18:36.238+0000][13.029s][info ][gc,marking    ] GC(23) Concurrent Mark (13.029s)
[2023-02-09T10:18:36.238+0000][13.029s][info ][gc,marking    ] GC(23) Concurrent Mark From Roots
[2023-02-09T10:18:36.239+0000][13.030s][info ][gc,task       ] GC(23) Using 3 workers of 3 for marking
[2023-02-09T10:18:36.251+0000][13.042s][info ][gc,marking    ] GC(23) Concurrent Mark From Roots 12.958ms
[2023-02-09T10:18:36.252+0000][13.043s][info ][gc,marking    ] GC(23) Concurrent Preclean
[2023-02-09T10:18:36.252+0000][13.043s][info ][gc,marking    ] GC(23) Concurrent Preclean 0.322ms
[2023-02-09T10:18:36.252+0000][13.043s][info ][gc,marking    ] GC(23) Concurrent Mark (13.029s, 13.043s) 13.926ms
[2023-02-09T10:18:36.252+0000][13.043s][debug][safepoint     ] Safepoint synchronization initiated. (16 threads)
[2023-02-09T10:18:36.253+0000][13.044s][info ][safepoint     ] Application time: 0.0206061 seconds
[2023-02-09T10:18:36.253+0000][13.044s][debug][safepoint     ] ... found polling page loop exception at pc = 0x00007f086850b967, stub =0x00007f086085ab00
[2023-02-09T10:18:36.253+0000][13.044s][debug][safepoint     ] Waiting for 1 thread(s) to block
[2023-02-09T10:18:36.253+0000][13.044s][info ][safepoint     ] Entering safepoint region: CGC_Operation
[2023-02-09T10:18:36.254+0000][13.045s][info ][gc,start      ] GC(23) Pause Remark
[2023-02-09T10:18:36.261+0000][13.052s][info ][gc,stringtable] GC(23) Cleaned string and symbol table, strings: 23427 processed, 3 removed, symbols: 187558 processed, 172 removed
[2023-02-09T10:18:36.262+0000][13.053s][info ][gc            ] GC(23) Pause Remark 42M->42M(404M) 8.233ms
[2023-02-09T10:18:36.262+0000][13.053s][info ][gc,cpu        ] GC(23) User=0.06s Sys=0.00s Real=0.01s
[2023-02-09T10:18:36.262+0000][13.053s][info ][safepoint     ] Leaving safepoint region
[2023-02-09T10:18:36.262+0000][13.053s][info ][safepoint     ] Total time for which application threads were stopped: 0.0096279 seconds, Stopping threads took: 0.0006496 seconds
[2023-02-09T10:18:36.263+0000][13.054s][info ][gc,marking    ] GC(23) Concurrent Rebuild Remembered Sets
[2023-02-09T10:18:36.270+0000][13.061s][info ][gc,marking    ] GC(23) Concurrent Rebuild Remembered Sets 7.609ms
[2023-02-09T10:18:36.271+0000][13.062s][debug][safepoint     ] Safepoint synchronization initiated. (16 threads)
[2023-02-09T10:18:36.271+0000][13.062s][info ][safepoint     ] Application time: 0.0082132 seconds
[2023-02-09T10:18:36.271+0000][13.062s][debug][safepoint     ] Waiting for 1 thread(s) to block
[2023-02-09T10:18:36.271+0000][13.062s][info ][safepoint     ] Entering safepoint region: CGC_Operation
[2023-02-09T10:18:36.272+0000][13.063s][info ][gc,start      ] GC(23) Pause Cleanup
[2023-02-09T10:18:36.272+0000][13.063s][info ][gc            ] GC(23) Pause Cleanup 43M->43M(404M) 0.440ms
[2023-02-09T10:18:36.272+0000][13.063s][info ][gc,cpu        ] GC(23) User=0.01s Sys=0.00s Real=0.00s
[2023-02-09T10:18:36.272+0000][13.063s][info ][safepoint     ] Leaving safepoint region
[2023-02-09T10:18:36.273+0000][13.064s][info ][safepoint     ] Total time for which application threads were stopped: 0.0016210 seconds, Stopping threads took: 0.0004293 seconds
[2023-02-09T10:18:36.273+0000][13.064s][info ][gc,marking    ] GC(23) Concurrent Cleanup for Next Mark
[2023-02-09T10:18:36.275+0000][13.066s][info ][gc,marking    ] GC(23) Concurrent Cleanup for Next Mark 2.644ms
[2023-02-09T10:18:36.276+0000][13.067s][info ][gc            ] GC(23) Concurrent Cycle 44.688ms
[2023-02-09T10:18:36.603+0000][13.394s][debug][safepoint     ] Safepoint synchronization initiated. (20 threads)
[2023-02-09T10:18:36.604+0000][13.395s][info ][safepoint     ] Application time: 0.3308868 seconds
[2023-02-09T10:18:36.604+0000][13.395s][info ][safepoint     ] Entering safepoint region: ICBufferFull
[2023-02-09T10:18:36.604+0000][13.395s][info ][safepoint     ] Leaving safepoint region
[2023-02-09T10:18:36.604+0000][13.396s][info ][safepoint     ] Total time for which application threads were stopped: 0.0007318 seconds, Stopping threads took: 0.0002034 seconds
[2023-02-09T10:18:36.729+0000][13.520s][debug][safepoint     ] Safepoint synchronization initiated. (20 threads)
[2023-02-09T10:18:36.729+0000][13.520s][info ][safepoint     ] Application time: 0.1246325 seconds
[2023-02-09T10:18:36.729+0000][13.520s][info ][safepoint     ] Entering safepoint region: Deoptimize
[2023-02-09T10:18:36.731+0000][13.522s][info ][safepoint     ] Leaving safepoint region
[2023-02-09T10:18:36.731+0000][13.522s][info ][safepoint     ] Total time for which application threads were stopped: 0.0016576 seconds, Stopping threads took: 0.0001313 seconds
[2023-02-09T10:18:36.773+0000][13.564s][debug][safepoint     ] Safepoint synchronization initiated. (20 threads)
[2023-02-09T10:18:36.773+0000][13.564s][info ][safepoint     ] Application time: 0.0419165 seconds
[2023-02-09T10:18:36.773+0000][13.564s][info ][safepoint     ] Entering safepoint region: Deoptimize
[2023-02-09T10:18:36.775+0000][13.566s][info ][safepoint     ] Leaving safepoint region
[2023-02-09T10:18:36.775+0000][13.566s][info ][safepoint     ] Total time for which application threads were stopped: 0.0017252 seconds, Stopping threads took: 0.0001433 seconds
[2023-02-09T10:18:37.072+0000][13.863s][debug][safepoint     ] Safepoint synchronization initiated. (18 threads)
[2023-02-09T10:18:37.072+0000][13.864s][info ][safepoint     ] Application time: 0.2972740 seconds
[2023-02-09T10:18:37.073+0000][13.864s][info ][safepoint     ] Entering safepoint region: ICBufferFull
[2023-02-09T10:18:37.075+0000][13.866s][info ][safepoint     ] Leaving safepoint region
[2023-02-09T10:18:37.075+0000][13.866s][info ][safepoint     ] Total time for which application threads were stopped: 0.0023661 seconds, Stopping threads took: 0.0002311 seconds
[2023-02-09T10:18:37.412+0000][14.203s][debug][safepoint     ] Safepoint synchronization initiated. (19 threads)
[2023-02-09T10:18:37.413+0000][14.204s][info ][safepoint     ] Application time: 0.3373299 seconds
[2023-02-09T10:18:37.413+0000][14.204s][info ][safepoint     ] Entering safepoint region: G1CollectForAllocation
[2023-02-09T10:18:37.414+0000][14.205s][info ][gc,start      ] GC(24) Pause Young (Normal) (G1 Evacuation Pause)
[2023-02-09T10:18:37.414+0000][14.205s][info ][gc,task       ] GC(24) Using 9 workers of 13 for evacuation
[2023-02-09T10:18:37.427+0000][14.218s][info ][gc,phases     ] GC(24)   Pre Evacuate Collection Set: 0.0ms
[2023-02-09T10:18:37.427+0000][14.218s][info ][gc,phases     ] GC(24)   Evacuate Collection Set: 9.5ms
[2023-02-09T10:18:37.427+0000][14.218s][info ][gc,phases     ] GC(24)   Post Evacuate Collection Set: 2.3ms
[2023-02-09T10:18:37.427+0000][14.219s][info ][gc,phases     ] GC(24)   Other: 0.9ms
[2023-02-09T10:18:37.428+0000][14.219s][info ][gc,heap       ] GC(24) Eden regions: 226->0(223)
[2023-02-09T10:18:37.428+0000][14.219s][info ][gc,heap       ] GC(24) Survivor regions: 16->19(31)
[2023-02-09T10:18:37.428+0000][14.219s][info ][gc,heap       ] GC(24) Old regions: 24->24
[2023-02-09T10:18:37.428+0000][14.219s][info ][gc,heap       ] GC(24) Humongous regions: 0->0
[2023-02-09T10:18:37.428+0000][14.219s][info ][gc,metaspace  ] GC(24) Metaspace: 64318K->64318K(1105920K)
[2023-02-09T10:18:37.429+0000][14.220s][info ][gc            ] GC(24) Pause Young (Normal) (G1 Evacuation Pause) 263M->41M(404M) 14.712ms
[2023-02-09T10:18:37.429+0000][14.220s][info ][gc,cpu        ] GC(24) User=0.11s Sys=0.01s Real=0.02s
[2023-02-09T10:18:37.429+0000][14.220s][info ][safepoint     ] Leaving safepoint region
[2023-02-09T10:18:37.429+0000][14.220s][info ][safepoint     ] Total time for which application threads were stopped: 0.0161519 seconds, Stopping threads took: 0.0004142 seconds
[2023-02-09T10:18:37.429+0000][14.221s][info ][gc,stringdedup] Concurrent String Deduplication (14.221s)
[2023-02-09T10:18:37.430+0000][14.221s][info ][gc,stringdedup] Concurrent String Deduplication 85344.0B->13744.0B(71600.0B) avg 44.2% (14.221s, 14.221s) 0.852ms
[2023-02-09T10:18:37.776+0000][14.568s][debug][safepoint     ] Safepoint synchronization initiated. (16 threads)
[2023-02-09T10:18:37.777+0000][14.568s][info ][safepoint     ] Application time: 0.3474827 seconds
[2023-02-09T10:18:37.777+0000][14.568s][debug][safepoint     ] Waiting for 1 thread(s) to block
[2023-02-09T10:18:37.778+0000][14.569s][info ][safepoint     ] Entering safepoint region: ICBufferFull
[2023-02-09T10:18:37.778+0000][14.569s][info ][safepoint     ] Leaving safepoint region
[2023-02-09T10:18:37.778+0000][14.570s][info ][safepoint     ] Total time for which application threads were stopped: 0.0012883 seconds, Stopping threads took: 0.0006632 seconds
[2023-02-09T10:18:37.881+0000][14.672s][debug][safepoint     ] Safepoint synchronization initiated. (18 threads)
[2023-02-09T10:18:37.882+0000][14.673s][info ][safepoint     ] Application time: 0.1029996 seconds
[2023-02-09T10:18:37.882+0000][14.673s][info ][safepoint     ] Entering safepoint region: ICBufferFull
[2023-02-09T10:18:37.882+0000][14.673s][info ][safepoint     ] Leaving safepoint region
[2023-02-09T10:18:37.883+0000][14.674s][info ][safepoint     ] Total time for which application threads were stopped: 0.0006788 seconds, Stopping threads took: 0.0001860 seconds
[2023-02-09T10:18:37.938+0000][14.730s][debug][safepoint     ] Safepoint synchronization initiated. (18 threads)
[2023-02-09T10:18:37.939+0000][14.730s][info ][safepoint     ] Application time: 0.0561019 seconds
[2023-02-09T10:18:37.939+0000][14.730s][debug][safepoint     ] Waiting for 1 thread(s) to block
[2023-02-09T10:18:37.939+0000][14.730s][info ][safepoint     ] Entering safepoint region: ICBufferFull
[2023-02-09T10:18:37.940+0000][14.731s][info ][safepoint     ] Leaving safepoint region
[2023-02-09T10:18:37.940+0000][14.731s][info ][safepoint     ] Total time for which application threads were stopped: 0.0007642 seconds, Stopping threads took: 0.0003839 seconds
[2023-02-09T10:18:38.005+0000][14.796s][debug][safepoint     ] Safepoint synchronization initiated. (18 threads)
[2023-02-09T10:18:38.006+0000][14.797s][info ][safepoint     ] Application time: 0.0657197 seconds
[2023-02-09T10:18:38.006+0000][14.797s][info ][safepoint     ] Entering safepoint region: ICBufferFull
[2023-02-09T10:18:38.006+0000][14.797s][info ][safepoint     ] Leaving safepoint region
[2023-02-09T10:18:38.006+0000][14.797s][info ][safepoint     ] Total time for which application threads were stopped: 0.0005565 seconds, Stopping threads took: 0.0001880 seconds
[2023-02-09T10:18:38.123+0000][14.914s][debug][safepoint     ] Safepoint synchronization initiated. (18 threads)
[2023-02-09T10:18:38.123+0000][14.914s][info ][safepoint     ] Application time: 0.1165097 seconds
[2023-02-09T10:18:38.123+0000][14.914s][debug][safepoint     ] Waiting for 1 thread(s) to block
[2023-02-09T10:18:38.123+0000][14.915s][info ][safepoint     ] Entering safepoint region: ICBufferFull
[2023-02-09T10:18:38.124+0000][14.915s][info ][safepoint     ] Leaving safepoint region
[2023-02-09T10:18:38.124+0000][14.915s][info ][safepoint     ] Total time for which application threads were stopped: 0.0009113 seconds, Stopping threads took: 0.0004744 seconds
[2023-02-09T10:18:38.343+0000][15.134s][debug][safepoint     ] Safepoint synchronization initiated. (19 threads)
[2023-02-09T10:18:38.343+0000][15.135s][info ][safepoint     ] Application time: 0.2192563 seconds
[2023-02-09T10:18:38.344+0000][15.135s][info ][safepoint     ] Entering safepoint region: G1CollectForAllocation
[2023-02-09T10:18:38.344+0000][15.135s][info ][gc,start      ] GC(25) Pause Young (Normal) (G1 Evacuation Pause)
[2023-02-09T10:18:38.344+0000][15.136s][info ][gc,task       ] GC(25) Using 9 workers of 13 for evacuation
[2023-02-09T10:18:38.363+0000][15.154s][info ][gc,phases     ] GC(25)   Pre Evacuate Collection Set: 0.0ms
[2023-02-09T10:18:38.363+0000][15.154s][info ][gc,phases     ] GC(25)   Evacuate Collection Set: 15.6ms
[2023-02-09T10:18:38.364+0000][15.155s][info ][gc,phases     ] GC(25)   Post Evacuate Collection Set: 2.7ms
[2023-02-09T10:18:38.364+0000][15.155s][info ][gc,phases     ] GC(25)   Other: 0.7ms
[2023-02-09T10:18:38.364+0000][15.155s][info ][gc,heap       ] GC(25) Eden regions: 223->0(223)
[2023-02-09T10:18:38.364+0000][15.155s][info ][gc,heap       ] GC(25) Survivor regions: 19->19(31)
[2023-02-09T10:18:38.364+0000][15.155s][info ][gc,heap       ] GC(25) Old regions: 24->26
[2023-02-09T10:18:38.364+0000][15.156s][info ][gc,heap       ] GC(25) Humongous regions: 0->0
[2023-02-09T10:18:38.365+0000][15.156s][info ][gc,metaspace  ] GC(25) Metaspace: 67810K->67810K(1110016K)
[2023-02-09T10:18:38.365+0000][15.156s][info ][gc            ] GC(25) Pause Young (Normal) (G1 Evacuation Pause) 264M->43M(404M) 20.798ms
[2023-02-09T10:18:38.365+0000][15.156s][info ][gc,cpu        ] GC(25) User=0.13s Sys=0.02s Real=0.02s
[2023-02-09T10:18:38.365+0000][15.156s][info ][safepoint     ] Leaving safepoint region
[2023-02-09T10:18:38.365+0000][15.156s][info ][safepoint     ] Total time for which application threads were stopped: 0.0216766 seconds, Stopping threads took: 0.0001378 seconds
[2023-02-09T10:18:38.365+0000][15.157s][info ][gc,stringdedup] Concurrent String Deduplication (15.157s)
[2023-02-09T10:18:38.367+0000][15.158s][info ][gc,stringdedup] Concurrent String Deduplication 89280.0B->44768.0B(44512.0B) avg 44.2% (15.157s, 15.158s) 1.354ms
[2023-02-09T10:18:38.571+0000][15.362s][debug][safepoint     ] Safepoint synchronization initiated. (18 threads)
[2023-02-09T10:18:38.571+0000][15.362s][info ][safepoint     ] Application time: 0.2056734 seconds
[2023-02-09T10:18:38.571+0000][15.362s][info ][safepoint     ] Entering safepoint region: Deoptimize
[2023-02-09T10:18:38.573+0000][15.364s][info ][safepoint     ] Leaving safepoint region
[2023-02-09T10:18:38.573+0000][15.364s][info ][safepoint     ] Total time for which application threads were stopped: 0.0018795 seconds, Stopping threads took: 0.0001850 seconds
[2023-02-09T10:18:38.575+0000][15.366s][debug][safepoint     ] Safepoint synchronization initiated. (18 threads)
[2023-02-09T10:18:38.575+0000][15.366s][info ][safepoint     ] Application time: 0.0015557 seconds
[2023-02-09T10:18:38.575+0000][15.366s][info ][safepoint     ] Entering safepoint region: Deoptimize
[2023-02-09T10:18:38.577+0000][15.368s][info ][safepoint     ] Leaving safepoint region
[2023-02-09T10:18:38.577+0000][15.368s][info ][safepoint     ] Total time for which application threads were stopped: 0.0019274 seconds, Stopping threads took: 0.0001947 seconds
[2023-02-09T10:18:38.900+0000][15.691s][debug][safepoint     ] Safepoint synchronization initiated. (19 threads)
[2023-02-09T10:18:38.900+0000][15.691s][info ][safepoint     ] Application time: 0.3229346 seconds
[2023-02-09T10:18:38.901+0000][15.692s][info ][safepoint     ] Entering safepoint region: Deoptimize
[2023-02-09T10:18:38.902+0000][15.693s][info ][safepoint     ] Leaving safepoint region
[2023-02-09T10:18:38.903+0000][15.694s][info ][safepoint     ] Total time for which application threads were stopped: 0.0022821 seconds, Stopping threads took: 0.0002797 seconds
[2023-02-09T10:18:39.088+0000][15.879s][debug][safepoint     ] Safepoint synchronization initiated. (19 threads)
[2023-02-09T10:18:39.088+0000][15.879s][info ][safepoint     ] Application time: 0.1850236 seconds
[2023-02-09T10:18:39.088+0000][15.879s][info ][safepoint     ] Entering safepoint region: Deoptimize
[2023-02-09T10:18:39.090+0000][15.881s][info ][safepoint     ] Leaving safepoint region
[2023-02-09T10:18:39.090+0000][15.881s][info ][safepoint     ] Total time for which application threads were stopped: 0.0017991 seconds, Stopping threads took: 0.0002144 seconds
[2023-02-09T10:18:39.230+0000][16.021s][debug][safepoint     ] Safepoint synchronization initiated. (19 threads)
[2023-02-09T10:18:39.230+0000][16.021s][info ][safepoint     ] Application time: 0.1398459 seconds
[2023-02-09T10:18:39.231+0000][16.022s][info ][safepoint     ] Entering safepoint region: Deoptimize
[2023-02-09T10:18:39.232+0000][16.023s][info ][safepoint     ] Leaving safepoint region
[2023-02-09T10:18:39.233+0000][16.024s][info ][safepoint     ] Total time for which application threads were stopped: 0.0027079 seconds, Stopping threads took: 0.0002879 seconds
[2023-02-09T10:18:39.401+0000][16.192s][debug][safepoint     ] Safepoint synchronization initiated. (19 threads)
[2023-02-09T10:18:39.401+0000][16.193s][info ][safepoint     ] Application time: 0.1680592 seconds
[2023-02-09T10:18:39.402+0000][16.193s][info ][safepoint     ] Entering safepoint region: ICBufferFull
[2023-02-09T10:18:39.402+0000][16.193s][info ][safepoint     ] Leaving safepoint region
[2023-02-09T10:18:39.402+0000][16.193s][info ][safepoint     ] Total time for which application threads were stopped: 0.0007005 seconds, Stopping threads took: 0.0002114 seconds
[2023-02-09T10:18:39.606+0000][16.397s][debug][safepoint     ] Safepoint synchronization initiated. (19 threads)
[2023-02-09T10:18:39.606+0000][16.397s][info ][safepoint     ] Application time: 0.2034380 seconds
[2023-02-09T10:18:39.606+0000][16.397s][info ][safepoint     ] Entering safepoint region: G1CollectForAllocation
[2023-02-09T10:18:39.607+0000][16.398s][info ][gc,start      ] GC(26) Pause Young (Normal) (G1 Evacuation Pause)
[2023-02-09T10:18:39.607+0000][16.398s][info ][gc,task       ] GC(26) Using 9 workers of 13 for evacuation
[2023-02-09T10:18:39.621+0000][16.412s][info ][gc,phases     ] GC(26)   Pre Evacuate Collection Set: 0.0ms
[2023-02-09T10:18:39.621+0000][16.412s][info ][gc,phases     ] GC(26)   Evacuate Collection Set: 10.5ms
[2023-02-09T10:18:39.621+0000][16.412s][info ][gc,phases     ] GC(26)   Post Evacuate Collection Set: 2.5ms
[2023-02-09T10:18:39.621+0000][16.412s][info ][gc,phases     ] GC(26)   Other: 0.6ms
[2023-02-09T10:18:39.621+0000][16.412s][info ][gc,heap       ] GC(26) Eden regions: 223->0(223)
[2023-02-09T10:18:39.621+0000][16.412s][info ][gc,heap       ] GC(26) Survivor regions: 19->19(31)
[2023-02-09T10:18:39.621+0000][16.413s][info ][gc,heap       ] GC(26) Old regions: 26->29
[2023-02-09T10:18:39.622+0000][16.413s][info ][gc,heap       ] GC(26) Humongous regions: 0->0
[2023-02-09T10:18:39.622+0000][16.413s][info ][gc,metaspace  ] GC(26) Metaspace: 73768K->73768K(1116160K)
[2023-02-09T10:18:39.622+0000][16.413s][info ][gc            ] GC(26) Pause Young (Normal) (G1 Evacuation Pause) 266M->45M(404M) 15.012ms
[2023-02-09T10:18:39.622+0000][16.413s][info ][gc,cpu        ] GC(26) User=0.14s Sys=0.00s Real=0.01s
[2023-02-09T10:18:39.622+0000][16.413s][info ][safepoint     ] Leaving safepoint region
[2023-02-09T10:18:39.622+0000][16.413s][info ][safepoint     ] Total time for which application threads were stopped: 0.0160091 seconds, Stopping threads took: 0.0002032 seconds
[2023-02-09T10:18:39.622+0000][16.414s][info ][gc,stringdedup] Concurrent String Deduplication (16.413s)
[2023-02-09T10:18:39.624+0000][16.416s][info ][gc,stringdedup] Concurrent String Deduplication 227.5K->50688.0B(178.0K) avg 45.1% (16.413s, 16.415s) 1.985ms
[2023-02-09T10:18:40.114+0000][16.905s][debug][safepoint     ] Safepoint synchronization initiated. (21 threads)
[2023-02-09T10:18:40.115+0000][16.906s][info ][safepoint     ] Application time: 0.4922008 seconds
[2023-02-09T10:18:40.115+0000][16.906s][info ][safepoint     ] Entering safepoint region: ICBufferFull
[2023-02-09T10:18:40.116+0000][16.907s][info ][safepoint     ] Leaving safepoint region
[2023-02-09T10:18:40.116+0000][16.907s][info ][safepoint     ] Total time for which application threads were stopped: 0.0010564 seconds, Stopping threads took: 0.0003185 seconds
[2023-02-09T10:18:40.259+0000][17.050s][debug][safepoint     ] Safepoint synchronization initiated. (21 threads)
[2023-02-09T10:18:40.260+0000][17.051s][info ][safepoint     ] Application time: 0.1437739 seconds
[2023-02-09T10:18:40.260+0000][17.051s][info ][safepoint     ] Entering safepoint region: ICBufferFull
[2023-02-09T10:18:40.261+0000][17.052s][info ][safepoint     ] Leaving safepoint region
[2023-02-09T10:18:40.261+0000][17.052s][info ][safepoint     ] Total time for which application threads were stopped: 0.0008082 seconds, Stopping threads took: 0.0003146 seconds
[2023-02-09T10:18:40.953+0000][17.744s][debug][safepoint     ] Safepoint synchronization initiated. (22 threads)
[2023-02-09T10:18:40.954+0000][17.745s][info ][safepoint     ] Application time: 0.6923615 seconds
[2023-02-09T10:18:40.954+0000][17.745s][info ][safepoint     ] Entering safepoint region: ICBufferFull
[2023-02-09T10:18:40.954+0000][17.746s][info ][safepoint     ] Leaving safepoint region
[2023-02-09T10:18:40.955+0000][17.746s][info ][safepoint     ] Total time for which application threads were stopped: 0.0009264 seconds, Stopping threads took: 0.0002390 seconds
[2023-02-09T10:18:40.993+0000][17.784s][debug][safepoint     ] Safepoint synchronization initiated. (22 threads)
[2023-02-09T10:18:40.994+0000][17.785s][info ][safepoint     ] Application time: 0.0386457 seconds
[2023-02-09T10:18:40.994+0000][17.785s][info ][safepoint     ] Entering safepoint region: G1CollectForAllocation
[2023-02-09T10:18:40.995+0000][17.786s][info ][gc,start      ] GC(27) Pause Young (Normal) (G1 Evacuation Pause)
[2023-02-09T10:18:40.995+0000][17.786s][info ][gc,task       ] GC(27) Using 9 workers of 13 for evacuation
[2023-02-09T10:18:41.010+0000][17.801s][info ][gc,phases     ] GC(27)   Pre Evacuate Collection Set: 0.0ms
[2023-02-09T10:18:41.010+0000][17.801s][info ][gc,phases     ] GC(27)   Evacuate Collection Set: 11.8ms
[2023-02-09T10:18:41.010+0000][17.801s][info ][gc,phases     ] GC(27)   Post Evacuate Collection Set: 2.8ms
[2023-02-09T10:18:41.011+0000][17.802s][info ][gc,phases     ] GC(27)   Other: 0.6ms
[2023-02-09T10:18:41.011+0000][17.802s][info ][gc,heap       ] GC(27) Eden regions: 223->0(220)
[2023-02-09T10:18:41.011+0000][17.802s][info ][gc,heap       ] GC(27) Survivor regions: 19->22(31)
[2023-02-09T10:18:41.011+0000][17.802s][info ][gc,heap       ] GC(27) Old regions: 29->30
[2023-02-09T10:18:41.011+0000][17.802s][info ][gc,heap       ] GC(27) Humongous regions: 0->0
[2023-02-09T10:18:41.011+0000][17.802s][info ][gc,metaspace  ] GC(27) Metaspace: 76277K->76277K(1118208K)
[2023-02-09T10:18:41.012+0000][17.803s][info ][gc            ] GC(27) Pause Young (Normal) (G1 Evacuation Pause) 268M->50M(404M) 16.929ms
[2023-02-09T10:18:41.012+0000][17.803s][info ][gc,cpu        ] GC(27) User=0.23s Sys=0.00s Real=0.02s
[2023-02-09T10:18:41.012+0000][17.803s][info ][safepoint     ] Leaving safepoint region
[2023-02-09T10:18:41.012+0000][17.803s][info ][safepoint     ] Total time for which application threads were stopped: 0.0181266 seconds, Stopping threads took: 0.0003456 seconds
[2023-02-09T10:18:41.012+0000][17.804s][info ][gc,stringdedup] Concurrent String Deduplication (17.804s)
[2023-02-09T10:18:41.015+0000][17.806s][info ][gc,stringdedup] Concurrent String Deduplication 206.8K->135.4K(73016.0B) avg 44.9% (17.804s, 17.806s) 2.770ms
[2023-02-09T10:18:41.370+0000][18.161s][debug][safepoint     ] Safepoint synchronization initiated. (22 threads)
[2023-02-09T10:18:41.371+0000][18.162s][info ][safepoint     ] Application time: 0.3581918 seconds
[2023-02-09T10:18:41.371+0000][18.162s][debug][safepoint     ] Waiting for 1 thread(s) to block
[2023-02-09T10:18:41.371+0000][18.162s][info ][safepoint     ] Entering safepoint region: ICBufferFull
[2023-02-09T10:18:41.372+0000][18.163s][info ][safepoint     ] Leaving safepoint region
[2023-02-09T10:18:41.372+0000][18.163s][info ][safepoint     ] Total time for which application threads were stopped: 0.0014222 seconds, Stopping threads took: 0.0006566 seconds
[2023-02-09T10:18:41.385+0000][18.176s][debug][safepoint     ] Safepoint synchronization initiated. (22 threads)
[2023-02-09T10:18:41.386+0000][18.177s][info ][safepoint     ] Application time: 0.0131342 seconds
[2023-02-09T10:18:41.386+0000][18.177s][info ][safepoint     ] Entering safepoint region: ICBufferFull
[2023-02-09T10:18:41.387+0000][18.178s][info ][safepoint     ] Leaving safepoint region
[2023-02-09T10:18:41.387+0000][18.178s][info ][safepoint     ] Total time for which application threads were stopped: 0.0010158 seconds, Stopping threads took: 0.0002901 seconds
[2023-02-09T10:18:41.766+0000][18.558s][debug][safepoint     ] Safepoint synchronization initiated. (21 threads)
[2023-02-09T10:18:41.767+0000][18.558s][info ][safepoint     ] Application time: 0.3796296 seconds
[2023-02-09T10:18:41.767+0000][18.558s][debug][safepoint     ] Waiting for 1 thread(s) to block
[2023-02-09T10:18:41.768+0000][18.559s][info ][safepoint     ] Entering safepoint region: ICBufferFull
[2023-02-09T10:18:41.768+0000][18.559s][info ][safepoint     ] Leaving safepoint region
[2023-02-09T10:18:41.768+0000][18.559s][info ][safepoint     ] Total time for which application threads were stopped: 0.0010574 seconds, Stopping threads took: 0.0004403 seconds
[2023-02-09T10:18:42.466+0000][19.257s][debug][safepoint     ] Safepoint synchronization initiated. (21 threads)
[2023-02-09T10:18:42.466+0000][19.257s][info ][safepoint     ] Application time: 0.6976407 seconds
[2023-02-09T10:18:42.466+0000][19.258s][info ][safepoint     ] Entering safepoint region: G1CollectForAllocation
[2023-02-09T10:18:42.467+0000][19.258s][info ][gc,start      ] GC(28) Pause Young (Normal) (G1 Evacuation Pause)
[2023-02-09T10:18:42.467+0000][19.258s][info ][gc,task       ] GC(28) Using 9 workers of 13 for evacuation
[2023-02-09T10:18:42.489+0000][19.280s][info ][gc,phases     ] GC(28)   Pre Evacuate Collection Set: 0.0ms
[2023-02-09T10:18:42.489+0000][19.280s][info ][gc,phases     ] GC(28)   Evacuate Collection Set: 18.2ms
[2023-02-09T10:18:42.489+0000][19.281s][info ][gc,phases     ] GC(28)   Post Evacuate Collection Set: 3.3ms
[2023-02-09T10:18:42.490+0000][19.281s][info ][gc,phases     ] GC(28)   Other: 0.6ms
[2023-02-09T10:18:42.490+0000][19.281s][info ][gc,heap       ] GC(28) Eden regions: 220->0(220)
[2023-02-09T10:18:42.490+0000][19.281s][info ][gc,heap       ] GC(28) Survivor regions: 22->22(31)
[2023-02-09T10:18:42.490+0000][19.281s][info ][gc,heap       ] GC(28) Old regions: 30->37
[2023-02-09T10:18:42.490+0000][19.281s][info ][gc,heap       ] GC(28) Humongous regions: 0->0
[2023-02-09T10:18:42.490+0000][19.281s][info ][gc,metaspace  ] GC(28) Metaspace: 78400K->78400K(1120256K)
[2023-02-09T10:18:42.490+0000][19.281s][info ][gc            ] GC(28) Pause Young (Normal) (G1 Evacuation Pause) 270M->56M(404M) 23.268ms
[2023-02-09T10:18:42.491+0000][19.282s][info ][gc,cpu        ] GC(28) User=0.20s Sys=0.00s Real=0.02s
[2023-02-09T10:18:42.491+0000][19.282s][info ][safepoint     ] Leaving safepoint region
[2023-02-09T10:18:42.491+0000][19.282s][info ][safepoint     ] Total time for which application threads were stopped: 0.0243075 seconds, Stopping threads took: 0.0002951 seconds
[2023-02-09T10:18:42.491+0000][19.282s][info ][gc,stringdedup] Concurrent String Deduplication (19.282s)
[2023-02-09T10:18:42.494+0000][19.285s][info ][gc,stringdedup] Concurrent String Deduplication 240.1K->83128.0B(159.0K) avg 45.4% (19.282s, 19.285s) 3.207ms
[2023-02-09T10:18:42.572+0000][19.364s][debug][safepoint     ] Safepoint synchronization initiated. (21 threads)
[2023-02-09T10:18:42.573+0000][19.364s][info ][safepoint     ] Application time: 0.0819011 seconds
[2023-02-09T10:18:42.573+0000][19.364s][info ][safepoint     ] Entering safepoint region: Deoptimize
[2023-02-09T10:18:42.575+0000][19.366s][info ][safepoint     ] Leaving safepoint region
[2023-02-09T10:18:42.576+0000][19.367s][info ][safepoint     ] Total time for which application threads were stopped: 0.0024992 seconds, Stopping threads took: 0.0003839 seconds
[2023-02-09T10:18:42.710+0000][19.501s][debug][safepoint     ] Safepoint synchronization initiated. (21 threads)
[2023-02-09T10:18:42.710+0000][19.501s][info ][safepoint     ] Application time: 0.1345198 seconds
[2023-02-09T10:18:42.711+0000][19.502s][info ][safepoint     ] Entering safepoint region: Deoptimize
[2023-02-09T10:18:42.712+0000][19.504s][info ][safepoint     ] Leaving safepoint region
[2023-02-09T10:18:42.713+0000][19.504s][info ][safepoint     ] Total time for which application threads were stopped: 0.0023447 seconds, Stopping threads took: 0.0001810 seconds
[2023-02-09T10:18:43.204+0000][19.995s][debug][safepoint     ] Safepoint synchronization initiated. (25 threads)
[2023-02-09T10:18:43.204+0000][19.996s][info ][safepoint     ] Application time: 0.4914037 seconds
[2023-02-09T10:18:43.205+0000][19.996s][info ][safepoint     ] Entering safepoint region: ICBufferFull
[2023-02-09T10:18:43.205+0000][19.996s][info ][safepoint     ] Leaving safepoint region
[2023-02-09T10:18:43.206+0000][19.997s][info ][safepoint     ] Total time for which application threads were stopped: 0.0009617 seconds, Stopping threads took: 0.0002174 seconds
[2023-02-09T10:18:43.665+0000][20.456s][debug][safepoint     ] Safepoint synchronization initiated. (25 threads)
[2023-02-09T10:18:43.666+0000][20.457s][info ][safepoint     ] Application time: 0.4599032 seconds
[2023-02-09T10:18:43.666+0000][20.457s][info ][safepoint     ] Entering safepoint region: Deoptimize
[2023-02-09T10:18:43.669+0000][20.460s][info ][safepoint     ] Leaving safepoint region
[2023-02-09T10:18:43.669+0000][20.460s][info ][safepoint     ] Total time for which application threads were stopped: 0.0028618 seconds, Stopping threads took: 0.0003269 seconds
[2023-02-09T10:18:43.785+0000][20.577s][debug][safepoint     ] Safepoint synchronization initiated. (26 threads)
[2023-02-09T10:18:43.786+0000][20.577s][info ][safepoint     ] Application time: 0.1165172 seconds
[2023-02-09T10:18:43.786+0000][20.577s][info ][safepoint     ] Entering safepoint region: Deoptimize
[2023-02-09T10:18:43.788+0000][20.579s][info ][safepoint     ] Leaving safepoint region
[2023-02-09T10:18:43.788+0000][20.579s][info ][safepoint     ] Total time for which application threads were stopped: 0.0021757 seconds, Stopping threads took: 0.0002613 seconds
[2023-02-09T10:18:44.054+0000][20.845s][debug][safepoint     ] Safepoint synchronization initiated. (26 threads)
[2023-02-09T10:18:44.054+0000][20.846s][info ][safepoint     ] Application time: 0.2657459 seconds
[2023-02-09T10:18:44.055+0000][20.846s][info ][safepoint     ] Entering safepoint region: G1CollectForAllocation
[2023-02-09T10:18:44.055+0000][20.846s][info ][gc,start      ] GC(29) Pause Young (Normal) (G1 Evacuation Pause)
[2023-02-09T10:18:44.055+0000][20.847s][info ][gc,task       ] GC(29) Using 10 workers of 13 for evacuation
[2023-02-09T10:18:44.076+0000][20.867s][info ][gc,phases     ] GC(29)   Pre Evacuate Collection Set: 0.0ms
[2023-02-09T10:18:44.077+0000][20.868s][info ][gc,phases     ] GC(29)   Evacuate Collection Set: 16.2ms
[2023-02-09T10:18:44.077+0000][20.868s][info ][gc,phases     ] GC(29)   Post Evacuate Collection Set: 4.2ms
[2023-02-09T10:18:44.077+0000][20.868s][info ][gc,phases     ] GC(29)   Other: 0.9ms
[2023-02-09T10:18:44.077+0000][20.868s][info ][gc,heap       ] GC(29) Eden regions: 220->0(221)
[2023-02-09T10:18:44.077+0000][20.869s][info ][gc,heap       ] GC(29) Survivor regions: 22->21(31)
[2023-02-09T10:18:44.078+0000][20.869s][info ][gc,heap       ] GC(29) Old regions: 37->42
[2023-02-09T10:18:44.078+0000][20.869s][info ][gc,heap       ] GC(29) Humongous regions: 0->0
[2023-02-09T10:18:44.078+0000][20.869s][info ][gc,metaspace  ] GC(29) Metaspace: 82713K->82713K(1124352K)
[2023-02-09T10:18:44.078+0000][20.869s][info ][gc            ] GC(29) Pause Young (Normal) (G1 Evacuation Pause) 276M->60M(404M) 23.093ms
[2023-02-09T10:18:44.078+0000][20.869s][info ][gc,cpu        ] GC(29) User=0.24s Sys=0.03s Real=0.03s
[2023-02-09T10:18:44.079+0000][20.870s][info ][safepoint     ] Leaving safepoint region
[2023-02-09T10:18:44.079+0000][20.870s][info ][safepoint     ] Total time for which application threads were stopped: 0.0241515 seconds, Stopping threads took: 0.0001753 seconds
[2023-02-09T10:18:44.079+0000][20.870s][info ][gc,stringdedup] Concurrent String Deduplication (20.870s)
[2023-02-09T10:18:44.083+0000][20.874s][info ][gc,stringdedup] Concurrent String Deduplication 498.2K->123.7K(374.6K) avg 46.9% (20.870s, 20.874s) 3.848ms
[2023-02-09T10:18:44.154+0000][20.945s][debug][safepoint     ] Safepoint synchronization initiated. (26 threads)
[2023-02-09T10:18:44.154+0000][20.945s][info ][safepoint     ] Application time: 0.0750203 seconds
[2023-02-09T10:18:44.154+0000][20.945s][info ][safepoint     ] Entering safepoint region: Deoptimize
[2023-02-09T10:18:44.157+0000][20.948s][info ][safepoint     ] Leaving safepoint region
[2023-02-09T10:18:44.157+0000][20.948s][info ][safepoint     ] Total time for which application threads were stopped: 0.0028077 seconds, Stopping threads took: 0.0002020 seconds
[2023-02-09T10:18:44.823+0000][21.614s][debug][safepoint     ] Safepoint synchronization initiated. (28 threads)
[2023-02-09T10:18:44.824+0000][21.615s][info ][safepoint     ] Application time: 0.6663934 seconds
[2023-02-09T10:18:44.824+0000][21.615s][info ][safepoint     ] Entering safepoint region: Deoptimize
[2023-02-09T10:18:44.830+0000][21.621s][info ][safepoint     ] Leaving safepoint region
[2023-02-09T10:18:44.831+0000][21.622s][info ][safepoint     ] Total time for which application threads were stopped: 0.0067346 seconds, Stopping threads took: 0.0006739 seconds
[2023-02-09T10:18:44.966+0000][21.757s][debug][safepoint     ] Safepoint synchronization initiated. (28 threads)
[2023-02-09T10:18:44.966+0000][21.757s][info ][safepoint     ] Application time: 0.1346500 seconds
[2023-02-09T10:18:44.966+0000][21.758s][info ][safepoint     ] Entering safepoint region: Deoptimize
[2023-02-09T10:18:44.969+0000][21.760s][info ][safepoint     ] Leaving safepoint region
[2023-02-09T10:18:44.969+0000][21.760s][info ][safepoint     ] Total time for which application threads were stopped: 0.0028041 seconds, Stopping threads took: 0.0002429 seconds
[2023-02-09T10:18:45.034+0000][21.825s][debug][safepoint     ] Safepoint synchronization initiated. (28 threads)
[2023-02-09T10:18:45.035+0000][21.826s][info ][safepoint     ] Application time: 0.0655201 seconds
[2023-02-09T10:18:45.035+0000][21.826s][info ][safepoint     ] Entering safepoint region: Deoptimize
[2023-02-09T10:18:45.038+0000][21.829s][info ][safepoint     ] Leaving safepoint region
[2023-02-09T10:18:45.038+0000][21.829s][info ][safepoint     ] Total time for which application threads were stopped: 0.0028544 seconds, Stopping threads took: 0.0001942 seconds
[2023-02-09T10:18:45.048+0000][21.839s][debug][safepoint     ] Safepoint synchronization initiated. (28 threads)
[2023-02-09T10:18:45.048+0000][21.839s][info ][safepoint     ] Application time: 0.0098822 seconds
[2023-02-09T10:18:45.049+0000][21.840s][info ][safepoint     ] Entering safepoint region: Deoptimize
[2023-02-09T10:18:45.051+0000][21.842s][info ][safepoint     ] Leaving safepoint region
[2023-02-09T10:18:45.052+0000][21.843s][info ][safepoint     ] Total time for which application threads were stopped: 0.0031652 seconds, Stopping threads took: 0.0003193 seconds
[2023-02-09T10:18:45.119+0000][21.910s][debug][safepoint     ] Safepoint synchronization initiated. (28 threads)
[2023-02-09T10:18:45.119+0000][21.910s][info ][safepoint     ] Application time: 0.0670390 seconds
[2023-02-09T10:18:45.119+0000][21.910s][info ][safepoint     ] Entering safepoint region: Deoptimize
[2023-02-09T10:18:45.122+0000][21.913s][info ][safepoint     ] Leaving safepoint region
[2023-02-09T10:18:45.123+0000][21.914s][info ][safepoint     ] Total time for which application threads were stopped: 0.0035402 seconds, Stopping threads took: 0.0001767 seconds
[2023-02-09T10:18:45.595+0000][22.386s][debug][safepoint     ] Safepoint synchronization initiated. (28 threads)
[2023-02-09T10:18:45.595+0000][22.386s][info ][safepoint     ] Application time: 0.4723440 seconds
[2023-02-09T10:18:45.596+0000][22.387s][info ][safepoint     ] Entering safepoint region: ICBufferFull
[2023-02-09T10:18:45.596+0000][22.387s][info ][safepoint     ] Leaving safepoint region
[2023-02-09T10:18:45.597+0000][22.388s][info ][safepoint     ] Total time for which application threads were stopped: 0.0010092 seconds, Stopping threads took: 0.0002529 seconds
[2023-02-09T10:18:45.755+0000][22.546s][debug][safepoint     ] Safepoint synchronization initiated. (29 threads)
[2023-02-09T10:18:45.755+0000][22.546s][info ][safepoint     ] Application time: 0.1583508 seconds
[2023-02-09T10:18:45.755+0000][22.547s][info ][safepoint     ] Entering safepoint region: G1CollectForAllocation
[2023-02-09T10:18:45.756+0000][22.547s][info ][gc,start      ] GC(30) Pause Young (Normal) (G1 Evacuation Pause)
[2023-02-09T10:18:45.757+0000][22.548s][info ][gc,task       ] GC(30) Using 13 workers of 13 for evacuation
[2023-02-09T10:18:45.782+0000][22.573s][info ][gc,phases     ] GC(30)   Pre Evacuate Collection Set: 0.0ms
[2023-02-09T10:18:45.783+0000][22.574s][info ][gc,phases     ] GC(30)   Evacuate Collection Set: 21.4ms
[2023-02-09T10:18:45.783+0000][22.574s][info ][gc,phases     ] GC(30)   Post Evacuate Collection Set: 3.7ms
[2023-02-09T10:18:45.783+0000][22.574s][info ][gc,phases     ] GC(30)   Other: 1.2ms
[2023-02-09T10:18:45.783+0000][22.574s][info ][gc,heap       ] GC(30) Eden regions: 221->0(225)
[2023-02-09T10:18:45.783+0000][22.575s][info ][gc,heap       ] GC(30) Survivor regions: 21->17(31)
[2023-02-09T10:18:45.784+0000][22.575s][info ][gc,heap       ] GC(30) Old regions: 42->50
[2023-02-09T10:18:45.784+0000][22.575s][info ][gc,heap       ] GC(30) Humongous regions: 0->0
[2023-02-09T10:18:45.784+0000][22.575s][info ][gc,metaspace  ] GC(30) Metaspace: 89225K->89225K(1130496K)
[2023-02-09T10:18:45.784+0000][22.575s][info ][gc            ] GC(30) Pause Young (Normal) (G1 Evacuation Pause) 281M->65M(404M) 28.334ms
[2023-02-09T10:18:45.785+0000][22.576s][info ][gc,cpu        ] GC(30) User=0.29s Sys=0.06s Real=0.02s
[2023-02-09T10:18:45.785+0000][22.576s][info ][safepoint     ] Leaving safepoint region
[2023-02-09T10:18:45.785+0000][22.576s][info ][safepoint     ] Total time for which application threads were stopped: 0.0294899 seconds, Stopping threads took: 0.0002300 seconds
[2023-02-09T10:18:45.785+0000][22.576s][info ][gc,stringdedup] Concurrent String Deduplication (22.576s)
[2023-02-09T10:18:45.791+0000][22.582s][info ][gc,stringdedup] Concurrent String Deduplication 614.0K->149.2K(464.8K) avg 48.5% (22.576s, 22.582s) 5.647ms
[2023-02-09T10:18:45.838+0000][22.629s][debug][safepoint     ] Safepoint synchronization initiated. (29 threads)
[2023-02-09T10:18:45.838+0000][22.629s][info ][safepoint     ] Application time: 0.0532489 seconds
[2023-02-09T10:18:45.839+0000][22.630s][info ][safepoint     ] Entering safepoint region: Deoptimize
[2023-02-09T10:18:45.841+0000][22.632s][info ][safepoint     ] Leaving safepoint region
[2023-02-09T10:18:45.842+0000][22.633s][info ][safepoint     ] Total time for which application threads were stopped: 0.0030063 seconds, Stopping threads took: 0.0004405 seconds
[2023-02-09T10:18:46.211+0000][23.002s][debug][safepoint     ] Safepoint synchronization initiated. (24 threads)
[2023-02-09T10:18:46.211+0000][23.002s][info ][safepoint     ] Application time: 0.3693700 seconds
[2023-02-09T10:18:46.212+0000][23.003s][info ][safepoint     ] Entering safepoint region: Deoptimize
[2023-02-09T10:18:46.215+0000][23.006s][info ][safepoint     ] Leaving safepoint region
[2023-02-09T10:18:46.216+0000][23.007s][info ][safepoint     ] Total time for which application threads were stopped: 0.0040337 seconds, Stopping threads took: 0.0004823 seconds
[2023-02-09T10:18:46.657+0000][23.448s][debug][safepoint     ] Safepoint synchronization initiated. (25 threads)
[2023-02-09T10:18:46.657+0000][23.448s][info ][safepoint     ] Application time: 0.4406627 seconds
[2023-02-09T10:18:46.657+0000][23.448s][info ][safepoint     ] Entering safepoint region: ICBufferFull
[2023-02-09T10:18:46.658+0000][23.449s][info ][safepoint     ] Leaving safepoint region
[2023-02-09T10:18:46.658+0000][23.449s][info ][safepoint     ] Total time for which application threads were stopped: 0.0009854 seconds, Stopping threads took: 0.0002069 seconds
[2023-02-09T10:18:47.126+0000][23.917s][debug][safepoint     ] Safepoint synchronization initiated. (25 threads)
[2023-02-09T10:18:47.127+0000][23.918s][info ][safepoint     ] Application time: 0.4680761 seconds
[2023-02-09T10:18:47.127+0000][23.918s][info ][safepoint     ] Entering safepoint region: G1CollectForAllocation
[2023-02-09T10:18:47.128+0000][23.919s][info ][gc,start      ] GC(31) Pause Young (Normal) (G1 Evacuation Pause)
[2023-02-09T10:18:47.128+0000][23.919s][info ][gc,task       ] GC(31) Using 13 workers of 13 for evacuation
[2023-02-09T10:18:47.143+0000][23.934s][info ][gc,phases     ] GC(31)   Pre Evacuate Collection Set: 0.0ms
[2023-02-09T10:18:47.143+0000][23.935s][info ][gc,phases     ] GC(31)   Evacuate Collection Set: 10.8ms
[2023-02-09T10:18:47.144+0000][23.935s][info ][gc,phases     ] GC(31)   Post Evacuate Collection Set: 3.5ms
[2023-02-09T10:18:47.144+0000][23.935s][info ][gc,phases     ] GC(31)   Other: 0.7ms
[2023-02-09T10:18:47.144+0000][23.935s][info ][gc,heap       ] GC(31) Eden regions: 225->0(220)
[2023-02-09T10:18:47.144+0000][23.935s][info ][gc,heap       ] GC(31) Survivor regions: 17->22(31)
[2023-02-09T10:18:47.144+0000][23.936s][info ][gc,heap       ] GC(31) Old regions: 50->50
[2023-02-09T10:18:47.145+0000][23.936s][info ][gc,heap       ] GC(31) Humongous regions: 0->0
[2023-02-09T10:18:47.145+0000][23.936s][info ][gc,metaspace  ] GC(31) Metaspace: 91875K->91875K(1132544K)
[2023-02-09T10:18:47.145+0000][23.936s][info ][gc            ] GC(31) Pause Young (Normal) (G1 Evacuation Pause) 290M->70M(404M) 17.360ms
[2023-02-09T10:18:47.145+0000][23.937s][info ][gc,cpu        ] GC(31) User=0.19s Sys=0.00s Real=0.01s
[2023-02-09T10:18:47.146+0000][23.937s][info ][safepoint     ] Leaving safepoint region
[2023-02-09T10:18:47.146+0000][23.937s][info ][safepoint     ] Total time for which application threads were stopped: 0.0188797 seconds, Stopping threads took: 0.0003345 seconds
[2023-02-09T10:18:47.146+0000][23.937s][info ][gc,stringdedup] Concurrent String Deduplication (23.937s)
[2023-02-09T10:18:47.150+0000][23.941s][info ][gc,stringdedup] Concurrent String Deduplication 309.7K->104.5K(205.2K) avg 49.0% (23.937s, 23.941s) 3.447ms
[2023-02-09T10:18:47.333+0000][24.124s][debug][safepoint     ] Safepoint synchronization initiated. (25 threads)
[2023-02-09T10:18:47.333+0000][24.125s][info ][safepoint     ] Application time: 0.1873881 seconds
[2023-02-09T10:18:47.334+0000][24.125s][info ][safepoint     ] Entering safepoint region: Deoptimize
[2023-02-09T10:18:47.336+0000][24.127s][info ][safepoint     ] Leaving safepoint region
[2023-02-09T10:18:47.336+0000][24.127s][info ][safepoint     ] Total time for which application threads were stopped: 0.0021933 seconds, Stopping threads took: 0.0002512 seconds
[2023-02-09T10:18:47.648+0000][24.440s][debug][safepoint     ] Safepoint synchronization initiated. (32 threads)
[2023-02-09T10:18:47.649+0000][24.440s][info ][safepoint     ] Application time: 0.3131073 seconds
[2023-02-09T10:18:47.650+0000][24.441s][info ][safepoint     ] Entering safepoint region: ICBufferFull
[2023-02-09T10:18:47.651+0000][24.442s][info ][safepoint     ] Leaving safepoint region
[2023-02-09T10:18:47.651+0000][24.442s][info ][safepoint     ] Total time for which application threads were stopped: 0.0014081 seconds, Stopping threads took: 0.0003690 seconds
[2023-02-09T10:18:48.012+0000][24.803s][debug][safepoint     ] Safepoint synchronization initiated. (36 threads)
[2023-02-09T10:18:48.013+0000][24.804s][info ][safepoint     ] Application time: 0.3610692 seconds
[2023-02-09T10:18:48.013+0000][24.804s][info ][safepoint     ] Entering safepoint region: Deoptimize
[2023-02-09T10:18:48.015+0000][24.806s][info ][safepoint     ] Leaving safepoint region
[2023-02-09T10:18:48.015+0000][24.806s][info ][safepoint     ] Total time for which application threads were stopped: 0.0023406 seconds, Stopping threads took: 0.0001738 seconds
[2023-02-09T10:18:48.463+0000][25.247s][debug][safepoint     ] Safepoint synchronization initiated. (37 threads)
[2023-02-09T10:18:48.463+0000][25.247s][info ][safepoint     ] Application time: 0.4406422 seconds
[2023-02-09T10:18:48.463+0000][25.248s][debug][safepoint     ] Waiting for 1 thread(s) to block
[2023-02-09T10:18:48.464+0000][25.248s][info ][safepoint     ] Entering safepoint region: G1CollectForAllocation
[2023-02-09T10:18:48.464+0000][25.249s][info ][gc,start      ] GC(32) Pause Young (Normal) (G1 Evacuation Pause)
[2023-02-09T10:18:48.465+0000][25.249s][info ][gc,task       ] GC(32) Using 13 workers of 13 for evacuation
[2023-02-09T10:18:48.486+0000][25.270s][info ][gc,phases     ] GC(32)   Pre Evacuate Collection Set: 0.0ms
[2023-02-09T10:18:48.486+0000][25.270s][info ][gc,phases     ] GC(32)   Evacuate Collection Set: 17.7ms
[2023-02-09T10:18:48.486+0000][25.271s][info ][gc,phases     ] GC(32)   Post Evacuate Collection Set: 3.0ms
[2023-02-09T10:18:48.486+0000][25.271s][info ][gc,phases     ] GC(32)   Other: 0.7ms
[2023-02-09T10:18:48.487+0000][25.271s][info ][gc,heap       ] GC(32) Eden regions: 220->0(220)
[2023-02-09T10:18:48.487+0000][25.271s][info ][gc,heap       ] GC(32) Survivor regions: 22->22(31)
[2023-02-09T10:18:48.487+0000][25.271s][info ][gc,heap       ] GC(32) Old regions: 50->56
[2023-02-09T10:18:48.487+0000][25.271s][info ][gc,heap       ] GC(32) Humongous regions: 0->0
[2023-02-09T10:18:48.487+0000][25.271s][info ][gc,metaspace  ] GC(32) Metaspace: 94591K->94591K(1134592K)
[2023-02-09T10:18:48.487+0000][25.271s][info ][gc            ] GC(32) Pause Young (Normal) (G1 Evacuation Pause) 290M->76M(404M) 22.715ms
[2023-02-09T10:18:48.487+0000][25.272s][info ][gc,cpu        ] GC(32) User=0.23s Sys=0.06s Real=0.02s
[2023-02-09T10:18:48.488+0000][25.272s][info ][safepoint     ] Leaving safepoint region
[2023-02-09T10:18:48.488+0000][25.272s][info ][safepoint     ] Total time for which application threads were stopped: 0.0243768 seconds, Stopping threads took: 0.0008935 seconds
[2023-02-09T10:18:48.488+0000][25.272s][info ][gc,stringdedup] Concurrent String Deduplication (25.272s)
[2023-02-09T10:18:48.494+0000][25.279s][info ][gc,stringdedup] Concurrent String Deduplication 508.1K->321.3K(186.9K) avg 48.5% (25.272s, 25.279s) 6.395ms
[2023-02-09T10:18:49.334+0000][26.119s][debug][safepoint     ] Safepoint synchronization initiated. (37 threads)
[2023-02-09T10:18:49.335+0000][26.119s][info ][safepoint     ] Application time: 0.8468671 seconds
[2023-02-09T10:18:49.335+0000][26.119s][info ][safepoint     ] Entering safepoint region: Deoptimize
[2023-02-09T10:18:49.336+0000][26.121s][info ][safepoint     ] Leaving safepoint region
[2023-02-09T10:18:49.337+0000][26.121s][info ][safepoint     ] Total time for which application threads were stopped: 0.0019983 seconds, Stopping threads took: 0.0001426 seconds
[2023-02-09T10:18:49.373+0000][26.158s][debug][safepoint     ] Safepoint synchronization initiated. (37 threads)
[2023-02-09T10:18:49.374+0000][26.158s][info ][safepoint     ] Application time: 0.0369132 seconds
[2023-02-09T10:18:49.374+0000][26.158s][info ][safepoint     ] Entering safepoint region: Deoptimize
[2023-02-09T10:18:49.376+0000][26.160s][info ][safepoint     ] Leaving safepoint region
[2023-02-09T10:18:49.376+0000][26.161s][info ][safepoint     ] Total time for which application threads were stopped: 0.0023517 seconds, Stopping threads took: 0.0002414 seconds
[2023-02-09T10:18:49.519+0000][26.304s][debug][safepoint     ] Safepoint synchronization initiated. (40 threads)
[2023-02-09T10:18:49.520+0000][26.304s][info ][safepoint     ] Application time: 0.1433696 seconds
[2023-02-09T10:18:49.520+0000][26.304s][info ][safepoint     ] Entering safepoint region: CollectForMetadataAllocation
[2023-02-09T10:18:49.521+0000][26.305s][info ][gc,start      ] GC(33) Pause Young (Concurrent Start) (Metadata GC Threshold)
[2023-02-09T10:18:49.521+0000][26.305s][info ][gc,task       ] GC(33) Using 13 workers of 13 for evacuation
[2023-02-09T10:18:49.551+0000][26.335s][info ][gc,phases     ] GC(33)   Pre Evacuate Collection Set: 0.5ms
[2023-02-09T10:18:49.551+0000][26.335s][info ][gc,phases     ] GC(33)   Evacuate Collection Set: 25.2ms
[2023-02-09T10:18:49.551+0000][26.335s][info ][gc,phases     ] GC(33)   Post Evacuate Collection Set: 3.7ms
[2023-02-09T10:18:49.551+0000][26.336s][info ][gc,phases     ] GC(33)   Other: 0.8ms
[2023-02-09T10:18:49.551+0000][26.336s][info ][gc,heap       ] GC(33) Eden regions: 219->0(225)
[2023-02-09T10:18:49.551+0000][26.336s][info ][gc,heap       ] GC(33) Survivor regions: 22->17(31)
[2023-02-09T10:18:49.552+0000][26.336s][info ][gc,heap       ] GC(33) Old regions: 56->65
[2023-02-09T10:18:49.552+0000][26.336s][info ][gc,heap       ] GC(33) Humongous regions: 0->0
[2023-02-09T10:18:49.552+0000][26.336s][info ][gc,metaspace  ] GC(33) Metaspace: 97714K->97714K(1136640K)
[2023-02-09T10:18:49.552+0000][26.336s][info ][gc            ] GC(33) Pause Young (Concurrent Start) (Metadata GC Threshold) 294M->79M(404M) 31.383ms
[2023-02-09T10:18:49.552+0000][26.336s][info ][gc,cpu        ] GC(33) User=0.27s Sys=0.05s Real=0.03s
[2023-02-09T10:18:49.552+0000][26.337s][info ][gc            ] GC(34) Concurrent Cycle
[2023-02-09T10:18:49.552+0000][26.337s][info ][safepoint     ] Leaving safepoint region
[2023-02-09T10:18:49.552+0000][26.337s][info ][gc,marking    ] GC(34) Concurrent Clear Claimed Marks
[2023-02-09T10:18:49.553+0000][26.337s][info ][safepoint     ] Total time for which application threads were stopped: 0.0326485 seconds, Stopping threads took: 0.0002072 seconds
[2023-02-09T10:18:49.553+0000][26.337s][info ][gc,stringdedup] Concurrent String Deduplication (26.337s)
[2023-02-09T10:18:49.556+0000][26.340s][info ][gc,marking    ] GC(34) Concurrent Clear Claimed Marks 3.435ms
[2023-02-09T10:18:49.557+0000][26.341s][info ][gc,marking    ] GC(34) Concurrent Scan Root Regions
[2023-02-09T10:18:49.559+0000][26.343s][info ][gc,stringdedup] Concurrent String Deduplication 536.8K->155.0K(381.8K) avg 49.5% (26.337s, 26.343s) 5.588ms
[2023-02-09T10:18:49.565+0000][26.349s][info ][gc,marking    ] GC(34) Concurrent Scan Root Regions 7.897ms
[2023-02-09T10:18:49.565+0000][26.349s][info ][gc,marking    ] GC(34) Concurrent Mark (26.349s)
[2023-02-09T10:18:49.565+0000][26.349s][info ][gc,marking    ] GC(34) Concurrent Mark From Roots
[2023-02-09T10:18:49.565+0000][26.350s][info ][gc,task       ] GC(34) Using 3 workers of 3 for marking
[2023-02-09T10:18:49.610+0000][26.395s][info ][gc,marking    ] GC(34) Concurrent Mark From Roots 45.150ms
[2023-02-09T10:18:49.611+0000][26.395s][info ][gc,marking    ] GC(34) Concurrent Preclean
[2023-02-09T10:18:49.611+0000][26.396s][info ][gc,marking    ] GC(34) Concurrent Preclean 0.583ms
[2023-02-09T10:18:49.612+0000][26.396s][info ][gc,marking    ] GC(34) Concurrent Mark (26.349s, 26.396s) 46.841ms
[2023-02-09T10:18:49.612+0000][26.396s][debug][safepoint     ] Safepoint synchronization initiated. (40 threads)
[2023-02-09T10:18:49.612+0000][26.397s][info ][safepoint     ] Application time: 0.0593551 seconds
[2023-02-09T10:18:49.613+0000][26.397s][debug][safepoint     ] ... found polling page return exception at pc = 0x00007f08685c86b8, stub =0x00007f086085a800
[2023-02-09T10:18:49.613+0000][26.397s][debug][safepoint     ] Waiting for 1 thread(s) to block
[2023-02-09T10:18:49.613+0000][26.397s][info ][safepoint     ] Entering safepoint region: CGC_Operation
[2023-02-09T10:18:49.614+0000][26.398s][info ][gc,start      ] GC(34) Pause Remark
[2023-02-09T10:18:49.624+0000][26.408s][info ][gc,stringtable] GC(34) Cleaned string and symbol table, strings: 46153 processed, 61 removed, symbols: 261968 processed, 306 removed
[2023-02-09T10:18:49.625+0000][26.409s][info ][gc            ] GC(34) Pause Remark 83M->83M(404M) 11.246ms
[2023-02-09T10:18:49.625+0000][26.409s][info ][gc,cpu        ] GC(34) User=0.11s Sys=0.01s Real=0.01s
[2023-02-09T10:18:49.625+0000][26.409s][info ][safepoint     ] Leaving safepoint region
[2023-02-09T10:18:49.625+0000][26.410s][info ][safepoint     ] Total time for which application threads were stopped: 0.0126574 seconds, Stopping threads took: 0.0006408 seconds
[2023-02-09T10:18:49.625+0000][26.410s][info ][gc,marking    ] GC(34) Concurrent Rebuild Remembered Sets
[2023-02-09T10:18:49.653+0000][26.437s][info ][gc,marking    ] GC(34) Concurrent Rebuild Remembered Sets 27.371ms
[2023-02-09T10:18:49.653+0000][26.438s][debug][safepoint     ] Safepoint synchronization initiated. (40 threads)
[2023-02-09T10:18:49.654+0000][26.438s][info ][safepoint     ] Application time: 0.0281209 seconds
[2023-02-09T10:18:49.654+0000][26.438s][debug][safepoint     ] Waiting for 1 thread(s) to block
[2023-02-09T10:18:49.654+0000][26.438s][info ][safepoint     ] Entering safepoint region: CGC_Operation
[2023-02-09T10:18:49.654+0000][26.439s][info ][gc,start      ] GC(34) Pause Cleanup
[2023-02-09T10:18:49.655+0000][26.439s][info ][gc            ] GC(34) Pause Cleanup 84M->84M(404M) 0.710ms
[2023-02-09T10:18:49.655+0000][26.440s][info ][gc,cpu        ] GC(34) User=0.01s Sys=0.00s Real=0.00s
[2023-02-09T10:18:49.656+0000][26.440s][info ][safepoint     ] Leaving safepoint region
[2023-02-09T10:18:49.656+0000][26.440s][info ][safepoint     ] Total time for which application threads were stopped: 0.0021337 seconds, Stopping threads took: 0.0003929 seconds
[2023-02-09T10:18:49.656+0000][26.440s][info ][gc,marking    ] GC(34) Concurrent Cleanup for Next Mark
[2023-02-09T10:18:49.657+0000][26.442s][info ][gc,marking    ] GC(34) Concurrent Cleanup for Next Mark 1.161ms
[2023-02-09T10:18:49.658+0000][26.442s][info ][gc            ] GC(34) Concurrent Cycle 105.439ms
[2023-02-09T10:18:49.866+0000][26.650s][debug][safepoint     ] Safepoint synchronization initiated. (40 threads)
[2023-02-09T10:18:49.866+0000][26.651s][info ][safepoint     ] Application time: 0.2102688 seconds
[2023-02-09T10:18:49.866+0000][26.651s][info ][safepoint     ] Entering safepoint region: Deoptimize
[2023-02-09T10:18:49.869+0000][26.653s][info ][safepoint     ] Leaving safepoint region
[2023-02-09T10:18:49.869+0000][26.653s][info ][safepoint     ] Total time for which application threads were stopped: 0.0026231 seconds, Stopping threads took: 0.0001657 seconds
[2023-02-09T10:18:50.128+0000][26.912s][debug][safepoint     ] Safepoint synchronization initiated. (40 threads)
[2023-02-09T10:18:50.128+0000][26.913s][info ][safepoint     ] Application time: 0.2588537 seconds
[2023-02-09T10:18:50.129+0000][26.913s][info ][safepoint     ] Entering safepoint region: Deoptimize
[2023-02-09T10:18:50.131+0000][26.915s][info ][safepoint     ] Leaving safepoint region
[2023-02-09T10:18:50.131+0000][26.916s][info ][safepoint     ] Total time for which application threads were stopped: 0.0027026 seconds, Stopping threads took: 0.0003433 seconds
[2023-02-09T10:18:50.685+0000][27.469s][debug][safepoint     ] Safepoint synchronization initiated. (40 threads)
[2023-02-09T10:18:50.686+0000][27.470s][info ][safepoint     ] Application time: 0.5539927 seconds
[2023-02-09T10:18:50.686+0000][27.470s][info ][safepoint     ] Entering safepoint region: Deoptimize
[2023-02-09T10:18:50.688+0000][27.472s][info ][safepoint     ] Leaving safepoint region
[2023-02-09T10:18:50.688+0000][27.472s][info ][safepoint     ] Total time for which application threads were stopped: 0.0023604 seconds, Stopping threads took: 0.0003002 seconds
[2023-02-09T10:18:50.773+0000][27.557s][debug][safepoint     ] Safepoint synchronization initiated. (40 threads)
[2023-02-09T10:18:50.773+0000][27.558s][info ][safepoint     ] Application time: 0.0848163 seconds
[2023-02-09T10:18:50.773+0000][27.558s][info ][safepoint     ] Entering safepoint region: Deoptimize
[2023-02-09T10:18:50.776+0000][27.560s][info ][safepoint     ] Leaving safepoint region
[2023-02-09T10:18:50.776+0000][27.561s][info ][safepoint     ] Total time for which application threads were stopped: 0.0028068 seconds, Stopping threads took: 0.0003497 seconds
[2023-02-09T10:18:50.823+0000][27.608s][debug][safepoint     ] Safepoint synchronization initiated. (40 threads)
[2023-02-09T10:18:50.824+0000][27.608s][info ][safepoint     ] Application time: 0.0474345 seconds
[2023-02-09T10:18:50.824+0000][27.609s][info ][safepoint     ] Entering safepoint region: Deoptimize
[2023-02-09T10:18:50.827+0000][27.611s][info ][safepoint     ] Leaving safepoint region
[2023-02-09T10:18:50.827+0000][27.611s][info ][safepoint     ] Total time for which application threads were stopped: 0.0029331 seconds, Stopping threads took: 0.0002995 seconds
[2023-02-09T10:18:50.875+0000][27.659s][debug][safepoint     ] Safepoint synchronization initiated. (40 threads)
[2023-02-09T10:18:50.875+0000][27.659s][info ][safepoint     ] Application time: 0.0475067 seconds
[2023-02-09T10:18:50.875+0000][27.659s][info ][safepoint     ] Entering safepoint region: Deoptimize
[2023-02-09T10:18:50.877+0000][27.661s][info ][safepoint     ] Leaving safepoint region
[2023-02-09T10:18:50.877+0000][27.662s][info ][safepoint     ] Total time for which application threads were stopped: 0.0024506 seconds, Stopping threads took: 0.0001580 seconds
[2023-02-09T10:18:51.024+0000][27.808s][debug][safepoint     ] Safepoint synchronization initiated. (40 threads)
[2023-02-09T10:18:51.025+0000][27.809s][info ][safepoint     ] Application time: 0.1472293 seconds
[2023-02-09T10:18:51.025+0000][27.810s][info ][safepoint     ] Entering safepoint region: Deoptimize
[2023-02-09T10:18:51.028+0000][27.812s][info ][safepoint     ] Leaving safepoint region
[2023-02-09T10:18:51.028+0000][27.813s][info ][safepoint     ] Total time for which application threads were stopped: 0.0031696 seconds, Stopping threads took: 0.0003917 seconds
[2023-02-09T10:18:51.059+0000][27.844s][debug][safepoint     ] Safepoint synchronization initiated. (40 threads)
[2023-02-09T10:18:51.060+0000][27.844s][info ][safepoint     ] Application time: 0.0312685 seconds
[2023-02-09T10:18:51.060+0000][27.845s][info ][safepoint     ] Entering safepoint region: Deoptimize
[2023-02-09T10:18:51.063+0000][27.847s][info ][safepoint     ] Leaving safepoint region
[2023-02-09T10:18:51.064+0000][27.848s][info ][safepoint     ] Total time for which application threads were stopped: 0.0031788 seconds, Stopping threads took: 0.0003982 seconds
[2023-02-09T10:18:52.064+0000][28.848s][debug][safepoint     ] Safepoint synchronization initiated. (43 threads)
[2023-02-09T10:18:52.064+0000][28.849s][info ][safepoint     ] Application time: 1.0006054 seconds
[2023-02-09T10:18:52.065+0000][28.849s][debug][safepoint     ] ... found polling page return exception at pc = 0x00007f08684ac660, stub =0x00007f086085a800
[2023-02-09T10:18:52.065+0000][28.849s][debug][safepoint     ] Waiting for 1 thread(s) to block
[2023-02-09T10:18:52.066+0000][28.851s][info ][safepoint     ] Entering safepoint region: Cleanup
[2023-02-09T10:18:52.068+0000][28.852s][info ][safepoint     ] Leaving safepoint region
[2023-02-09T10:18:52.069+0000][28.853s][info ][safepoint     ] Total time for which application threads were stopped: 0.0043757 seconds, Stopping threads took: 0.0023867 seconds
[2023-02-09T10:18:52.289+0000][29.073s][debug][safepoint     ] Safepoint synchronization initiated. (43 threads)
[2023-02-09T10:18:52.289+0000][29.074s][info ][safepoint     ] Application time: 0.2199112 seconds
[2023-02-09T10:18:52.290+0000][29.074s][info ][safepoint     ] Entering safepoint region: G1CollectForAllocation
[2023-02-09T10:18:52.290+0000][29.074s][info ][gc,start      ] GC(35) Pause Young (Normal) (G1 Evacuation Pause)
[2023-02-09T10:18:52.290+0000][29.075s][info ][gc,task       ] GC(35) Using 13 workers of 13 for evacuation
[2023-02-09T10:18:52.309+0000][29.093s][info ][gc,phases     ] GC(35)   Pre Evacuate Collection Set: 0.0ms
[2023-02-09T10:18:52.309+0000][29.094s][info ][gc,phases     ] GC(35)   Evacuate Collection Set: 14.1ms
[2023-02-09T10:18:52.309+0000][29.094s][info ][gc,phases     ] GC(35)   Post Evacuate Collection Set: 4.0ms
[2023-02-09T10:18:52.310+0000][29.094s][info ][gc,phases     ] GC(35)   Other: 0.7ms
[2023-02-09T10:18:52.310+0000][29.094s][info ][gc,heap       ] GC(35) Eden regions: 225->0(220)
[2023-02-09T10:18:52.310+0000][29.094s][info ][gc,heap       ] GC(35) Survivor regions: 17->22(31)
[2023-02-09T10:18:52.310+0000][29.094s][info ][gc,heap       ] GC(35) Old regions: 65->65
[2023-02-09T10:18:52.310+0000][29.095s][info ][gc,heap       ] GC(35) Humongous regions: 0->0
[2023-02-09T10:18:52.310+0000][29.095s][info ][gc,metaspace  ] GC(35) Metaspace: 108792K->108792K(1146880K)
[2023-02-09T10:18:52.311+0000][29.095s][info ][gc            ] GC(35) Pause Young (Normal) (G1 Evacuation Pause) 304M->85M(404M) 20.565ms
[2023-02-09T10:18:52.311+0000][29.095s][info ][gc,cpu        ] GC(35) User=0.21s Sys=0.01s Real=0.02s
[2023-02-09T10:18:52.311+0000][29.095s][info ][safepoint     ] Leaving safepoint region
[2023-02-09T10:18:52.311+0000][29.096s][info ][safepoint     ] Total time for which application threads were stopped: 0.0218780 seconds, Stopping threads took: 0.0001699 seconds
[2023-02-09T10:18:52.312+0000][29.096s][info ][gc,stringdedup] Concurrent String Deduplication (29.096s)
[2023-02-09T10:18:52.316+0000][29.100s][info ][gc,stringdedup] Concurrent String Deduplication 488.9K->149.5K(339.4K) avg 50.3% (29.096s, 29.100s) 3.892ms
[2023-02-09T10:18:52.383+0000][29.167s][debug][safepoint     ] Safepoint synchronization initiated. (43 threads)
[2023-02-09T10:18:52.383+0000][29.167s][info ][safepoint     ] Application time: 0.0714141 seconds
[2023-02-09T10:18:52.384+0000][29.168s][info ][safepoint     ] Entering safepoint region: Deoptimize
[2023-02-09T10:18:52.386+0000][29.170s][info ][safepoint     ] Leaving safepoint region
[2023-02-09T10:18:52.386+0000][29.171s][info ][safepoint     ] Total time for which application threads were stopped: 0.0027943 seconds, Stopping threads took: 0.0003203 seconds
[2023-02-09T10:18:52.610+0000][29.394s][debug][safepoint     ] Safepoint synchronization initiated. (38 threads)
[2023-02-09T10:18:52.611+0000][29.395s][info ][safepoint     ] Application time: 0.2239868 seconds
[2023-02-09T10:18:52.611+0000][29.395s][info ][safepoint     ] Entering safepoint region: Deoptimize
[2023-02-09T10:18:52.614+0000][29.398s][info ][safepoint     ] Leaving safepoint region
[2023-02-09T10:18:52.614+0000][29.399s][info ][safepoint     ] Total time for which application threads were stopped: 0.0034032 seconds, Stopping threads took: 0.0005195 seconds
[2023-02-09T10:18:53.390+0000][30.174s][debug][safepoint     ] Safepoint synchronization initiated. (46 threads)
[2023-02-09T10:18:53.390+0000][30.175s][info ][safepoint     ] Application time: 0.7752632 seconds
[2023-02-09T10:18:53.391+0000][30.175s][info ][safepoint     ] Entering safepoint region: G1CollectForAllocation
[2023-02-09T10:18:53.391+0000][30.176s][info ][gc,start      ] GC(36) Pause Young (Normal) (G1 Evacuation Pause)
[2023-02-09T10:18:53.392+0000][30.176s][info ][gc,task       ] GC(36) Using 13 workers of 13 for evacuation
[2023-02-09T10:18:53.421+0000][30.205s][info ][gc,phases     ] GC(36)   Pre Evacuate Collection Set: 0.0ms
[2023-02-09T10:18:53.421+0000][30.205s][info ][gc,phases     ] GC(36)   Evacuate Collection Set: 22.9ms
[2023-02-09T10:18:53.421+0000][30.206s][info ][gc,phases     ] GC(36)   Post Evacuate Collection Set: 5.4ms
[2023-02-09T10:18:53.422+0000][30.206s][info ][gc,phases     ] GC(36)   Other: 0.9ms
[2023-02-09T10:18:53.422+0000][30.206s][info ][gc,heap       ] GC(36) Eden regions: 220->0(219)
[2023-02-09T10:18:53.422+0000][30.206s][info ][gc,heap       ] GC(36) Survivor regions: 22->23(31)
[2023-02-09T10:18:53.422+0000][30.206s][info ][gc,heap       ] GC(36) Old regions: 65->70
[2023-02-09T10:18:53.422+0000][30.207s][info ][gc,heap       ] GC(36) Humongous regions: 0->0
[2023-02-09T10:18:53.422+0000][30.207s][info ][gc,metaspace  ] GC(36) Metaspace: 113980K->113980K(1153024K)
[2023-02-09T10:18:53.423+0000][30.207s][info ][gc            ] GC(36) Pause Young (Normal) (G1 Evacuation Pause) 305M->91M(404M) 31.423ms
[2023-02-09T10:18:53.423+0000][30.207s][info ][gc,cpu        ] GC(36) User=0.42s Sys=0.03s Real=0.04s
[2023-02-09T10:18:53.423+0000][30.207s][info ][safepoint     ] Leaving safepoint region
[2023-02-09T10:18:53.423+0000][30.208s][info ][safepoint     ] Total time for which application threads were stopped: 0.0326450 seconds, Stopping threads took: 0.0002975 seconds
[2023-02-09T10:18:53.424+0000][30.208s][info ][gc,stringdedup] Concurrent String Deduplication (30.208s)
[2023-02-09T10:18:53.427+0000][30.212s][info ][gc,stringdedup] Concurrent String Deduplication 239.5K->113.2K(126.3K) avg 50.3% (30.208s, 30.212s) 3.647ms
[2023-02-09T10:18:53.615+0000][30.399s][debug][safepoint     ] Safepoint synchronization initiated. (46 threads)
[2023-02-09T10:18:53.616+0000][30.400s][info ][safepoint     ] Application time: 0.1921691 seconds
[2023-02-09T10:18:53.616+0000][30.400s][info ][safepoint     ] Entering safepoint region: Deoptimize
[2023-02-09T10:18:53.618+0000][30.403s][info ][safepoint     ] Leaving safepoint region
[2023-02-09T10:18:53.619+0000][30.403s][info ][safepoint     ] Total time for which application threads were stopped: 0.0026012 seconds, Stopping threads took: 0.0003595 seconds
[2023-02-09T10:18:54.524+0000][31.309s][debug][safepoint     ] Safepoint synchronization initiated. (49 threads)
[2023-02-09T10:18:54.525+0000][31.309s][info ][safepoint     ] Application time: 0.9060138 seconds
[2023-02-09T10:18:54.525+0000][31.309s][info ][safepoint     ] Entering safepoint region: Deoptimize
[2023-02-09T10:18:54.527+0000][31.312s][info ][safepoint     ] Leaving safepoint region
[2023-02-09T10:18:54.528+0000][31.312s][info ][safepoint     ] Total time for which application threads were stopped: 0.0027360 seconds, Stopping threads took: 0.0002229 seconds
[2023-02-09T10:18:54.535+0000][31.319s][debug][safepoint     ] Safepoint synchronization initiated. (49 threads)
[2023-02-09T10:18:54.535+0000][31.320s][info ][safepoint     ] Application time: 0.0072692 seconds
[2023-02-09T10:18:54.535+0000][31.320s][info ][safepoint     ] Entering safepoint region: Deoptimize
[2023-02-09T10:18:54.538+0000][31.322s][info ][safepoint     ] Leaving safepoint region
[2023-02-09T10:18:54.538+0000][31.323s][info ][safepoint     ] Total time for which application threads were stopped: 0.0027377 seconds, Stopping threads took: 0.0001938 seconds
[2023-02-09T10:18:54.655+0000][31.439s][debug][safepoint     ] Safepoint synchronization initiated. (50 threads)
[2023-02-09T10:18:54.655+0000][31.439s][info ][safepoint     ] Application time: 0.1164873 seconds
[2023-02-09T10:18:54.655+0000][31.439s][info ][safepoint     ] Entering safepoint region: Deoptimize
[2023-02-09T10:18:54.658+0000][31.442s][info ][safepoint     ] Leaving safepoint region
[2023-02-09T10:18:54.658+0000][31.443s][info ][safepoint     ] Total time for which application threads were stopped: 0.0031509 seconds, Stopping threads took: 0.0003170 seconds
[2023-02-09T10:18:55.185+0000][31.970s][debug][safepoint     ] Safepoint synchronization initiated. (60 threads)
[2023-02-09T10:18:55.186+0000][31.970s][info ][safepoint     ] Application time: 0.5275054 seconds
[2023-02-09T10:18:55.187+0000][31.971s][info ][safepoint     ] Entering safepoint region: G1CollectForAllocation
[2023-02-09T10:18:55.188+0000][31.972s][info ][gc,start      ] GC(37) Pause Young (Normal) (G1 Evacuation Pause)
[2023-02-09T10:18:55.188+0000][31.973s][info ][gc,task       ] GC(37) Using 13 workers of 13 for evacuation
[2023-02-09T10:18:55.211+0000][31.995s][info ][gc,phases     ] GC(37)   Pre Evacuate Collection Set: 0.0ms
[2023-02-09T10:18:55.212+0000][31.996s][info ][gc,phases     ] GC(37)   Evacuate Collection Set: 18.0ms
[2023-02-09T10:18:55.212+0000][31.996s][info ][gc,phases     ] GC(37)   Post Evacuate Collection Set: 4.1ms
[2023-02-09T10:18:55.212+0000][31.997s][info ][gc,phases     ] GC(37)   Other: 1.1ms
[2023-02-09T10:18:55.213+0000][31.997s][info ][gc,heap       ] GC(37) Eden regions: 219->0(218)
[2023-02-09T10:18:55.213+0000][31.998s][info ][gc,heap       ] GC(37) Survivor regions: 23->24(31)
[2023-02-09T10:18:55.214+0000][31.998s][info ][gc,heap       ] GC(37) Old regions: 70->76
[2023-02-09T10:18:55.214+0000][31.998s][info ][gc,heap       ] GC(37) Humongous regions: 0->0
[2023-02-09T10:18:55.214+0000][31.999s][info ][gc,metaspace  ] GC(37) Metaspace: 123148K->123148K(1161216K)
[2023-02-09T10:18:55.215+0000][31.999s][info ][gc            ] GC(37) Pause Young (Normal) (G1 Evacuation Pause) 310M->97M(404M) 27.162ms
[2023-02-09T10:18:55.216+0000][32.000s][info ][gc,cpu        ] GC(37) User=0.22s Sys=0.04s Real=0.03s
[2023-02-09T10:18:55.216+0000][32.000s][info ][safepoint     ] Leaving safepoint region
[2023-02-09T10:18:55.216+0000][32.001s][info ][safepoint     ] Total time for which application threads were stopped: 0.0298103 seconds, Stopping threads took: 0.0005375 seconds
[2023-02-09T10:18:55.217+0000][32.001s][info ][gc,stringdedup] Concurrent String Deduplication (32.001s)
[2023-02-09T10:18:55.223+0000][32.007s][info ][gc,stringdedup] Concurrent String Deduplication 508.6K->188.1K(320.5K) avg 50.8% (32.001s, 32.007s) 5.988ms
[2023-02-09T10:18:55.924+0000][32.708s][debug][safepoint     ] Safepoint synchronization initiated. (65 threads)
[2023-02-09T10:18:55.924+0000][32.708s][info ][safepoint     ] Application time: 0.7071785 seconds
[2023-02-09T10:18:55.924+0000][32.708s][info ][safepoint     ] Entering safepoint region: Deoptimize
[2023-02-09T10:18:55.927+0000][32.711s][info ][safepoint     ] Leaving safepoint region
[2023-02-09T10:18:55.927+0000][32.711s][info ][safepoint     ] Total time for which application threads were stopped: 0.0027620 seconds, Stopping threads took: 0.0002213 seconds
[2023-02-09T10:18:55.927+0000][32.712s][debug][safepoint     ] Safepoint synchronization initiated. (65 threads)
[2023-02-09T10:18:55.928+0000][32.712s][info ][safepoint     ] Application time: 0.0005045 seconds
[2023-02-09T10:18:55.928+0000][32.712s][info ][safepoint     ] Entering safepoint region: Deoptimize
[2023-02-09T10:18:55.930+0000][32.714s][info ][safepoint     ] Leaving safepoint region
[2023-02-09T10:18:55.930+0000][32.715s][info ][safepoint     ] Total time for which application threads were stopped: 0.0024920 seconds, Stopping threads took: 0.0002764 seconds
[2023-02-09T10:18:55.932+0000][32.716s][debug][safepoint     ] Safepoint synchronization initiated. (65 threads)
[2023-02-09T10:18:55.932+0000][32.717s][info ][safepoint     ] Application time: 0.0017052 seconds
[2023-02-09T10:18:55.932+0000][32.717s][info ][safepoint     ] Entering safepoint region: Deoptimize
[2023-02-09T10:18:55.934+0000][32.719s][info ][safepoint     ] Leaving safepoint region
[2023-02-09T10:18:55.935+0000][32.719s][info ][safepoint     ] Total time for which application threads were stopped: 0.0022734 seconds, Stopping threads took: 0.0002024 seconds
[2023-02-09T10:18:55.958+0000][32.742s][debug][safepoint     ] Safepoint synchronization initiated. (65 threads)
[2023-02-09T10:18:55.958+0000][32.743s][info ][safepoint     ] Application time: 0.0232906 seconds
[2023-02-09T10:18:55.958+0000][32.743s][info ][safepoint     ] Entering safepoint region: Deoptimize
[2023-02-09T10:18:55.960+0000][32.745s][info ][safepoint     ] Leaving safepoint region
[2023-02-09T10:18:55.961+0000][32.745s][info ][safepoint     ] Total time for which application threads were stopped: 0.0024611 seconds, Stopping threads took: 0.0002116 seconds
[2023-02-09T10:18:55.962+0000][32.746s][debug][safepoint     ] Safepoint synchronization initiated. (65 threads)
[2023-02-09T10:18:55.962+0000][32.747s][info ][safepoint     ] Application time: 0.0012721 seconds
[2023-02-09T10:18:55.963+0000][32.747s][info ][safepoint     ] Entering safepoint region: Deoptimize
[2023-02-09T10:18:55.964+0000][32.749s][info ][safepoint     ] Leaving safepoint region
[2023-02-09T10:18:55.965+0000][32.749s][info ][safepoint     ] Total time for which application threads were stopped: 0.0023572 seconds, Stopping threads took: 0.0001986 seconds
[2023-02-09T10:18:56.209+0000][32.993s][debug][safepoint     ] Safepoint synchronization initiated. (65 threads)
[2023-02-09T10:18:56.209+0000][32.993s][info ][safepoint     ] Application time: 0.2440435 seconds
[2023-02-09T10:18:56.209+0000][32.994s][info ][safepoint     ] Entering safepoint region: Deoptimize
[2023-02-09T10:18:56.212+0000][32.997s][info ][safepoint     ] Leaving safepoint region
[2023-02-09T10:18:56.213+0000][32.997s][info ][safepoint     ] Total time for which application threads were stopped: 0.0032571 seconds, Stopping threads took: 0.0002722 seconds
[2023-02-09T10:18:56.268+0000][33.052s][debug][safepoint     ] Safepoint synchronization initiated. (66 threads)
[2023-02-09T10:18:56.268+0000][33.053s][info ][safepoint     ] Application time: 0.0554126 seconds
[2023-02-09T10:18:56.269+0000][33.053s][debug][safepoint     ] Waiting for 1 thread(s) to block
[2023-02-09T10:18:56.269+0000][33.053s][info ][safepoint     ] Entering safepoint region: Deoptimize
[2023-02-09T10:18:56.272+0000][33.057s][info ][safepoint     ] Leaving safepoint region
[2023-02-09T10:18:56.273+0000][33.057s][info ][safepoint     ] Total time for which application threads were stopped: 0.0040802 seconds, Stopping threads took: 0.0010505 seconds
[2023-02-09T10:18:56.426+0000][33.210s][debug][safepoint     ] Safepoint synchronization initiated. (67 threads)
[2023-02-09T10:18:56.426+0000][33.210s][info ][safepoint     ] Application time: 0.1531731 seconds
[2023-02-09T10:18:56.426+0000][33.211s][info ][safepoint     ] Entering safepoint region: G1CollectForAllocation
[2023-02-09T10:18:56.427+0000][33.211s][info ][safepoint     ] Leaving safepoint region
[2023-02-09T10:18:56.427+0000][33.211s][info ][safepoint     ] Total time for which application threads were stopped: 0.0008238 seconds, Stopping threads took: 0.0002263 seconds
[2023-02-09T10:18:56.427+0000][33.212s][debug][safepoint     ] Safepoint synchronization initiated. (67 threads)
[2023-02-09T10:18:56.428+0000][33.212s][info ][safepoint     ] Application time: 0.0004767 seconds
[2023-02-09T10:18:56.428+0000][33.212s][debug][safepoint     ] Waiting for 1 thread(s) to block
[2023-02-09T10:18:56.428+0000][33.213s][info ][safepoint     ] Entering safepoint region: G1CollectForAllocation
[2023-02-09T10:18:56.429+0000][33.213s][info ][gc,start      ] GC(38) Pause Young (Normal) (GCLocker Initiated GC)
[2023-02-09T10:18:56.429+0000][33.214s][info ][gc,task       ] GC(38) Using 13 workers of 13 for evacuation
[2023-02-09T10:18:56.446+0000][33.231s][info ][gc,phases     ] GC(38)   Pre Evacuate Collection Set: 0.0ms
[2023-02-09T10:18:56.447+0000][33.231s][info ][gc,phases     ] GC(38)   Evacuate Collection Set: 13.3ms
[2023-02-09T10:18:56.447+0000][33.231s][info ][gc,phases     ] GC(38)   Post Evacuate Collection Set: 3.4ms
[2023-02-09T10:18:56.447+0000][33.231s][info ][gc,phases     ] GC(38)   Other: 0.8ms
[2023-02-09T10:18:56.447+0000][33.232s][info ][gc,heap       ] GC(38) Eden regions: 219->0(224)
[2023-02-09T10:18:56.448+0000][33.232s][info ][gc,heap       ] GC(38) Survivor regions: 24->18(31)
[2023-02-09T10:18:56.448+0000][33.232s][info ][gc,heap       ] GC(38) Old regions: 76->85
[2023-02-09T10:18:56.448+0000][33.232s][info ][gc,heap       ] GC(38) Humongous regions: 0->0
[2023-02-09T10:18:56.448+0000][33.232s][info ][gc,metaspace  ] GC(38) Metaspace: 126085K->126085K(1163264K)
[2023-02-09T10:18:56.448+0000][33.233s][info ][gc            ] GC(38) Pause Young (Normal) (GCLocker Initiated GC) 316M->101M(404M) 19.305ms
[2023-02-09T10:18:56.449+0000][33.233s][info ][gc,cpu        ] GC(38) User=0.21s Sys=0.00s Real=0.02s
[2023-02-09T10:18:56.449+0000][33.233s][info ][safepoint     ] Leaving safepoint region
[2023-02-09T10:18:56.449+0000][33.233s][info ][safepoint     ] Total time for which application threads were stopped: 0.0208044 seconds, Stopping threads took: 0.0005488 seconds
[2023-02-09T10:18:56.449+0000][33.234s][info ][gc,stringdedup] Concurrent String Deduplication (33.234s)
[2023-02-09T10:18:56.453+0000][33.237s][info ][gc,stringdedup] Concurrent String Deduplication 270.4K->56400.0B(215.3K) avg 51.4% (33.234s, 33.237s) 3.945ms
[2023-02-09T10:18:56.629+0000][33.413s][debug][safepoint     ] Safepoint synchronization initiated. (73 threads)
[2023-02-09T10:18:56.630+0000][33.414s][info ][safepoint     ] Application time: 0.1804867 seconds
[2023-02-09T10:18:56.630+0000][33.414s][debug][safepoint     ] ... found polling page loop exception at pc = 0x00007f0868d168d9, stub =0x00007f086085ab00
[2023-02-09T10:18:56.630+0000][33.414s][debug][safepoint     ] Waiting for 1 thread(s) to block
[2023-02-09T10:18:56.631+0000][33.415s][info ][safepoint     ] Entering safepoint region: Deoptimize
[2023-02-09T10:18:56.634+0000][33.418s][info ][safepoint     ] Leaving safepoint region
[2023-02-09T10:18:56.634+0000][33.418s][info ][safepoint     ] Total time for which application threads were stopped: 0.0041311 seconds, Stopping threads took: 0.0010175 seconds
[2023-02-09T10:18:56.815+0000][33.599s][debug][safepoint     ] Safepoint synchronization initiated. (74 threads)
[2023-02-09T10:18:56.815+0000][33.600s][info ][safepoint     ] Application time: 0.1812109 seconds
[2023-02-09T10:18:56.816+0000][33.600s][debug][safepoint     ] ... found polling page return exception at pc = 0x00007f08689e927e, stub =0x00007f086085a800
[2023-02-09T10:18:56.816+0000][33.600s][debug][safepoint     ] Waiting for 1 thread(s) to block
[2023-02-09T10:18:56.816+0000][33.600s][info ][safepoint     ] Entering safepoint region: Deoptimize
[2023-02-09T10:18:56.819+0000][33.603s][info ][safepoint     ] Leaving safepoint region
[2023-02-09T10:18:56.819+0000][33.604s][info ][safepoint     ] Total time for which application threads were stopped: 0.0036209 seconds, Stopping threads took: 0.0008573 seconds
[2023-02-09T10:18:57.299+0000][34.083s][debug][safepoint     ] Safepoint synchronization initiated. (74 threads)
[2023-02-09T10:18:57.299+0000][34.084s][info ][safepoint     ] Application time: 0.4799190 seconds
[2023-02-09T10:18:57.300+0000][34.084s][debug][safepoint     ] ... found polling page return exception at pc = 0x00007f08683bf6c7, stub =0x00007f086085a800
[2023-02-09T10:18:57.300+0000][34.084s][debug][safepoint     ] Waiting for 1 thread(s) to block
[2023-02-09T10:18:57.300+0000][34.084s][info ][safepoint     ] Entering safepoint region: Deoptimize
[2023-02-09T10:18:57.303+0000][34.087s][info ][safepoint     ] Leaving safepoint region
[2023-02-09T10:18:57.303+0000][34.088s][info ][safepoint     ] Total time for which application threads were stopped: 0.0038613 seconds, Stopping threads took: 0.0006931 seconds
[2023-02-09T10:18:57.324+0000][34.108s][debug][safepoint     ] Safepoint synchronization initiated. (74 threads)
[2023-02-09T10:18:57.324+0000][34.108s][info ][safepoint     ] Application time: 0.0204765 seconds
[2023-02-09T10:18:57.324+0000][34.109s][info ][safepoint     ] Entering safepoint region: G1CollectForAllocation
[2023-02-09T10:18:57.325+0000][34.109s][info ][gc,start      ] GC(39) Pause Young (Normal) (G1 Evacuation Pause)
[2023-02-09T10:18:57.325+0000][34.110s][info ][gc,task       ] GC(39) Using 13 workers of 13 for evacuation
[2023-02-09T10:18:57.339+0000][34.123s][info ][gc,phases     ] GC(39)   Pre Evacuate Collection Set: 0.0ms
[2023-02-09T10:18:57.339+0000][34.123s][info ][gc,phases     ] GC(39)   Evacuate Collection Set: 10.0ms
[2023-02-09T10:18:57.339+0000][34.124s][info ][gc,phases     ] GC(39)   Post Evacuate Collection Set: 3.1ms
[2023-02-09T10:18:57.339+0000][34.124s][info ][gc,phases     ] GC(39)   Other: 0.6ms
[2023-02-09T10:18:57.340+0000][34.124s][info ][gc,heap       ] GC(39) Eden regions: 224->0(227)
[2023-02-09T10:18:57.340+0000][34.124s][info ][gc,heap       ] GC(39) Survivor regions: 18->15(31)
[2023-02-09T10:18:57.340+0000][34.124s][info ][gc,heap       ] GC(39) Old regions: 85->91
[2023-02-09T10:18:57.340+0000][34.124s][info ][gc,heap       ] GC(39) Humongous regions: 0->0
[2023-02-09T10:18:57.340+0000][34.124s][info ][gc,metaspace  ] GC(39) Metaspace: 132134K->132134K(1169408K)
[2023-02-09T10:18:57.340+0000][34.125s][info ][gc            ] GC(39) Pause Young (Normal) (G1 Evacuation Pause) 325M->104M(404M) 15.274ms
[2023-02-09T10:18:57.340+0000][34.125s][info ][gc,cpu        ] GC(39) User=0.16s Sys=0.01s Real=0.01s
[2023-02-09T10:18:57.341+0000][34.125s][info ][safepoint     ] Leaving safepoint region
[2023-02-09T10:18:57.341+0000][34.125s][info ][safepoint     ] Total time for which application threads were stopped: 0.0164110 seconds, Stopping threads took: 0.0002932 seconds
[2023-02-09T10:18:57.341+0000][34.125s][info ][gc,stringdedup] Concurrent String Deduplication (34.125s)
[2023-02-09T10:18:57.347+0000][34.131s][info ][gc,stringdedup] Concurrent String Deduplication 547.2K->150.3K(396.9K) avg 52.2% (34.125s, 34.131s) 5.812ms
[2023-02-09T10:18:57.529+0000][34.313s][debug][safepoint     ] Safepoint synchronization initiated. (74 threads)
[2023-02-09T10:18:57.530+0000][34.314s][info ][safepoint     ] Application time: 0.1886889 seconds
[2023-02-09T10:18:57.530+0000][34.315s][info ][safepoint     ] Entering safepoint region: Deoptimize
[2023-02-09T10:18:57.533+0000][34.317s][info ][safepoint     ] Leaving safepoint region
[2023-02-09T10:18:57.534+0000][34.318s][info ][safepoint     ] Total time for which application threads were stopped: 0.0033076 seconds, Stopping threads took: 0.0004862 seconds
[2023-02-09T10:18:57.741+0000][34.526s][debug][safepoint     ] Safepoint synchronization initiated. (73 threads)
[2023-02-09T10:18:57.742+0000][34.526s][info ][safepoint     ] Application time: 0.2079512 seconds
[2023-02-09T10:18:57.742+0000][34.526s][debug][safepoint     ] Waiting for 1 thread(s) to block
[2023-02-09T10:18:57.742+0000][34.527s][info ][safepoint     ] Entering safepoint region: Deoptimize
[2023-02-09T10:18:57.745+0000][34.529s][info ][safepoint     ] Leaving safepoint region
[2023-02-09T10:18:57.746+0000][34.530s][info ][safepoint     ] Total time for which application threads were stopped: 0.0036963 seconds, Stopping threads took: 0.0007277 seconds
[2023-02-09T10:18:57.818+0000][34.603s][debug][safepoint     ] Safepoint synchronization initiated. (73 threads)
[2023-02-09T10:18:57.819+0000][34.603s][info ][safepoint     ] Application time: 0.0727352 seconds
[2023-02-09T10:18:57.819+0000][34.603s][info ][safepoint     ] Entering safepoint region: Deoptimize
[2023-02-09T10:18:57.822+0000][34.606s][info ][safepoint     ] Leaving safepoint region
[2023-02-09T10:18:57.822+0000][34.606s][info ][safepoint     ] Total time for which application threads were stopped: 0.0032558 seconds, Stopping threads took: 0.0002213 seconds
[2023-02-09T10:18:58.225+0000][35.009s][debug][safepoint     ] Safepoint synchronization initiated. (72 threads)
[2023-02-09T10:18:58.225+0000][35.010s][info ][safepoint     ] Application time: 0.4028678 seconds
[2023-02-09T10:18:58.226+0000][35.010s][info ][safepoint     ] Entering safepoint region: G1CollectForAllocation
[2023-02-09T10:18:58.226+0000][35.011s][info ][gc,start      ] GC(40) Pause Young (Normal) (G1 Evacuation Pause)
[2023-02-09T10:18:58.227+0000][35.011s][info ][gc,task       ] GC(40) Using 13 workers of 13 for evacuation
[2023-02-09T10:18:58.247+0000][35.032s][info ][gc,phases     ] GC(40)   Pre Evacuate Collection Set: 0.0ms
[2023-02-09T10:18:58.248+0000][35.032s][info ][gc,phases     ] GC(40)   Evacuate Collection Set: 14.0ms
[2023-02-09T10:18:58.248+0000][35.033s][info ][gc,phases     ] GC(40)   Post Evacuate Collection Set: 6.1ms
[2023-02-09T10:18:58.249+0000][35.033s][info ][gc,phases     ] GC(40)   Other: 1.0ms
[2023-02-09T10:18:58.249+0000][35.033s][info ][gc,heap       ] GC(40) Eden regions: 227->0(223)
[2023-02-09T10:18:58.249+0000][35.034s][info ][gc,heap       ] GC(40) Survivor regions: 15->19(31)
[2023-02-09T10:18:58.250+0000][35.034s][info ][gc,heap       ] GC(40) Old regions: 91->91
[2023-02-09T10:18:58.250+0000][35.034s][info ][gc,heap       ] GC(40) Humongous regions: 0->0
[2023-02-09T10:18:58.250+0000][35.034s][info ][gc,metaspace  ] GC(40) Metaspace: 135758K->135758K(1171456K)
[2023-02-09T10:18:58.251+0000][35.035s][info ][gc            ] GC(40) Pause Young (Normal) (G1 Evacuation Pause) 331M->108M(404M) 24.097ms
[2023-02-09T10:18:58.251+0000][35.035s][info ][gc,cpu        ] GC(40) User=0.20s Sys=0.00s Real=0.02s
[2023-02-09T10:18:58.251+0000][35.035s][info ][safepoint     ] Leaving safepoint region
[2023-02-09T10:18:58.251+0000][35.036s][info ][safepoint     ] Total time for which application threads were stopped: 0.0258405 seconds, Stopping threads took: 0.0003083 seconds
[2023-02-09T10:18:58.252+0000][35.036s][info ][gc,stringdedup] Concurrent String Deduplication (35.036s)
[2023-02-09T10:18:58.254+0000][35.039s][info ][gc,stringdedup] Concurrent String Deduplication 340.3K->193.5K(146.8K) avg 52.0% (35.036s, 35.039s) 2.702ms
[2023-02-09T10:18:58.795+0000][35.579s][debug][safepoint     ] Safepoint synchronization initiated. (88 threads)
[2023-02-09T10:18:58.795+0000][35.579s][info ][safepoint     ] Application time: 0.5432395 seconds
[2023-02-09T10:18:58.795+0000][35.579s][info ][safepoint     ] Entering safepoint region: Deoptimize
[2023-02-09T10:18:58.797+0000][35.582s][info ][safepoint     ] Leaving safepoint region
[2023-02-09T10:18:58.798+0000][35.582s][info ][safepoint     ] Total time for which application threads were stopped: 0.0025634 seconds, Stopping threads took: 0.0002414 seconds
[2023-02-09T10:18:58.920+0000][35.704s][debug][safepoint     ] Safepoint synchronization initiated. (88 threads)
[2023-02-09T10:18:58.921+0000][35.705s][info ][safepoint     ] Application time: 0.1226395 seconds
[2023-02-09T10:18:58.921+0000][35.705s][info ][safepoint     ] Entering safepoint region: Deoptimize
[2023-02-09T10:18:58.924+0000][35.708s][info ][safepoint     ] Leaving safepoint region
[2023-02-09T10:18:58.924+0000][35.708s][info ][safepoint     ] Total time for which application threads were stopped: 0.0031354 seconds, Stopping threads took: 0.0002224 seconds
[2023-02-09T10:18:59.397+0000][36.181s][debug][safepoint     ] Safepoint synchronization initiated. (105 threads)
[2023-02-09T10:18:59.397+0000][36.182s][info ][safepoint     ] Application time: 0.4732530 seconds
[2023-02-09T10:18:59.398+0000][36.182s][debug][safepoint     ] Waiting for 1 thread(s) to block
[2023-02-09T10:18:59.398+0000][36.182s][info ][safepoint     ] Entering safepoint region: G1CollectForAllocation
[2023-02-09T10:18:59.399+0000][36.183s][info ][gc,start      ] GC(41) Pause Young (Normal) (G1 Evacuation Pause)
[2023-02-09T10:18:59.399+0000][36.183s][info ][gc,task       ] GC(41) Using 13 workers of 13 for evacuation
[2023-02-09T10:18:59.433+0000][36.217s][info ][gc,phases     ] GC(41)   Pre Evacuate Collection Set: 0.0ms
[2023-02-09T10:18:59.433+0000][36.217s][info ][gc,phases     ] GC(41)   Evacuate Collection Set: 30.3ms
[2023-02-09T10:18:59.433+0000][36.217s][info ][gc,phases     ] GC(41)   Post Evacuate Collection Set: 2.9ms
[2023-02-09T10:18:59.433+0000][36.218s][info ][gc,phases     ] GC(41)   Other: 0.8ms
[2023-02-09T10:18:59.433+0000][36.218s][info ][gc,heap       ] GC(41) Eden regions: 223->0(223)
[2023-02-09T10:18:59.434+0000][36.218s][info ][gc,heap       ] GC(41) Survivor regions: 19->19(31)
[2023-02-09T10:18:59.434+0000][36.218s][info ][gc,heap       ] GC(41) Old regions: 91->97
[2023-02-09T10:18:59.434+0000][36.218s][info ][gc,heap       ] GC(41) Humongous regions: 0->0
[2023-02-09T10:18:59.434+0000][36.218s][info ][gc,metaspace  ] GC(41) Metaspace: 137917K->137917K(1173504K)
[2023-02-09T10:18:59.434+0000][36.218s][info ][gc            ] GC(41) Pause Young (Normal) (G1 Evacuation Pause) 331M->114M(404M) 35.514ms
[2023-02-09T10:18:59.434+0000][36.219s][info ][gc,cpu        ] GC(41) User=0.48s Sys=0.02s Real=0.04s
[2023-02-09T10:18:59.434+0000][36.219s][info ][safepoint     ] Leaving safepoint region
[2023-02-09T10:18:59.435+0000][36.219s][info ][safepoint     ] Total time for which application threads were stopped: 0.0369565 seconds, Stopping threads took: 0.0005734 seconds
[2023-02-09T10:18:59.435+0000][36.219s][info ][gc,stringdedup] Concurrent String Deduplication (36.219s)
[2023-02-09T10:18:59.439+0000][36.224s][info ][gc,stringdedup] Concurrent String Deduplication 252.3K->98424.0B(156.2K) avg 52.2% (36.219s, 36.224s) 4.522ms
[2023-02-09T10:18:59.858+0000][36.642s][debug][safepoint     ] Safepoint synchronization initiated. (105 threads)
[2023-02-09T10:18:59.858+0000][36.642s][info ][safepoint     ] Application time: 0.4233531 seconds
[2023-02-09T10:18:59.858+0000][36.643s][debug][safepoint     ] Waiting for 1 thread(s) to block
[2023-02-09T10:18:59.859+0000][36.643s][info ][safepoint     ] Entering safepoint region: ICBufferFull
[2023-02-09T10:18:59.859+0000][36.643s][info ][safepoint     ] Leaving safepoint region
[2023-02-09T10:18:59.859+0000][36.644s][info ][safepoint     ] Total time for which application threads were stopped: 0.0009916 seconds, Stopping threads took: 0.0004044 seconds
[2023-02-09T10:19:00.256+0000][37.040s][debug][safepoint     ] Safepoint synchronization initiated. (105 threads)
[2023-02-09T10:19:00.257+0000][37.041s][info ][safepoint     ] Application time: 0.3972698 seconds
[2023-02-09T10:19:00.257+0000][37.041s][info ][safepoint     ] Entering safepoint region: ICBufferFull
[2023-02-09T10:19:00.258+0000][37.042s][info ][safepoint     ] Leaving safepoint region
[2023-02-09T10:19:00.258+0000][37.042s][info ][safepoint     ] Total time for which application threads were stopped: 0.0009904 seconds, Stopping threads took: 0.0002754 seconds
[2023-02-09T10:19:00.993+0000][37.778s][debug][safepoint     ] Safepoint synchronization initiated. (105 threads)
[2023-02-09T10:19:00.994+0000][37.778s][info ][safepoint     ] Application time: 0.7356873 seconds
[2023-02-09T10:19:00.994+0000][37.778s][info ][safepoint     ] Entering safepoint region: ICBufferFull
[2023-02-09T10:19:00.995+0000][37.779s][info ][safepoint     ] Leaving safepoint region
[2023-02-09T10:19:00.995+0000][37.779s][info ][safepoint     ] Total time for which application threads were stopped: 0.0008368 seconds, Stopping threads took: 0.0002953 seconds
[2023-02-09T10:19:01.287+0000][38.071s][debug][safepoint     ] Safepoint synchronization initiated. (105 threads)
[2023-02-09T10:19:01.287+0000][38.072s][info ][safepoint     ] Application time: 0.2922909 seconds
[2023-02-09T10:19:01.288+0000][38.072s][info ][safepoint     ] Entering safepoint region: G1CollectForAllocation
[2023-02-09T10:19:01.288+0000][38.072s][info ][gc,start      ] GC(42) Pause Young (Normal) (G1 Evacuation Pause)
[2023-02-09T10:19:01.288+0000][38.073s][info ][gc,task       ] GC(42) Using 13 workers of 13 for evacuation
[2023-02-09T10:19:01.311+0000][38.096s][info ][gc,phases     ] GC(42)   Pre Evacuate Collection Set: 0.0ms
[2023-02-09T10:19:01.312+0000][38.096s][info ][gc,phases     ] GC(42)   Evacuate Collection Set: 17.9ms
[2023-02-09T10:19:01.312+0000][38.096s][info ][gc,phases     ] GC(42)   Post Evacuate Collection Set: 4.5ms
[2023-02-09T10:19:01.312+0000][38.096s][info ][gc,phases     ] GC(42)   Other: 0.7ms
[2023-02-09T10:19:01.312+0000][38.096s][info ][gc,heap       ] GC(42) Eden regions: 223->0(221)
[2023-02-09T10:19:01.312+0000][38.097s][info ][gc,heap       ] GC(42) Survivor regions: 19->20(31)
[2023-02-09T10:19:01.313+0000][38.097s][info ][gc,heap       ] GC(42) Old regions: 97->102
[2023-02-09T10:19:01.313+0000][38.097s][info ][gc,heap       ] GC(42) Humongous regions: 0->0
[2023-02-09T10:19:01.313+0000][38.097s][info ][gc,metaspace  ] GC(42) Metaspace: 140093K->140093K(1175552K)
[2023-02-09T10:19:01.313+0000][38.098s][info ][gc            ] GC(42) Pause Young (Normal) (G1 Evacuation Pause) 337M->119M(404M) 25.148ms
[2023-02-09T10:19:01.314+0000][38.098s][info ][gc,cpu        ] GC(42) User=0.28s Sys=0.00s Real=0.03s
[2023-02-09T10:19:01.314+0000][38.098s][info ][safepoint     ] Leaving safepoint region
[2023-02-09T10:19:01.314+0000][38.098s][info ][safepoint     ] Total time for which application threads were stopped: 0.0265057 seconds, Stopping threads took: 0.0001965 seconds
[2023-02-09T10:19:01.314+0000][38.099s][info ][gc,stringdedup] Concurrent String Deduplication (38.099s)
[2023-02-09T10:19:01.320+0000][38.104s][info ][gc,stringdedup] Concurrent String Deduplication 436.5K->333.2K(103.4K) avg 51.3% (38.099s, 38.104s) 5.351ms
[2023-02-09T10:19:02.001+0000][38.785s][debug][safepoint     ] Safepoint synchronization initiated. (102 threads)
[2023-02-09T10:19:02.001+0000][38.786s][info ][safepoint     ] Application time: 0.6869623 seconds
[2023-02-09T10:19:02.002+0000][38.786s][info ][safepoint     ] Entering safepoint region: ICBufferFull
[2023-02-09T10:19:02.002+0000][38.787s][info ][safepoint     ] Leaving safepoint region
[2023-02-09T10:19:02.003+0000][38.787s][info ][safepoint     ] Total time for which application threads were stopped: 0.0011286 seconds, Stopping threads took: 0.0003422 seconds
[2023-02-09T10:19:02.248+0000][39.032s][debug][safepoint     ] Safepoint synchronization initiated. (102 threads)
[2023-02-09T10:19:02.249+0000][39.033s][info ][safepoint     ] Application time: 0.2456285 seconds
[2023-02-09T10:19:02.249+0000][39.033s][debug][safepoint     ] ... found polling page return exception at pc = 0x00007f086930cd47, stub =0x00007f086085a800
[2023-02-09T10:19:02.249+0000][39.034s][debug][safepoint     ] Waiting for 1 thread(s) to block
[2023-02-09T10:19:02.250+0000][39.034s][info ][safepoint     ] Entering safepoint region: G1CollectForAllocation
[2023-02-09T10:19:02.250+0000][39.034s][info ][gc,start      ] GC(43) Pause Young (Normal) (G1 Evacuation Pause)
[2023-02-09T10:19:02.250+0000][39.035s][info ][gc,task       ] GC(43) Using 13 workers of 13 for evacuation
[2023-02-09T10:19:02.270+0000][39.054s][info ][gc,phases     ] GC(43)   Pre Evacuate Collection Set: 0.0ms
[2023-02-09T10:19:02.270+0000][39.055s][info ][gc,phases     ] GC(43)   Evacuate Collection Set: 14.5ms
[2023-02-09T10:19:02.270+0000][39.055s][info ][gc,phases     ] GC(43)   Post Evacuate Collection Set: 4.6ms
[2023-02-09T10:19:02.271+0000][39.055s][info ][gc,phases     ] GC(43)   Other: 0.7ms
[2023-02-09T10:19:02.271+0000][39.055s][info ][gc,heap       ] GC(43) Eden regions: 221->0(216)
[2023-02-09T10:19:02.271+0000][39.055s][info ][gc,heap       ] GC(43) Survivor regions: 20->21(31)
[2023-02-09T10:19:02.271+0000][39.056s][info ][gc,heap       ] GC(43) Old regions: 102->105
[2023-02-09T10:19:02.271+0000][39.056s][info ][gc,heap       ] GC(43) Humongous regions: 0->0
[2023-02-09T10:19:02.272+0000][39.056s][info ][gc,metaspace  ] GC(43) Metaspace: 140498K->140498K(1175552K)
[2023-02-09T10:19:02.272+0000][39.056s][info ][gc            ] GC(43) Pause Young (Normal) (G1 Evacuation Pause) 340M->123M(404M) 21.846ms
[2023-02-09T10:19:02.272+0000][39.057s][info ][gc,cpu        ] GC(43) User=0.27s Sys=0.00s Real=0.02s
[2023-02-09T10:19:02.273+0000][39.057s][info ][safepoint     ] Leaving safepoint region
[2023-02-09T10:19:02.273+0000][39.057s][info ][safepoint     ] Total time for which application threads were stopped: 0.0239227 seconds, Stopping threads took: 0.0007979 seconds
[2023-02-09T10:19:02.273+0000][39.058s][info ][gc,stringdedup] Concurrent String Deduplication (39.058s)
[2023-02-09T10:19:02.277+0000][39.061s][info ][gc,stringdedup] Concurrent String Deduplication 410.7K->114.2K(296.5K) avg 51.9% (39.058s, 39.061s) 3.534ms
[2023-02-09T10:19:02.957+0000][39.742s][debug][safepoint     ] Safepoint synchronization initiated. (102 threads)
[2023-02-09T10:19:02.958+0000][39.743s][info ][safepoint     ] Application time: 0.6851997 seconds
[2023-02-09T10:19:02.959+0000][39.743s][debug][safepoint     ] ... found polling page return exception at pc = 0x00007f0868b85a01, stub =0x00007f086085a800
[2023-02-09T10:19:02.960+0000][39.744s][debug][safepoint     ] Waiting for 1 thread(s) to block
[2023-02-09T10:19:02.960+0000][39.745s][info ][safepoint     ] Entering safepoint region: Deoptimize
[2023-02-09T10:19:02.964+0000][39.748s][info ][safepoint     ] Leaving safepoint region
[2023-02-09T10:19:02.964+0000][39.748s][info ][safepoint     ] Total time for which application threads were stopped: 0.0049494 seconds, Stopping threads took: 0.0015757 seconds
[2023-02-09T10:19:03.058+0000][39.842s][debug][safepoint     ] Safepoint synchronization initiated. (102 threads)
[2023-02-09T10:19:03.058+0000][39.843s][info ][safepoint     ] Application time: 0.0942564 seconds
[2023-02-09T10:19:03.059+0000][39.843s][debug][safepoint     ] ... found polling page return exception at pc = 0x00007f0868b060c0, stub =0x00007f086085a800
[2023-02-09T10:19:03.059+0000][39.843s][debug][safepoint     ] Waiting for 1 thread(s) to block
[2023-02-09T10:19:03.059+0000][39.843s][info ][safepoint     ] Entering safepoint region: Deoptimize
[2023-02-09T10:19:03.062+0000][39.846s][info ][safepoint     ] Leaving safepoint region
[2023-02-09T10:19:03.062+0000][39.847s][info ][safepoint     ] Total time for which application threads were stopped: 0.0038269 seconds, Stopping threads took: 0.0007350 seconds
[2023-02-09T10:19:03.090+0000][39.874s][debug][safepoint     ] Safepoint synchronization initiated. (102 threads)
[2023-02-09T10:19:03.091+0000][39.875s][info ][safepoint     ] Application time: 0.0278014 seconds
[2023-02-09T10:19:03.091+0000][39.875s][info ][safepoint     ] Entering safepoint region: G1CollectForAllocation
[2023-02-09T10:19:03.092+0000][39.876s][info ][gc,start      ] GC(44) Pause Young (Normal) (G1 Evacuation Pause)
[2023-02-09T10:19:03.092+0000][39.877s][info ][gc,task       ] GC(44) Using 13 workers of 13 for evacuation
[2023-02-09T10:19:03.107+0000][39.891s][info ][gc,phases     ] GC(44)   Pre Evacuate Collection Set: 0.0ms
[2023-02-09T10:19:03.107+0000][39.892s][info ][gc,phases     ] GC(44)   Evacuate Collection Set: 10.8ms
[2023-02-09T10:19:03.107+0000][39.892s][info ][gc,phases     ] GC(44)   Post Evacuate Collection Set: 3.3ms
[2023-02-09T10:19:03.108+0000][39.892s][info ][gc,phases     ] GC(44)   Other: 1.0ms
[2023-02-09T10:19:03.108+0000][39.892s][info ][gc,heap       ] GC(44) Eden regions: 216->0(215)
[2023-02-09T10:19:03.108+0000][39.892s][info ][gc,heap       ] GC(44) Survivor regions: 21->19(30)
[2023-02-09T10:19:03.108+0000][39.892s][info ][gc,heap       ] GC(44) Old regions: 105->110
[2023-02-09T10:19:03.108+0000][39.893s][info ][gc,heap       ] GC(44) Humongous regions: 0->0
[2023-02-09T10:19:03.108+0000][39.893s][info ][gc,metaspace  ] GC(44) Metaspace: 141592K->141592K(1177600K)
[2023-02-09T10:19:03.109+0000][39.893s][info ][gc            ] GC(44) Pause Young (Normal) (G1 Evacuation Pause) 339M->126M(404M) 16.935ms
[2023-02-09T10:19:03.109+0000][39.893s][info ][gc,cpu        ] GC(44) User=0.22s Sys=0.00s Real=0.02s
[2023-02-09T10:19:03.109+0000][39.893s][info ][safepoint     ] Leaving safepoint region
[2023-02-09T10:19:03.109+0000][39.894s][info ][safepoint     ] Total time for which application threads were stopped: 0.0184097 seconds, Stopping threads took: 0.0003569 seconds
[2023-02-09T10:19:03.109+0000][39.894s][info ][gc,stringdedup] Concurrent String Deduplication (39.894s)
[2023-02-09T10:19:03.115+0000][39.899s][info ][gc,stringdedup] Concurrent String Deduplication 522.4K->207.3K(315.1K) avg 52.2% (39.894s, 39.899s) 5.065ms
[2023-02-09T10:19:03.333+0000][40.117s][debug][safepoint     ] Safepoint synchronization initiated. (102 threads)
[2023-02-09T10:19:03.333+0000][40.117s][info ][safepoint     ] Application time: 0.2237658 seconds
[2023-02-09T10:19:03.334+0000][40.118s][debug][safepoint     ] Waiting for 1 thread(s) to block
[2023-02-09T10:19:03.334+0000][40.118s][info ][safepoint     ] Entering safepoint region: ICBufferFull
[2023-02-09T10:19:03.335+0000][40.119s][info ][safepoint     ] Leaving safepoint region
[2023-02-09T10:19:03.335+0000][40.119s][info ][safepoint     ] Total time for which application threads were stopped: 0.0015228 seconds, Stopping threads took: 0.0006556 seconds
[2023-02-09T10:19:03.674+0000][40.459s][debug][safepoint     ] Safepoint synchronization initiated. (102 threads)
[2023-02-09T10:19:03.675+0000][40.459s][info ][safepoint     ] Application time: 0.3393872 seconds
[2023-02-09T10:19:03.675+0000][40.459s][info ][safepoint     ] Entering safepoint region: ICBufferFull
[2023-02-09T10:19:03.675+0000][40.460s][info ][safepoint     ] Leaving safepoint region
[2023-02-09T10:19:03.676+0000][40.460s][info ][safepoint     ] Total time for which application threads were stopped: 0.0008208 seconds, Stopping threads took: 0.0001936 seconds
[2023-02-09T10:19:03.854+0000][40.639s][debug][safepoint     ] Safepoint synchronization initiated. (102 threads)
[2023-02-09T10:19:03.855+0000][40.639s][info ][safepoint     ] Application time: 0.1790763 seconds
[2023-02-09T10:19:03.855+0000][40.639s][info ][safepoint     ] Entering safepoint region: G1CollectForAllocation
[2023-02-09T10:19:03.855+0000][40.640s][info ][gc,start      ] GC(45) Pause Young (Normal) (G1 Evacuation Pause)
[2023-02-09T10:19:03.856+0000][40.640s][info ][gc,task       ] GC(45) Using 13 workers of 13 for evacuation
[2023-02-09T10:19:03.871+0000][40.655s][info ][gc,phases     ] GC(45)   Pre Evacuate Collection Set: 0.0ms
[2023-02-09T10:19:03.871+0000][40.655s][info ][gc,phases     ] GC(45)   Evacuate Collection Set: 11.1ms
[2023-02-09T10:19:03.871+0000][40.656s][info ][gc,phases     ] GC(45)   Post Evacuate Collection Set: 3.6ms
[2023-02-09T10:19:03.871+0000][40.656s][info ][gc,phases     ] GC(45)   Other: 0.6ms
[2023-02-09T10:19:03.872+0000][40.656s][info ][gc,heap       ] GC(45) Eden regions: 215->0(215)
[2023-02-09T10:19:03.872+0000][40.656s][info ][gc,heap       ] GC(45) Survivor regions: 19->16(30)
[2023-02-09T10:19:03.872+0000][40.656s][info ][gc,heap       ] GC(45) Old regions: 110->116
[2023-02-09T10:19:03.872+0000][40.656s][info ][gc,heap       ] GC(45) Humongous regions: 0->0
[2023-02-09T10:19:03.872+0000][40.656s][info ][gc,metaspace  ] GC(45) Metaspace: 142700K->142700K(1177600K)
[2023-02-09T10:19:03.872+0000][40.657s][info ][gc            ] GC(45) Pause Young (Normal) (G1 Evacuation Pause) 341M->129M(404M) 16.869ms
[2023-02-09T10:19:03.872+0000][40.657s][info ][gc,cpu        ] GC(45) User=0.19s Sys=0.00s Real=0.01s
[2023-02-09T10:19:03.873+0000][40.657s][info ][safepoint     ] Leaving safepoint region
[2023-02-09T10:19:03.873+0000][40.657s][info ][safepoint     ] Total time for which application threads were stopped: 0.0179089 seconds, Stopping threads took: 0.0001610 seconds
[2023-02-09T10:19:03.873+0000][40.657s][info ][gc,stringdedup] Concurrent String Deduplication (40.657s)
[2023-02-09T10:19:03.876+0000][40.660s][info ][gc,stringdedup] Concurrent String Deduplication 412.8K->146.6K(266.2K) avg 52.5% (40.657s, 40.660s) 3.054ms
[2023-02-09T10:19:04.421+0000][41.205s][debug][safepoint     ] Safepoint synchronization initiated. (101 threads)
[2023-02-09T10:19:04.422+0000][41.206s][info ][safepoint     ] Application time: 0.5486162 seconds
[2023-02-09T10:19:04.422+0000][41.206s][info ][safepoint     ] Entering safepoint region: G1CollectForAllocation
[2023-02-09T10:19:04.423+0000][41.207s][info ][gc,start      ] GC(46) Pause Young (Normal) (G1 Evacuation Pause)
[2023-02-09T10:19:04.423+0000][41.207s][info ][gc,task       ] GC(46) Using 13 workers of 13 for evacuation
[2023-02-09T10:19:04.435+0000][41.220s][info ][gc,phases     ] GC(46)   Pre Evacuate Collection Set: 0.0ms
[2023-02-09T10:19:04.436+0000][41.220s][info ][gc,phases     ] GC(46)   Evacuate Collection Set: 7.6ms
[2023-02-09T10:19:04.436+0000][41.220s][info ][gc,phases     ] GC(46)   Post Evacuate Collection Set: 4.5ms
[2023-02-09T10:19:04.436+0000][41.220s][info ][gc,phases     ] GC(46)   Other: 0.9ms
[2023-02-09T10:19:04.436+0000][41.221s][info ][gc,heap       ] GC(46) Eden regions: 215->0(213)
[2023-02-09T10:19:04.437+0000][41.221s][info ][gc,heap       ] GC(46) Survivor regions: 16->17(29)
[2023-02-09T10:19:04.437+0000][41.221s][info ][gc,heap       ] GC(46) Old regions: 116->116
[2023-02-09T10:19:04.437+0000][41.221s][info ][gc,heap       ] GC(46) Humongous regions: 0->0
[2023-02-09T10:19:04.437+0000][41.221s][info ][gc,metaspace  ] GC(46) Metaspace: 142820K->142820K(1177600K)
[2023-02-09T10:19:04.437+0000][41.222s][info ][gc            ] GC(46) Pause Young (Normal) (G1 Evacuation Pause) 344M->129M(404M) 14.921ms
[2023-02-09T10:19:04.438+0000][41.222s][info ][gc,cpu        ] GC(46) User=0.17s Sys=0.00s Real=0.02s
[2023-02-09T10:19:04.438+0000][41.222s][info ][safepoint     ] Leaving safepoint region
[2023-02-09T10:19:04.438+0000][41.222s][info ][safepoint     ] Total time for which application threads were stopped: 0.0163801 seconds, Stopping threads took: 0.0002477 seconds
[2023-02-09T10:19:04.439+0000][41.223s][info ][gc,stringdedup] Concurrent String Deduplication (41.223s)
[2023-02-09T10:19:04.442+0000][41.226s][info ][gc,stringdedup] Concurrent String Deduplication 300.5K->101.7K(198.8K) avg 52.7% (41.223s, 41.226s) 3.135ms
[2023-02-09T10:19:04.550+0000][41.334s][debug][safepoint     ] Safepoint synchronization initiated. (101 threads)
[2023-02-09T10:19:04.550+0000][41.334s][info ][safepoint     ] Application time: 0.1116577 seconds
[2023-02-09T10:19:04.550+0000][41.335s][debug][safepoint     ] ... found polling page loop exception at pc = 0x00007f0869493ec7, stub =0x00007f086085ab00
[2023-02-09T10:19:04.551+0000][41.335s][debug][safepoint     ] Waiting for 2 thread(s) to block
[2023-02-09T10:19:04.551+0000][41.335s][info ][safepoint     ] Entering safepoint region: Deoptimize
[2023-02-09T10:19:04.554+0000][41.338s][info ][safepoint     ] Leaving safepoint region
[2023-02-09T10:19:04.554+0000][41.339s][info ][safepoint     ] Total time for which application threads were stopped: 0.0040515 seconds, Stopping threads took: 0.0009098 seconds
[2023-02-09T10:19:05.039+0000][41.823s][debug][safepoint     ] Safepoint synchronization initiated. (101 threads)
[2023-02-09T10:19:05.039+0000][41.823s][info ][safepoint     ] Application time: 0.4844172 seconds
[2023-02-09T10:19:05.039+0000][41.824s][info ][safepoint     ] Entering safepoint region: G1CollectForAllocation
[2023-02-09T10:19:05.040+0000][41.824s][info ][gc,start      ] GC(47) Pause Young (Normal) (G1 Evacuation Pause)
[2023-02-09T10:19:05.040+0000][41.824s][info ][gc,task       ] GC(47) Using 13 workers of 13 for evacuation
[2023-02-09T10:19:05.054+0000][41.838s][info ][gc,phases     ] GC(47)   Pre Evacuate Collection Set: 0.0ms
[2023-02-09T10:19:05.054+0000][41.839s][info ][gc,phases     ] GC(47)   Evacuate Collection Set: 9.5ms
[2023-02-09T10:19:05.055+0000][41.839s][info ][gc,phases     ] GC(47)   Post Evacuate Collection Set: 4.1ms
[2023-02-09T10:19:05.055+0000][41.839s][info ][gc,phases     ] GC(47)   Other: 0.7ms
[2023-02-09T10:19:05.055+0000][41.839s][info ][gc,heap       ] GC(47) Eden regions: 213->0(213)
[2023-02-09T10:19:05.055+0000][41.839s][info ][gc,heap       ] GC(47) Survivor regions: 17->15(29)
[2023-02-09T10:19:05.055+0000][41.839s][info ][gc,heap       ] GC(47) Old regions: 116->120
[2023-02-09T10:19:05.055+0000][41.840s][info ][gc,heap       ] GC(47) Humongous regions: 0->0
[2023-02-09T10:19:05.055+0000][41.840s][info ][gc,metaspace  ] GC(47) Metaspace: 143317K->143317K(1179648K)
[2023-02-09T10:19:05.056+0000][41.840s][info ][gc            ] GC(47) Pause Young (Normal) (G1 Evacuation Pause) 342M->132M(404M) 15.848ms
[2023-02-09T10:19:05.056+0000][41.840s][info ][gc,cpu        ] GC(47) User=0.18s Sys=0.00s Real=0.02s
[2023-02-09T10:19:05.056+0000][41.840s][info ][safepoint     ] Leaving safepoint region
[2023-02-09T10:19:05.056+0000][41.840s][info ][safepoint     ] Total time for which application threads were stopped: 0.0169035 seconds, Stopping threads took: 0.0002252 seconds
[2023-02-09T10:19:05.056+0000][41.841s][info ][gc,stringdedup] Concurrent String Deduplication (41.841s)
[2023-02-09T10:19:05.059+0000][41.843s][info ][gc,stringdedup] Concurrent String Deduplication 298.9K->107.9K(191.1K) avg 52.9% (41.841s, 41.843s) 2.511ms
[2023-02-09T10:19:05.253+0000][42.037s][debug][safepoint     ] Safepoint synchronization initiated. (117 threads)
[2023-02-09T10:19:05.253+0000][42.037s][info ][safepoint     ] Application time: 0.1969186 seconds
[2023-02-09T10:19:05.254+0000][42.038s][info ][safepoint     ] Entering safepoint region: Deoptimize
[2023-02-09T10:19:05.256+0000][42.040s][info ][safepoint     ] Leaving safepoint region
[2023-02-09T10:19:05.257+0000][42.041s][info ][safepoint     ] Total time for which application threads were stopped: 0.0032243 seconds, Stopping threads took: 0.0003957 seconds
[2023-02-09T10:19:06.258+0000][43.042s][debug][safepoint     ] Safepoint synchronization initiated. (150 threads)
[2023-02-09T10:19:06.259+0000][43.043s][info ][safepoint     ] Application time: 1.0014636 seconds
[2023-02-09T10:19:06.259+0000][43.044s][info ][safepoint     ] Entering safepoint region: Cleanup
[2023-02-09T10:19:06.261+0000][43.045s][info ][safepoint     ] Leaving safepoint region
[2023-02-09T10:19:06.261+0000][43.046s][info ][safepoint     ] Total time for which application threads were stopped: 0.0021902 seconds, Stopping threads took: 0.0005953 seconds
[2023-02-09T10:19:07.262+0000][44.046s][debug][safepoint     ] Safepoint synchronization initiated. (174 threads)
[2023-02-09T10:19:07.263+0000][44.047s][info ][safepoint     ] Application time: 1.0009486 seconds
[2023-02-09T10:19:07.263+0000][44.048s][info ][safepoint     ] Entering safepoint region: Cleanup
[2023-02-09T10:19:07.265+0000][44.049s][debug][safepoint     ] ... found polling page return exception at pc = 0x00007f086881d084, stub =0x00007f086085a800
[2023-02-09T10:19:07.265+0000][44.049s][info ][safepoint     ] Leaving safepoint region
[2023-02-09T10:19:07.266+0000][44.050s][info ][safepoint     ] Total time for which application threads were stopped: 0.0027857 seconds, Stopping threads took: 0.0005861 seconds
[2023-02-09T10:19:11.268+0000][48.052s][debug][safepoint     ] Safepoint synchronization initiated. (172 threads)
[2023-02-09T10:19:11.269+0000][48.053s][info ][safepoint     ] Application time: 4.0020943 seconds
[2023-02-09T10:19:11.269+0000][48.053s][info ][safepoint     ] Entering safepoint region: Cleanup
[2023-02-09T10:19:11.271+0000][48.055s][info ][safepoint     ] Leaving safepoint region
[2023-02-09T10:19:11.271+0000][48.055s][info ][safepoint     ] Total time for which application threads were stopped: 0.0020756 seconds, Stopping threads took: 0.0006304 seconds
[2023-02-09T10:19:16.274+0000][53.058s][debug][safepoint     ] Safepoint synchronization initiated. (173 threads)
[2023-02-09T10:19:16.274+0000][53.059s][info ][safepoint     ] Application time: 5.0026501 seconds
[2023-02-09T10:19:16.275+0000][53.059s][info ][safepoint     ] Entering safepoint region: Cleanup
[2023-02-09T10:19:16.277+0000][53.061s][info ][safepoint     ] Leaving safepoint region
[2023-02-09T10:19:16.277+0000][53.062s][info ][safepoint     ] Total time for which application threads were stopped: 0.0024656 seconds, Stopping threads took: 0.0006289 seconds
[2023-02-09T10:19:17.278+0000][54.062s][debug][safepoint     ] Safepoint synchronization initiated. (173 threads)
[2023-02-09T10:19:17.279+0000][54.063s][info ][safepoint     ] Application time: 1.0009450 seconds
[2023-02-09T10:19:17.279+0000][54.064s][info ][safepoint     ] Entering safepoint region: Cleanup
[2023-02-09T10:19:17.281+0000][54.065s][info ][safepoint     ] Leaving safepoint region
[2023-02-09T10:19:17.282+0000][54.066s][info ][safepoint     ] Total time for which application threads were stopped: 0.0023195 seconds, Stopping threads took: 0.0005418 seconds
[2023-02-09T10:19:22.069+0000][58.854s][debug][safepoint     ] Safepoint synchronization initiated. (183 threads)
[2023-02-09T10:19:22.070+0000][58.855s][info ][safepoint     ] Application time: 4.7883136 seconds
[2023-02-09T10:19:22.071+0000][58.856s][info ][safepoint     ] Entering safepoint region: G1CollectForAllocation
[2023-02-09T10:19:22.072+0000][58.857s][info ][gc,start      ] GC(48) Pause Young (Normal) (G1 Evacuation Pause)
[2023-02-09T10:19:22.072+0000][58.857s][info ][gc,task       ] GC(48) Using 13 workers of 13 for evacuation
[2023-02-09T10:19:22.090+0000][58.875s][info ][gc,phases     ] GC(48)   Pre Evacuate Collection Set: 0.1ms
[2023-02-09T10:19:22.091+0000][58.876s][info ][gc,phases     ] GC(48)   Evacuate Collection Set: 12.4ms
[2023-02-09T10:19:22.091+0000][58.876s][info ][gc,phases     ] GC(48)   Post Evacuate Collection Set: 5.0ms
[2023-02-09T10:19:22.092+0000][58.876s][info ][gc,phases     ] GC(48)   Other: 1.1ms
[2023-02-09T10:19:22.092+0000][58.877s][info ][gc,heap       ] GC(48) Eden regions: 213->0(211)
[2023-02-09T10:19:22.093+0000][58.877s][info ][gc,heap       ] GC(48) Survivor regions: 15->16(29)
[2023-02-09T10:19:22.093+0000][58.877s][info ][gc,heap       ] GC(48) Old regions: 120->120
[2023-02-09T10:19:22.093+0000][58.878s][info ][gc,heap       ] GC(48) Humongous regions: 0->0
[2023-02-09T10:19:22.093+0000][58.878s][info ][gc,metaspace  ] GC(48) Metaspace: 146555K->146555K(1181696K)
[2023-02-09T10:19:22.094+0000][58.878s][info ][gc            ] GC(48) Pause Young (Normal) (G1 Evacuation Pause) 345M->134M(404M) 21.892ms
[2023-02-09T10:19:22.094+0000][58.879s][info ][gc,cpu        ] GC(48) User=0.21s Sys=0.01s Real=0.03s
[2023-02-09T10:19:22.095+0000][58.879s][info ][safepoint     ] Leaving safepoint region
[2023-02-09T10:19:22.095+0000][58.879s][info ][safepoint     ] Total time for which application threads were stopped: 0.0240340 seconds, Stopping threads took: 0.0005460 seconds
[2023-02-09T10:19:22.095+0000][58.880s][info ][gc,stringdedup] Concurrent String Deduplication (58.880s)
[2023-02-09T10:19:22.098+0000][58.883s][info ][gc,stringdedup] Concurrent String Deduplication 198.3K->80840.0B(119.3K) avg 53.0% (58.880s, 58.882s) 2.524ms
[2023-02-09T10:19:22.166+0000][58.951s][debug][safepoint     ] Safepoint synchronization initiated. (182 threads)
[2023-02-09T10:19:22.167+0000][58.951s][info ][safepoint     ] Application time: 0.0715847 seconds
[2023-02-09T10:19:22.167+0000][58.952s][info ][safepoint     ] Entering safepoint region: Deoptimize
[2023-02-09T10:19:22.173+0000][58.957s][debug][safepoint     ] ... found polling page return exception at pc = 0x00007f086881d084, stub =0x00007f086085a800
[2023-02-09T10:19:22.173+0000][58.957s][info ][safepoint     ] Leaving safepoint region
[2023-02-09T10:19:22.174+0000][58.958s][info ][safepoint     ] Total time for which application threads were stopped: 0.0064472 seconds, Stopping threads took: 0.0005505 seconds
[2023-02-09T10:19:22.215+0000][58.999s][debug][safepoint     ] Safepoint synchronization initiated. (182 threads)
[2023-02-09T10:19:22.215+0000][59.000s][info ][safepoint     ] Application time: 0.0410902 seconds
[2023-02-09T10:19:22.216+0000][59.001s][info ][safepoint     ] Entering safepoint region: Deoptimize
[2023-02-09T10:19:22.220+0000][59.005s][info ][safepoint     ] Leaving safepoint region
[2023-02-09T10:19:22.221+0000][59.006s][info ][safepoint     ] Total time for which application threads were stopped: 0.0054111 seconds, Stopping threads took: 0.0006173 seconds
[2023-02-09T10:19:22.223+0000][59.008s][debug][safepoint     ] Safepoint synchronization initiated. (182 threads)
[2023-02-09T10:19:22.224+0000][59.008s][info ][safepoint     ] Application time: 0.0020508 seconds
[2023-02-09T10:19:22.224+0000][59.009s][info ][safepoint     ] Entering safepoint region: Deoptimize
[2023-02-09T10:19:22.230+0000][59.014s][info ][safepoint     ] Leaving safepoint region
[2023-02-09T10:19:22.230+0000][59.015s][info ][safepoint     ] Total time for which application threads were stopped: 0.0062293 seconds, Stopping threads took: 0.0005166 seconds
[2023-02-09T10:19:22.238+0000][59.022s][debug][safepoint     ] Safepoint synchronization initiated. (182 threads)
[2023-02-09T10:19:22.238+0000][59.023s][info ][safepoint     ] Application time: 0.0074672 seconds
[2023-02-09T10:19:22.239+0000][59.023s][info ][safepoint     ] Entering safepoint region: Deoptimize
[2023-02-09T10:19:22.243+0000][59.028s][info ][safepoint     ] Leaving safepoint region
[2023-02-09T10:19:22.244+0000][59.028s][info ][safepoint     ] Total time for which application threads were stopped: 0.0050233 seconds, Stopping threads took: 0.0005980 seconds
[2023-02-09T10:19:22.346+0000][59.131s][debug][safepoint     ] Safepoint synchronization initiated. (182 threads)
[2023-02-09T10:19:22.347+0000][59.131s][info ][safepoint     ] Application time: 0.1023379 seconds
[2023-02-09T10:19:22.347+0000][59.132s][info ][safepoint     ] Entering safepoint region: Deoptimize
[2023-02-09T10:19:22.352+0000][59.136s][info ][safepoint     ] Leaving safepoint region
[2023-02-09T10:19:22.352+0000][59.137s][info ][safepoint     ] Total time for which application threads were stopped: 0.0053011 seconds, Stopping threads took: 0.0006159 seconds
[2023-02-09T10:19:22.363+0000][59.148s][debug][safepoint     ] Safepoint synchronization initiated. (182 threads)
[2023-02-09T10:19:22.364+0000][59.149s][info ][safepoint     ] Application time: 0.0111793 seconds
[2023-02-09T10:19:22.364+0000][59.149s][info ][safepoint     ] Entering safepoint region: Deoptimize
[2023-02-09T10:19:22.368+0000][59.152s][info ][safepoint     ] Leaving safepoint region
[2023-02-09T10:19:22.368+0000][59.153s][info ][safepoint     ] Total time for which application threads were stopped: 0.0039884 seconds, Stopping threads took: 0.0005135 seconds
[2023-02-09T10:19:22.409+0000][59.194s][debug][safepoint     ] Safepoint synchronization initiated. (182 threads)
[2023-02-09T10:19:22.410+0000][59.194s][info ][safepoint     ] Application time: 0.0412500 seconds
[2023-02-09T10:19:22.410+0000][59.195s][info ][safepoint     ] Entering safepoint region: Deoptimize
[2023-02-09T10:19:22.413+0000][59.198s][info ][safepoint     ] Leaving safepoint region
[2023-02-09T10:19:22.414+0000][59.198s][info ][safepoint     ] Total time for which application threads were stopped: 0.0036803 seconds, Stopping threads took: 0.0003367 seconds
[2023-02-09T10:19:23.149+0000][59.933s][debug][safepoint     ] Safepoint synchronization initiated. (183 threads)
[2023-02-09T10:19:23.150+0000][59.935s][info ][safepoint     ] Application time: 0.7360019 seconds
[2023-02-09T10:19:23.151+0000][59.935s][debug][safepoint     ] Waiting for 3 thread(s) to block
[2023-02-09T10:19:23.152+0000][59.936s][info ][safepoint     ] Entering safepoint region: ICBufferFull
[2023-02-09T10:19:23.153+0000][59.937s][info ][safepoint     ] Leaving safepoint region
[2023-02-09T10:19:23.153+0000][59.938s][info ][safepoint     ] Total time for which application threads were stopped: 0.0026426 seconds, Stopping threads took: 0.0017889 seconds
[2023-02-09T10:19:24.154+0000][60.939s][debug][safepoint     ] Safepoint synchronization initiated. (181 threads)
[2023-02-09T10:19:24.155+0000][60.939s][info ][safepoint     ] Application time: 1.0013590 seconds
[2023-02-09T10:19:24.155+0000][60.940s][info ][safepoint     ] Entering safepoint region: Cleanup
[2023-02-09T10:19:24.157+0000][60.941s][info ][safepoint     ] Leaving safepoint region
[2023-02-09T10:19:24.157+0000][60.942s][info ][safepoint     ] Total time for which application threads were stopped: 0.0021439 seconds, Stopping threads took: 0.0006134 seconds
[2023-02-09T10:19:25.158+0000][61.943s][debug][safepoint     ] Safepoint synchronization initiated. (181 threads)
[2023-02-09T10:19:25.159+0000][61.944s][info ][safepoint     ] Application time: 1.0013773 seconds
[2023-02-09T10:19:25.160+0000][61.945s][info ][safepoint     ] Entering safepoint region: Cleanup
[2023-02-09T10:19:25.162+0000][61.946s][info ][safepoint     ] Leaving safepoint region
[2023-02-09T10:19:25.162+0000][61.947s][info ][safepoint     ] Total time for which application threads were stopped: 0.0023309 seconds, Stopping threads took: 0.0008074 seconds
[2023-02-09T10:19:26.163+0000][62.948s][debug][safepoint     ] Safepoint synchronization initiated. (178 threads)
[2023-02-09T10:19:26.164+0000][62.949s][info ][safepoint     ] Application time: 1.0014420 seconds
[2023-02-09T10:19:26.165+0000][62.950s][info ][safepoint     ] Entering safepoint region: Cleanup
[2023-02-09T10:19:26.166+0000][62.951s][info ][safepoint     ] Leaving safepoint region
[2023-02-09T10:19:26.167+0000][62.952s][info ][safepoint     ] Total time for which application threads were stopped: 0.0020677 seconds, Stopping threads took: 0.0005846 seconds
[2023-02-09T10:19:27.168+0000][63.952s][debug][safepoint     ] Safepoint synchronization initiated. (177 threads)
[2023-02-09T10:19:27.168+0000][63.953s][info ][safepoint     ] Application time: 1.0010147 seconds
[2023-02-09T10:19:27.169+0000][63.954s][info ][safepoint     ] Entering safepoint region: Cleanup
[2023-02-09T10:19:27.171+0000][63.955s][info ][safepoint     ] Leaving safepoint region
[2023-02-09T10:19:27.172+0000][63.957s][info ][safepoint     ] Total time for which application threads were stopped: 0.0032462 seconds, Stopping threads took: 0.0005806 seconds
[2023-02-09T10:19:27.171+0000][63.955s][debug][safepoint     ] ... found polling page return exception at pc = 0x00007f086881d084, stub =0x00007f086085a800
[2023-02-09T10:19:28.173+0000][64.958s][debug][safepoint     ] Safepoint synchronization initiated. (175 threads)
[2023-02-09T10:19:28.174+0000][64.959s][info ][safepoint     ] Application time: 1.0013628 seconds
[2023-02-09T10:19:28.175+0000][64.960s][info ][safepoint     ] Entering safepoint region: Cleanup
[2023-02-09T10:19:28.176+0000][64.961s][info ][safepoint     ] Leaving safepoint region
[2023-02-09T10:19:28.177+0000][64.961s][info ][safepoint     ] Total time for which application threads were stopped: 0.0020102 seconds, Stopping threads took: 0.0006143 seconds
[2023-02-09T10:19:29.178+0000][65.963s][debug][safepoint     ] Safepoint synchronization initiated. (175 threads)
[2023-02-09T10:19:29.179+0000][65.963s][info ][safepoint     ] Application time: 1.0014309 seconds
[2023-02-09T10:19:29.180+0000][65.964s][info ][safepoint     ] Entering safepoint region: Cleanup
[2023-02-09T10:19:29.182+0000][65.966s][info ][safepoint     ] Leaving safepoint region
[2023-02-09T10:19:29.182+0000][65.967s][info ][safepoint     ] Total time for which application threads were stopped: 0.0029549 seconds, Stopping threads took: 0.0011017 seconds
[2023-02-09T10:19:30.183+0000][66.968s][debug][safepoint     ] Safepoint synchronization initiated. (175 threads)
[2023-02-09T10:19:30.184+0000][66.969s][info ][safepoint     ] Application time: 1.0011099 seconds
[2023-02-09T10:19:30.185+0000][66.970s][info ][safepoint     ] Entering safepoint region: Cleanup
[2023-02-09T10:19:30.186+0000][66.971s][info ][safepoint     ] Leaving safepoint region
[2023-02-09T10:19:30.187+0000][66.972s][info ][safepoint     ] Total time for which application threads were stopped: 0.0021259 seconds, Stopping threads took: 0.0006945 seconds
[2023-02-09T10:19:31.188+0000][67.972s][debug][safepoint     ] Safepoint synchronization initiated. (175 threads)
[2023-02-09T10:19:31.189+0000][67.974s][info ][safepoint     ] Application time: 1.0017010 seconds
[2023-02-09T10:19:31.190+0000][67.974s][info ][safepoint     ] Entering safepoint region: Cleanup
[2023-02-09T10:19:31.191+0000][67.976s][info ][safepoint     ] Leaving safepoint region
[2023-02-09T10:19:31.192+0000][67.976s][info ][safepoint     ] Total time for which application threads were stopped: 0.0020069 seconds, Stopping threads took: 0.0006157 seconds
[2023-02-09T10:19:32.193+0000][68.978s][debug][safepoint     ] Safepoint synchronization initiated. (175 threads)
[2023-02-09T10:19:32.239+0000][69.024s][info ][safepoint     ] Application time: 1.0465328 seconds
[2023-02-09T10:19:32.240+0000][69.024s][info ][safepoint     ] Entering safepoint region: Cleanup
[2023-02-09T10:19:32.241+0000][69.026s][info ][safepoint     ] Leaving safepoint region
[2023-02-09T10:19:32.242+0000][69.026s][info ][safepoint     ] Total time for which application threads were stopped: 0.0020528 seconds, Stopping threads took: 0.0006591 seconds
[2023-02-09T10:19:33.243+0000][70.027s][debug][safepoint     ] Safepoint synchronization initiated. (175 threads)
[2023-02-09T10:19:33.244+0000][70.029s][info ][safepoint     ] Application time: 1.0020011 seconds
[2023-02-09T10:19:33.245+0000][70.029s][info ][safepoint     ] Entering safepoint region: Cleanup
[2023-02-09T10:19:33.246+0000][70.031s][info ][safepoint     ] Leaving safepoint region
[2023-02-09T10:19:33.247+0000][70.032s][info ][safepoint     ] Total time for which application threads were stopped: 0.0023888 seconds, Stopping threads took: 0.0006676 seconds
[2023-02-09T10:19:34.248+0000][71.033s][debug][safepoint     ] Safepoint synchronization initiated. (175 threads)
[2023-02-09T10:19:34.249+0000][71.033s][info ][safepoint     ] Application time: 1.0010620 seconds
[2023-02-09T10:19:34.249+0000][71.034s][info ][safepoint     ] Entering safepoint region: Cleanup
[2023-02-09T10:19:34.251+0000][71.036s][info ][safepoint     ] Leaving safepoint region
[2023-02-09T10:19:34.252+0000][71.036s][info ][safepoint     ] Total time for which application threads were stopped: 0.0022596 seconds, Stopping threads took: 0.0006814 seconds
[2023-02-09T10:19:35.253+0000][72.037s][debug][safepoint     ] Safepoint synchronization initiated. (175 threads)
[2023-02-09T10:19:35.253+0000][72.038s][info ][safepoint     ] Application time: 1.0010991 seconds
[2023-02-09T10:19:35.254+0000][72.038s][info ][safepoint     ] Entering safepoint region: Cleanup
[2023-02-09T10:19:35.255+0000][72.040s][info ][safepoint     ] Leaving safepoint region
[2023-02-09T10:19:35.255+0000][72.040s][info ][safepoint     ] Total time for which application threads were stopped: 0.0017277 seconds, Stopping threads took: 0.0004847 seconds
[2023-02-09T10:19:36.256+0000][73.041s][debug][safepoint     ] Safepoint synchronization initiated. (176 threads)
[2023-02-09T10:19:36.257+0000][73.042s][info ][safepoint     ] Application time: 1.0010917 seconds
[2023-02-09T10:19:36.258+0000][73.042s][info ][safepoint     ] Entering safepoint region: Cleanup
[2023-02-09T10:19:36.259+0000][73.044s][info ][safepoint     ] Leaving safepoint region
[2023-02-09T10:19:36.260+0000][73.045s][info ][safepoint     ] Total time for which application threads were stopped: 0.0021901 seconds, Stopping threads took: 0.0006957 seconds
[2023-02-09T10:19:37.261+0000][74.045s][debug][safepoint     ] Safepoint synchronization initiated. (176 threads)
[2023-02-09T10:19:37.261+0000][74.046s][info ][safepoint     ] Application time: 1.0008257 seconds
[2023-02-09T10:19:37.262+0000][74.047s][info ][safepoint     ] Entering safepoint region: Cleanup
[2023-02-09T10:19:37.264+0000][74.048s][info ][safepoint     ] Leaving safepoint region
[2023-02-09T10:19:37.264+0000][74.049s][info ][safepoint     ] Total time for which application threads were stopped: 0.0024885 seconds, Stopping threads took: 0.0006475 seconds
[2023-02-09T10:19:38.265+0000][75.050s][debug][safepoint     ] Safepoint synchronization initiated. (176 threads)
[2023-02-09T10:19:38.266+0000][75.051s][info ][safepoint     ] Application time: 1.0010705 seconds
[2023-02-09T10:19:38.267+0000][75.051s][debug][safepoint     ] ... found polling page return exception at pc = 0x00007f086881d084, stub =0x00007f086085a800
[2023-02-09T10:19:38.268+0000][75.052s][debug][safepoint     ] Waiting for 2 thread(s) to block
[2023-02-09T10:19:38.269+0000][75.053s][info ][safepoint     ] Entering safepoint region: Cleanup
[2023-02-09T10:19:38.270+0000][75.055s][info ][safepoint     ] Leaving safepoint region
[2023-02-09T10:19:38.271+0000][75.055s][info ][safepoint     ] Total time for which application threads were stopped: 0.0037972 seconds, Stopping threads took: 0.0023833 seconds
[2023-02-09T10:19:39.272+0000][76.056s][debug][safepoint     ] Safepoint synchronization initiated. (176 threads)
[2023-02-09T10:19:39.272+0000][76.057s][info ][safepoint     ] Application time: 1.0013071 seconds
[2023-02-09T10:19:39.273+0000][76.058s][info ][safepoint     ] Entering safepoint region: Cleanup
[2023-02-09T10:19:39.275+0000][76.059s][info ][safepoint     ] Leaving safepoint region
[2023-02-09T10:19:39.275+0000][76.060s][info ][safepoint     ] Total time for which application threads were stopped: 0.0022245 seconds, Stopping threads took: 0.0008940 seconds
[2023-02-09T10:19:40.277+0000][77.062s][debug][safepoint     ] Safepoint synchronization initiated. (176 threads)
[2023-02-09T10:19:40.278+0000][77.062s][info ][safepoint     ] Application time: 1.0010081 seconds
[2023-02-09T10:19:40.278+0000][77.063s][info ][safepoint     ] Entering safepoint region: Cleanup
[2023-02-09T10:19:40.280+0000][77.064s][info ][safepoint     ] Leaving safepoint region
[2023-02-09T10:19:40.281+0000][77.065s][info ][safepoint     ] Total time for which application threads were stopped: 0.0024335 seconds, Stopping threads took: 0.0006349 seconds
[2023-02-09T10:19:41.282+0000][78.067s][debug][safepoint     ] Safepoint synchronization initiated. (176 threads)
[2023-02-09T10:19:41.283+0000][78.068s][info ][safepoint     ] Application time: 1.0013466 seconds
[2023-02-09T10:19:41.284+0000][78.069s][info ][safepoint     ] Entering safepoint region: Cleanup
[2023-02-09T10:19:41.286+0000][78.070s][info ][safepoint     ] Leaving safepoint region
[2023-02-09T10:19:41.286+0000][78.071s][info ][safepoint     ] Total time for which application threads were stopped: 0.0024385 seconds, Stopping threads took: 0.0008952 seconds
[2023-02-09T10:19:42.287+0000][79.072s][debug][safepoint     ] Safepoint synchronization initiated. (177 threads)
[2023-02-09T10:19:42.288+0000][79.072s][info ][safepoint     ] Application time: 1.0009158 seconds
[2023-02-09T10:19:42.289+0000][79.073s][info ][safepoint     ] Entering safepoint region: Cleanup
[2023-02-09T10:19:42.290+0000][79.074s][info ][safepoint     ] Leaving safepoint region
[2023-02-09T10:19:42.290+0000][79.075s][info ][safepoint     ] Total time for which application threads were stopped: 0.0020445 seconds, Stopping threads took: 0.0008174 seconds
[2023-02-09T10:19:43.291+0000][80.076s][debug][safepoint     ] Safepoint synchronization initiated. (177 threads)
[2023-02-09T10:19:43.292+0000][80.077s][info ][safepoint     ] Application time: 1.0014643 seconds
[2023-02-09T10:19:43.293+0000][80.077s][info ][safepoint     ] Entering safepoint region: Cleanup
[2023-02-09T10:19:43.294+0000][80.079s][info ][safepoint     ] Leaving safepoint region
[2023-02-09T10:19:43.295+0000][80.080s][info ][safepoint     ] Total time for which application threads were stopped: 0.0021317 seconds, Stopping threads took: 0.0006516 seconds
[2023-02-09T10:19:44.296+0000][81.081s][debug][safepoint     ] Safepoint synchronization initiated. (177 threads)
[2023-02-09T10:19:44.297+0000][81.082s][info ][safepoint     ] Application time: 1.0014430 seconds
[2023-02-09T10:19:44.298+0000][81.082s][info ][safepoint     ] Entering safepoint region: Cleanup
[2023-02-09T10:19:44.299+0000][81.084s][info ][safepoint     ] Leaving safepoint region
[2023-02-09T10:19:44.300+0000][81.084s][info ][safepoint     ] Total time for which application threads were stopped: 0.0023934 seconds, Stopping threads took: 0.0007215 seconds
[2023-02-09T10:19:45.301+0000][82.086s][debug][safepoint     ] Safepoint synchronization initiated. (177 threads)
[2023-02-09T10:19:45.302+0000][82.086s][info ][safepoint     ] Application time: 1.0013762 seconds
[2023-02-09T10:19:45.303+0000][82.087s][info ][safepoint     ] Entering safepoint region: Cleanup
[2023-02-09T10:19:45.304+0000][82.089s][info ][safepoint     ] Leaving safepoint region
[2023-02-09T10:19:45.305+0000][82.089s][info ][safepoint     ] Total time for which application threads were stopped: 0.0023032 seconds, Stopping threads took: 0.0006954 seconds
[2023-02-09T10:19:46.306+0000][83.090s][debug][safepoint     ] Safepoint synchronization initiated. (176 threads)
[2023-02-09T10:19:46.306+0000][83.091s][info ][safepoint     ] Application time: 1.0010448 seconds
[2023-02-09T10:19:46.307+0000][83.091s][info ][safepoint     ] Entering safepoint region: Cleanup
[2023-02-09T10:19:46.308+0000][83.092s][info ][safepoint     ] Leaving safepoint region
[2023-02-09T10:19:46.308+0000][83.093s][info ][safepoint     ] Total time for which application threads were stopped: 0.0014415 seconds, Stopping threads took: 0.0005665 seconds
[2023-02-09T10:19:47.309+0000][84.094s][debug][safepoint     ] Safepoint synchronization initiated. (176 threads)
[2023-02-09T10:19:47.310+0000][84.094s][info ][safepoint     ] Application time: 1.0013816 seconds
[2023-02-09T10:19:47.311+0000][84.095s][info ][safepoint     ] Entering safepoint region: Cleanup
[2023-02-09T10:19:47.312+0000][84.097s][info ][safepoint     ] Leaving safepoint region
[2023-02-09T10:19:47.312+0000][84.097s][info ][safepoint     ] Total time for which application threads were stopped: 0.0019812 seconds, Stopping threads took: 0.0006409 seconds
[2023-02-09T10:19:48.313+0000][85.098s][debug][safepoint     ] Safepoint synchronization initiated. (176 threads)
[2023-02-09T10:19:48.314+0000][85.099s][info ][safepoint     ] Application time: 1.0010763 seconds
[2023-02-09T10:19:48.315+0000][85.099s][info ][safepoint     ] Entering safepoint region: Cleanup
[2023-02-09T10:19:48.316+0000][85.101s][info ][safepoint     ] Leaving safepoint region
[2023-02-09T10:19:48.317+0000][85.101s][info ][safepoint     ] Total time for which application threads were stopped: 0.0021425 seconds, Stopping threads took: 0.0006494 seconds
[2023-02-09T10:19:49.318+0000][86.103s][debug][safepoint     ] Safepoint synchronization initiated. (176 threads)
[2023-02-09T10:19:49.319+0000][86.103s][info ][safepoint     ] Application time: 1.0012697 seconds
[2023-02-09T10:19:49.319+0000][86.104s][info ][safepoint     ] Entering safepoint region: Cleanup
[2023-02-09T10:19:49.321+0000][86.105s][info ][safepoint     ] Leaving safepoint region
[2023-02-09T10:19:49.321+0000][86.106s][info ][safepoint     ] Total time for which application threads were stopped: 0.0020006 seconds, Stopping threads took: 0.0006156 seconds
[2023-02-09T10:19:50.323+0000][87.107s][debug][safepoint     ] Safepoint synchronization initiated. (176 threads)
[2023-02-09T10:19:50.323+0000][87.108s][info ][safepoint     ] Application time: 1.0014656 seconds
[2023-02-09T10:19:50.324+0000][87.109s][info ][safepoint     ] Entering safepoint region: Cleanup
[2023-02-09T10:19:50.326+0000][87.110s][info ][safepoint     ] Leaving safepoint region
[2023-02-09T10:19:50.327+0000][87.111s][info ][safepoint     ] Total time for which application threads were stopped: 0.0025115 seconds, Stopping threads took: 0.0006716 seconds
[2023-02-09T10:19:51.327+0000][88.112s][debug][safepoint     ] Safepoint synchronization initiated. (176 threads)
[2023-02-09T10:19:51.328+0000][88.112s][info ][safepoint     ] Application time: 1.0008516 seconds
[2023-02-09T10:19:51.329+0000][88.113s][info ][safepoint     ] Entering safepoint region: Cleanup
[2023-02-09T10:19:51.330+0000][88.114s][info ][safepoint     ] Leaving safepoint region
[2023-02-09T10:19:51.330+0000][88.115s][info ][safepoint     ] Total time for which application threads were stopped: 0.0020088 seconds, Stopping threads took: 0.0004992 seconds
[2023-02-09T10:19:52.331+0000][89.116s][debug][safepoint     ] Safepoint synchronization initiated. (176 threads)
[2023-02-09T10:19:52.332+0000][89.117s][info ][safepoint     ] Application time: 1.0013933 seconds
[2023-02-09T10:19:52.333+0000][89.117s][info ][safepoint     ] Entering safepoint region: Cleanup
[2023-02-09T10:19:52.334+0000][89.119s][info ][safepoint     ] Leaving safepoint region
[2023-02-09T10:19:52.335+0000][89.119s][info ][safepoint     ] Total time for which application threads were stopped: 0.0021387 seconds, Stopping threads took: 0.0006522 seconds
[2023-02-09T10:19:53.336+0000][90.120s][debug][safepoint     ] Safepoint synchronization initiated. (176 threads)
[2023-02-09T10:19:53.337+0000][90.121s][info ][safepoint     ] Application time: 1.0014035 seconds
[2023-02-09T10:19:53.338+0000][90.122s][info ][safepoint     ] Entering safepoint region: Cleanup
[2023-02-09T10:19:53.339+0000][90.123s][info ][safepoint     ] Leaving safepoint region
[2023-02-09T10:19:53.339+0000][90.124s][info ][safepoint     ] Total time for which application threads were stopped: 0.0020905 seconds, Stopping threads took: 0.0006490 seconds
[2023-02-09T10:19:54.341+0000][91.125s][debug][safepoint     ] Safepoint synchronization initiated. (176 threads)
[2023-02-09T10:19:54.341+0000][91.126s][info ][safepoint     ] Application time: 1.0013299 seconds
[2023-02-09T10:19:54.342+0000][91.126s][info ][safepoint     ] Entering safepoint region: Cleanup
[2023-02-09T10:19:54.343+0000][91.128s][info ][safepoint     ] Leaving safepoint region
[2023-02-09T10:19:54.344+0000][91.128s][info ][safepoint     ] Total time for which application threads were stopped: 0.0020067 seconds, Stopping threads took: 0.0006034 seconds
[2023-02-09T10:19:55.345+0000][92.129s][debug][safepoint     ] Safepoint synchronization initiated. (176 threads)
[2023-02-09T10:19:55.346+0000][92.130s][info ][safepoint     ] Application time: 1.0012992 seconds
[2023-02-09T10:19:55.346+0000][92.131s][info ][safepoint     ] Entering safepoint region: Cleanup
[2023-02-09T10:19:55.348+0000][92.132s][info ][safepoint     ] Leaving safepoint region
[2023-02-09T10:19:55.348+0000][92.133s][info ][safepoint     ] Total time for which application threads were stopped: 0.0020607 seconds, Stopping threads took: 0.0006482 seconds
[2023-02-09T10:19:56.350+0000][93.134s][debug][safepoint     ] Safepoint synchronization initiated. (176 threads)
[2023-02-09T10:19:56.351+0000][93.135s][info ][safepoint     ] Application time: 1.0020293 seconds
[2023-02-09T10:19:56.351+0000][93.136s][info ][safepoint     ] Entering safepoint region: Cleanup
[2023-02-09T10:19:56.353+0000][93.137s][info ][safepoint     ] Leaving safepoint region
[2023-02-09T10:19:56.353+0000][93.138s][info ][safepoint     ] Total time for which application threads were stopped: 0.0020547 seconds, Stopping threads took: 0.0006063 seconds
[2023-02-09T10:19:57.355+0000][94.139s][debug][safepoint     ] Safepoint synchronization initiated. (176 threads)
[2023-02-09T10:19:57.355+0000][94.140s][info ][safepoint     ] Application time: 1.0012737 seconds
[2023-02-09T10:19:57.356+0000][94.140s][info ][safepoint     ] Entering safepoint region: Cleanup
[2023-02-09T10:19:57.357+0000][94.142s][info ][safepoint     ] Leaving safepoint region
[2023-02-09T10:19:57.358+0000][94.142s][info ][safepoint     ] Total time for which application threads were stopped: 0.0021326 seconds, Stopping threads took: 0.0006674 seconds
[2023-02-09T10:19:58.359+0000][95.144s][debug][safepoint     ] Safepoint synchronization initiated. (176 threads)
[2023-02-09T10:19:58.360+0000][95.144s][info ][safepoint     ] Application time: 1.0012561 seconds
[2023-02-09T10:19:58.360+0000][95.145s][info ][safepoint     ] Entering safepoint region: Cleanup
[2023-02-09T10:19:58.362+0000][95.146s][info ][safepoint     ] Leaving safepoint region
[2023-02-09T10:19:58.363+0000][95.147s][info ][safepoint     ] Total time for which application threads were stopped: 0.0021807 seconds, Stopping threads took: 0.0005141 seconds
[2023-02-09T10:19:59.363+0000][96.148s][debug][safepoint     ] Safepoint synchronization initiated. (176 threads)
[2023-02-09T10:19:59.364+0000][96.149s][info ][safepoint     ] Application time: 1.0012188 seconds
[2023-02-09T10:19:59.365+0000][96.150s][info ][safepoint     ] Entering safepoint region: Cleanup
[2023-02-09T10:19:59.367+0000][96.152s][info ][safepoint     ] Leaving safepoint region
[2023-02-09T10:19:59.368+0000][96.152s][info ][safepoint     ] Total time for which application threads were stopped: 0.0030394 seconds, Stopping threads took: 0.0012322 seconds
[2023-02-09T10:20:00.369+0000][97.153s][debug][safepoint     ] Safepoint synchronization initiated. (176 threads)
[2023-02-09T10:20:00.369+0000][97.154s][info ][safepoint     ] Application time: 1.0009319 seconds
[2023-02-09T10:20:00.370+0000][97.154s][info ][safepoint     ] Entering safepoint region: Cleanup
[2023-02-09T10:20:00.371+0000][97.155s][info ][safepoint     ] Leaving safepoint region
[2023-02-09T10:20:00.371+0000][97.155s][info ][safepoint     ] Total time for which application threads were stopped: 0.0012237 seconds, Stopping threads took: 0.0003373 seconds
[2023-02-09T10:20:01.372+0000][98.156s][debug][safepoint     ] Safepoint synchronization initiated. (176 threads)
[2023-02-09T10:20:01.373+0000][98.157s][info ][safepoint     ] Application time: 1.0014208 seconds
[2023-02-09T10:20:01.374+0000][98.158s][info ][safepoint     ] Entering safepoint region: Cleanup
[2023-02-09T10:20:01.375+0000][98.160s][info ][safepoint     ] Leaving safepoint region
[2023-02-09T10:20:01.376+0000][98.161s][info ][safepoint     ] Total time for which application threads were stopped: 0.0027488 seconds, Stopping threads took: 0.0008123 seconds
[2023-02-09T10:20:02.378+0000][99.162s][debug][safepoint     ] Safepoint synchronization initiated. (176 threads)
[2023-02-09T10:20:02.378+0000][99.163s][info ][safepoint     ] Application time: 1.0014806 seconds
[2023-02-09T10:20:02.379+0000][99.164s][info ][safepoint     ] Entering safepoint region: Cleanup
[2023-02-09T10:20:02.381+0000][99.165s][info ][safepoint     ] Leaving safepoint region
[2023-02-09T10:20:02.381+0000][99.166s][info ][safepoint     ] Total time for which application threads were stopped: 0.0022316 seconds, Stopping threads took: 0.0006476 seconds
[2023-02-09T10:20:03.382+0000][100.167s][debug][safepoint     ] Safepoint synchronization initiated. (176 threads)
[2023-02-09T10:20:03.383+0000][100.168s][info ][safepoint     ] Application time: 1.0016563 seconds
[2023-02-09T10:20:03.385+0000][100.169s][info ][safepoint     ] Entering safepoint region: Cleanup
[2023-02-09T10:20:03.386+0000][100.171s][info ][safepoint     ] Leaving safepoint region
[2023-02-09T10:20:03.387+0000][100.172s][info ][safepoint     ] Total time for which application threads were stopped: 0.0028042 seconds, Stopping threads took: 0.0011735 seconds
[2023-02-09T10:20:04.388+0000][101.173s][debug][safepoint     ] Safepoint synchronization initiated. (176 threads)
[2023-02-09T10:20:04.389+0000][101.173s][info ][safepoint     ] Application time: 1.0010100 seconds
[2023-02-09T10:20:04.390+0000][101.174s][debug][safepoint     ] ... found polling page return exception at pc = 0x00007f0868be6887, stub =0x00007f086085a800
[2023-02-09T10:20:04.390+0000][101.174s][debug][safepoint     ] ... found polling page return exception at pc = 0x00007f0868b13728, stub =0x00007f086085a800
[2023-02-09T10:20:04.391+0000][101.176s][debug][safepoint     ] Waiting for 2 thread(s) to block
[2023-02-09T10:20:04.392+0000][101.177s][info ][safepoint     ] Entering safepoint region: Cleanup
[2023-02-09T10:20:04.394+0000][101.178s][info ][safepoint     ] Leaving safepoint region
[2023-02-09T10:20:04.394+0000][101.179s][info ][safepoint     ] Total time for which application threads were stopped: 0.0045860 seconds, Stopping threads took: 0.0029495 seconds
[2023-02-09T10:20:05.395+0000][102.180s][debug][safepoint     ] Safepoint synchronization initiated. (176 threads)
[2023-02-09T10:20:05.396+0000][102.180s][info ][safepoint     ] Application time: 1.0010365 seconds
[2023-02-09T10:20:05.397+0000][102.181s][info ][safepoint     ] Entering safepoint region: Cleanup
[2023-02-09T10:20:05.398+0000][102.182s][info ][safepoint     ] Leaving safepoint region
[2023-02-09T10:20:05.398+0000][102.183s][info ][safepoint     ] Total time for which application threads were stopped: 0.0016492 seconds, Stopping threads took: 0.0005114 seconds
[2023-02-09T10:20:06.399+0000][103.183s][debug][safepoint     ] Safepoint synchronization initiated. (176 threads)
[2023-02-09T10:20:06.400+0000][103.184s][info ][safepoint     ] Application time: 1.0013617 seconds
[2023-02-09T10:20:06.401+0000][103.185s][info ][safepoint     ] Entering safepoint region: Cleanup
[2023-02-09T10:20:06.402+0000][103.187s][info ][safepoint     ] Leaving safepoint region
[2023-02-09T10:20:06.403+0000][103.187s][info ][safepoint     ] Total time for which application threads were stopped: 0.0021663 seconds, Stopping threads took: 0.0006671 seconds
[2023-02-09T10:20:07.404+0000][104.188s][debug][safepoint     ] Safepoint synchronization initiated. (176 threads)
[2023-02-09T10:20:07.405+0000][104.190s][info ][safepoint     ] Application time: 1.0016105 seconds
[2023-02-09T10:20:07.407+0000][104.191s][info ][safepoint     ] Entering safepoint region: Cleanup
[2023-02-09T10:20:07.408+0000][104.193s][info ][safepoint     ] Leaving safepoint region
[2023-02-09T10:20:07.409+0000][104.193s][info ][safepoint     ] Total time for which application threads were stopped: 0.0025620 seconds, Stopping threads took: 0.0009427 seconds
[2023-02-09T10:20:08.410+0000][105.194s][debug][safepoint     ] Safepoint synchronization initiated. (175 threads)
[2023-02-09T10:20:08.410+0000][105.195s][info ][safepoint     ] Application time: 1.0010272 seconds
[2023-02-09T10:20:08.411+0000][105.196s][info ][safepoint     ] Entering safepoint region: Cleanup
[2023-02-09T10:20:08.412+0000][105.197s][info ][safepoint     ] Leaving safepoint region
[2023-02-09T10:20:08.413+0000][105.198s][info ][safepoint     ] Total time for which application threads were stopped: 0.0024244 seconds, Stopping threads took: 0.0006144 seconds
[2023-02-09T10:20:09.414+0000][106.199s][debug][safepoint     ] Safepoint synchronization initiated. (175 threads)
[2023-02-09T10:20:09.415+0000][106.199s][info ][safepoint     ] Application time: 1.0008798 seconds
[2023-02-09T10:20:09.415+0000][106.200s][info ][safepoint     ] Entering safepoint region: Cleanup
[2023-02-09T10:20:09.417+0000][106.201s][info ][safepoint     ] Leaving safepoint region
[2023-02-09T10:20:09.418+0000][106.202s][info ][safepoint     ] Total time for which application threads were stopped: 0.0022613 seconds, Stopping threads took: 0.0008391 seconds
[2023-02-09T10:20:10.418+0000][107.203s][debug][safepoint     ] Safepoint synchronization initiated. (175 threads)
[2023-02-09T10:20:10.419+0000][107.203s][info ][safepoint     ] Application time: 1.0008649 seconds
[2023-02-09T10:20:10.419+0000][107.204s][info ][safepoint     ] Entering safepoint region: Cleanup
[2023-02-09T10:20:10.420+0000][107.205s][info ][safepoint     ] Leaving safepoint region
[2023-02-09T10:20:10.421+0000][107.205s][info ][safepoint     ] Total time for which application threads were stopped: 0.0015704 seconds, Stopping threads took: 0.0004797 seconds
[2023-02-09T10:20:11.421+0000][108.206s][debug][safepoint     ] Safepoint synchronization initiated. (175 threads)
[2023-02-09T10:20:11.422+0000][108.207s][info ][safepoint     ] Application time: 1.0008717 seconds
[2023-02-09T10:20:11.423+0000][108.207s][info ][safepoint     ] Entering safepoint region: Cleanup
[2023-02-09T10:20:11.424+0000][108.208s][info ][safepoint     ] Leaving safepoint region
[2023-02-09T10:20:11.424+0000][108.208s][info ][safepoint     ] Total time for which application threads were stopped: 0.0013896 seconds, Stopping threads took: 0.0004637 seconds
[2023-02-09T10:20:12.424+0000][109.209s][debug][safepoint     ] Safepoint synchronization initiated. (175 threads)
[2023-02-09T10:20:12.425+0000][109.210s][info ][safepoint     ] Application time: 1.0009741 seconds
[2023-02-09T10:20:12.426+0000][109.210s][info ][safepoint     ] Entering safepoint region: Cleanup
[2023-02-09T10:20:12.427+0000][109.212s][info ][safepoint     ] Leaving safepoint region
[2023-02-09T10:20:12.428+0000][109.212s][info ][safepoint     ] Total time for which application threads were stopped: 0.0021570 seconds, Stopping threads took: 0.0006492 seconds
[2023-02-09T10:20:13.429+0000][110.213s][debug][safepoint     ] Safepoint synchronization initiated. (175 threads)
[2023-02-09T10:20:13.430+0000][110.215s][info ][safepoint     ] Application time: 1.0017307 seconds
[2023-02-09T10:20:13.431+0000][110.216s][info ][safepoint     ] Entering safepoint region: Cleanup
[2023-02-09T10:20:13.433+0000][110.217s][info ][safepoint     ] Leaving safepoint region
[2023-02-09T10:20:13.433+0000][110.218s][info ][safepoint     ] Total time for which application threads were stopped: 0.0022862 seconds, Stopping threads took: 0.0006256 seconds
[2023-02-09T10:20:14.434+0000][111.219s][debug][safepoint     ] Safepoint synchronization initiated. (175 threads)
[2023-02-09T10:20:14.435+0000][111.220s][info ][safepoint     ] Application time: 1.0013341 seconds
[2023-02-09T10:20:14.436+0000][111.220s][info ][safepoint     ] Entering safepoint region: Cleanup
[2023-02-09T10:20:14.437+0000][111.222s][info ][safepoint     ] Leaving safepoint region
[2023-02-09T10:20:14.438+0000][111.222s][info ][safepoint     ] Total time for which application threads were stopped: 0.0021219 seconds, Stopping threads took: 0.0006870 seconds
[2023-02-09T10:20:15.438+0000][112.223s][debug][safepoint     ] Safepoint synchronization initiated. (175 threads)
[2023-02-09T10:20:15.439+0000][112.224s][info ][safepoint     ] Application time: 1.0009853 seconds
[2023-02-09T10:20:15.440+0000][112.224s][debug][safepoint     ] ... found polling page return exception at pc = 0x00007f0863972162, stub =0x00007f086085a800
[2023-02-09T10:20:15.441+0000][112.225s][debug][safepoint     ] Waiting for 1 thread(s) to block
[2023-02-09T10:20:15.441+0000][112.226s][info ][safepoint     ] Entering safepoint region: Cleanup
[2023-02-09T10:20:15.443+0000][112.228s][info ][safepoint     ] Leaving safepoint region
[2023-02-09T10:20:15.444+0000][112.228s][info ][safepoint     ] Total time for which application threads were stopped: 0.0040655 seconds, Stopping threads took: 0.0022616 seconds
[2023-02-09T10:20:16.445+0000][113.230s][debug][safepoint     ] Safepoint synchronization initiated. (175 threads)
[2023-02-09T10:20:16.446+0000][113.231s][info ][safepoint     ] Application time: 1.0016166 seconds
[2023-02-09T10:20:16.447+0000][113.231s][info ][safepoint     ] Entering safepoint region: Cleanup
[2023-02-09T10:20:16.448+0000][113.232s][debug][safepoint     ] ... found polling page return exception at pc = 0x00007f086881d084, stub =0x00007f086085a800
[2023-02-09T10:20:16.448+0000][113.232s][debug][safepoint     ] ... found polling page return exception at pc = 0x00007f086881d084, stub =0x00007f086085a800
[2023-02-09T10:20:16.448+0000][113.232s][debug][safepoint     ] ... found polling page return exception at pc = 0x00007f086881d084, stub =0x00007f086085a800
[2023-02-09T10:20:16.448+0000][113.232s][debug][safepoint     ] ... found polling page return exception at pc = 0x00007f086881d084, stub =0x00007f086085a800
[2023-02-09T10:20:16.448+0000][113.232s][debug][safepoint     ] ... found polling page return exception at pc = 0x00007f086881d084, stub =0x00007f086085a800
[2023-02-09T10:20:16.448+0000][113.232s][debug][safepoint     ] ... found polling page return exception at pc = 0x00007f086881d084, stub =0x00007f086085a800
[2023-02-09T10:20:16.448+0000][113.232s][info ][safepoint     ] Leaving safepoint region
[2023-02-09T10:20:16.453+0000][113.237s][info ][safepoint     ] Total time for which application threads were stopped: 0.0061655 seconds, Stopping threads took: 0.0006851 seconds
[2023-02-09T10:20:16.448+0000][113.232s][debug][safepoint     ] ... found polling page return exception at pc = 0x00007f086881d084, stub =0x00007f086085a800
[2023-02-09T10:20:16.448+0000][113.232s][debug][safepoint     ] ... found polling page return exception at pc = 0x00007f086881d084, stub =0x00007f086085a800
[2023-02-09T10:20:16.448+0000][113.232s][debug][safepoint     ] ... found polling page return exception at pc = 0x00007f086881d084, stub =0x00007f086085a800
[2023-02-09T10:20:16.448+0000][113.232s][debug][safepoint     ] ... found polling page return exception at pc = 0x00007f086881d084, stub =0x00007f086085a800
[2023-02-09T10:20:17.454+0000][114.238s][debug][safepoint     ] Safepoint synchronization initiated. (175 threads)
[2023-02-09T10:20:17.454+0000][114.239s][info ][safepoint     ] Application time: 1.0008694 seconds
[2023-02-09T10:20:17.455+0000][114.239s][info ][safepoint     ] Entering safepoint region: Cleanup
[2023-02-09T10:20:17.456+0000][114.240s][info ][safepoint     ] Leaving safepoint region
[2023-02-09T10:20:17.456+0000][114.241s][info ][safepoint     ] Total time for which application threads were stopped: 0.0017383 seconds, Stopping threads took: 0.0004973 seconds
[2023-02-09T10:20:18.457+0000][115.242s][debug][safepoint     ] Safepoint synchronization initiated. (175 threads)
[2023-02-09T10:20:18.458+0000][115.243s][info ][safepoint     ] Application time: 1.0013660 seconds
[2023-02-09T10:20:18.459+0000][115.243s][info ][safepoint     ] Entering safepoint region: Cleanup
[2023-02-09T10:20:18.460+0000][115.245s][info ][safepoint     ] Leaving safepoint region
[2023-02-09T10:20:18.461+0000][115.245s][info ][safepoint     ] Total time for which application threads were stopped: 0.0020420 seconds, Stopping threads took: 0.0006288 seconds
[2023-02-09T10:20:19.462+0000][116.246s][debug][safepoint     ] Safepoint synchronization initiated. (175 threads)
[2023-02-09T10:20:19.462+0000][116.247s][info ][safepoint     ] Application time: 1.0013802 seconds
[2023-02-09T10:20:19.463+0000][116.248s][info ][safepoint     ] Entering safepoint region: Cleanup
[2023-02-09T10:20:19.464+0000][116.249s][info ][safepoint     ] Leaving safepoint region
[2023-02-09T10:20:19.465+0000][116.250s][info ][safepoint     ] Total time for which application threads were stopped: 0.0022595 seconds, Stopping threads took: 0.0006749 seconds
[2023-02-09T10:20:20.466+0000][117.251s][debug][safepoint     ] Safepoint synchronization initiated. (175 threads)
[2023-02-09T10:20:20.467+0000][117.252s][info ][safepoint     ] Application time: 1.0013306 seconds
[2023-02-09T10:20:20.468+0000][117.253s][info ][safepoint     ] Entering safepoint region: Cleanup
[2023-02-09T10:20:20.469+0000][117.254s][info ][safepoint     ] Leaving safepoint region
[2023-02-09T10:20:20.470+0000][117.254s][info ][safepoint     ] Total time for which application threads were stopped: 0.0019410 seconds, Stopping threads took: 0.0006151 seconds
[2023-02-09T10:20:21.470+0000][118.255s][debug][safepoint     ] Safepoint synchronization initiated. (175 threads)
[2023-02-09T10:20:21.471+0000][118.256s][info ][safepoint     ] Application time: 1.0011960 seconds
[2023-02-09T10:20:21.472+0000][118.257s][info ][safepoint     ] Entering safepoint region: Cleanup
[2023-02-09T10:20:21.474+0000][118.258s][info ][safepoint     ] Leaving safepoint region
[2023-02-09T10:20:21.474+0000][118.259s][info ][safepoint     ] Total time for which application threads were stopped: 0.0025314 seconds, Stopping threads took: 0.0007454 seconds
[2023-02-09T10:20:22.476+0000][119.260s][debug][safepoint     ] Safepoint synchronization initiated. (175 threads)
[2023-02-09T10:20:22.476+0000][119.261s][info ][safepoint     ] Application time: 1.0012816 seconds
[2023-02-09T10:20:22.477+0000][119.262s][info ][safepoint     ] Entering safepoint region: Cleanup
[2023-02-09T10:20:22.478+0000][119.263s][info ][safepoint     ] Leaving safepoint region
[2023-02-09T10:20:22.479+0000][119.264s][info ][safepoint     ] Total time for which application threads were stopped: 0.0021278 seconds, Stopping threads took: 0.0007393 seconds
[2023-02-09T10:20:23.480+0000][120.265s][debug][safepoint     ] Safepoint synchronization initiated. (175 threads)
[2023-02-09T10:20:23.481+0000][120.266s][info ][safepoint     ] Application time: 1.0011755 seconds
[2023-02-09T10:20:23.482+0000][120.267s][info ][safepoint     ] Entering safepoint region: Cleanup
[2023-02-09T10:20:23.485+0000][120.270s][info ][safepoint     ] Leaving safepoint region
[2023-02-09T10:20:23.485+0000][120.270s][info ][safepoint     ] Total time for which application threads were stopped: 0.0038019 seconds, Stopping threads took: 0.0020179 seconds
[2023-02-09T10:20:24.487+0000][121.272s][debug][safepoint     ] Safepoint synchronization initiated. (175 threads)
[2023-02-09T10:20:24.487+0000][121.272s][info ][safepoint     ] Application time: 1.0014977 seconds
[2023-02-09T10:20:24.488+0000][121.273s][info ][safepoint     ] Entering safepoint region: Cleanup
[2023-02-09T10:20:24.490+0000][121.275s][info ][safepoint     ] Leaving safepoint region
[2023-02-09T10:20:24.491+0000][121.276s][info ][safepoint     ] Total time for which application threads were stopped: 0.0026315 seconds, Stopping threads took: 0.0007977 seconds
[2023-02-09T10:20:25.492+0000][122.277s][debug][safepoint     ] Safepoint synchronization initiated. (175 threads)
[2023-02-09T10:20:25.493+0000][122.278s][info ][safepoint     ] Application time: 1.0017474 seconds
[2023-02-09T10:20:25.494+0000][122.279s][info ][safepoint     ] Entering safepoint region: Cleanup
[2023-02-09T10:20:25.496+0000][122.281s][info ][safepoint     ] Leaving safepoint region
[2023-02-09T10:20:25.496+0000][122.281s][info ][safepoint     ] Total time for which application threads were stopped: 0.0022708 seconds, Stopping threads took: 0.0006874 seconds
[2023-02-09T10:20:40.230+0000][137.014s][debug][safepoint     ] Safepoint synchronization initiated. (175 threads)
[2023-02-09T10:20:40.231+0000][137.016s][info ][safepoint     ] Application time: 14.7337962 seconds
[2023-02-09T10:20:40.231+0000][137.016s][info ][safepoint     ] Entering safepoint region: G1CollectForAllocation
[2023-02-09T10:20:40.233+0000][137.018s][info ][gc,start      ] GC(49) Pause Young (Normal) (G1 Evacuation Pause)
[2023-02-09T10:20:40.233+0000][137.018s][info ][gc,task       ] GC(49) Using 13 workers of 13 for evacuation
[2023-02-09T10:20:40.278+0000][137.063s][info ][gc,phases     ] GC(49)   Pre Evacuate Collection Set: 0.0ms
[2023-02-09T10:20:40.279+0000][137.064s][info ][gc,phases     ] GC(49)   Evacuate Collection Set: 33.9ms
[2023-02-09T10:20:40.279+0000][137.064s][info ][gc,phases     ] GC(49)   Post Evacuate Collection Set: 9.7ms
[2023-02-09T10:20:40.280+0000][137.065s][info ][gc,phases     ] GC(49)   Other: 1.6ms
[2023-02-09T10:20:40.281+0000][137.065s][info ][gc,heap       ] GC(49) Eden regions: 211->0(208)
[2023-02-09T10:20:40.281+0000][137.066s][info ][gc,heap       ] GC(49) Survivor regions: 16->16(29)
[2023-02-09T10:20:40.281+0000][137.066s][info ][gc,heap       ] GC(49) Old regions: 120->123
[2023-02-09T10:20:40.282+0000][137.067s][info ][gc,heap       ] GC(49) Humongous regions: 0->0
[2023-02-09T10:20:40.282+0000][137.067s][info ][gc,metaspace  ] GC(49) Metaspace: 151109K->151109K(1185792K)
[2023-02-09T10:20:40.283+0000][137.068s][info ][gc            ] GC(49) Pause Young (Normal) (G1 Evacuation Pause) 345M->137M(404M) 50.069ms
[2023-02-09T10:20:40.283+0000][137.068s][info ][gc,cpu        ] GC(49) User=0.49s Sys=0.01s Real=0.05s
[2023-02-09T10:20:40.284+0000][137.069s][info ][safepoint     ] Leaving safepoint region
[2023-02-09T10:20:40.284+0000][137.069s][info ][safepoint     ] Total time for which application threads were stopped: 0.0529290 seconds, Stopping threads took: 0.0005979 seconds
[2023-02-09T10:20:40.285+0000][137.070s][info ][gc,stringdedup] Concurrent String Deduplication (137.069s)
[2023-02-09T10:20:40.290+0000][137.075s][info ][gc,stringdedup] Concurrent String Deduplication 296.3K->120.3K(176.0K) avg 53.1% (137.069s, 137.075s) 5.535ms
[2023-02-09T10:21:00.284+0000][157.079s][debug][safepoint     ] Safepoint synchronization initiated. (175 threads)
[2023-02-09T10:21:00.285+0000][157.079s][info ][safepoint     ] Application time: 20.0100405 seconds
[2023-02-09T10:21:00.286+0000][157.080s][debug][safepoint     ] ... found polling page return exception at pc = 0x00007f0868b04720, stub =0x00007f086085a800
[2023-02-09T10:21:00.286+0000][157.080s][debug][safepoint     ] ... found polling page return exception at pc = 0x00007f086881c57b, stub =0x00007f086085a800
[2023-02-09T10:21:00.286+0000][157.080s][debug][safepoint     ] ... found polling page return exception at pc = 0x00007f086881c57b, stub =0x00007f086085a800
[2023-02-09T10:21:00.286+0000][157.080s][debug][safepoint     ] ... found polling page return exception at pc = 0x00007f086881c57b, stub =0x00007f086085a800
[2023-02-09T10:21:00.289+0000][157.083s][debug][safepoint     ] Waiting for 4 thread(s) to block
[2023-02-09T10:21:00.290+0000][157.084s][info ][safepoint     ] Entering safepoint region: Cleanup
[2023-02-09T10:21:00.291+0000][157.086s][info ][safepoint     ] Leaving safepoint region
[2023-02-09T10:21:00.292+0000][157.086s][info ][safepoint     ] Total time for which application threads were stopped: 0.0063163 seconds, Stopping threads took: 0.0048384 seconds
[2023-02-09T10:21:05.295+0000][162.089s][debug][safepoint     ] Safepoint synchronization initiated. (175 threads)
[2023-02-09T10:21:05.296+0000][162.090s][info ][safepoint     ] Application time: 5.0030762 seconds
[2023-02-09T10:21:05.296+0000][162.091s][info ][safepoint     ] Entering safepoint region: Cleanup
[2023-02-09T10:21:05.298+0000][162.092s][info ][safepoint     ] Leaving safepoint region
[2023-02-09T10:21:05.298+0000][162.093s][info ][safepoint     ] Total time for which application threads were stopped: 0.0020837 seconds, Stopping threads took: 0.0006855 seconds
[2023-02-09T10:21:08.300+0000][165.095s][debug][safepoint     ] Safepoint synchronization initiated. (174 threads)
[2023-02-09T10:21:08.301+0000][165.095s][info ][safepoint     ] Application time: 3.0021755 seconds
[2023-02-09T10:21:08.302+0000][165.096s][info ][safepoint     ] Entering safepoint region: Cleanup
[2023-02-09T10:21:08.303+0000][165.098s][info ][safepoint     ] Leaving safepoint region
[2023-02-09T10:21:08.304+0000][165.098s][info ][safepoint     ] Total time for which application threads were stopped: 0.0022554 seconds, Stopping threads took: 0.0006681 seconds
[2023-02-09T10:21:20.309+0000][177.104s][debug][safepoint     ] Safepoint synchronization initiated. (174 threads)
[2023-02-09T10:21:20.310+0000][177.104s][info ][safepoint     ] Application time: 12.0056211 seconds
[2023-02-09T10:21:20.311+0000][177.105s][info ][safepoint     ] Entering safepoint region: Cleanup
[2023-02-09T10:21:20.312+0000][177.106s][info ][safepoint     ] Leaving safepoint region
[2023-02-09T10:21:20.313+0000][177.107s][info ][safepoint     ] Total time for which application threads were stopped: 0.0021683 seconds, Stopping threads took: 0.0006108 seconds
[2023-02-09T10:21:23.315+0000][180.109s][debug][safepoint     ] Safepoint synchronization initiated. (174 threads)
[2023-02-09T10:21:23.316+0000][180.110s][info ][safepoint     ] Application time: 3.0023699 seconds
[2023-02-09T10:21:23.316+0000][180.111s][info ][safepoint     ] Entering safepoint region: Cleanup
[2023-02-09T10:21:23.318+0000][180.112s][info ][safepoint     ] Leaving safepoint region
[2023-02-09T10:21:23.318+0000][180.113s][info ][safepoint     ] Total time for which application threads were stopped: 0.0020917 seconds, Stopping threads took: 0.0006546 seconds
[2023-02-09T10:21:33.323+0000][190.118s][debug][safepoint     ] Safepoint synchronization initiated. (174 threads)
[2023-02-09T10:21:33.324+0000][190.118s][info ][safepoint     ] Application time: 10.0050783 seconds
[2023-02-09T10:21:33.325+0000][190.119s][info ][safepoint     ] Entering safepoint region: Cleanup
[2023-02-09T10:21:33.326+0000][190.120s][info ][safepoint     ] Leaving safepoint region
[2023-02-09T10:21:33.326+0000][190.121s][info ][safepoint     ] Total time for which application threads were stopped: 0.0020233 seconds, Stopping threads took: 0.0006246 seconds
[2023-02-09T10:21:35.328+0000][192.123s][debug][safepoint     ] Safepoint synchronization initiated. (174 threads)
[2023-02-09T10:21:35.329+0000][192.123s][info ][safepoint     ] Application time: 2.0018178 seconds
[2023-02-09T10:21:35.329+0000][192.124s][info ][safepoint     ] Entering safepoint region: Cleanup
[2023-02-09T10:21:35.331+0000][192.126s][info ][safepoint     ] Leaving safepoint region
[2023-02-09T10:21:35.332+0000][192.126s][info ][safepoint     ] Total time for which application threads were stopped: 0.0025635 seconds, Stopping threads took: 0.0006412 seconds
[2023-02-09T10:21:36.333+0000][193.127s][debug][safepoint     ] Safepoint synchronization initiated. (174 threads)
[2023-02-09T10:21:36.334+0000][193.128s][info ][safepoint     ] Application time: 1.0013676 seconds
[2023-02-09T10:21:36.334+0000][193.129s][info ][safepoint     ] Entering safepoint region: Cleanup
[2023-02-09T10:21:36.336+0000][193.130s][info ][safepoint     ] Leaving safepoint region
[2023-02-09T10:21:36.336+0000][193.131s][info ][safepoint     ] Total time for which application threads were stopped: 0.0021907 seconds, Stopping threads took: 0.0006422 seconds
[2023-02-09T10:21:37.338+0000][194.132s][debug][safepoint     ] Safepoint synchronization initiated. (174 threads)
[2023-02-09T10:21:37.338+0000][194.133s][info ][safepoint     ] Application time: 1.0014125 seconds
[2023-02-09T10:21:37.339+0000][194.134s][info ][safepoint     ] Entering safepoint region: Cleanup
[2023-02-09T10:21:37.341+0000][194.135s][info ][safepoint     ] Leaving safepoint region
[2023-02-09T10:21:37.341+0000][194.136s][info ][safepoint     ] Total time for which application threads were stopped: 0.0023171 seconds, Stopping threads took: 0.0007725 seconds
[2023-02-09T10:21:38.342+0000][195.137s][debug][safepoint     ] Safepoint synchronization initiated. (174 threads)
[2023-02-09T10:21:38.343+0000][195.137s][info ][safepoint     ] Application time: 1.0011182 seconds
[2023-02-09T10:21:38.344+0000][195.138s][info ][safepoint     ] Entering safepoint region: Cleanup
[2023-02-09T10:21:38.345+0000][195.140s][info ][safepoint     ] Leaving safepoint region
[2023-02-09T10:21:38.346+0000][195.140s][info ][safepoint     ] Total time for which application threads were stopped: 0.0022056 seconds, Stopping threads took: 0.0006450 seconds
[2023-02-09T10:21:39.347+0000][196.141s][debug][safepoint     ] Safepoint synchronization initiated. (174 threads)
[2023-02-09T10:21:39.347+0000][196.142s][info ][safepoint     ] Application time: 1.0009001 seconds
[2023-02-09T10:21:39.348+0000][196.142s][info ][safepoint     ] Entering safepoint region: Cleanup
[2023-02-09T10:21:39.349+0000][196.144s][info ][safepoint     ] Leaving safepoint region
[2023-02-09T10:21:39.350+0000][196.144s][info ][safepoint     ] Total time for which application threads were stopped: 0.0021519 seconds, Stopping threads took: 0.0006681 seconds
[2023-02-09T10:21:40.351+0000][197.145s][debug][safepoint     ] Safepoint synchronization initiated. (174 threads)
[2023-02-09T10:21:40.359+0000][197.153s][info ][safepoint     ] Application time: 1.0082469 seconds
[2023-02-09T10:21:40.360+0000][197.154s][info ][safepoint     ] Entering safepoint region: Cleanup
[2023-02-09T10:21:40.361+0000][197.155s][info ][safepoint     ] Leaving safepoint region
[2023-02-09T10:21:40.362+0000][197.156s][info ][safepoint     ] Total time for which application threads were stopped: 0.0022233 seconds, Stopping threads took: 0.0006496 seconds
[2023-02-09T10:21:41.363+0000][198.157s][debug][safepoint     ] Safepoint synchronization initiated. (174 threads)
[2023-02-09T10:21:41.364+0000][198.158s][info ][safepoint     ] Application time: 1.0014182 seconds
[2023-02-09T10:21:41.364+0000][198.159s][info ][safepoint     ] Entering safepoint region: Cleanup
[2023-02-09T10:21:41.366+0000][198.160s][info ][safepoint     ] Leaving safepoint region
[2023-02-09T10:21:41.366+0000][198.161s][info ][safepoint     ] Total time for which application threads were stopped: 0.0021487 seconds, Stopping threads took: 0.0006405 seconds
[2023-02-09T10:21:42.367+0000][199.162s][debug][safepoint     ] Safepoint synchronization initiated. (174 threads)
[2023-02-09T10:21:42.368+0000][199.163s][info ][safepoint     ] Application time: 1.0013687 seconds
[2023-02-09T10:21:42.369+0000][199.164s][info ][safepoint     ] Entering safepoint region: Cleanup
[2023-02-09T10:21:42.371+0000][199.166s][info ][safepoint     ] Leaving safepoint region
[2023-02-09T10:21:42.373+0000][199.167s][info ][safepoint     ] Total time for which application threads were stopped: 0.0034160 seconds, Stopping threads took: 0.0010966 seconds
[2023-02-09T10:21:43.374+0000][200.169s][debug][safepoint     ] Safepoint synchronization initiated. (174 threads)
[2023-02-09T10:21:43.375+0000][200.170s][info ][safepoint     ] Application time: 1.0011447 seconds
[2023-02-09T10:21:43.376+0000][200.170s][info ][safepoint     ] Entering safepoint region: Cleanup
[2023-02-09T10:21:43.378+0000][200.172s][info ][safepoint     ] Leaving safepoint region
[2023-02-09T10:21:43.378+0000][200.173s][info ][safepoint     ] Total time for which application threads were stopped: 0.0025799 seconds, Stopping threads took: 0.0006396 seconds
[2023-02-09T10:21:44.379+0000][201.174s][debug][safepoint     ] Safepoint synchronization initiated. (174 threads)
[2023-02-09T10:21:44.380+0000][201.175s][info ][safepoint     ] Application time: 1.0013817 seconds
[2023-02-09T10:21:44.381+0000][201.175s][info ][safepoint     ] Entering safepoint region: Cleanup
[2023-02-09T10:21:44.382+0000][201.177s][info ][safepoint     ] Leaving safepoint region
[2023-02-09T10:21:44.383+0000][201.178s][info ][safepoint     ] Total time for which application threads were stopped: 0.0022100 seconds, Stopping threads took: 0.0006472 seconds
[2023-02-09T10:21:45.384+0000][202.179s][debug][safepoint     ] Safepoint synchronization initiated. (174 threads)
[2023-02-09T10:21:45.385+0000][202.179s][info ][safepoint     ] Application time: 1.0013803 seconds
[2023-02-09T10:21:45.386+0000][202.180s][info ][safepoint     ] Entering safepoint region: Cleanup
[2023-02-09T10:21:45.388+0000][202.182s][info ][safepoint     ] Leaving safepoint region
[2023-02-09T10:21:45.388+0000][202.183s][info ][safepoint     ] Total time for which application threads were stopped: 0.0026374 seconds, Stopping threads took: 0.0009395 seconds
[2023-02-09T10:21:46.389+0000][203.184s][debug][safepoint     ] Safepoint synchronization initiated. (174 threads)
[2023-02-09T10:21:46.390+0000][203.184s][info ][safepoint     ] Application time: 1.0010922 seconds
[2023-02-09T10:21:46.391+0000][203.185s][info ][safepoint     ] Entering safepoint region: Cleanup
[2023-02-09T10:21:46.392+0000][203.187s][info ][safepoint     ] Leaving safepoint region
[2023-02-09T10:21:46.393+0000][203.187s][info ][safepoint     ] Total time for which application threads were stopped: 0.0022223 seconds, Stopping threads took: 0.0009062 seconds
[2023-02-09T10:21:47.394+0000][204.188s][debug][safepoint     ] Safepoint synchronization initiated. (174 threads)
[2023-02-09T10:21:47.395+0000][204.189s][info ][safepoint     ] Application time: 1.0013168 seconds
[2023-02-09T10:21:47.395+0000][204.190s][info ][safepoint     ] Entering safepoint region: Cleanup
[2023-02-09T10:21:47.397+0000][204.191s][info ][safepoint     ] Leaving safepoint region
[2023-02-09T10:21:47.397+0000][204.192s][info ][safepoint     ] Total time for which application threads were stopped: 0.0021114 seconds, Stopping threads took: 0.0006801 seconds
[2023-02-09T10:21:48.398+0000][205.193s][debug][safepoint     ] Safepoint synchronization initiated. (174 threads)
[2023-02-09T10:21:48.399+0000][205.193s][info ][safepoint     ] Application time: 1.0009006 seconds
[2023-02-09T10:21:48.400+0000][205.194s][info ][safepoint     ] Entering safepoint region: Cleanup
[2023-02-09T10:21:48.401+0000][205.195s][info ][safepoint     ] Leaving safepoint region
[2023-02-09T10:21:48.401+0000][205.196s][info ][safepoint     ] Total time for which application threads were stopped: 0.0020085 seconds, Stopping threads took: 0.0007312 seconds
[2023-02-09T10:21:49.402+0000][206.197s][debug][safepoint     ] Safepoint synchronization initiated. (174 threads)
[2023-02-09T10:21:49.403+0000][206.198s][info ][safepoint     ] Application time: 1.0010414 seconds
[2023-02-09T10:21:49.404+0000][206.198s][info ][safepoint     ] Entering safepoint region: Cleanup
[2023-02-09T10:21:49.405+0000][206.200s][info ][safepoint     ] Leaving safepoint region
[2023-02-09T10:21:49.406+0000][206.201s][info ][safepoint     ] Total time for which application threads were stopped: 0.0023589 seconds, Stopping threads took: 0.0008033 seconds
[2023-02-09T10:21:50.407+0000][207.201s][debug][safepoint     ] Safepoint synchronization initiated. (178 threads)
[2023-02-09T10:21:50.408+0000][207.202s][info ][safepoint     ] Application time: 1.0010360 seconds
[2023-02-09T10:21:50.408+0000][207.203s][info ][safepoint     ] Entering safepoint region: Cleanup
[2023-02-09T10:21:50.409+0000][207.203s][info ][safepoint     ] Leaving safepoint region
[2023-02-09T10:21:50.409+0000][207.204s][info ][safepoint     ] Total time for which application threads were stopped: 0.0012129 seconds, Stopping threads took: 0.0003739 seconds
[2023-02-09T10:21:51.318+0000][208.112s][debug][safepoint     ] Safepoint synchronization initiated. (179 threads)
[2023-02-09T10:21:51.318+0000][208.113s][info ][safepoint     ] Application time: 0.9085670 seconds
[2023-02-09T10:21:51.319+0000][208.113s][info ][safepoint     ] Entering safepoint region: Deoptimize
[2023-02-09T10:21:51.323+0000][208.117s][info ][safepoint     ] Leaving safepoint region
[2023-02-09T10:21:51.323+0000][208.118s][info ][safepoint     ] Total time for which application threads were stopped: 0.0044001 seconds, Stopping threads took: 0.0005353 seconds
[2023-02-09T10:21:52.324+0000][209.118s][debug][safepoint     ] Safepoint synchronization initiated. (181 threads)
[2023-02-09T10:21:52.324+0000][209.119s][info ][safepoint     ] Application time: 1.0010706 seconds
[2023-02-09T10:21:52.325+0000][209.120s][info ][safepoint     ] Entering safepoint region: Cleanup
[2023-02-09T10:21:52.326+0000][209.121s][info ][safepoint     ] Leaving safepoint region
[2023-02-09T10:21:52.327+0000][209.121s][info ][safepoint     ] Total time for which application threads were stopped: 0.0019348 seconds, Stopping threads took: 0.0005464 seconds
[2023-02-09T10:21:53.328+0000][210.122s][debug][safepoint     ] Safepoint synchronization initiated. (179 threads)
[2023-02-09T10:21:53.329+0000][210.123s][info ][safepoint     ] Application time: 1.0013534 seconds
[2023-02-09T10:21:53.329+0000][210.124s][info ][safepoint     ] Entering safepoint region: Cleanup
[2023-02-09T10:21:53.331+0000][210.125s][info ][safepoint     ] Leaving safepoint region
[2023-02-09T10:21:53.331+0000][210.126s][info ][safepoint     ] Total time for which application threads were stopped: 0.0020763 seconds, Stopping threads took: 0.0006693 seconds
[2023-02-09T10:21:54.332+0000][211.127s][debug][safepoint     ] Safepoint synchronization initiated. (179 threads)
[2023-02-09T10:21:54.334+0000][211.128s][info ][safepoint     ] Application time: 1.0016708 seconds
[2023-02-09T10:21:54.334+0000][211.129s][info ][safepoint     ] Entering safepoint region: Cleanup
[2023-02-09T10:21:54.336+0000][211.130s][info ][safepoint     ] Leaving safepoint region
[2023-02-09T10:21:54.336+0000][211.131s][info ][safepoint     ] Total time for which application threads were stopped: 0.0022902 seconds, Stopping threads took: 0.0006415 seconds
[2023-02-09T10:21:55.338+0000][212.132s][debug][safepoint     ] Safepoint synchronization initiated. (179 threads)
[2023-02-09T10:21:55.338+0000][212.133s][info ][safepoint     ] Application time: 1.0012822 seconds
[2023-02-09T10:21:55.339+0000][212.133s][info ][safepoint     ] Entering safepoint region: Cleanup
[2023-02-09T10:21:55.341+0000][212.135s][info ][safepoint     ] Leaving safepoint region
[2023-02-09T10:21:55.341+0000][212.136s][info ][safepoint     ] Total time for which application threads were stopped: 0.0023631 seconds, Stopping threads took: 0.0006515 seconds
[2023-02-09T10:21:56.342+0000][213.137s][debug][safepoint     ] Safepoint synchronization initiated. (179 threads)
[2023-02-09T10:21:56.343+0000][213.138s][info ][safepoint     ] Application time: 1.0015241 seconds
[2023-02-09T10:21:56.344+0000][213.139s][info ][safepoint     ] Entering safepoint region: Cleanup
[2023-02-09T10:21:56.346+0000][213.140s][info ][safepoint     ] Leaving safepoint region
[2023-02-09T10:21:56.346+0000][213.141s][info ][safepoint     ] Total time for which application threads were stopped: 0.0020249 seconds, Stopping threads took: 0.0006199 seconds
[2023-02-09T10:21:57.347+0000][214.142s][debug][safepoint     ] Safepoint synchronization initiated. (179 threads)
[2023-02-09T10:21:57.348+0000][214.142s][info ][safepoint     ] Application time: 1.0009924 seconds
[2023-02-09T10:21:57.349+0000][214.143s][info ][safepoint     ] Entering safepoint region: Cleanup
[2023-02-09T10:21:57.350+0000][214.144s][info ][safepoint     ] Leaving safepoint region
[2023-02-09T10:21:57.350+0000][214.145s][info ][safepoint     ] Total time for which application threads were stopped: 0.0020472 seconds, Stopping threads took: 0.0006271 seconds
[2023-02-09T10:21:58.351+0000][215.146s][debug][safepoint     ] Safepoint synchronization initiated. (179 threads)
[2023-02-09T10:21:58.352+0000][215.147s][info ][safepoint     ] Application time: 1.0012996 seconds
[2023-02-09T10:21:58.353+0000][215.147s][info ][safepoint     ] Entering safepoint region: Cleanup
[2023-02-09T10:21:58.354+0000][215.149s][info ][safepoint     ] Leaving safepoint region
[2023-02-09T10:21:58.355+0000][215.150s][info ][safepoint     ] Total time for which application threads were stopped: 0.0023119 seconds, Stopping threads took: 0.0006517 seconds
[2023-02-09T10:21:59.356+0000][216.151s][debug][safepoint     ] Safepoint synchronization initiated. (179 threads)
[2023-02-09T10:21:59.358+0000][216.152s][info ][safepoint     ] Application time: 1.0017985 seconds
[2023-02-09T10:21:59.359+0000][216.153s][info ][safepoint     ] Entering safepoint region: Cleanup
[2023-02-09T10:21:59.360+0000][216.155s][info ][safepoint     ] Leaving safepoint region
[2023-02-09T10:21:59.361+0000][216.155s][info ][safepoint     ] Total time for which application threads were stopped: 0.0025127 seconds, Stopping threads took: 0.0012866 seconds
[2023-02-09T10:22:00.362+0000][217.156s][debug][safepoint     ] Safepoint synchronization initiated. (179 threads)
[2023-02-09T10:22:00.363+0000][217.157s][info ][safepoint     ] Application time: 1.0014323 seconds
[2023-02-09T10:22:00.363+0000][217.158s][info ][safepoint     ] Entering safepoint region: Cleanup
[2023-02-09T10:22:00.365+0000][217.159s][info ][safepoint     ] Leaving safepoint region
[2023-02-09T10:22:00.366+0000][217.160s][info ][safepoint     ] Total time for which application threads were stopped: 0.0022613 seconds, Stopping threads took: 0.0008355 seconds
[2023-02-09T10:22:01.366+0000][218.161s][debug][safepoint     ] Safepoint synchronization initiated. (179 threads)
[2023-02-09T10:22:01.367+0000][218.162s][info ][safepoint     ] Application time: 1.0011742 seconds
[2023-02-09T10:22:01.368+0000][218.163s][info ][safepoint     ] Entering safepoint region: Cleanup
[2023-02-09T10:22:01.370+0000][218.164s][info ][safepoint     ] Leaving safepoint region
[2023-02-09T10:22:01.370+0000][218.165s][info ][safepoint     ] Total time for which application threads were stopped: 0.0020829 seconds, Stopping threads took: 0.0006395 seconds
[2023-02-09T10:22:02.371+0000][219.166s][debug][safepoint     ] Safepoint synchronization initiated. (179 threads)
[2023-02-09T10:22:02.372+0000][219.166s][info ][safepoint     ] Application time: 1.0012589 seconds
[2023-02-09T10:22:02.373+0000][219.167s][info ][safepoint     ] Entering safepoint region: Cleanup
[2023-02-09T10:22:02.374+0000][219.169s][info ][safepoint     ] Leaving safepoint region
[2023-02-09T10:22:02.375+0000][219.169s][info ][safepoint     ] Total time for which application threads were stopped: 0.0022563 seconds, Stopping threads took: 0.0006154 seconds
[2023-02-09T10:22:03.376+0000][220.170s][debug][safepoint     ] Safepoint synchronization initiated. (179 threads)
[2023-02-09T10:22:03.377+0000][220.171s][info ][safepoint     ] Application time: 1.0013428 seconds
[2023-02-09T10:22:03.377+0000][220.172s][info ][safepoint     ] Entering safepoint region: Cleanup
[2023-02-09T10:22:03.379+0000][220.173s][info ][safepoint     ] Leaving safepoint region
[2023-02-09T10:22:03.379+0000][220.173s][debug][safepoint     ] ... found polling page return exception at pc = 0x00007f086881d084, stub =0x00007f086085a800
[2023-02-09T10:22:03.380+0000][220.174s][info ][safepoint     ] Total time for which application threads were stopped: 0.0029146 seconds, Stopping threads took: 0.0006124 seconds
[2023-02-09T10:22:04.381+0000][221.176s][debug][safepoint     ] Safepoint synchronization initiated. (179 threads)
[2023-02-09T10:22:04.382+0000][221.177s][info ][safepoint     ] Application time: 1.0011086 seconds
[2023-02-09T10:22:04.383+0000][221.177s][info ][safepoint     ] Entering safepoint region: Cleanup
[2023-02-09T10:22:04.384+0000][221.179s][info ][safepoint     ] Leaving safepoint region
[2023-02-09T10:22:04.385+0000][221.179s][info ][safepoint     ] Total time for which application threads were stopped: 0.0018710 seconds, Stopping threads took: 0.0005320 seconds
[2023-02-09T10:22:04.384+0000][221.179s][debug][safepoint     ] ... found polling page return exception at pc = 0x00007f086881d084, stub =0x00007f086085a800
[2023-02-09T10:22:05.385+0000][222.180s][debug][safepoint     ] Safepoint synchronization initiated. (179 threads)
[2023-02-09T10:22:05.386+0000][222.181s][info ][safepoint     ] Application time: 1.0011792 seconds
[2023-02-09T10:22:05.387+0000][222.181s][debug][safepoint     ] ... found polling page return exception at pc = 0x00007f0868b17d66, stub =0x00007f086085a800
[2023-02-09T10:22:05.387+0000][222.182s][debug][safepoint     ] Waiting for 1 thread(s) to block
[2023-02-09T10:22:05.388+0000][222.183s][info ][safepoint     ] Entering safepoint region: Cleanup
[2023-02-09T10:22:05.390+0000][222.184s][info ][safepoint     ] Leaving safepoint region
[2023-02-09T10:22:05.390+0000][222.185s][info ][safepoint     ] Total time for which application threads were stopped: 0.0033911 seconds, Stopping threads took: 0.0019778 seconds
[2023-02-09T10:22:06.391+0000][223.186s][debug][safepoint     ] Safepoint synchronization initiated. (178 threads)
[2023-02-09T10:22:06.392+0000][223.186s][info ][safepoint     ] Application time: 1.0011608 seconds
[2023-02-09T10:22:06.393+0000][223.187s][info ][safepoint     ] Entering safepoint region: Cleanup
[2023-02-09T10:22:06.394+0000][223.188s][info ][safepoint     ] Leaving safepoint region
[2023-02-09T10:22:06.395+0000][223.189s][info ][safepoint     ] Total time for which application threads were stopped: 0.0020448 seconds, Stopping threads took: 0.0006607 seconds
[2023-02-09T10:22:07.396+0000][224.190s][debug][safepoint     ] Safepoint synchronization initiated. (178 threads)
[2023-02-09T10:22:07.396+0000][224.191s][info ][safepoint     ] Application time: 1.0013250 seconds
[2023-02-09T10:22:07.397+0000][224.192s][info ][safepoint     ] Entering safepoint region: Cleanup
[2023-02-09T10:22:07.399+0000][224.193s][info ][safepoint     ] Leaving safepoint region
[2023-02-09T10:22:07.399+0000][224.194s][info ][safepoint     ] Total time for which application threads were stopped: 0.0024696 seconds, Stopping threads took: 0.0007337 seconds
[2023-02-09T10:22:08.400+0000][225.195s][debug][safepoint     ] Safepoint synchronization initiated. (178 threads)
[2023-02-09T10:22:08.401+0000][225.196s][info ][safepoint     ] Application time: 1.0011534 seconds
[2023-02-09T10:22:08.402+0000][225.196s][info ][safepoint     ] Entering safepoint region: Cleanup
[2023-02-09T10:22:08.403+0000][225.198s][info ][safepoint     ] Leaving safepoint region
[2023-02-09T10:22:08.404+0000][225.198s][info ][safepoint     ] Total time for which application threads were stopped: 0.0022292 seconds, Stopping threads took: 0.0007696 seconds
[2023-02-09T10:22:09.405+0000][226.199s][debug][safepoint     ] Safepoint synchronization initiated. (178 threads)
[2023-02-09T10:22:09.406+0000][226.200s][info ][safepoint     ] Application time: 1.0012932 seconds
[2023-02-09T10:22:09.406+0000][226.201s][info ][safepoint     ] Entering safepoint region: Cleanup
[2023-02-09T10:22:09.408+0000][226.202s][info ][safepoint     ] Leaving safepoint region
[2023-02-09T10:22:09.408+0000][226.203s][info ][safepoint     ] Total time for which application threads were stopped: 0.0020178 seconds, Stopping threads took: 0.0006174 seconds
[2023-02-09T10:22:10.409+0000][227.204s][debug][safepoint     ] Safepoint synchronization initiated. (178 threads)
[2023-02-09T10:22:10.410+0000][227.204s][info ][safepoint     ] Application time: 1.0012120 seconds
[2023-02-09T10:22:10.411+0000][227.205s][info ][safepoint     ] Entering safepoint region: Cleanup
[2023-02-09T10:22:10.412+0000][227.206s][info ][safepoint     ] Leaving safepoint region
[2023-02-09T10:22:10.413+0000][227.207s][info ][safepoint     ] Total time for which application threads were stopped: 0.0024990 seconds, Stopping threads took: 0.0005788 seconds
[2023-02-09T10:22:11.414+0000][228.208s][debug][safepoint     ] Safepoint synchronization initiated. (178 threads)
[2023-02-09T10:22:11.415+0000][228.209s][info ][safepoint     ] Application time: 1.0012819 seconds
[2023-02-09T10:22:11.416+0000][228.211s][info ][safepoint     ] Entering safepoint region: Cleanup
[2023-02-09T10:22:11.418+0000][228.213s][info ][safepoint     ] Leaving safepoint region
[2023-02-09T10:22:11.419+0000][228.214s][info ][safepoint     ] Total time for which application threads were stopped: 0.0028857 seconds, Stopping threads took: 0.0007349 seconds
[2023-02-09T10:22:12.420+0000][229.215s][debug][safepoint     ] Safepoint synchronization initiated. (178 threads)
[2023-02-09T10:22:12.421+0000][229.216s][info ][safepoint     ] Application time: 1.0014201 seconds
[2023-02-09T10:22:12.422+0000][229.216s][info ][safepoint     ] Entering safepoint region: Cleanup
[2023-02-09T10:22:12.424+0000][229.218s][info ][safepoint     ] Leaving safepoint region
[2023-02-09T10:22:12.424+0000][229.219s][info ][safepoint     ] Total time for which application threads were stopped: 0.0023307 seconds, Stopping threads took: 0.0007113 seconds
[2023-02-09T10:22:13.425+0000][230.219s][debug][safepoint     ] Safepoint synchronization initiated. (178 threads)
[2023-02-09T10:22:13.426+0000][230.220s][info ][safepoint     ] Application time: 1.0011871 seconds
[2023-02-09T10:22:13.426+0000][230.221s][info ][safepoint     ] Entering safepoint region: Cleanup
[2023-02-09T10:22:13.428+0000][230.222s][info ][safepoint     ] Leaving safepoint region
[2023-02-09T10:22:13.429+0000][230.223s][info ][safepoint     ] Total time for which application threads were stopped: 0.0023576 seconds, Stopping threads took: 0.0006803 seconds
[2023-02-09T10:22:14.430+0000][231.224s][debug][safepoint     ] Safepoint synchronization initiated. (178 threads)
[2023-02-09T10:22:14.430+0000][231.225s][info ][safepoint     ] Application time: 1.0011559 seconds
[2023-02-09T10:22:14.431+0000][231.226s][info ][safepoint     ] Entering safepoint region: Cleanup
[2023-02-09T10:22:14.433+0000][231.227s][debug][safepoint     ] ... found polling page loop exception at pc = 0x00007f08685cb446, stub =0x00007f086085ab00
[2023-02-09T10:22:14.433+0000][231.227s][info ][safepoint     ] Leaving safepoint region
[2023-02-09T10:22:14.434+0000][231.229s][info ][safepoint     ] Total time for which application threads were stopped: 0.0029442 seconds, Stopping threads took: 0.0007301 seconds
[2023-02-09T10:22:15.435+0000][232.230s][debug][safepoint     ] Safepoint synchronization initiated. (178 threads)
[2023-02-09T10:22:15.436+0000][232.231s][info ][safepoint     ] Application time: 1.0013444 seconds
[2023-02-09T10:22:15.437+0000][232.231s][info ][safepoint     ] Entering safepoint region: Cleanup
[2023-02-09T10:22:15.438+0000][232.233s][info ][safepoint     ] Leaving safepoint region
[2023-02-09T10:22:15.439+0000][232.233s][info ][safepoint     ] Total time for which application threads were stopped: 0.0021386 seconds, Stopping threads took: 0.0006824 seconds
[2023-02-09T10:22:16.440+0000][233.234s][debug][safepoint     ] Safepoint synchronization initiated. (178 threads)
[2023-02-09T10:22:16.440+0000][233.235s][info ][safepoint     ] Application time: 1.0010219 seconds
[2023-02-09T10:22:16.441+0000][233.236s][info ][safepoint     ] Entering safepoint region: Cleanup
[2023-02-09T10:22:16.443+0000][233.237s][info ][safepoint     ] Leaving safepoint region
[2023-02-09T10:22:16.444+0000][233.238s][info ][safepoint     ] Total time for which application threads were stopped: 0.0030650 seconds, Stopping threads took: 0.0007466 seconds
[2023-02-09T10:22:17.445+0000][234.240s][debug][safepoint     ] Safepoint synchronization initiated. (178 threads)
[2023-02-09T10:22:17.446+0000][234.240s][info ][safepoint     ] Application time: 1.0012380 seconds
[2023-02-09T10:22:17.447+0000][234.241s][info ][safepoint     ] Entering safepoint region: Cleanup
[2023-02-09T10:22:17.448+0000][234.242s][info ][safepoint     ] Leaving safepoint region
[2023-02-09T10:22:17.448+0000][234.243s][info ][safepoint     ] Total time for which application threads were stopped: 0.0020465 seconds, Stopping threads took: 0.0006633 seconds
[2023-02-09T10:22:18.450+0000][235.244s][debug][safepoint     ] Safepoint synchronization initiated. (178 threads)
[2023-02-09T10:22:18.451+0000][235.245s][info ][safepoint     ] Application time: 1.0014154 seconds
[2023-02-09T10:22:18.451+0000][235.246s][info ][safepoint     ] Entering safepoint region: Cleanup
[2023-02-09T10:22:18.453+0000][235.247s][info ][safepoint     ] Leaving safepoint region
[2023-02-09T10:22:18.453+0000][235.248s][info ][safepoint     ] Total time for which application threads were stopped: 0.0022023 seconds, Stopping threads took: 0.0006606 seconds
[2023-02-09T10:22:19.454+0000][236.249s][debug][safepoint     ] Safepoint synchronization initiated. (178 threads)
[2023-02-09T10:22:19.455+0000][236.250s][info ][safepoint     ] Application time: 1.0012213 seconds
[2023-02-09T10:22:19.456+0000][236.250s][info ][safepoint     ] Entering safepoint region: Cleanup
[2023-02-09T10:22:19.458+0000][236.252s][info ][safepoint     ] Leaving safepoint region
[2023-02-09T10:22:19.458+0000][236.253s][info ][safepoint     ] Total time for which application threads were stopped: 0.0027261 seconds, Stopping threads took: 0.0007927 seconds
[2023-02-09T10:22:20.460+0000][237.254s][debug][safepoint     ] Safepoint synchronization initiated. (178 threads)
[2023-02-09T10:22:20.460+0000][237.255s][info ][safepoint     ] Application time: 1.0014440 seconds
[2023-02-09T10:22:20.461+0000][237.255s][info ][safepoint     ] Entering safepoint region: Cleanup
[2023-02-09T10:22:20.463+0000][237.257s][info ][safepoint     ] Leaving safepoint region
[2023-02-09T10:22:20.463+0000][237.258s][info ][safepoint     ] Total time for which application threads were stopped: 0.0021430 seconds, Stopping threads took: 0.0006406 seconds
[2023-02-09T10:22:21.464+0000][238.258s][debug][safepoint     ] Safepoint synchronization initiated. (178 threads)
[2023-02-09T10:22:21.465+0000][238.259s][info ][safepoint     ] Application time: 1.0009665 seconds
[2023-02-09T10:22:21.465+0000][238.260s][info ][safepoint     ] Entering safepoint region: Cleanup
[2023-02-09T10:22:21.467+0000][238.261s][info ][safepoint     ] Leaving safepoint region
[2023-02-09T10:22:21.467+0000][238.262s][info ][safepoint     ] Total time for which application threads were stopped: 0.0021286 seconds, Stopping threads took: 0.0006041 seconds
[2023-02-09T10:22:22.468+0000][239.263s][debug][safepoint     ] Safepoint synchronization initiated. (178 threads)
[2023-02-09T10:22:22.469+0000][239.263s][info ][safepoint     ] Application time: 1.0011066 seconds
[2023-02-09T10:22:22.470+0000][239.264s][info ][safepoint     ] Entering safepoint region: Cleanup
[2023-02-09T10:22:22.471+0000][239.266s][info ][safepoint     ] Leaving safepoint region
[2023-02-09T10:22:22.472+0000][239.267s][info ][safepoint     ] Total time for which application threads were stopped: 0.0024299 seconds, Stopping threads took: 0.0008773 seconds
[2023-02-09T10:22:23.473+0000][240.267s][debug][safepoint     ] Safepoint synchronization initiated. (178 threads)
[2023-02-09T10:22:23.474+0000][240.268s][info ][safepoint     ] Application time: 1.0013636 seconds
[2023-02-09T10:22:23.475+0000][240.270s][info ][safepoint     ] Entering safepoint region: Cleanup
[2023-02-09T10:22:23.477+0000][240.271s][info ][safepoint     ] Leaving safepoint region
[2023-02-09T10:22:23.478+0000][240.272s][info ][safepoint     ] Total time for which application threads were stopped: 0.0022373 seconds, Stopping threads took: 0.0005740 seconds
[2023-02-09T10:22:24.478+0000][241.273s][debug][safepoint     ] Safepoint synchronization initiated. (178 threads)
[2023-02-09T10:22:24.479+0000][241.274s][info ][safepoint     ] Application time: 1.0013550 seconds
[2023-02-09T10:22:24.480+0000][241.274s][debug][safepoint     ] ... found polling page return exception at pc = 0x00007f0868687568, stub =0x00007f086085a800
[2023-02-09T10:22:24.480+0000][241.275s][debug][safepoint     ] Waiting for 1 thread(s) to block
[2023-02-09T10:22:24.481+0000][241.275s][info ][safepoint     ] Entering safepoint region: Cleanup
[2023-02-09T10:22:24.483+0000][241.277s][info ][safepoint     ] Leaving safepoint region
[2023-02-09T10:22:24.483+0000][241.278s][info ][safepoint     ] Total time for which application threads were stopped: 0.0034952 seconds, Stopping threads took: 0.0018198 seconds
[2023-02-09T10:22:25.484+0000][242.278s][debug][safepoint     ] Safepoint synchronization initiated. (178 threads)
[2023-02-09T10:22:25.485+0000][242.279s][info ][safepoint     ] Application time: 1.0009948 seconds
[2023-02-09T10:22:25.486+0000][242.280s][info ][safepoint     ] Entering safepoint region: Cleanup
[2023-02-09T10:22:25.487+0000][242.281s][info ][safepoint     ] Leaving safepoint region
[2023-02-09T10:22:25.488+0000][242.282s][info ][safepoint     ] Total time for which application threads were stopped: 0.0022083 seconds, Stopping threads took: 0.0006833 seconds
[2023-02-09T10:22:26.489+0000][243.283s][debug][safepoint     ] Safepoint synchronization initiated. (178 threads)
[2023-02-09T10:22:26.489+0000][243.284s][info ][safepoint     ] Application time: 1.0009686 seconds
[2023-02-09T10:22:26.490+0000][243.284s][info ][safepoint     ] Entering safepoint region: Cleanup
[2023-02-09T10:22:26.492+0000][243.286s][info ][safepoint     ] Leaving safepoint region
[2023-02-09T10:22:26.492+0000][243.287s][info ][safepoint     ] Total time for which application threads were stopped: 0.0024690 seconds, Stopping threads took: 0.0007864 seconds
[2023-02-09T10:22:27.494+0000][244.288s][debug][safepoint     ] Safepoint synchronization initiated. (178 threads)
[2023-02-09T10:22:27.495+0000][244.289s][info ][safepoint     ] Application time: 1.0014517 seconds
[2023-02-09T10:22:27.495+0000][244.290s][info ][safepoint     ] Entering safepoint region: Cleanup
[2023-02-09T10:22:27.497+0000][244.291s][info ][safepoint     ] Leaving safepoint region
[2023-02-09T10:22:27.497+0000][244.292s][info ][safepoint     ] Total time for which application threads were stopped: 0.0020447 seconds, Stopping threads took: 0.0006583 seconds
[2023-02-09T10:22:28.498+0000][245.293s][debug][safepoint     ] Safepoint synchronization initiated. (178 threads)
[2023-02-09T10:22:28.499+0000][245.293s][info ][safepoint     ] Application time: 1.0012992 seconds
[2023-02-09T10:22:28.500+0000][245.294s][info ][safepoint     ] Entering safepoint region: Cleanup
[2023-02-09T10:22:28.501+0000][245.295s][info ][safepoint     ] Leaving safepoint region
[2023-02-09T10:22:28.502+0000][245.296s][info ][safepoint     ] Total time for which application threads were stopped: 0.0021330 seconds, Stopping threads took: 0.0006315 seconds
[2023-02-09T10:22:28.501+0000][245.295s][debug][safepoint     ] ... found polling page return exception at pc = 0x00007f086881d084, stub =0x00007f086085a800
[2023-02-09T10:22:29.503+0000][246.297s][debug][safepoint     ] Safepoint synchronization initiated. (178 threads)
[2023-02-09T10:22:29.504+0000][246.298s][info ][safepoint     ] Application time: 1.0013768 seconds
[2023-02-09T10:22:29.504+0000][246.299s][info ][safepoint     ] Entering safepoint region: Cleanup
[2023-02-09T10:22:29.506+0000][246.300s][info ][safepoint     ] Leaving safepoint region
[2023-02-09T10:22:29.507+0000][246.301s][info ][safepoint     ] Total time for which application threads were stopped: 0.0022799 seconds, Stopping threads took: 0.0008503 seconds
[2023-02-09T10:22:30.508+0000][247.302s][debug][safepoint     ] Safepoint synchronization initiated. (178 threads)
[2023-02-09T10:22:30.508+0000][247.303s][info ][safepoint     ] Application time: 1.0013682 seconds
[2023-02-09T10:22:30.509+0000][247.303s][info ][safepoint     ] Entering safepoint region: Cleanup
[2023-02-09T10:22:30.511+0000][247.305s][info ][safepoint     ] Leaving safepoint region
[2023-02-09T10:22:30.511+0000][247.305s][info ][safepoint     ] Total time for which application threads were stopped: 0.0020883 seconds, Stopping threads took: 0.0006127 seconds
[2023-02-09T10:22:31.512+0000][248.306s][debug][safepoint     ] Safepoint synchronization initiated. (178 threads)
[2023-02-09T10:22:31.513+0000][248.307s][info ][safepoint     ] Application time: 1.0010792 seconds
[2023-02-09T10:22:31.514+0000][248.308s][info ][safepoint     ] Entering safepoint region: Cleanup
[2023-02-09T10:22:31.516+0000][248.310s][info ][safepoint     ] Leaving safepoint region
[2023-02-09T10:22:31.516+0000][248.310s][debug][safepoint     ] ... found polling page return exception at pc = 0x00007f086881d084, stub =0x00007f086085a800
[2023-02-09T10:22:31.516+0000][248.310s][debug][safepoint     ] ... found polling page return exception at pc = 0x00007f086881d084, stub =0x00007f086085a800
[2023-02-09T10:22:31.517+0000][248.311s][info ][safepoint     ] Total time for which application threads were stopped: 0.0034728 seconds, Stopping threads took: 0.0009997 seconds
[2023-02-09T10:22:32.520+0000][249.314s][debug][safepoint     ] Safepoint synchronization initiated. (178 threads)
[2023-02-09T10:22:32.521+0000][249.315s][info ][safepoint     ] Application time: 1.0017842 seconds
[2023-02-09T10:22:32.522+0000][249.316s][info ][safepoint     ] Entering safepoint region: Cleanup
[2023-02-09T10:22:32.523+0000][249.317s][info ][safepoint     ] Leaving safepoint region
[2023-02-09T10:22:32.524+0000][249.318s][info ][safepoint     ] Total time for which application threads were stopped: 0.0022353 seconds, Stopping threads took: 0.0006577 seconds
[2023-02-09T10:22:33.525+0000][250.319s][debug][safepoint     ] Safepoint synchronization initiated. (178 threads)
[2023-02-09T10:22:33.526+0000][250.320s][info ][safepoint     ] Application time: 1.0018419 seconds
[2023-02-09T10:22:33.527+0000][250.321s][info ][safepoint     ] Entering safepoint region: Cleanup
[2023-02-09T10:22:33.528+0000][250.323s][info ][safepoint     ] Leaving safepoint region
[2023-02-09T10:22:33.529+0000][250.323s][info ][safepoint     ] Total time for which application threads were stopped: 0.0021496 seconds, Stopping threads took: 0.0006871 seconds
[2023-02-09T10:22:34.530+0000][251.324s][debug][safepoint     ] Safepoint synchronization initiated. (178 threads)
[2023-02-09T10:22:34.531+0000][251.325s][info ][safepoint     ] Application time: 1.0012700 seconds
[2023-02-09T10:22:34.531+0000][251.326s][info ][safepoint     ] Entering safepoint region: Cleanup
[2023-02-09T10:22:34.533+0000][251.327s][info ][safepoint     ] Leaving safepoint region
[2023-02-09T10:22:34.533+0000][251.328s][info ][safepoint     ] Total time for which application threads were stopped: 0.0022724 seconds, Stopping threads took: 0.0006401 seconds
[2023-02-09T10:22:35.534+0000][252.329s][debug][safepoint     ] Safepoint synchronization initiated. (178 threads)
[2023-02-09T10:22:35.535+0000][252.329s][info ][safepoint     ] Application time: 1.0010883 seconds
[2023-02-09T10:22:35.536+0000][252.330s][info ][safepoint     ] Entering safepoint region: Cleanup
[2023-02-09T10:22:35.538+0000][252.332s][info ][safepoint     ] Leaving safepoint region
[2023-02-09T10:22:35.538+0000][252.333s][info ][safepoint     ] Total time for which application threads were stopped: 0.0027498 seconds, Stopping threads took: 0.0011901 seconds
[2023-02-09T10:22:36.539+0000][253.334s][debug][safepoint     ] Safepoint synchronization initiated. (178 threads)
[2023-02-09T10:22:36.540+0000][253.334s][info ][safepoint     ] Application time: 1.0009415 seconds
[2023-02-09T10:22:36.541+0000][253.335s][info ][safepoint     ] Entering safepoint region: Cleanup
[2023-02-09T10:22:36.542+0000][253.336s][info ][safepoint     ] Leaving safepoint region
[2023-02-09T10:22:36.543+0000][253.337s][info ][safepoint     ] Total time for which application threads were stopped: 0.0024129 seconds, Stopping threads took: 0.0006144 seconds
[2023-02-09T10:22:37.544+0000][254.338s][debug][safepoint     ] Safepoint synchronization initiated. (178 threads)
[2023-02-09T10:22:37.545+0000][254.339s][info ][safepoint     ] Application time: 1.0015564 seconds
[2023-02-09T10:22:37.546+0000][254.340s][info ][safepoint     ] Entering safepoint region: Cleanup
[2023-02-09T10:22:37.547+0000][254.341s][info ][safepoint     ] Leaving safepoint region
[2023-02-09T10:22:37.548+0000][254.342s][info ][safepoint     ] Total time for which application threads were stopped: 0.0022441 seconds, Stopping threads took: 0.0006685 seconds
[2023-02-09T10:22:38.549+0000][255.343s][debug][safepoint     ] Safepoint synchronization initiated. (178 threads)
[2023-02-09T10:22:38.549+0000][255.344s][info ][safepoint     ] Application time: 1.0010779 seconds
[2023-02-09T10:22:38.550+0000][255.344s][info ][safepoint     ] Entering safepoint region: Cleanup
[2023-02-09T10:22:38.552+0000][255.346s][info ][safepoint     ] Leaving safepoint region
[2023-02-09T10:22:38.552+0000][255.347s][info ][safepoint     ] Total time for which application threads were stopped: 0.0022722 seconds, Stopping threads took: 0.0005854 seconds
[2023-02-09T10:22:39.553+0000][256.347s][debug][safepoint     ] Safepoint synchronization initiated. (178 threads)
[2023-02-09T10:22:39.554+0000][256.348s][info ][safepoint     ] Application time: 1.0009564 seconds
[2023-02-09T10:22:39.554+0000][256.349s][info ][safepoint     ] Entering safepoint region: Cleanup
[2023-02-09T10:22:39.556+0000][256.350s][info ][safepoint     ] Leaving safepoint region
[2023-02-09T10:22:39.556+0000][256.350s][info ][safepoint     ] Total time for which application threads were stopped: 0.0020358 seconds, Stopping threads took: 0.0006296 seconds
[2023-02-09T10:22:40.557+0000][257.351s][debug][safepoint     ] Safepoint synchronization initiated. (178 threads)
[2023-02-09T10:22:40.558+0000][257.352s][info ][safepoint     ] Application time: 1.0010702 seconds
[2023-02-09T10:22:40.558+0000][257.353s][info ][safepoint     ] Entering safepoint region: Cleanup
[2023-02-09T10:22:40.560+0000][257.354s][info ][safepoint     ] Leaving safepoint region
[2023-02-09T10:22:40.560+0000][257.355s][info ][safepoint     ] Total time for which application threads were stopped: 0.0021960 seconds, Stopping threads took: 0.0006862 seconds
[2023-02-09T10:22:41.561+0000][258.356s][debug][safepoint     ] Safepoint synchronization initiated. (178 threads)
[2023-02-09T10:22:41.562+0000][258.356s][info ][safepoint     ] Application time: 1.0009073 seconds
[2023-02-09T10:22:41.563+0000][258.357s][info ][safepoint     ] Entering safepoint region: Cleanup
[2023-02-09T10:22:41.564+0000][258.358s][info ][safepoint     ] Leaving safepoint region
[2023-02-09T10:22:41.565+0000][258.359s][info ][safepoint     ] Total time for which application threads were stopped: 0.0021208 seconds, Stopping threads took: 0.0006568 seconds
[2023-02-09T10:22:42.566+0000][259.360s][debug][safepoint     ] Safepoint synchronization initiated. (178 threads)
[2023-02-09T10:22:42.566+0000][259.361s][info ][safepoint     ] Application time: 1.0012782 seconds
[2023-02-09T10:22:42.567+0000][259.362s][info ][safepoint     ] Entering safepoint region: Cleanup
[2023-02-09T10:22:42.569+0000][259.363s][info ][safepoint     ] Leaving safepoint region
[2023-02-09T10:22:42.569+0000][259.363s][info ][safepoint     ] Total time for which application threads were stopped: 0.0020486 seconds, Stopping threads took: 0.0006306 seconds
[2023-02-09T10:22:43.570+0000][260.364s][debug][safepoint     ] Safepoint synchronization initiated. (178 threads)
[2023-02-09T10:22:43.571+0000][260.365s][info ][safepoint     ] Application time: 1.0012369 seconds
[2023-02-09T10:22:43.572+0000][260.366s][info ][safepoint     ] Entering safepoint region: Cleanup
[2023-02-09T10:22:43.573+0000][260.368s][info ][safepoint     ] Leaving safepoint region
[2023-02-09T10:22:43.574+0000][260.368s][info ][safepoint     ] Total time for which application threads were stopped: 0.0026013 seconds, Stopping threads took: 0.0006759 seconds
[2023-02-09T10:22:44.575+0000][261.369s][debug][safepoint     ] Safepoint synchronization initiated. (178 threads)
[2023-02-09T10:22:44.576+0000][261.370s][info ][safepoint     ] Application time: 1.0009326 seconds
[2023-02-09T10:22:44.576+0000][261.371s][info ][safepoint     ] Entering safepoint region: Cleanup
[2023-02-09T10:22:44.578+0000][261.372s][info ][safepoint     ] Leaving safepoint region
[2023-02-09T10:22:44.578+0000][261.373s][info ][safepoint     ] Total time for which application threads were stopped: 0.0020095 seconds, Stopping threads took: 0.0006399 seconds
[2023-02-09T10:22:45.579+0000][262.374s][debug][safepoint     ] Safepoint synchronization initiated. (178 threads)
[2023-02-09T10:22:45.580+0000][262.374s][info ][safepoint     ] Application time: 1.0011366 seconds
[2023-02-09T10:22:45.581+0000][262.375s][info ][safepoint     ] Entering safepoint region: Cleanup
[2023-02-09T10:22:45.582+0000][262.377s][info ][safepoint     ] Leaving safepoint region
[2023-02-09T10:22:45.583+0000][262.378s][info ][safepoint     ] Total time for which application threads were stopped: 0.0025423 seconds, Stopping threads took: 0.0006686 seconds
[2023-02-09T10:22:46.584+0000][263.379s][debug][safepoint     ] Safepoint synchronization initiated. (178 threads)
[2023-02-09T10:22:46.585+0000][263.380s][info ][safepoint     ] Application time: 1.0011335 seconds
[2023-02-09T10:22:46.586+0000][263.381s][info ][safepoint     ] Entering safepoint region: Cleanup
[2023-02-09T10:22:46.588+0000][263.382s][info ][safepoint     ] Leaving safepoint region
[2023-02-09T10:22:46.589+0000][263.383s][info ][safepoint     ] Total time for which application threads were stopped: 0.0030130 seconds, Stopping threads took: 0.0011078 seconds
[2023-02-09T10:22:47.590+0000][264.385s][debug][safepoint     ] Safepoint synchronization initiated. (179 threads)
[2023-02-09T10:22:47.591+0000][264.386s][info ][safepoint     ] Application time: 1.0011835 seconds
[2023-02-09T10:22:47.592+0000][264.386s][info ][safepoint     ] Entering safepoint region: Cleanup
[2023-02-09T10:22:47.593+0000][264.387s][info ][safepoint     ] Leaving safepoint region
[2023-02-09T10:22:47.594+0000][264.388s][info ][safepoint     ] Total time for which application threads were stopped: 0.0018619 seconds, Stopping threads took: 0.0007384 seconds
[2023-02-09T10:22:48.604+0000][265.389s][debug][safepoint     ] Safepoint synchronization initiated. (179 threads)
[2023-02-09T10:22:48.605+0000][265.390s][info ][safepoint     ] Application time: 1.0009823 seconds
[2023-02-09T10:22:48.606+0000][265.390s][info ][safepoint     ] Entering safepoint region: Cleanup
[2023-02-09T10:22:48.607+0000][265.392s][info ][safepoint     ] Leaving safepoint region
[2023-02-09T10:22:48.608+0000][265.393s][info ][safepoint     ] Total time for which application threads were stopped: 0.0023221 seconds, Stopping threads took: 0.0007179 seconds
[2023-02-09T10:22:49.609+0000][266.393s][debug][safepoint     ] Safepoint synchronization initiated. (179 threads)
[2023-02-09T10:22:49.609+0000][266.394s][info ][safepoint     ] Application time: 1.0010404 seconds
[2023-02-09T10:22:49.610+0000][266.395s][info ][safepoint     ] Entering safepoint region: Cleanup
[2023-02-09T10:22:49.612+0000][266.396s][info ][safepoint     ] Leaving safepoint region
[2023-02-09T10:22:49.612+0000][266.397s][info ][safepoint     ] Total time for which application threads were stopped: 0.0026270 seconds, Stopping threads took: 0.0008895 seconds
[2023-02-09T10:22:50.613+0000][267.398s][debug][safepoint     ] Safepoint synchronization initiated. (179 threads)
[2023-02-09T10:22:50.615+0000][267.399s][info ][safepoint     ] Application time: 1.0017468 seconds
[2023-02-09T10:22:50.615+0000][267.400s][info ][safepoint     ] Entering safepoint region: Cleanup
[2023-02-09T10:22:50.617+0000][267.401s][info ][safepoint     ] Leaving safepoint region
[2023-02-09T10:22:50.617+0000][267.402s][info ][safepoint     ] Total time for which application threads were stopped: 0.0020464 seconds, Stopping threads took: 0.0006350 seconds
[2023-02-09T10:22:51.618+0000][268.403s][debug][safepoint     ] Safepoint synchronization initiated. (179 threads)
[2023-02-09T10:22:51.619+0000][268.403s][info ][safepoint     ] Application time: 1.0011275 seconds
[2023-02-09T10:22:51.620+0000][268.404s][info ][safepoint     ] Entering safepoint region: Cleanup
[2023-02-09T10:22:51.621+0000][268.406s][info ][safepoint     ] Leaving safepoint region
[2023-02-09T10:22:51.622+0000][268.407s][info ][safepoint     ] Total time for which application threads were stopped: 0.0024380 seconds, Stopping threads took: 0.0007693 seconds
[2023-02-09T10:22:52.623+0000][269.408s][debug][safepoint     ] Safepoint synchronization initiated. (179 threads)
[2023-02-09T10:22:52.624+0000][269.408s][info ][safepoint     ] Application time: 1.0009604 seconds
[2023-02-09T10:22:52.624+0000][269.409s][info ][safepoint     ] Entering safepoint region: Cleanup
[2023-02-09T10:22:52.626+0000][269.410s][info ][safepoint     ] Leaving safepoint region
[2023-02-09T10:22:52.626+0000][269.411s][info ][safepoint     ] Total time for which application threads were stopped: 0.0019043 seconds, Stopping threads took: 0.0005668 seconds
[2023-02-09T10:22:53.627+0000][270.412s][debug][safepoint     ] Safepoint synchronization initiated. (179 threads)
[2023-02-09T10:22:53.628+0000][270.412s][info ][safepoint     ] Application time: 1.0008969 seconds
[2023-02-09T10:22:53.628+0000][270.413s][debug][safepoint     ] ... found polling page return exception at pc = 0x00007f0868e8ba61, stub =0x00007f086085a800
[2023-02-09T10:22:53.629+0000][270.414s][debug][safepoint     ] Waiting for 1 thread(s) to block
[2023-02-09T10:22:53.630+0000][270.414s][info ][safepoint     ] Entering safepoint region: Cleanup
[2023-02-09T10:22:53.631+0000][270.416s][info ][safepoint     ] Leaving safepoint region
[2023-02-09T10:22:53.632+0000][270.416s][info ][safepoint     ] Total time for which application threads were stopped: 0.0034658 seconds, Stopping threads took: 0.0019533 seconds
[2023-02-09T10:22:54.633+0000][271.417s][debug][safepoint     ] Safepoint synchronization initiated. (179 threads)
[2023-02-09T10:22:54.633+0000][271.418s][info ][safepoint     ] Application time: 1.0012241 seconds
[2023-02-09T10:22:54.634+0000][271.419s][info ][safepoint     ] Entering safepoint region: Cleanup
[2023-02-09T10:22:54.635+0000][271.420s][info ][safepoint     ] Leaving safepoint region
[2023-02-09T10:22:54.636+0000][271.421s][info ][safepoint     ] Total time for which application threads were stopped: 0.0019373 seconds, Stopping threads took: 0.0005638 seconds
[2023-02-09T10:22:55.637+0000][272.422s][debug][safepoint     ] Safepoint synchronization initiated. (178 threads)
[2023-02-09T10:22:55.638+0000][272.422s][info ][safepoint     ] Application time: 1.0013805 seconds
[2023-02-09T10:22:55.638+0000][272.423s][info ][safepoint     ] Entering safepoint region: Cleanup
[2023-02-09T10:22:55.640+0000][272.424s][info ][safepoint     ] Leaving safepoint region
[2023-02-09T10:22:55.640+0000][272.425s][info ][safepoint     ] Total time for which application threads were stopped: 0.0020318 seconds, Stopping threads took: 0.0006333 seconds
[2023-02-09T10:22:56.641+0000][273.426s][debug][safepoint     ] Safepoint synchronization initiated. (178 threads)
[2023-02-09T10:22:56.642+0000][273.427s][info ][safepoint     ] Application time: 1.0009860 seconds
[2023-02-09T10:22:56.643+0000][273.428s][info ][safepoint     ] Entering safepoint region: Cleanup
[2023-02-09T10:22:56.645+0000][273.429s][info ][safepoint     ] Leaving safepoint region
[2023-02-09T10:22:56.645+0000][273.430s][info ][safepoint     ] Total time for which application threads were stopped: 0.0025188 seconds, Stopping threads took: 0.0008106 seconds
[2023-02-09T10:22:57.157+0000][273.941s][debug][safepoint     ] Safepoint synchronization initiated. (178 threads)
[2023-02-09T10:22:57.157+0000][273.942s][info ][safepoint     ] Application time: 0.5110877 seconds
[2023-02-09T10:22:57.158+0000][273.943s][info ][safepoint     ] Entering safepoint region: G1CollectForAllocation
[2023-02-09T10:22:57.160+0000][273.944s][info ][gc,start      ] GC(50) Pause Young (Normal) (G1 Evacuation Pause)
[2023-02-09T10:22:57.161+0000][273.945s][info ][gc,task       ] GC(50) Using 13 workers of 13 for evacuation
[2023-02-09T10:22:57.191+0000][273.975s][info ][gc,phases     ] GC(50)   Pre Evacuate Collection Set: 0.1ms
[2023-02-09T10:22:57.191+0000][273.976s][info ][gc,phases     ] GC(50)   Evacuate Collection Set: 20.9ms
[2023-02-09T10:22:57.192+0000][273.977s][info ][gc,phases     ] GC(50)   Post Evacuate Collection Set: 7.7ms
[2023-02-09T10:22:57.193+0000][273.978s][info ][gc,phases     ] GC(50)   Other: 2.3ms
[2023-02-09T10:22:57.194+0000][273.979s][info ][gc,heap       ] GC(50) Eden regions: 208->0(207)
[2023-02-09T10:22:57.195+0000][273.979s][info ][gc,heap       ] GC(50) Survivor regions: 16->15(28)
[2023-02-09T10:22:57.195+0000][273.980s][info ][gc,heap       ] GC(50) Old regions: 123->126
[2023-02-09T10:22:57.196+0000][273.981s][info ][gc,heap       ] GC(50) Humongous regions: 0->0
[2023-02-09T10:22:57.197+0000][273.982s][info ][gc,metaspace  ] GC(50) Metaspace: 152477K->152477K(1187840K)
[2023-02-09T10:22:57.198+0000][273.982s][info ][gc            ] GC(50) Pause Young (Normal) (G1 Evacuation Pause) 345M->139M(404M) 37.796ms
[2023-02-09T10:22:57.198+0000][273.983s][info ][gc,cpu        ] GC(50) User=0.27s Sys=0.03s Real=0.04s
[2023-02-09T10:22:57.199+0000][273.984s][info ][safepoint     ] Leaving safepoint region
[2023-02-09T10:22:57.200+0000][273.984s][info ][safepoint     ] Total time for which application threads were stopped: 0.0414258 seconds, Stopping threads took: 0.0006097 seconds
[2023-02-09T10:22:57.200+0000][273.985s][info ][gc,stringdedup] Concurrent String Deduplication (273.985s)
[2023-02-09T10:22:57.204+0000][273.989s][info ][gc,stringdedup] Concurrent String Deduplication 236.3K->126.3K(110.0K) avg 53.0% (273.985s, 273.989s) 4.052ms
[2023-02-09T10:22:58.200+0000][274.985s][debug][safepoint     ] Safepoint synchronization initiated. (178 threads)
[2023-02-09T10:22:58.201+0000][274.986s][info ][safepoint     ] Application time: 1.0012015 seconds
[2023-02-09T10:22:58.202+0000][274.987s][info ][safepoint     ] Entering safepoint region: Cleanup
[2023-02-09T10:22:58.203+0000][274.988s][info ][safepoint     ] Leaving safepoint region
[2023-02-09T10:22:58.204+0000][274.989s][info ][safepoint     ] Total time for which application threads were stopped: 0.0020766 seconds, Stopping threads took: 0.0006344 seconds
[2023-02-09T10:22:59.205+0000][275.989s][debug][safepoint     ] Safepoint synchronization initiated. (178 threads)
[2023-02-09T10:22:59.205+0000][275.990s][info ][safepoint     ] Application time: 1.0008758 seconds
[2023-02-09T10:22:59.206+0000][275.991s][info ][safepoint     ] Entering safepoint region: Cleanup
[2023-02-09T10:22:59.208+0000][275.992s][info ][safepoint     ] Leaving safepoint region
[2023-02-09T10:22:59.208+0000][275.993s][info ][safepoint     ] Total time for which application threads were stopped: 0.0023240 seconds, Stopping threads took: 0.0005925 seconds
[2023-02-09T10:23:00.209+0000][276.994s][debug][safepoint     ] Safepoint synchronization initiated. (178 threads)
[2023-02-09T10:23:00.210+0000][276.994s][info ][safepoint     ] Application time: 1.0010761 seconds
[2023-02-09T10:23:00.210+0000][276.995s][info ][safepoint     ] Entering safepoint region: Cleanup
[2023-02-09T10:23:00.212+0000][276.997s][info ][safepoint     ] Leaving safepoint region
[2023-02-09T10:23:00.214+0000][276.998s][info ][safepoint     ] Total time for which application threads were stopped: 0.0031664 seconds, Stopping threads took: 0.0006957 seconds
[2023-02-09T10:23:01.214+0000][277.999s][debug][safepoint     ] Safepoint synchronization initiated. (178 threads)
[2023-02-09T10:23:01.215+0000][278.000s][info ][safepoint     ] Application time: 1.0013216 seconds
[2023-02-09T10:23:01.217+0000][278.001s][info ][safepoint     ] Entering safepoint region: Cleanup
[2023-02-09T10:23:01.219+0000][278.003s][info ][safepoint     ] Leaving safepoint region
[2023-02-09T10:23:01.219+0000][278.004s][info ][safepoint     ] Total time for which application threads were stopped: 0.0029760 seconds, Stopping threads took: 0.0012228 seconds
[2023-02-09T10:23:02.221+0000][279.005s][debug][safepoint     ] Safepoint synchronization initiated. (178 threads)
[2023-02-09T10:23:02.222+0000][279.006s][info ][safepoint     ] Application time: 1.0015387 seconds
[2023-02-09T10:23:02.222+0000][279.007s][info ][safepoint     ] Entering safepoint region: Cleanup
[2023-02-09T10:23:02.224+0000][279.009s][info ][safepoint     ] Leaving safepoint region
[2023-02-09T10:23:02.225+0000][279.009s][info ][safepoint     ] Total time for which application threads were stopped: 0.0023427 seconds, Stopping threads took: 0.0006267 seconds
[2023-02-09T10:23:03.226+0000][280.010s][debug][safepoint     ] Safepoint synchronization initiated. (178 threads)
[2023-02-09T10:23:03.226+0000][280.011s][info ][safepoint     ] Application time: 1.0011445 seconds
[2023-02-09T10:23:03.227+0000][280.012s][info ][safepoint     ] Entering safepoint region: Cleanup
[2023-02-09T10:23:03.229+0000][280.014s][info ][safepoint     ] Leaving safepoint region
[2023-02-09T10:23:03.230+0000][280.015s][info ][safepoint     ] Total time for which application threads were stopped: 0.0028744 seconds, Stopping threads took: 0.0012822 seconds
[2023-02-09T10:23:04.231+0000][281.016s][debug][safepoint     ] Safepoint synchronization initiated. (178 threads)
[2023-02-09T10:23:04.232+0000][281.016s][info ][safepoint     ] Application time: 1.0010476 seconds
[2023-02-09T10:23:04.233+0000][281.017s][info ][safepoint     ] Entering safepoint region: Cleanup
[2023-02-09T10:23:04.234+0000][281.019s][info ][safepoint     ] Leaving safepoint region
[2023-02-09T10:23:04.234+0000][281.019s][info ][safepoint     ] Total time for which application threads were stopped: 0.0020909 seconds, Stopping threads took: 0.0006749 seconds
[2023-02-09T10:23:05.236+0000][282.020s][debug][safepoint     ] Safepoint synchronization initiated. (178 threads)
[2023-02-09T10:23:05.236+0000][282.021s][info ][safepoint     ] Application time: 1.0010661 seconds
[2023-02-09T10:23:05.237+0000][282.022s][info ][safepoint     ] Entering safepoint region: Cleanup
[2023-02-09T10:23:05.239+0000][282.024s][info ][safepoint     ] Leaving safepoint region
[2023-02-09T10:23:05.240+0000][282.024s][info ][safepoint     ] Total time for which application threads were stopped: 0.0026749 seconds, Stopping threads took: 0.0010684 seconds
[2023-02-09T10:23:06.241+0000][283.025s][debug][safepoint     ] Safepoint synchronization initiated. (178 threads)
[2023-02-09T10:23:06.241+0000][283.026s][info ][safepoint     ] Application time: 1.0008152 seconds
[2023-02-09T10:23:06.242+0000][283.026s][info ][safepoint     ] Entering safepoint region: Cleanup
[2023-02-09T10:23:06.243+0000][283.027s][info ][safepoint     ] Leaving safepoint region
[2023-02-09T10:23:06.243+0000][283.028s][info ][safepoint     ] Total time for which application threads were stopped: 0.0016481 seconds, Stopping threads took: 0.0005119 seconds
[2023-02-09T10:23:07.244+0000][284.028s][debug][safepoint     ] Safepoint synchronization initiated. (178 threads)
[2023-02-09T10:23:07.244+0000][284.029s][info ][safepoint     ] Application time: 1.0008084 seconds
[2023-02-09T10:23:07.245+0000][284.030s][info ][safepoint     ] Entering safepoint region: Cleanup
[2023-02-09T10:23:07.247+0000][284.031s][info ][safepoint     ] Leaving safepoint region
[2023-02-09T10:23:07.247+0000][284.032s][info ][safepoint     ] Total time for which application threads were stopped: 0.0024339 seconds, Stopping threads took: 0.0007698 seconds
[2023-02-09T10:23:08.248+0000][285.033s][debug][safepoint     ] Safepoint synchronization initiated. (178 threads)
[2023-02-09T10:23:08.248+0000][285.033s][info ][safepoint     ] Application time: 1.0005700 seconds
[2023-02-09T10:23:08.249+0000][285.033s][info ][safepoint     ] Entering safepoint region: Cleanup
[2023-02-09T10:23:08.249+0000][285.034s][info ][safepoint     ] Leaving safepoint region
[2023-02-09T10:23:08.250+0000][285.034s][info ][safepoint     ] Total time for which application threads were stopped: 0.0011096 seconds, Stopping threads took: 0.0002952 seconds
[2023-02-09T10:23:08.249+0000][285.034s][debug][safepoint     ] ... found polling page return exception at pc = 0x00007f086881d084, stub =0x00007f086085a800
[2023-02-09T10:23:09.251+0000][286.035s][debug][safepoint     ] Safepoint synchronization initiated. (178 threads)
[2023-02-09T10:23:09.251+0000][286.036s][info ][safepoint     ] Application time: 1.0012505 seconds
[2023-02-09T10:23:09.252+0000][286.037s][info ][safepoint     ] Entering safepoint region: Cleanup
[2023-02-09T10:23:09.253+0000][286.038s][info ][safepoint     ] Leaving safepoint region
[2023-02-09T10:23:09.254+0000][286.039s][info ][safepoint     ] Total time for which application threads were stopped: 0.0022425 seconds, Stopping threads took: 0.0006234 seconds
[2023-02-09T10:23:10.255+0000][287.040s][debug][safepoint     ] Safepoint synchronization initiated. (178 threads)
[2023-02-09T10:23:10.256+0000][287.040s][info ][safepoint     ] Application time: 1.0011174 seconds
[2023-02-09T10:23:10.256+0000][287.041s][info ][safepoint     ] Entering safepoint region: Cleanup
[2023-02-09T10:23:10.258+0000][287.043s][info ][safepoint     ] Leaving safepoint region
[2023-02-09T10:23:10.258+0000][287.043s][info ][safepoint     ] Total time for which application threads were stopped: 0.0022415 seconds, Stopping threads took: 0.0006421 seconds
[2023-02-09T10:23:11.259+0000][288.044s][debug][safepoint     ] Safepoint synchronization initiated. (178 threads)
[2023-02-09T10:23:11.260+0000][288.045s][info ][safepoint     ] Application time: 1.0013380 seconds
[2023-02-09T10:23:11.261+0000][288.046s][info ][safepoint     ] Entering safepoint region: Cleanup
[2023-02-09T10:23:11.263+0000][288.047s][info ][safepoint     ] Leaving safepoint region
[2023-02-09T10:23:11.263+0000][288.048s][info ][safepoint     ] Total time for which application threads were stopped: 0.0026995 seconds, Stopping threads took: 0.0009569 seconds
[2023-02-09T10:23:12.265+0000][289.049s][debug][safepoint     ] Safepoint synchronization initiated. (178 threads)
[2023-02-09T10:23:12.266+0000][289.050s][info ][safepoint     ] Application time: 1.0013206 seconds
[2023-02-09T10:23:12.266+0000][289.051s][info ][safepoint     ] Entering safepoint region: Cleanup
[2023-02-09T10:23:12.268+0000][289.052s][info ][safepoint     ] Leaving safepoint region
[2023-02-09T10:23:12.268+0000][289.053s][info ][safepoint     ] Total time for which application threads were stopped: 0.0021014 seconds, Stopping threads took: 0.0006261 seconds
[2023-02-09T10:23:13.269+0000][290.054s][debug][safepoint     ] Safepoint synchronization initiated. (178 threads)
[2023-02-09T10:23:13.270+0000][290.055s][info ][safepoint     ] Application time: 1.0013117 seconds
[2023-02-09T10:23:13.271+0000][290.055s][info ][safepoint     ] Entering safepoint region: Cleanup
[2023-02-09T10:23:13.272+0000][290.057s][info ][safepoint     ] Leaving safepoint region
[2023-02-09T10:23:13.272+0000][290.057s][info ][safepoint     ] Total time for which application threads were stopped: 0.0018895 seconds, Stopping threads took: 0.0005650 seconds
[2023-02-09T10:23:14.273+0000][291.058s][debug][safepoint     ] Safepoint synchronization initiated. (178 threads)
[2023-02-09T10:23:14.274+0000][291.058s][info ][safepoint     ] Application time: 1.0009667 seconds
[2023-02-09T10:23:14.274+0000][291.059s][info ][safepoint     ] Entering safepoint region: Cleanup
[2023-02-09T10:23:14.276+0000][291.061s][info ][safepoint     ] Leaving safepoint region
[2023-02-09T10:23:14.276+0000][291.061s][info ][safepoint     ] Total time for which application threads were stopped: 0.0022486 seconds, Stopping threads took: 0.0007153 seconds
[2023-02-09T10:23:15.277+0000][292.062s][debug][safepoint     ] Safepoint synchronization initiated. (178 threads)
[2023-02-09T10:23:15.278+0000][292.063s][info ][safepoint     ] Application time: 1.0010917 seconds
[2023-02-09T10:23:15.279+0000][292.064s][info ][safepoint     ] Entering safepoint region: Cleanup
[2023-02-09T10:23:15.280+0000][292.065s][info ][safepoint     ] Leaving safepoint region
[2023-02-09T10:23:15.281+0000][292.066s][info ][safepoint     ] Total time for which application threads were stopped: 0.0022364 seconds, Stopping threads took: 0.0006054 seconds
[2023-02-09T10:23:16.282+0000][293.067s][debug][safepoint     ] Safepoint synchronization initiated. (178 threads)
[2023-02-09T10:23:16.283+0000][293.068s][info ][safepoint     ] Application time: 1.0009487 seconds
[2023-02-09T10:23:16.284+0000][293.068s][info ][safepoint     ] Entering safepoint region: Cleanup
[2023-02-09T10:23:16.285+0000][293.070s][info ][safepoint     ] Leaving safepoint region
[2023-02-09T10:23:16.286+0000][293.070s][info ][safepoint     ] Total time for which application threads were stopped: 0.0021520 seconds, Stopping threads took: 0.0006075 seconds
[2023-02-09T10:23:17.287+0000][294.071s][debug][safepoint     ] Safepoint synchronization initiated. (178 threads)
[2023-02-09T10:23:17.288+0000][294.072s][info ][safepoint     ] Application time: 1.0013611 seconds
[2023-02-09T10:23:17.288+0000][294.073s][info ][safepoint     ] Entering safepoint region: Cleanup
[2023-02-09T10:23:17.290+0000][294.075s][info ][safepoint     ] Leaving safepoint region
[2023-02-09T10:23:17.291+0000][294.075s][info ][safepoint     ] Total time for which application threads were stopped: 0.0025324 seconds, Stopping threads took: 0.0006257 seconds
[2023-02-09T10:23:18.292+0000][295.076s][debug][safepoint     ] Safepoint synchronization initiated. (178 threads)
[2023-02-09T10:23:18.293+0000][295.077s][info ][safepoint     ] Application time: 1.0015820 seconds
[2023-02-09T10:23:18.293+0000][295.078s][info ][safepoint     ] Entering safepoint region: Cleanup
[2023-02-09T10:23:18.295+0000][295.080s][info ][safepoint     ] Leaving safepoint region
[2023-02-09T10:23:18.296+0000][295.081s][info ][safepoint     ] Total time for which application threads were stopped: 0.0024761 seconds, Stopping threads took: 0.0008547 seconds
[2023-02-09T10:23:19.298+0000][296.082s][debug][safepoint     ] Safepoint synchronization initiated. (178 threads)
[2023-02-09T10:23:19.298+0000][296.083s][info ][safepoint     ] Application time: 1.0013790 seconds
[2023-02-09T10:23:19.299+0000][296.084s][info ][safepoint     ] Entering safepoint region: Cleanup
[2023-02-09T10:23:19.300+0000][296.085s][info ][safepoint     ] Leaving safepoint region
[2023-02-09T10:23:19.301+0000][296.086s][info ][safepoint     ] Total time for which application threads were stopped: 0.0020629 seconds, Stopping threads took: 0.0006101 seconds
[2023-02-09T10:23:20.302+0000][297.087s][debug][safepoint     ] Safepoint synchronization initiated. (178 threads)
[2023-02-09T10:23:20.303+0000][297.088s][info ][safepoint     ] Application time: 1.0013385 seconds
[2023-02-09T10:23:20.303+0000][297.088s][info ][safepoint     ] Entering safepoint region: Cleanup
[2023-02-09T10:23:20.305+0000][297.089s][info ][safepoint     ] Leaving safepoint region
[2023-02-09T10:23:20.305+0000][297.090s][info ][safepoint     ] Total time for which application threads were stopped: 0.0019990 seconds, Stopping threads took: 0.0006340 seconds
[2023-02-09T10:23:21.306+0000][298.091s][debug][safepoint     ] Safepoint synchronization initiated. (178 threads)
[2023-02-09T10:23:21.307+0000][298.092s][info ][safepoint     ] Application time: 1.0012826 seconds
[2023-02-09T10:23:21.308+0000][298.092s][info ][safepoint     ] Entering safepoint region: Cleanup
[2023-02-09T10:23:21.309+0000][298.094s][info ][safepoint     ] Leaving safepoint region
[2023-02-09T10:23:21.310+0000][298.095s][info ][safepoint     ] Total time for which application threads were stopped: 0.0021889 seconds, Stopping threads took: 0.0006093 seconds
[2023-02-09T10:23:22.311+0000][299.095s][debug][safepoint     ] Safepoint synchronization initiated. (178 threads)
[2023-02-09T10:23:22.312+0000][299.096s][info ][safepoint     ] Application time: 1.0009930 seconds
[2023-02-09T10:23:22.312+0000][299.097s][info ][safepoint     ] Entering safepoint region: Cleanup
[2023-02-09T10:23:22.314+0000][299.098s][info ][safepoint     ] Leaving safepoint region
[2023-02-09T10:23:22.314+0000][299.099s][info ][safepoint     ] Total time for which application threads were stopped: 0.0023713 seconds, Stopping threads took: 0.0007364 seconds
[2023-02-09T10:23:23.315+0000][300.100s][debug][safepoint     ] Safepoint synchronization initiated. (178 threads)
[2023-02-09T10:23:23.316+0000][300.101s][info ][safepoint     ] Application time: 1.0009564 seconds
[2023-02-09T10:23:23.317+0000][300.101s][info ][safepoint     ] Entering safepoint region: Cleanup
[2023-02-09T10:23:23.318+0000][300.103s][info ][safepoint     ] Leaving safepoint region
[2023-02-09T10:23:23.319+0000][300.103s][info ][safepoint     ] Total time for which application threads were stopped: 0.0020932 seconds, Stopping threads took: 0.0006676 seconds
[2023-02-09T10:23:24.320+0000][301.105s][debug][safepoint     ] Safepoint synchronization initiated. (178 threads)
[2023-02-09T10:23:24.321+0000][301.105s][info ][safepoint     ] Application time: 1.0013679 seconds
[2023-02-09T10:23:24.321+0000][301.106s][info ][safepoint     ] Entering safepoint region: Cleanup
[2023-02-09T10:23:24.323+0000][301.107s][info ][safepoint     ] Leaving safepoint region
[2023-02-09T10:23:24.323+0000][301.108s][info ][safepoint     ] Total time for which application threads were stopped: 0.0022758 seconds, Stopping threads took: 0.0006117 seconds
[2023-02-09T10:23:25.325+0000][302.109s][debug][safepoint     ] Safepoint synchronization initiated. (178 threads)
[2023-02-09T10:23:25.325+0000][302.110s][info ][safepoint     ] Application time: 1.0013863 seconds
[2023-02-09T10:23:25.326+0000][302.111s][info ][safepoint     ] Entering safepoint region: Cleanup
[2023-02-09T10:23:25.328+0000][302.112s][info ][safepoint     ] Leaving safepoint region
[2023-02-09T10:23:25.328+0000][302.113s][info ][safepoint     ] Total time for which application threads were stopped: 0.0022533 seconds, Stopping threads took: 0.0006681 seconds
[2023-02-09T10:23:26.329+0000][303.114s][debug][safepoint     ] Safepoint synchronization initiated. (178 threads)
[2023-02-09T10:23:26.330+0000][303.115s][info ][safepoint     ] Application time: 1.0010815 seconds
[2023-02-09T10:23:26.331+0000][303.115s][info ][safepoint     ] Entering safepoint region: Cleanup
[2023-02-09T10:23:26.332+0000][303.117s][info ][safepoint     ] Leaving safepoint region
[2023-02-09T10:23:26.333+0000][303.118s][info ][safepoint     ] Total time for which application threads were stopped: 0.0026235 seconds, Stopping threads took: 0.0006598 seconds
[2023-02-09T10:23:27.335+0000][304.120s][debug][safepoint     ] Safepoint synchronization initiated. (178 threads)
[2023-02-09T10:23:27.336+0000][304.121s][info ][safepoint     ] Application time: 1.0011407 seconds
[2023-02-09T10:23:27.337+0000][304.121s][info ][safepoint     ] Entering safepoint region: Cleanup
[2023-02-09T10:23:27.338+0000][304.123s][info ][safepoint     ] Leaving safepoint region
[2023-02-09T10:23:27.338+0000][304.123s][info ][safepoint     ] Total time for which application threads were stopped: 0.0020337 seconds, Stopping threads took: 0.0006252 seconds
[2023-02-09T10:23:28.340+0000][305.124s][debug][safepoint     ] Safepoint synchronization initiated. (178 threads)
[2023-02-09T10:23:28.340+0000][305.125s][info ][safepoint     ] Application time: 1.0014409 seconds
[2023-02-09T10:23:28.341+0000][305.126s][info ][safepoint     ] Entering safepoint region: Cleanup
[2023-02-09T10:23:28.343+0000][305.128s][info ][safepoint     ] Leaving safepoint region
[2023-02-09T10:23:28.344+0000][305.128s][info ][safepoint     ] Total time for which application threads were stopped: 0.0024585 seconds, Stopping threads took: 0.0006817 seconds
[2023-02-09T10:23:29.345+0000][306.130s][debug][safepoint     ] Safepoint synchronization initiated. (178 threads)
[2023-02-09T10:23:29.346+0000][306.130s][info ][safepoint     ] Application time: 1.0015426 seconds
[2023-02-09T10:23:29.346+0000][306.131s][info ][safepoint     ] Entering safepoint region: Cleanup
[2023-02-09T10:23:29.348+0000][306.132s][info ][safepoint     ] Leaving safepoint region
[2023-02-09T10:23:29.348+0000][306.133s][info ][safepoint     ] Total time for which application threads were stopped: 0.0020487 seconds, Stopping threads took: 0.0006460 seconds
[2023-02-09T10:23:30.350+0000][307.134s][debug][safepoint     ] Safepoint synchronization initiated. (178 threads)
[2023-02-09T10:23:30.350+0000][307.135s][info ][safepoint     ] Application time: 1.0014286 seconds
[2023-02-09T10:23:30.351+0000][307.136s][info ][safepoint     ] Entering safepoint region: Cleanup
[2023-02-09T10:23:30.353+0000][307.137s][info ][safepoint     ] Leaving safepoint region
[2023-02-09T10:23:30.353+0000][307.138s][info ][safepoint     ] Total time for which application threads were stopped: 0.0021656 seconds, Stopping threads took: 0.0006610 seconds
[2023-02-09T10:23:31.354+0000][308.139s][debug][safepoint     ] Safepoint synchronization initiated. (178 threads)
[2023-02-09T10:23:31.355+0000][308.140s][info ][safepoint     ] Application time: 1.0011160 seconds
[2023-02-09T10:23:31.356+0000][308.140s][info ][safepoint     ] Entering safepoint region: Cleanup
[2023-02-09T10:23:31.357+0000][308.142s][info ][safepoint     ] Leaving safepoint region
[2023-02-09T10:23:31.358+0000][308.142s][info ][safepoint     ] Total time for which application threads were stopped: 0.0022025 seconds, Stopping threads took: 0.0005892 seconds
[2023-02-09T10:23:32.360+0000][309.144s][debug][safepoint     ] Safepoint synchronization initiated. (178 threads)
[2023-02-09T10:23:32.360+0000][309.145s][info ][safepoint     ] Application time: 1.0016040 seconds
[2023-02-09T10:23:32.361+0000][309.146s][info ][safepoint     ] Entering safepoint region: Cleanup
[2023-02-09T10:23:32.362+0000][309.147s][info ][safepoint     ] Leaving safepoint region
[2023-02-09T10:23:32.363+0000][309.148s][info ][safepoint     ] Total time for which application threads were stopped: 0.0021348 seconds, Stopping threads took: 0.0006535 seconds
[2023-02-09T10:23:33.364+0000][310.149s][debug][safepoint     ] Safepoint synchronization initiated. (178 threads)
[2023-02-09T10:23:33.365+0000][310.150s][info ][safepoint     ] Application time: 1.0016504 seconds
[2023-02-09T10:23:33.366+0000][310.151s][info ][safepoint     ] Entering safepoint region: Cleanup
[2023-02-09T10:23:33.367+0000][310.152s][info ][safepoint     ] Leaving safepoint region
[2023-02-09T10:23:33.368+0000][310.153s][info ][safepoint     ] Total time for which application threads were stopped: 0.0021947 seconds, Stopping threads took: 0.0006564 seconds
[2023-02-09T10:23:34.369+0000][311.154s][debug][safepoint     ] Safepoint synchronization initiated. (178 threads)
[2023-02-09T10:23:34.370+0000][311.154s][info ][safepoint     ] Application time: 1.0011357 seconds
[2023-02-09T10:23:34.370+0000][311.155s][info ][safepoint     ] Entering safepoint region: Cleanup
[2023-02-09T10:23:34.372+0000][311.156s][info ][safepoint     ] Leaving safepoint region
[2023-02-09T10:23:34.372+0000][311.157s][info ][safepoint     ] Total time for which application threads were stopped: 0.0021759 seconds, Stopping threads took: 0.0006600 seconds
[2023-02-09T10:23:35.374+0000][312.158s][debug][safepoint     ] Safepoint synchronization initiated. (178 threads)
[2023-02-09T10:23:35.374+0000][312.159s][info ][safepoint     ] Application time: 1.0014115 seconds
[2023-02-09T10:23:35.375+0000][312.160s][info ][safepoint     ] Entering safepoint region: Cleanup
[2023-02-09T10:23:35.377+0000][312.161s][info ][safepoint     ] Leaving safepoint region
[2023-02-09T10:23:35.378+0000][312.162s][info ][safepoint     ] Total time for which application threads were stopped: 0.0024139 seconds, Stopping threads took: 0.0007383 seconds
[2023-02-09T10:23:36.379+0000][313.163s][debug][safepoint     ] Safepoint synchronization initiated. (178 threads)
[2023-02-09T10:23:36.380+0000][313.164s][info ][safepoint     ] Application time: 1.0014323 seconds
[2023-02-09T10:23:36.380+0000][313.165s][info ][safepoint     ] Entering safepoint region: Cleanup
[2023-02-09T10:23:36.382+0000][313.167s][info ][safepoint     ] Leaving safepoint region
[2023-02-09T10:23:36.383+0000][313.167s][info ][safepoint     ] Total time for which application threads were stopped: 0.0025391 seconds, Stopping threads took: 0.0006529 seconds
[2023-02-09T10:23:37.384+0000][314.168s][debug][safepoint     ] Safepoint synchronization initiated. (178 threads)
[2023-02-09T10:23:37.384+0000][314.169s][info ][safepoint     ] Application time: 1.0013596 seconds
[2023-02-09T10:23:37.385+0000][314.170s][info ][safepoint     ] Entering safepoint region: Cleanup
[2023-02-09T10:23:37.387+0000][314.171s][info ][safepoint     ] Leaving safepoint region
[2023-02-09T10:23:37.387+0000][314.172s][info ][safepoint     ] Total time for which application threads were stopped: 0.0020606 seconds, Stopping threads took: 0.0006595 seconds
[2023-02-09T10:23:38.388+0000][315.173s][debug][safepoint     ] Safepoint synchronization initiated. (178 threads)
[2023-02-09T10:23:38.389+0000][315.174s][info ][safepoint     ] Application time: 1.0013113 seconds
[2023-02-09T10:23:38.390+0000][315.174s][info ][safepoint     ] Entering safepoint region: Cleanup
[2023-02-09T10:23:38.391+0000][315.176s][info ][safepoint     ] Leaving safepoint region
[2023-02-09T10:23:38.392+0000][315.176s][info ][safepoint     ] Total time for which application threads were stopped: 0.0020865 seconds, Stopping threads took: 0.0006654 seconds
[2023-02-09T10:23:39.392+0000][316.177s][debug][safepoint     ] Safepoint synchronization initiated. (178 threads)
[2023-02-09T10:23:39.393+0000][316.178s][info ][safepoint     ] Application time: 1.0010329 seconds
[2023-02-09T10:23:39.394+0000][316.179s][info ][safepoint     ] Entering safepoint region: Cleanup
[2023-02-09T10:23:39.395+0000][316.180s][info ][safepoint     ] Leaving safepoint region
[2023-02-09T10:23:39.396+0000][316.181s][info ][safepoint     ] Total time for which application threads were stopped: 0.0024436 seconds, Stopping threads took: 0.0006790 seconds
[2023-02-09T10:23:40.397+0000][317.182s][debug][safepoint     ] Safepoint synchronization initiated. (178 threads)
[2023-02-09T10:23:40.398+0000][317.183s][info ][safepoint     ] Application time: 1.0015665 seconds
[2023-02-09T10:23:40.399+0000][317.184s][info ][safepoint     ] Entering safepoint region: Cleanup
[2023-02-09T10:23:40.400+0000][317.185s][info ][safepoint     ] Leaving safepoint region
[2023-02-09T10:23:40.401+0000][317.186s][info ][safepoint     ] Total time for which application threads were stopped: 0.0023448 seconds, Stopping threads took: 0.0006252 seconds
[2023-02-09T10:23:41.402+0000][318.187s][debug][safepoint     ] Safepoint synchronization initiated. (178 threads)
[2023-02-09T10:23:41.403+0000][318.188s][info ][safepoint     ] Application time: 1.0010779 seconds
[2023-02-09T10:23:41.404+0000][318.189s][info ][safepoint     ] Entering safepoint region: Cleanup
[2023-02-09T10:23:41.406+0000][318.190s][info ][safepoint     ] Leaving safepoint region
[2023-02-09T10:23:41.407+0000][318.191s][info ][safepoint     ] Total time for which application threads were stopped: 0.0027135 seconds, Stopping threads took: 0.0009318 seconds
[2023-02-09T10:23:42.408+0000][319.192s][debug][safepoint     ] Safepoint synchronization initiated. (178 threads)
[2023-02-09T10:23:42.408+0000][319.193s][info ][safepoint     ] Application time: 1.0011092 seconds
[2023-02-09T10:23:42.409+0000][319.194s][info ][safepoint     ] Entering safepoint region: Cleanup
[2023-02-09T10:23:42.411+0000][319.195s][info ][safepoint     ] Leaving safepoint region
[2023-02-09T10:23:42.411+0000][319.196s][info ][safepoint     ] Total time for which application threads were stopped: 0.0023044 seconds, Stopping threads took: 0.0007001 seconds
[2023-02-09T10:23:43.412+0000][320.197s][debug][safepoint     ] Safepoint synchronization initiated. (178 threads)
[2023-02-09T10:23:43.413+0000][320.198s][info ][safepoint     ] Application time: 1.0013313 seconds
[2023-02-09T10:23:43.414+0000][320.199s][info ][safepoint     ] Entering safepoint region: Cleanup
[2023-02-09T10:23:43.416+0000][320.201s][info ][safepoint     ] Leaving safepoint region
[2023-02-09T10:23:43.417+0000][320.201s][info ][safepoint     ] Total time for which application threads were stopped: 0.0027022 seconds, Stopping threads took: 0.0010070 seconds
[2023-02-09T10:23:44.418+0000][321.202s][debug][safepoint     ] Safepoint synchronization initiated. (178 threads)
[2023-02-09T10:23:44.418+0000][321.203s][info ][safepoint     ] Application time: 1.0011945 seconds
[2023-02-09T10:23:44.421+0000][321.206s][info ][safepoint     ] Entering safepoint region: Cleanup
[2023-02-09T10:23:44.423+0000][321.207s][info ][safepoint     ] Leaving safepoint region
[2023-02-09T10:23:44.423+0000][321.208s][info ][safepoint     ] Total time for which application threads were stopped: 0.0024465 seconds, Stopping threads took: 0.0012737 seconds
[2023-02-09T10:23:45.425+0000][322.210s][debug][safepoint     ] Safepoint synchronization initiated. (178 threads)
[2023-02-09T10:23:45.426+0000][322.211s][info ][safepoint     ] Application time: 1.0015583 seconds
[2023-02-09T10:23:45.427+0000][322.212s][info ][safepoint     ] Entering safepoint region: Cleanup
[2023-02-09T10:23:45.429+0000][322.213s][info ][safepoint     ] Leaving safepoint region
[2023-02-09T10:23:45.429+0000][322.214s][info ][safepoint     ] Total time for which application threads were stopped: 0.0022686 seconds, Stopping threads took: 0.0009286 seconds
[2023-02-09T10:23:46.430+0000][323.215s][debug][safepoint     ] Safepoint synchronization initiated. (178 threads)
[2023-02-09T10:23:46.431+0000][323.215s][info ][safepoint     ] Application time: 1.0010786 seconds
[2023-02-09T10:23:46.431+0000][323.216s][info ][safepoint     ] Entering safepoint region: Cleanup
[2023-02-09T10:23:46.433+0000][323.217s][info ][safepoint     ] Leaving safepoint region
[2023-02-09T10:23:46.433+0000][323.218s][info ][safepoint     ] Total time for which application threads were stopped: 0.0018164 seconds, Stopping threads took: 0.0006407 seconds
[2023-02-09T10:23:47.434+0000][324.218s][debug][safepoint     ] Safepoint synchronization initiated. (178 threads)
[2023-02-09T10:23:47.435+0000][324.219s][info ][safepoint     ] Application time: 1.0010854 seconds
[2023-02-09T10:23:47.435+0000][324.220s][info ][safepoint     ] Entering safepoint region: Cleanup
[2023-02-09T10:23:47.436+0000][324.221s][info ][safepoint     ] Leaving safepoint region
[2023-02-09T10:23:47.437+0000][324.222s][info ][safepoint     ] Total time for which application threads were stopped: 0.0017969 seconds, Stopping threads took: 0.0006374 seconds
[2023-02-09T10:23:48.438+0000][325.223s][debug][safepoint     ] Safepoint synchronization initiated. (178 threads)
[2023-02-09T10:23:48.439+0000][325.223s][info ][safepoint     ] Application time: 1.0009960 seconds
[2023-02-09T10:23:48.439+0000][325.224s][info ][safepoint     ] Entering safepoint region: Cleanup
[2023-02-09T10:23:48.441+0000][325.225s][info ][safepoint     ] Leaving safepoint region
[2023-02-09T10:23:48.441+0000][325.226s][info ][safepoint     ] Total time for which application threads were stopped: 0.0018717 seconds, Stopping threads took: 0.0006967 seconds
[2023-02-09T10:23:49.442+0000][326.227s][debug][safepoint     ] Safepoint synchronization initiated. (178 threads)
[2023-02-09T10:23:49.443+0000][326.227s][info ][safepoint     ] Application time: 1.0010683 seconds
[2023-02-09T10:23:49.443+0000][326.228s][info ][safepoint     ] Entering safepoint region: Cleanup
[2023-02-09T10:23:49.445+0000][326.229s][info ][safepoint     ] Leaving safepoint region
[2023-02-09T10:23:49.445+0000][326.230s][info ][safepoint     ] Total time for which application threads were stopped: 0.0019635 seconds, Stopping threads took: 0.0007218 seconds
[2023-02-09T10:23:50.446+0000][327.231s][debug][safepoint     ] Safepoint synchronization initiated. (178 threads)
[2023-02-09T10:23:50.447+0000][327.232s][info ][safepoint     ] Application time: 1.0015177 seconds
[2023-02-09T10:23:50.448+0000][327.233s][info ][safepoint     ] Entering safepoint region: Cleanup
[2023-02-09T10:23:50.450+0000][327.234s][info ][safepoint     ] Leaving safepoint region
[2023-02-09T10:23:50.450+0000][327.235s][info ][safepoint     ] Total time for which application threads were stopped: 0.0024615 seconds, Stopping threads took: 0.0007857 seconds
[2023-02-09T10:23:51.451+0000][328.236s][debug][safepoint     ] Safepoint synchronization initiated. (178 threads)
[2023-02-09T10:23:51.452+0000][328.237s][info ][safepoint     ] Application time: 1.0010059 seconds
[2023-02-09T10:23:51.453+0000][328.237s][info ][safepoint     ] Entering safepoint region: Cleanup
[2023-02-09T10:23:51.454+0000][328.239s][info ][safepoint     ] Leaving safepoint region
[2023-02-09T10:23:51.455+0000][328.239s][info ][safepoint     ] Total time for which application threads were stopped: 0.0022155 seconds, Stopping threads took: 0.0006811 seconds
[2023-02-09T10:23:52.456+0000][329.240s][debug][safepoint     ] Safepoint synchronization initiated. (178 threads)
[2023-02-09T10:23:52.457+0000][329.241s][info ][safepoint     ] Application time: 1.0013547 seconds
[2023-02-09T10:23:52.457+0000][329.242s][info ][safepoint     ] Entering safepoint region: Cleanup
[2023-02-09T10:23:52.459+0000][329.243s][info ][safepoint     ] Leaving safepoint region
[2023-02-09T10:23:52.459+0000][329.244s][info ][safepoint     ] Total time for which application threads were stopped: 0.0022010 seconds, Stopping threads took: 0.0006305 seconds
[2023-02-09T10:23:53.460+0000][330.245s][debug][safepoint     ] Safepoint synchronization initiated. (178 threads)
[2023-02-09T10:23:53.461+0000][330.246s][info ][safepoint     ] Application time: 1.0010012 seconds
[2023-02-09T10:23:53.462+0000][330.246s][info ][safepoint     ] Entering safepoint region: Cleanup
[2023-02-09T10:23:53.463+0000][330.248s][info ][safepoint     ] Leaving safepoint region
[2023-02-09T10:23:53.464+0000][330.249s][info ][safepoint     ] Total time for which application threads were stopped: 0.0023441 seconds, Stopping threads took: 0.0007936 seconds
[2023-02-09T10:23:54.465+0000][331.250s][debug][safepoint     ] Safepoint synchronization initiated. (178 threads)
[2023-02-09T10:23:54.466+0000][331.251s][info ][safepoint     ] Application time: 1.0014484 seconds
[2023-02-09T10:23:54.467+0000][331.251s][info ][safepoint     ] Entering safepoint region: Cleanup
[2023-02-09T10:23:54.468+0000][331.252s][info ][safepoint     ] Leaving safepoint region
[2023-02-09T10:23:54.468+0000][331.253s][info ][safepoint     ] Total time for which application threads were stopped: 0.0014498 seconds, Stopping threads took: 0.0004919 seconds
[2023-02-09T10:23:55.469+0000][332.254s][debug][safepoint     ] Safepoint synchronization initiated. (178 threads)
[2023-02-09T10:23:55.470+0000][332.254s][info ][safepoint     ] Application time: 1.0012974 seconds
[2023-02-09T10:23:55.470+0000][332.255s][info ][safepoint     ] Entering safepoint region: Cleanup
[2023-02-09T10:23:55.472+0000][332.256s][info ][safepoint     ] Leaving safepoint region
[2023-02-09T10:23:55.473+0000][332.257s][info ][safepoint     ] Total time for which application threads were stopped: 0.0021784 seconds, Stopping threads took: 0.0006404 seconds
[2023-02-09T10:23:56.473+0000][333.258s][debug][safepoint     ] Safepoint synchronization initiated. (178 threads)
[2023-02-09T10:23:56.474+0000][333.259s][info ][safepoint     ] Application time: 1.0010798 seconds
[2023-02-09T10:23:56.475+0000][333.259s][info ][safepoint     ] Entering safepoint region: Cleanup
[2023-02-09T10:23:56.476+0000][333.261s][info ][safepoint     ] Leaving safepoint region
[2023-02-09T10:23:56.477+0000][333.262s][info ][safepoint     ] Total time for which application threads were stopped: 0.0022837 seconds, Stopping threads took: 0.0006260 seconds
[2023-02-09T10:23:57.478+0000][334.262s][debug][safepoint     ] Safepoint synchronization initiated. (178 threads)
[2023-02-09T10:23:57.479+0000][334.263s][info ][safepoint     ] Application time: 1.0010010 seconds
[2023-02-09T10:23:57.479+0000][334.264s][info ][safepoint     ] Entering safepoint region: Cleanup
[2023-02-09T10:23:57.481+0000][334.265s][info ][safepoint     ] Leaving safepoint region
[2023-02-09T10:23:57.481+0000][334.266s][info ][safepoint     ] Total time for which application threads were stopped: 0.0022662 seconds, Stopping threads took: 0.0006858 seconds
[2023-02-09T10:23:58.482+0000][335.267s][debug][safepoint     ] Safepoint synchronization initiated. (178 threads)
[2023-02-09T10:23:58.483+0000][335.268s][info ][safepoint     ] Application time: 1.0012181 seconds
[2023-02-09T10:23:58.484+0000][335.269s][info ][safepoint     ] Entering safepoint region: Cleanup
[2023-02-09T10:23:58.485+0000][335.270s][info ][safepoint     ] Leaving safepoint region
[2023-02-09T10:23:58.486+0000][335.271s][info ][safepoint     ] Total time for which application threads were stopped: 0.0022520 seconds, Stopping threads took: 0.0007427 seconds
[2023-02-09T10:23:59.488+0000][336.272s][debug][safepoint     ] Safepoint synchronization initiated. (178 threads)
[2023-02-09T10:23:59.488+0000][336.273s][info ][safepoint     ] Application time: 1.0011302 seconds
[2023-02-09T10:23:59.489+0000][336.274s][info ][safepoint     ] Entering safepoint region: Cleanup
[2023-02-09T10:23:59.490+0000][336.275s][info ][safepoint     ] Leaving safepoint region
[2023-02-09T10:23:59.490+0000][336.275s][info ][safepoint     ] Total time for which application threads were stopped: 0.0015384 seconds, Stopping threads took: 0.0006101 seconds
[2023-02-09T10:24:00.491+0000][337.276s][debug][safepoint     ] Safepoint synchronization initiated. (178 threads)
[2023-02-09T10:24:00.492+0000][337.277s][info ][safepoint     ] Application time: 1.0011155 seconds
[2023-02-09T10:24:00.493+0000][337.277s][info ][safepoint     ] Entering safepoint region: Cleanup
[2023-02-09T10:24:00.494+0000][337.279s][info ][safepoint     ] Leaving safepoint region
[2023-02-09T10:24:00.495+0000][337.280s][info ][safepoint     ] Total time for which application threads were stopped: 0.0024956 seconds, Stopping threads took: 0.0007728 seconds
[2023-02-09T10:24:01.496+0000][338.281s][debug][safepoint     ] Safepoint synchronization initiated. (178 threads)
[2023-02-09T10:24:01.497+0000][338.281s][info ][safepoint     ] Application time: 1.0011305 seconds
[2023-02-09T10:24:01.498+0000][338.282s][info ][safepoint     ] Entering safepoint region: Cleanup
[2023-02-09T10:24:01.500+0000][338.284s][info ][safepoint     ] Leaving safepoint region
[2023-02-09T10:24:01.500+0000][338.285s][debug][safepoint     ] ... found polling page return exception at pc = 0x00007f086881d084, stub =0x00007f086085a800
[2023-02-09T10:24:01.500+0000][338.285s][debug][safepoint     ] ... found polling page return exception at pc = 0x00007f086881d084, stub =0x00007f086085a800
[2023-02-09T10:24:01.502+0000][338.286s][info ][safepoint     ] Total time for which application threads were stopped: 0.0040248 seconds, Stopping threads took: 0.0011417 seconds
[2023-02-09T10:24:02.505+0000][339.289s][debug][safepoint     ] Safepoint synchronization initiated. (178 threads)
[2023-02-09T10:24:02.505+0000][339.290s][info ][safepoint     ] Application time: 1.0010665 seconds
[2023-02-09T10:24:02.506+0000][339.291s][info ][safepoint     ] Entering safepoint region: Cleanup
[2023-02-09T10:24:02.507+0000][339.292s][info ][safepoint     ] Leaving safepoint region
[2023-02-09T10:24:02.508+0000][339.292s][info ][safepoint     ] Total time for which application threads were stopped: 0.0018348 seconds, Stopping threads took: 0.0005305 seconds
[2023-02-09T10:24:03.508+0000][340.293s][debug][safepoint     ] Safepoint synchronization initiated. (178 threads)
[2023-02-09T10:24:03.509+0000][340.294s][info ][safepoint     ] Application time: 1.0007555 seconds
[2023-02-09T10:24:03.509+0000][340.294s][info ][safepoint     ] Entering safepoint region: Cleanup
[2023-02-09T10:24:03.510+0000][340.295s][info ][safepoint     ] Leaving safepoint region
[2023-02-09T10:24:03.511+0000][340.295s][info ][safepoint     ] Total time for which application threads were stopped: 0.0016725 seconds, Stopping threads took: 0.0003789 seconds
[2023-02-09T10:24:04.511+0000][341.296s][debug][safepoint     ] Safepoint synchronization initiated. (178 threads)
[2023-02-09T10:24:04.512+0000][341.297s][info ][safepoint     ] Application time: 1.0009422 seconds
[2023-02-09T10:24:04.513+0000][341.298s][info ][safepoint     ] Entering safepoint region: Cleanup
[2023-02-09T10:24:04.515+0000][341.299s][info ][safepoint     ] Leaving safepoint region
[2023-02-09T10:24:04.516+0000][341.300s][info ][safepoint     ] Total time for which application threads were stopped: 0.0026685 seconds, Stopping threads took: 0.0009180 seconds
[2023-02-09T10:24:05.517+0000][342.301s][debug][safepoint     ] Safepoint synchronization initiated. (178 threads)
[2023-02-09T10:24:05.517+0000][342.302s][info ][safepoint     ] Application time: 1.0011224 seconds
[2023-02-09T10:24:05.519+0000][342.303s][info ][safepoint     ] Entering safepoint region: Cleanup
[2023-02-09T10:24:05.521+0000][342.305s][info ][safepoint     ] Leaving safepoint region
[2023-02-09T10:24:05.522+0000][342.306s][info ][safepoint     ] Total time for which application threads were stopped: 0.0028439 seconds, Stopping threads took: 0.0013285 seconds
[2023-02-09T10:24:06.522+0000][343.307s][debug][safepoint     ] Safepoint synchronization initiated. (178 threads)
[2023-02-09T10:24:06.523+0000][343.308s][info ][safepoint     ] Application time: 1.0008752 seconds
[2023-02-09T10:24:06.523+0000][343.308s][info ][safepoint     ] Entering safepoint region: Cleanup
[2023-02-09T10:24:06.524+0000][343.309s][info ][safepoint     ] Leaving safepoint region
[2023-02-09T10:24:06.525+0000][343.309s][info ][safepoint     ] Total time for which application threads were stopped: 0.0014739 seconds, Stopping threads took: 0.0004134 seconds
[2023-02-09T10:24:07.526+0000][344.310s][debug][safepoint     ] Safepoint synchronization initiated. (178 threads)
[2023-02-09T10:24:07.527+0000][344.312s][info ][safepoint     ] Application time: 1.0016527 seconds
[2023-02-09T10:24:07.528+0000][344.313s][info ][safepoint     ] Entering safepoint region: Cleanup
[2023-02-09T10:24:07.530+0000][344.314s][info ][safepoint     ] Leaving safepoint region
[2023-02-09T10:24:07.531+0000][344.315s][info ][safepoint     ] Total time for which application threads were stopped: 0.0029224 seconds, Stopping threads took: 0.0010681 seconds
[2023-02-09T10:24:08.532+0000][345.316s][debug][safepoint     ] Safepoint synchronization initiated. (178 threads)
[2023-02-09T10:24:08.532+0000][345.317s][info ][safepoint     ] Application time: 1.0010426 seconds
[2023-02-09T10:24:08.533+0000][345.318s][info ][safepoint     ] Entering safepoint region: Cleanup
[2023-02-09T10:24:08.534+0000][345.319s][info ][safepoint     ] Leaving safepoint region
[2023-02-09T10:24:08.535+0000][345.320s][info ][safepoint     ] Total time for which application threads were stopped: 0.0022003 seconds, Stopping threads took: 0.0006307 seconds
[2023-02-09T10:24:09.536+0000][346.321s][debug][safepoint     ] Safepoint synchronization initiated. (178 threads)
[2023-02-09T10:24:09.537+0000][346.321s][info ][safepoint     ] Application time: 1.0008753 seconds
[2023-02-09T10:24:09.537+0000][346.322s][info ][safepoint     ] Entering safepoint region: Cleanup
[2023-02-09T10:24:09.539+0000][346.323s][info ][safepoint     ] Leaving safepoint region
[2023-02-09T10:24:09.539+0000][346.324s][info ][safepoint     ] Total time for which application threads were stopped: 0.0022731 seconds, Stopping threads took: 0.0006452 seconds
[2023-02-09T10:24:10.541+0000][347.325s][debug][safepoint     ] Safepoint synchronization initiated. (178 threads)
[2023-02-09T10:24:10.541+0000][347.326s][info ][safepoint     ] Application time: 1.0012911 seconds
[2023-02-09T10:24:10.542+0000][347.327s][info ][safepoint     ] Entering safepoint region: Cleanup
[2023-02-09T10:24:10.543+0000][347.328s][info ][safepoint     ] Leaving safepoint region
[2023-02-09T10:24:10.544+0000][347.328s][info ][safepoint     ] Total time for which application threads were stopped: 0.0020339 seconds, Stopping threads took: 0.0005675 seconds
[2023-02-09T10:24:11.545+0000][348.329s][debug][safepoint     ] Safepoint synchronization initiated. (178 threads)
[2023-02-09T10:24:11.545+0000][348.330s][info ][safepoint     ] Application time: 1.0008967 seconds
[2023-02-09T10:24:11.546+0000][348.330s][info ][safepoint     ] Entering safepoint region: Cleanup
[2023-02-09T10:24:11.547+0000][348.332s][info ][safepoint     ] Leaving safepoint region
[2023-02-09T10:24:11.548+0000][348.332s][info ][safepoint     ] Total time for which application threads were stopped: 0.0021300 seconds, Stopping threads took: 0.0006416 seconds
[2023-02-09T10:24:12.549+0000][349.333s][debug][safepoint     ] Safepoint synchronization initiated. (178 threads)
[2023-02-09T10:24:12.549+0000][349.334s][info ][safepoint     ] Application time: 1.0010072 seconds
[2023-02-09T10:24:12.550+0000][349.335s][info ][safepoint     ] Entering safepoint region: Cleanup
[2023-02-09T10:24:12.552+0000][349.337s][info ][safepoint     ] Leaving safepoint region
[2023-02-09T10:24:12.553+0000][349.338s][info ][safepoint     ] Total time for which application threads were stopped: 0.0029475 seconds, Stopping threads took: 0.0011599 seconds
[2023-02-09T10:24:13.554+0000][350.339s][debug][safepoint     ] Safepoint synchronization initiated. (178 threads)
[2023-02-09T10:24:13.555+0000][350.340s][info ][safepoint     ] Application time: 1.0014973 seconds
[2023-02-09T10:24:13.556+0000][350.340s][info ][safepoint     ] Entering safepoint region: Cleanup
[2023-02-09T10:24:13.557+0000][350.342s][info ][safepoint     ] Leaving safepoint region
[2023-02-09T10:24:13.558+0000][350.342s][info ][safepoint     ] Total time for which application threads were stopped: 0.0021849 seconds, Stopping threads took: 0.0006410 seconds
[2023-02-09T10:24:14.559+0000][351.343s][debug][safepoint     ] Safepoint synchronization initiated. (178 threads)
[2023-02-09T10:24:14.560+0000][351.344s][info ][safepoint     ] Application time: 1.0010215 seconds
[2023-02-09T10:24:14.560+0000][351.345s][info ][safepoint     ] Entering safepoint region: Cleanup
[2023-02-09T10:24:14.562+0000][351.347s][info ][safepoint     ] Leaving safepoint region
[2023-02-09T10:24:14.563+0000][351.347s][info ][safepoint     ] Total time for which application threads were stopped: 0.0026287 seconds, Stopping threads took: 0.0006674 seconds
[2023-02-09T10:24:15.564+0000][352.348s][debug][safepoint     ] Safepoint synchronization initiated. (178 threads)
[2023-02-09T10:24:15.565+0000][352.349s][info ][safepoint     ] Application time: 1.0013255 seconds
[2023-02-09T10:24:15.565+0000][352.350s][info ][safepoint     ] Entering safepoint region: Cleanup
[2023-02-09T10:24:15.567+0000][352.351s][info ][safepoint     ] Leaving safepoint region
[2023-02-09T10:24:15.568+0000][352.352s][info ][safepoint     ] Total time for which application threads were stopped: 0.0025054 seconds, Stopping threads took: 0.0007745 seconds
[2023-02-09T10:24:16.569+0000][353.353s][debug][safepoint     ] Safepoint synchronization initiated. (178 threads)
[2023-02-09T10:24:16.570+0000][353.354s][info ][safepoint     ] Application time: 1.0013060 seconds
[2023-02-09T10:24:16.570+0000][353.355s][info ][safepoint     ] Entering safepoint region: Cleanup
[2023-02-09T10:24:16.572+0000][353.356s][info ][safepoint     ] Leaving safepoint region
[2023-02-09T10:24:16.572+0000][353.357s][info ][safepoint     ] Total time for which application threads were stopped: 0.0022831 seconds, Stopping threads took: 0.0005893 seconds
[2023-02-09T10:24:17.573+0000][354.358s][debug][safepoint     ] Safepoint synchronization initiated. (178 threads)
[2023-02-09T10:24:17.574+0000][354.359s][info ][safepoint     ] Application time: 1.0010158 seconds
[2023-02-09T10:24:17.575+0000][354.359s][info ][safepoint     ] Entering safepoint region: Cleanup
[2023-02-09T10:24:17.576+0000][354.361s][info ][safepoint     ] Leaving safepoint region
[2023-02-09T10:24:17.577+0000][354.361s][info ][safepoint     ] Total time for which application threads were stopped: 0.0022737 seconds, Stopping threads took: 0.0007164 seconds
[2023-02-09T10:24:18.578+0000][355.362s][debug][safepoint     ] Safepoint synchronization initiated. (178 threads)
[2023-02-09T10:24:18.579+0000][355.363s][info ][safepoint     ] Application time: 1.0008783 seconds
[2023-02-09T10:24:18.580+0000][355.363s][info ][safepoint     ] Entering safepoint region: Cleanup
[2023-02-09T10:24:18.581+0000][355.365s][info ][safepoint     ] Leaving safepoint region
[2023-02-09T10:24:18.581+0000][355.365s][info ][safepoint     ] Total time for which application threads were stopped: 0.0019725 seconds, Stopping threads took: 0.0006009 seconds
[2023-02-09T10:24:19.582+0000][356.366s][debug][safepoint     ] Safepoint synchronization initiated. (178 threads)
[2023-02-09T10:24:19.583+0000][356.367s][info ][safepoint     ] Application time: 1.0012756 seconds
[2023-02-09T10:24:19.584+0000][356.368s][info ][safepoint     ] Entering safepoint region: Cleanup
[2023-02-09T10:24:19.585+0000][356.369s][info ][safepoint     ] Leaving safepoint region
[2023-02-09T10:24:19.586+0000][356.370s][info ][safepoint     ] Total time for which application threads were stopped: 0.0021165 seconds, Stopping threads took: 0.0006380 seconds
[2023-02-09T10:24:20.587+0000][357.371s][debug][safepoint     ] Safepoint synchronization initiated. (178 threads)
[2023-02-09T10:24:20.588+0000][357.372s][info ][safepoint     ] Application time: 1.0013358 seconds
[2023-02-09T10:24:20.588+0000][357.372s][info ][safepoint     ] Entering safepoint region: Cleanup
[2023-02-09T10:24:20.590+0000][357.374s][info ][safepoint     ] Leaving safepoint region
[2023-02-09T10:24:20.591+0000][357.374s][info ][safepoint     ] Total time for which application threads were stopped: 0.0022311 seconds, Stopping threads took: 0.0006852 seconds
[2023-02-09T10:24:21.591+0000][358.375s][debug][safepoint     ] Safepoint synchronization initiated. (178 threads)
[2023-02-09T10:24:21.592+0000][358.376s][info ][safepoint     ] Application time: 1.0009674 seconds
[2023-02-09T10:24:21.593+0000][358.377s][info ][safepoint     ] Entering safepoint region: Cleanup
[2023-02-09T10:24:21.594+0000][358.378s][info ][safepoint     ] Leaving safepoint region
[2023-02-09T10:24:21.595+0000][358.379s][info ][safepoint     ] Total time for which application threads were stopped: 0.0018623 seconds, Stopping threads took: 0.0006616 seconds
[2023-02-09T10:24:22.596+0000][359.380s][debug][safepoint     ] Safepoint synchronization initiated. (178 threads)
[2023-02-09T10:24:22.597+0000][359.380s][info ][safepoint     ] Application time: 1.0010214 seconds
[2023-02-09T10:24:22.597+0000][359.381s][info ][safepoint     ] Entering safepoint region: Cleanup
[2023-02-09T10:24:22.599+0000][359.383s][info ][safepoint     ] Leaving safepoint region
[2023-02-09T10:24:22.600+0000][359.383s][info ][safepoint     ] Total time for which application threads were stopped: 0.0025512 seconds, Stopping threads took: 0.0006291 seconds
[2023-02-09T10:24:23.601+0000][360.385s][debug][safepoint     ] Safepoint synchronization initiated. (178 threads)
[2023-02-09T10:24:23.602+0000][360.386s][info ][safepoint     ] Application time: 1.0008645 seconds
[2023-02-09T10:24:23.602+0000][360.386s][info ][safepoint     ] Entering safepoint region: Cleanup
[2023-02-09T10:24:23.603+0000][360.387s][info ][safepoint     ] Leaving safepoint region
[2023-02-09T10:24:23.604+0000][360.387s][info ][safepoint     ] Total time for which application threads were stopped: 0.0014440 seconds, Stopping threads took: 0.0004569 seconds
[2023-02-09T10:24:24.604+0000][361.388s][debug][safepoint     ] Safepoint synchronization initiated. (178 threads)
[2023-02-09T10:24:24.605+0000][361.389s][info ][safepoint     ] Application time: 1.0014018 seconds
[2023-02-09T10:24:24.606+0000][361.390s][info ][safepoint     ] Entering safepoint region: Cleanup
[2023-02-09T10:24:24.607+0000][361.391s][info ][safepoint     ] Leaving safepoint region
[2023-02-09T10:24:24.608+0000][361.392s][info ][safepoint     ] Total time for which application threads were stopped: 0.0022127 seconds, Stopping threads took: 0.0006415 seconds
[2023-02-09T10:24:25.609+0000][362.393s][debug][safepoint     ] Safepoint synchronization initiated. (178 threads)
[2023-02-09T10:24:25.622+0000][362.406s][info ][safepoint     ] Application time: 1.0136782 seconds
[2023-02-09T10:24:25.629+0000][362.413s][info ][safepoint     ] Entering safepoint region: Cleanup
[2023-02-09T10:24:25.631+0000][362.415s][info ][safepoint     ] Leaving safepoint region
[2023-02-09T10:24:25.632+0000][362.416s][info ][safepoint     ] Total time for which application threads were stopped: 0.0031052 seconds, Stopping threads took: 0.0016844 seconds
[2023-02-09T10:24:26.633+0000][363.416s][debug][safepoint     ] Safepoint synchronization initiated. (178 threads)
[2023-02-09T10:24:26.633+0000][363.417s][info ][safepoint     ] Application time: 1.0011433 seconds
[2023-02-09T10:24:26.634+0000][363.418s][info ][safepoint     ] Entering safepoint region: Cleanup
[2023-02-09T10:24:26.636+0000][363.420s][info ][safepoint     ] Leaving safepoint region
[2023-02-09T10:24:26.637+0000][363.420s][info ][safepoint     ] Total time for which application threads were stopped: 0.0025211 seconds, Stopping threads took: 0.0008140 seconds
[2023-02-09T10:24:27.637+0000][364.421s][debug][safepoint     ] Safepoint synchronization initiated. (178 threads)
[2023-02-09T10:24:27.638+0000][364.422s][info ][safepoint     ] Application time: 1.0009756 seconds
[2023-02-09T10:24:27.639+0000][364.423s][info ][safepoint     ] Entering safepoint region: Cleanup
[2023-02-09T10:24:27.640+0000][364.424s][info ][safepoint     ] Leaving safepoint region
[2023-02-09T10:24:27.640+0000][364.424s][info ][safepoint     ] Total time for which application threads were stopped: 0.0019029 seconds, Stopping threads took: 0.0005644 seconds
[2023-02-09T10:24:28.641+0000][365.425s][debug][safepoint     ] Safepoint synchronization initiated. (178 threads)
[2023-02-09T10:24:28.642+0000][365.426s][info ][safepoint     ] Application time: 1.0010457 seconds
[2023-02-09T10:24:28.643+0000][365.426s][info ][safepoint     ] Entering safepoint region: Cleanup
[2023-02-09T10:24:28.644+0000][365.428s][info ][safepoint     ] Leaving safepoint region
[2023-02-09T10:24:28.645+0000][365.429s][info ][safepoint     ] Total time for which application threads were stopped: 0.0024878 seconds, Stopping threads took: 0.0008099 seconds
[2023-02-09T10:24:29.646+0000][366.430s][debug][safepoint     ] Safepoint synchronization initiated. (178 threads)
[2023-02-09T10:24:29.647+0000][366.431s][info ][safepoint     ] Application time: 1.0016880 seconds
[2023-02-09T10:24:29.648+0000][366.432s][info ][safepoint     ] Entering safepoint region: Cleanup
[2023-02-09T10:24:29.650+0000][366.434s][info ][safepoint     ] Leaving safepoint region
[2023-02-09T10:24:29.651+0000][366.434s][info ][safepoint     ] Total time for which application threads were stopped: 0.0026279 seconds, Stopping threads took: 0.0006838 seconds
[2023-02-09T10:24:30.651+0000][367.435s][debug][safepoint     ] Safepoint synchronization initiated. (178 threads)
[2023-02-09T10:24:30.652+0000][367.436s][info ][safepoint     ] Application time: 1.0009233 seconds
[2023-02-09T10:24:30.652+0000][367.436s][info ][safepoint     ] Entering safepoint region: Cleanup
[2023-02-09T10:24:30.654+0000][367.438s][info ][safepoint     ] Leaving safepoint region
[2023-02-09T10:24:30.655+0000][367.438s][info ][safepoint     ] Total time for which application threads were stopped: 0.0021507 seconds, Stopping threads took: 0.0005706 seconds
[2023-02-09T10:24:31.656+0000][368.440s][debug][safepoint     ] Safepoint synchronization initiated. (178 threads)
[2023-02-09T10:24:31.657+0000][368.441s][info ][safepoint     ] Application time: 1.0009241 seconds
[2023-02-09T10:24:31.658+0000][368.442s][info ][safepoint     ] Entering safepoint region: Cleanup
[2023-02-09T10:24:31.660+0000][368.444s][info ][safepoint     ] Leaving safepoint region
[2023-02-09T10:24:31.664+0000][368.448s][info ][safepoint     ] Total time for which application threads were stopped: 0.0061323 seconds, Stopping threads took: 0.0015360 seconds
[2023-02-09T10:24:32.665+0000][369.449s][debug][safepoint     ] Safepoint synchronization initiated. (178 threads)
[2023-02-09T10:24:32.666+0000][369.449s][info ][safepoint     ] Application time: 1.0009418 seconds
[2023-02-09T10:24:32.666+0000][369.450s][info ][safepoint     ] Entering safepoint region: Cleanup
[2023-02-09T10:24:32.668+0000][369.451s][info ][safepoint     ] Leaving safepoint region
[2023-02-09T10:24:32.668+0000][369.452s][info ][safepoint     ] Total time for which application threads were stopped: 0.0021597 seconds, Stopping threads took: 0.0006224 seconds
[2023-02-09T10:24:33.669+0000][370.453s][debug][safepoint     ] Safepoint synchronization initiated. (178 threads)
[2023-02-09T10:24:33.670+0000][370.453s][info ][safepoint     ] Application time: 1.0008877 seconds
[2023-02-09T10:24:33.670+0000][370.454s][info ][safepoint     ] Entering safepoint region: Cleanup
[2023-02-09T10:24:33.672+0000][370.455s][info ][safepoint     ] Leaving safepoint region
[2023-02-09T10:24:33.672+0000][370.456s][info ][safepoint     ] Total time for which application threads were stopped: 0.0020856 seconds, Stopping threads took: 0.0005921 seconds
[2023-02-09T10:24:34.673+0000][371.457s][debug][safepoint     ] Safepoint synchronization initiated. (178 threads)
[2023-02-09T10:24:34.674+0000][371.458s][info ][safepoint     ] Application time: 1.0011305 seconds
[2023-02-09T10:24:34.674+0000][371.458s][info ][safepoint     ] Entering safepoint region: Cleanup
[2023-02-09T10:24:34.676+0000][371.460s][info ][safepoint     ] Leaving safepoint region
[2023-02-09T10:24:34.678+0000][371.462s][info ][safepoint     ] Total time for which application threads were stopped: 0.0039964 seconds, Stopping threads took: 0.0005890 seconds
[2023-02-09T10:24:35.680+0000][372.463s][debug][safepoint     ] Safepoint synchronization initiated. (178 threads)
[2023-02-09T10:24:35.680+0000][372.464s][info ][safepoint     ] Application time: 1.0014032 seconds
[2023-02-09T10:24:35.681+0000][372.465s][info ][safepoint     ] Entering safepoint region: Cleanup
[2023-02-09T10:24:35.682+0000][372.466s][info ][safepoint     ] Leaving safepoint region
[2023-02-09T10:24:35.683+0000][372.467s][info ][safepoint     ] Total time for which application threads were stopped: 0.0020437 seconds, Stopping threads took: 0.0006300 seconds
[2023-02-09T10:24:36.684+0000][373.468s][debug][safepoint     ] Safepoint synchronization initiated. (178 threads)
[2023-02-09T10:24:36.685+0000][373.469s][info ][safepoint     ] Application time: 1.0013054 seconds
[2023-02-09T10:24:36.686+0000][373.469s][info ][safepoint     ] Entering safepoint region: Cleanup
[2023-02-09T10:24:36.687+0000][373.470s][info ][safepoint     ] Leaving safepoint region
[2023-02-09T10:24:36.687+0000][373.471s][info ][safepoint     ] Total time for which application threads were stopped: 0.0015449 seconds, Stopping threads took: 0.0005702 seconds
[2023-02-09T10:24:37.687+0000][374.471s][debug][safepoint     ] Safepoint synchronization initiated. (178 threads)
[2023-02-09T10:24:37.688+0000][374.472s][info ][safepoint     ] Application time: 1.0008955 seconds
[2023-02-09T10:24:37.689+0000][374.472s][info ][safepoint     ] Entering safepoint region: Cleanup
[2023-02-09T10:24:37.690+0000][374.474s][info ][safepoint     ] Leaving safepoint region
[2023-02-09T10:24:37.690+0000][374.474s][info ][safepoint     ] Total time for which application threads were stopped: 0.0017692 seconds, Stopping threads took: 0.0004940 seconds
[2023-02-09T10:24:38.691+0000][375.475s][debug][safepoint     ] Safepoint synchronization initiated. (178 threads)
[2023-02-09T10:24:38.692+0000][375.475s][info ][safepoint     ] Application time: 1.0010599 seconds
[2023-02-09T10:24:38.692+0000][375.476s][info ][safepoint     ] Entering safepoint region: Cleanup
[2023-02-09T10:24:38.694+0000][375.478s][info ][safepoint     ] Leaving safepoint region
[2023-02-09T10:24:38.695+0000][375.479s][info ][safepoint     ] Total time for which application threads were stopped: 0.0024829 seconds, Stopping threads took: 0.0008321 seconds
[2023-02-09T10:24:39.696+0000][376.480s][debug][safepoint     ] Safepoint synchronization initiated. (178 threads)
[2023-02-09T10:24:39.697+0000][376.481s][info ][safepoint     ] Application time: 1.0012278 seconds
[2023-02-09T10:24:39.697+0000][376.481s][info ][safepoint     ] Entering safepoint region: Cleanup
[2023-02-09T10:24:39.699+0000][376.483s][info ][safepoint     ] Leaving safepoint region
[2023-02-09T10:24:39.699+0000][376.483s][info ][safepoint     ] Total time for which application threads were stopped: 0.0022179 seconds, Stopping threads took: 0.0006626 seconds
[2023-02-09T10:24:40.700+0000][377.484s][debug][safepoint     ] Safepoint synchronization initiated. (178 threads)
[2023-02-09T10:24:40.701+0000][377.485s][info ][safepoint     ] Application time: 1.0009889 seconds
[2023-02-09T10:24:40.702+0000][377.485s][info ][safepoint     ] Entering safepoint region: Cleanup
[2023-02-09T10:24:40.703+0000][377.487s][info ][safepoint     ] Leaving safepoint region
[2023-02-09T10:24:40.704+0000][377.488s][info ][safepoint     ] Total time for which application threads were stopped: 0.0021784 seconds, Stopping threads took: 0.0006568 seconds
[2023-02-09T10:24:41.704+0000][378.488s][debug][safepoint     ] Safepoint synchronization initiated. (178 threads)
[2023-02-09T10:24:41.705+0000][378.489s][info ][safepoint     ] Application time: 1.0007938 seconds
[2023-02-09T10:24:41.706+0000][378.490s][info ][safepoint     ] Entering safepoint region: Cleanup
[2023-02-09T10:24:41.708+0000][378.491s][info ][safepoint     ] Leaving safepoint region
[2023-02-09T10:24:41.708+0000][378.492s][info ][safepoint     ] Total time for which application threads were stopped: 0.0029184 seconds, Stopping threads took: 0.0009053 seconds
[2023-02-09T10:24:42.710+0000][379.494s][debug][safepoint     ] Safepoint synchronization initiated. (178 threads)
[2023-02-09T10:24:42.711+0000][379.494s][info ][safepoint     ] Application time: 1.0009895 seconds
[2023-02-09T10:24:42.711+0000][379.495s][info ][safepoint     ] Entering safepoint region: Cleanup
[2023-02-09T10:24:42.713+0000][379.496s][info ][safepoint     ] Leaving safepoint region
[2023-02-09T10:24:42.713+0000][379.497s][info ][safepoint     ] Total time for which application threads were stopped: 0.0020034 seconds, Stopping threads took: 0.0006145 seconds
[2023-02-09T10:24:43.714+0000][380.498s][debug][safepoint     ] Safepoint synchronization initiated. (178 threads)
[2023-02-09T10:24:43.715+0000][380.499s][info ][safepoint     ] Application time: 1.0013112 seconds
[2023-02-09T10:24:43.716+0000][380.500s][debug][safepoint     ] ... found polling page return exception at pc = 0x00007f0868b17d66, stub =0x00007f086085a800
[2023-02-09T10:24:43.716+0000][380.500s][debug][safepoint     ] ... found polling page return exception at pc = 0x00007f086881c57b, stub =0x00007f086085a800
[2023-02-09T10:24:43.716+0000][380.500s][debug][safepoint     ] ... found polling page return exception at pc = 0x00007f0868b17d66, stub =0x00007f086085a800
[2023-02-09T10:24:43.718+0000][380.502s][debug][safepoint     ] Waiting for 3 thread(s) to block
[2023-02-09T10:24:43.719+0000][380.503s][info ][safepoint     ] Entering safepoint region: Cleanup
[2023-02-09T10:24:43.721+0000][380.504s][info ][safepoint     ] Leaving safepoint region
[2023-02-09T10:24:43.721+0000][380.505s][info ][safepoint     ] Total time for which application threads were stopped: 0.0055888 seconds, Stopping threads took: 0.0042150 seconds
[2023-02-09T10:24:44.722+0000][381.506s][debug][safepoint     ] Safepoint synchronization initiated. (178 threads)
[2023-02-09T10:24:44.723+0000][381.507s][info ][safepoint     ] Application time: 1.0014255 seconds
[2023-02-09T10:24:44.724+0000][381.508s][info ][safepoint     ] Entering safepoint region: Cleanup
[2023-02-09T10:24:44.725+0000][381.509s][info ][safepoint     ] Leaving safepoint region
[2023-02-09T10:24:44.726+0000][381.510s][info ][safepoint     ] Total time for which application threads were stopped: 0.0021929 seconds, Stopping threads took: 0.0006084 seconds
[2023-02-09T10:24:45.727+0000][382.511s][debug][safepoint     ] Safepoint synchronization initiated. (178 threads)
[2023-02-09T10:24:45.728+0000][382.512s][info ][safepoint     ] Application time: 1.0014154 seconds
[2023-02-09T10:24:45.729+0000][382.513s][info ][safepoint     ] Entering safepoint region: Cleanup
[2023-02-09T10:24:45.730+0000][382.514s][info ][safepoint     ] Leaving safepoint region
[2023-02-09T10:24:45.731+0000][382.514s][info ][safepoint     ] Total time for which application threads were stopped: 0.0020125 seconds, Stopping threads took: 0.0006133 seconds
[2023-02-09T10:24:46.731+0000][383.515s][debug][safepoint     ] Safepoint synchronization initiated. (178 threads)
[2023-02-09T10:24:46.732+0000][383.516s][info ][safepoint     ] Application time: 1.0007991 seconds
[2023-02-09T10:24:46.732+0000][383.516s][info ][safepoint     ] Entering safepoint region: Cleanup
[2023-02-09T10:24:46.733+0000][383.517s][info ][safepoint     ] Leaving safepoint region
[2023-02-09T10:24:46.734+0000][383.518s][info ][safepoint     ] Total time for which application threads were stopped: 0.0019169 seconds, Stopping threads took: 0.0005505 seconds
[2023-02-09T10:24:47.735+0000][384.519s][debug][safepoint     ] Safepoint synchronization initiated. (178 threads)
[2023-02-09T10:24:47.736+0000][384.520s][info ][safepoint     ] Application time: 1.0012249 seconds
[2023-02-09T10:24:47.737+0000][384.520s][info ][safepoint     ] Entering safepoint region: Cleanup
[2023-02-09T10:24:47.738+0000][384.522s][info ][safepoint     ] Leaving safepoint region
[2023-02-09T10:24:47.739+0000][384.522s][info ][safepoint     ] Total time for which application threads were stopped: 0.0022818 seconds, Stopping threads took: 0.0006549 seconds
[2023-02-09T10:24:48.740+0000][385.525s][debug][safepoint     ] Safepoint synchronization initiated. (178 threads)
[2023-02-09T10:24:48.741+0000][385.525s][info ][safepoint     ] Application time: 1.0010635 seconds
[2023-02-09T10:24:48.741+0000][385.526s][info ][safepoint     ] Entering safepoint region: Cleanup
[2023-02-09T10:24:48.743+0000][385.528s][info ][safepoint     ] Leaving safepoint region
[2023-02-09T10:24:48.743+0000][385.528s][info ][safepoint     ] Total time for which application threads were stopped: 0.0021558 seconds, Stopping threads took: 0.0006779 seconds
[2023-02-09T10:24:49.744+0000][386.529s][debug][safepoint     ] Safepoint synchronization initiated. (178 threads)
[2023-02-09T10:24:49.745+0000][386.529s][info ][safepoint     ] Application time: 1.0007060 seconds
[2023-02-09T10:24:49.745+0000][386.530s][info ][safepoint     ] Entering safepoint region: Cleanup
[2023-02-09T10:24:49.746+0000][386.531s][info ][safepoint     ] Leaving safepoint region
[2023-02-09T10:24:49.747+0000][386.532s][info ][safepoint     ] Total time for which application threads were stopped: 0.0016948 seconds, Stopping threads took: 0.0006081 seconds
[2023-02-09T10:24:50.747+0000][387.532s][debug][safepoint     ] Safepoint synchronization initiated. (178 threads)
[2023-02-09T10:24:50.749+0000][387.534s][info ][safepoint     ] Application time: 1.0014516 seconds
[2023-02-09T10:24:50.749+0000][387.534s][info ][safepoint     ] Entering safepoint region: Cleanup
[2023-02-09T10:24:50.750+0000][387.535s][info ][safepoint     ] Leaving safepoint region
[2023-02-09T10:24:50.751+0000][387.536s][info ][safepoint     ] Total time for which application threads were stopped: 0.0016179 seconds, Stopping threads took: 0.0006830 seconds
[2023-02-09T10:24:51.751+0000][388.536s][debug][safepoint     ] Safepoint synchronization initiated. (178 threads)
[2023-02-09T10:24:51.752+0000][388.537s][info ][safepoint     ] Application time: 1.0010616 seconds
[2023-02-09T10:24:51.753+0000][388.538s][info ][safepoint     ] Entering safepoint region: Cleanup
[2023-02-09T10:24:51.754+0000][388.539s][info ][safepoint     ] Leaving safepoint region
[2023-02-09T10:24:51.755+0000][388.540s][info ][safepoint     ] Total time for which application threads were stopped: 0.0020551 seconds, Stopping threads took: 0.0005990 seconds
[2023-02-09T10:24:52.755+0000][389.540s][debug][safepoint     ] Safepoint synchronization initiated. (178 threads)
[2023-02-09T10:24:52.756+0000][389.541s][info ][safepoint     ] Application time: 1.0009147 seconds
[2023-02-09T10:24:52.758+0000][389.543s][info ][safepoint     ] Entering safepoint region: Cleanup
[2023-02-09T10:24:52.759+0000][389.544s][info ][safepoint     ] Leaving safepoint region
[2023-02-09T10:24:52.760+0000][389.545s][info ][safepoint     ] Total time for which application threads were stopped: 0.0024931 seconds, Stopping threads took: 0.0008266 seconds
[2023-02-09T10:24:53.761+0000][390.546s][debug][safepoint     ] Safepoint synchronization initiated. (178 threads)
[2023-02-09T10:24:53.762+0000][390.546s][info ][safepoint     ] Application time: 1.0008791 seconds
[2023-02-09T10:24:53.762+0000][390.547s][info ][safepoint     ] Entering safepoint region: Cleanup
[2023-02-09T10:24:53.763+0000][390.548s][info ][safepoint     ] Leaving safepoint region
[2023-02-09T10:24:53.763+0000][390.548s][info ][safepoint     ] Total time for which application threads were stopped: 0.0014111 seconds, Stopping threads took: 0.0004868 seconds
[2023-02-09T10:24:54.764+0000][391.549s][debug][safepoint     ] Safepoint synchronization initiated. (178 threads)
[2023-02-09T10:24:54.765+0000][391.550s][info ][safepoint     ] Application time: 1.0009578 seconds
[2023-02-09T10:24:54.765+0000][391.550s][info ][safepoint     ] Entering safepoint region: Cleanup
[2023-02-09T10:24:54.766+0000][391.551s][info ][safepoint     ] Leaving safepoint region
[2023-02-09T10:24:54.767+0000][391.552s][info ][safepoint     ] Total time for which application threads were stopped: 0.0019384 seconds, Stopping threads took: 0.0006564 seconds
[2023-02-09T10:24:55.768+0000][392.553s][debug][safepoint     ] Safepoint synchronization initiated. (178 threads)
[2023-02-09T10:24:55.769+0000][392.553s][info ][safepoint     ] Application time: 1.0009643 seconds
[2023-02-09T10:24:55.769+0000][392.554s][info ][safepoint     ] Entering safepoint region: Cleanup
[2023-02-09T10:24:55.770+0000][392.555s][info ][safepoint     ] Leaving safepoint region
[2023-02-09T10:24:55.771+0000][392.556s][info ][safepoint     ] Total time for which application threads were stopped: 0.0020062 seconds, Stopping threads took: 0.0005790 seconds
[2023-02-09T10:24:56.772+0000][393.557s][debug][safepoint     ] Safepoint synchronization initiated. (178 threads)
[2023-02-09T10:24:56.773+0000][393.558s][info ][safepoint     ] Application time: 1.0010578 seconds
[2023-02-09T10:24:56.773+0000][393.558s][info ][safepoint     ] Entering safepoint region: Cleanup
[2023-02-09T10:24:56.775+0000][393.560s][info ][safepoint     ] Leaving safepoint region
[2023-02-09T10:24:56.775+0000][393.560s][info ][safepoint     ] Total time for which application threads were stopped: 0.0022476 seconds, Stopping threads took: 0.0005605 seconds
[2023-02-09T10:24:57.776+0000][394.561s][debug][safepoint     ] Safepoint synchronization initiated. (178 threads)
[2023-02-09T10:24:57.777+0000][394.562s][info ][safepoint     ] Application time: 1.0012037 seconds
[2023-02-09T10:24:57.778+0000][394.563s][info ][safepoint     ] Entering safepoint region: Cleanup
[2023-02-09T10:24:57.780+0000][394.565s][info ][safepoint     ] Leaving safepoint region
[2023-02-09T10:24:57.781+0000][394.565s][info ][safepoint     ] Total time for which application threads were stopped: 0.0025176 seconds, Stopping threads took: 0.0008445 seconds
[2023-02-09T10:24:58.782+0000][395.567s][debug][safepoint     ] Safepoint synchronization initiated. (178 threads)
[2023-02-09T10:24:58.783+0000][395.568s][info ][safepoint     ] Application time: 1.0015485 seconds
[2023-02-09T10:24:58.783+0000][395.568s][info ][safepoint     ] Entering safepoint region: Cleanup
[2023-02-09T10:24:58.785+0000][395.570s][info ][safepoint     ] Leaving safepoint region
[2023-02-09T10:24:58.786+0000][395.570s][info ][safepoint     ] Total time for which application threads were stopped: 0.0022571 seconds, Stopping threads took: 0.0006422 seconds
[2023-02-09T10:24:59.787+0000][396.572s][debug][safepoint     ] Safepoint synchronization initiated. (178 threads)
[2023-02-09T10:24:59.787+0000][396.572s][info ][safepoint     ] Application time: 1.0013489 seconds
[2023-02-09T10:24:59.788+0000][396.573s][info ][safepoint     ] Entering safepoint region: Cleanup
[2023-02-09T10:24:59.790+0000][396.574s][info ][safepoint     ] Leaving safepoint region
[2023-02-09T10:24:59.790+0000][396.575s][info ][safepoint     ] Total time for which application threads were stopped: 0.0020790 seconds, Stopping threads took: 0.0006905 seconds
[2023-02-09T10:25:00.791+0000][397.576s][debug][safepoint     ] Safepoint synchronization initiated. (178 threads)
[2023-02-09T10:25:00.792+0000][397.577s][info ][safepoint     ] Application time: 1.0011414 seconds
[2023-02-09T10:25:00.793+0000][397.577s][info ][safepoint     ] Entering safepoint region: Cleanup
[2023-02-09T10:25:00.794+0000][397.579s][info ][safepoint     ] Leaving safepoint region
[2023-02-09T10:25:00.795+0000][397.580s][info ][safepoint     ] Total time for which application threads were stopped: 0.0022441 seconds, Stopping threads took: 0.0007368 seconds
[2023-02-09T10:25:01.796+0000][398.581s][debug][safepoint     ] Safepoint synchronization initiated. (178 threads)
[2023-02-09T10:25:01.797+0000][398.582s][info ][safepoint     ] Application time: 1.0013128 seconds
[2023-02-09T10:25:01.798+0000][398.582s][info ][safepoint     ] Entering safepoint region: Cleanup
[2023-02-09T10:25:01.799+0000][398.584s][info ][safepoint     ] Leaving safepoint region
[2023-02-09T10:25:01.800+0000][398.585s][info ][safepoint     ] Total time for which application threads were stopped: 0.0027368 seconds, Stopping threads took: 0.0008618 seconds
[2023-02-09T10:25:02.801+0000][399.586s][debug][safepoint     ] Safepoint synchronization initiated. (178 threads)
[2023-02-09T10:25:02.802+0000][399.587s][info ][safepoint     ] Application time: 1.0011574 seconds
[2023-02-09T10:25:02.803+0000][399.588s][info ][safepoint     ] Entering safepoint region: Cleanup
[2023-02-09T10:25:02.804+0000][399.589s][info ][safepoint     ] Leaving safepoint region
[2023-02-09T10:25:02.805+0000][399.589s][info ][safepoint     ] Total time for which application threads were stopped: 0.0019854 seconds, Stopping threads took: 0.0007530 seconds
[2023-02-09T10:25:03.806+0000][400.591s][debug][safepoint     ] Safepoint synchronization initiated. (178 threads)
[2023-02-09T10:25:03.807+0000][400.592s][info ][safepoint     ] Application time: 1.0015158 seconds
[2023-02-09T10:25:03.807+0000][400.592s][info ][safepoint     ] Entering safepoint region: Cleanup
[2023-02-09T10:25:03.810+0000][400.595s][info ][safepoint     ] Leaving safepoint region
[2023-02-09T10:25:03.810+0000][400.595s][info ][safepoint     ] Total time for which application threads were stopped: 0.0030100 seconds, Stopping threads took: 0.0013075 seconds
[2023-02-09T10:25:04.811+0000][401.596s][debug][safepoint     ] Safepoint synchronization initiated. (178 threads)
[2023-02-09T10:25:04.812+0000][401.597s][info ][safepoint     ] Application time: 1.0013274 seconds
[2023-02-09T10:25:04.813+0000][401.597s][info ][safepoint     ] Entering safepoint region: Cleanup
[2023-02-09T10:25:04.814+0000][401.599s][info ][safepoint     ] Leaving safepoint region
[2023-02-09T10:25:04.815+0000][401.600s][info ][safepoint     ] Total time for which application threads were stopped: 0.0025323 seconds, Stopping threads took: 0.0005103 seconds
[2023-02-09T10:25:05.816+0000][402.601s][debug][safepoint     ] Safepoint synchronization initiated. (178 threads)
[2023-02-09T10:25:05.816+0000][402.601s][info ][safepoint     ] Application time: 1.0008498 seconds
[2023-02-09T10:25:05.817+0000][402.602s][info ][safepoint     ] Entering safepoint region: Cleanup
[2023-02-09T10:25:05.818+0000][402.603s][info ][safepoint     ] Leaving safepoint region
[2023-02-09T10:25:05.819+0000][402.604s][info ][safepoint     ] Total time for which application threads were stopped: 0.0020069 seconds, Stopping threads took: 0.0005656 seconds
[2023-02-09T10:26:05.830+0000][462.621s][debug][safepoint     ] Safepoint synchronization initiated. (178 threads)
[2023-02-09T10:26:05.831+0000][462.622s][info ][safepoint     ] Application time: 60.0178208 seconds
[2023-02-09T10:26:05.832+0000][462.623s][info ][safepoint     ] Entering safepoint region: Cleanup
[2023-02-09T10:26:05.833+0000][462.624s][info ][safepoint     ] Leaving safepoint region
[2023-02-09T10:26:05.834+0000][462.625s][info ][safepoint     ] Total time for which application threads were stopped: 0.0022168 seconds, Stopping threads took: 0.0006241 seconds
[2023-02-09T10:26:08.835+0000][465.626s][debug][safepoint     ] Safepoint synchronization initiated. (178 threads)
[2023-02-09T10:26:08.837+0000][465.628s][info ][safepoint     ] Application time: 3.0029154 seconds
[2023-02-09T10:26:08.838+0000][465.629s][info ][safepoint     ] Entering safepoint region: Cleanup
[2023-02-09T10:26:08.839+0000][465.630s][info ][safepoint     ] Leaving safepoint region
[2023-02-09T10:26:08.840+0000][465.631s][info ][safepoint     ] Total time for which application threads were stopped: 0.0019509 seconds, Stopping threads took: 0.0006000 seconds
[2023-02-09T10:26:50.943+0000][507.727s][debug][safepoint     ] Safepoint synchronization initiated. (178 threads)
[2023-02-09T10:26:50.943+0000][507.728s][info ][safepoint     ] Application time: 42.0968886 seconds
[2023-02-09T10:26:50.944+0000][507.729s][info ][safepoint     ] Entering safepoint region: G1CollectForAllocation
[2023-02-09T10:26:50.946+0000][507.730s][info ][gc,start      ] GC(51) Pause Young (Normal) (G1 Evacuation Pause)
[2023-02-09T10:26:50.946+0000][507.731s][info ][gc,task       ] GC(51) Using 13 workers of 13 for evacuation
[2023-02-09T10:26:50.978+0000][507.762s][info ][gc,phases     ] GC(51)   Pre Evacuate Collection Set: 0.1ms
[2023-02-09T10:26:50.978+0000][507.763s][info ][gc,phases     ] GC(51)   Evacuate Collection Set: 21.8ms
[2023-02-09T10:26:50.979+0000][507.764s][info ][gc,phases     ] GC(51)   Post Evacuate Collection Set: 8.3ms
[2023-02-09T10:26:50.980+0000][507.764s][info ][gc,phases     ] GC(51)   Other: 1.8ms
[2023-02-09T10:26:50.980+0000][507.765s][info ][gc,heap       ] GC(51) Eden regions: 207->0(209)
[2023-02-09T10:26:50.981+0000][507.765s][info ][gc,heap       ] GC(51) Survivor regions: 15->14(28)
[2023-02-09T10:26:50.981+0000][507.766s][info ][gc,heap       ] GC(51) Old regions: 126->126
[2023-02-09T10:26:50.982+0000][507.767s][info ][gc,heap       ] GC(51) Humongous regions: 0->0
[2023-02-09T10:26:50.983+0000][507.767s][info ][gc,metaspace  ] GC(51) Metaspace: 152596K->152596K(1187840K)
[2023-02-09T10:26:50.983+0000][507.768s][info ][gc            ] GC(51) Pause Young (Normal) (G1 Evacuation Pause) 346M->138M(404M) 37.568ms
[2023-02-09T10:26:50.984+0000][507.769s][info ][gc,cpu        ] GC(51) User=0.28s Sys=0.00s Real=0.04s
[2023-02-09T10:26:50.985+0000][507.769s][info ][safepoint     ] Leaving safepoint region
[2023-02-09T10:26:50.985+0000][507.770s][info ][safepoint     ] Total time for which application threads were stopped: 0.0412006 seconds, Stopping threads took: 0.0008089 seconds
[2023-02-09T10:26:50.986+0000][507.771s][info ][gc,stringdedup] Concurrent String Deduplication (507.771s)
[2023-02-09T10:26:50.994+0000][507.778s][info ][gc,stringdedup] Concurrent String Deduplication 375.1K->228.0K(147.1K) avg 52.7% (507.771s, 507.778s) 7.803ms
[2023-02-09T10:26:56.988+0000][513.772s][debug][safepoint     ] Safepoint synchronization initiated. (178 threads)
[2023-02-09T10:26:56.988+0000][513.773s][info ][safepoint     ] Application time: 6.0025972 seconds
[2023-02-09T10:26:56.989+0000][513.774s][info ][safepoint     ] Entering safepoint region: Cleanup
[2023-02-09T10:26:56.990+0000][513.775s][info ][safepoint     ] Leaving safepoint region
[2023-02-09T10:26:56.991+0000][513.776s][info ][safepoint     ] Total time for which application threads were stopped: 0.0026303 seconds, Stopping threads took: 0.0008035 seconds
[2023-02-09T10:27:05.995+0000][522.780s][debug][safepoint     ] Safepoint synchronization initiated. (178 threads)
[2023-02-09T10:27:05.996+0000][522.780s][info ][safepoint     ] Application time: 9.0036466 seconds
[2023-02-09T10:27:05.996+0000][522.781s][info ][safepoint     ] Entering safepoint region: Cleanup
[2023-02-09T10:27:05.998+0000][522.782s][info ][safepoint     ] Leaving safepoint region
[2023-02-09T10:27:05.998+0000][522.783s][info ][safepoint     ] Total time for which application threads were stopped: 0.0020242 seconds, Stopping threads took: 0.0006150 seconds
[2023-02-09T10:27:48.483+0000][565.267s][debug][safepoint     ] Safepoint synchronization initiated. (179 threads)
[2023-02-09T10:27:48.483+0000][565.268s][info ][safepoint     ] Application time: 42.4846293 seconds
[2023-02-09T10:27:48.484+0000][565.268s][info ][safepoint     ] Entering safepoint region: Deoptimize
[2023-02-09T10:27:48.490+0000][565.274s][info ][safepoint     ] Leaving safepoint region
[2023-02-09T10:27:48.490+0000][565.275s][info ][safepoint     ] Total time for which application threads were stopped: 0.0067042 seconds, Stopping threads took: 0.0004728 seconds
[2023-02-09T10:27:49.491+0000][566.276s][debug][safepoint     ] Safepoint synchronization initiated. (182 threads)
[2023-02-09T10:27:49.492+0000][566.276s][info ][safepoint     ] Application time: 1.0009532 seconds
[2023-02-09T10:27:49.492+0000][566.277s][info ][safepoint     ] Entering safepoint region: Cleanup
[2023-02-09T10:27:49.493+0000][566.278s][info ][safepoint     ] Leaving safepoint region
[2023-02-09T10:27:49.494+0000][566.278s][info ][safepoint     ] Total time for which application threads were stopped: 0.0014491 seconds, Stopping threads took: 0.0004525 seconds
[2023-02-09T10:27:50.494+0000][567.279s][debug][safepoint     ] Safepoint synchronization initiated. (180 threads)
[2023-02-09T10:27:50.495+0000][567.280s][info ][safepoint     ] Application time: 1.0008044 seconds
[2023-02-09T10:27:50.496+0000][567.280s][info ][safepoint     ] Entering safepoint region: Cleanup
[2023-02-09T10:27:50.497+0000][567.282s][info ][safepoint     ] Leaving safepoint region
[2023-02-09T10:27:50.498+0000][567.282s][info ][safepoint     ] Total time for which application threads were stopped: 0.0021855 seconds, Stopping threads took: 0.0006543 seconds
[2023-02-09T10:27:51.498+0000][568.283s][debug][safepoint     ] Safepoint synchronization initiated. (180 threads)
[2023-02-09T10:27:51.499+0000][568.283s][info ][safepoint     ] Application time: 1.0007204 seconds
[2023-02-09T10:27:51.499+0000][568.284s][info ][safepoint     ] Entering safepoint region: Cleanup
[2023-02-09T10:27:51.500+0000][568.285s][info ][safepoint     ] Leaving safepoint region
[2023-02-09T10:27:51.500+0000][568.285s][info ][safepoint     ] Total time for which application threads were stopped: 0.0010741 seconds, Stopping threads took: 0.0003112 seconds
[2023-02-09T10:27:52.501+0000][569.286s][debug][safepoint     ] Safepoint synchronization initiated. (181 threads)
[2023-02-09T10:27:52.502+0000][569.286s][info ][safepoint     ] Application time: 1.0012142 seconds
[2023-02-09T10:27:52.502+0000][569.287s][info ][safepoint     ] Entering safepoint region: Cleanup
[2023-02-09T10:27:52.504+0000][569.288s][info ][safepoint     ] Leaving safepoint region
[2023-02-09T10:27:52.504+0000][569.289s][info ][safepoint     ] Total time for which application threads were stopped: 0.0019871 seconds, Stopping threads took: 0.0006319 seconds
[2023-02-09T10:27:53.505+0000][570.290s][debug][safepoint     ] Safepoint synchronization initiated. (181 threads)
[2023-02-09T10:27:53.507+0000][570.292s][info ][safepoint     ] Application time: 1.0021727 seconds
[2023-02-09T10:27:53.508+0000][570.293s][info ][safepoint     ] Entering safepoint region: Cleanup
[2023-02-09T10:27:53.509+0000][570.294s][info ][safepoint     ] Leaving safepoint region
[2023-02-09T10:27:53.510+0000][570.295s][info ][safepoint     ] Total time for which application threads were stopped: 0.0021792 seconds, Stopping threads took: 0.0006327 seconds
[2023-02-09T10:27:57.511+0000][574.296s][debug][safepoint     ] Safepoint synchronization initiated. (181 threads)
[2023-02-09T10:27:57.512+0000][574.297s][info ][safepoint     ] Application time: 4.0017967 seconds
[2023-02-09T10:27:57.513+0000][574.298s][info ][safepoint     ] Entering safepoint region: Cleanup
[2023-02-09T10:27:57.514+0000][574.299s][info ][safepoint     ] Leaving safepoint region
[2023-02-09T10:27:57.514+0000][574.299s][info ][safepoint     ] Total time for which application threads were stopped: 0.0017284 seconds, Stopping threads took: 0.0005080 seconds
[2023-02-09T10:27:58.516+0000][575.300s][debug][safepoint     ] Safepoint synchronization initiated. (180 threads)
[2023-02-09T10:27:58.516+0000][575.301s][info ][safepoint     ] Application time: 1.0013127 seconds
[2023-02-09T10:27:58.517+0000][575.302s][info ][safepoint     ] Entering safepoint region: Cleanup
[2023-02-09T10:27:58.519+0000][575.303s][info ][safepoint     ] Leaving safepoint region
[2023-02-09T10:27:58.519+0000][575.304s][info ][safepoint     ] Total time for which application threads were stopped: 0.0022416 seconds, Stopping threads took: 0.0006077 seconds
[2023-02-09T10:27:59.520+0000][576.305s][debug][safepoint     ] Safepoint synchronization initiated. (180 threads)
[2023-02-09T10:27:59.521+0000][576.306s][info ][safepoint     ] Application time: 1.0011335 seconds
[2023-02-09T10:27:59.522+0000][576.307s][debug][safepoint     ] Waiting for 1 thread(s) to block
[2023-02-09T10:27:59.523+0000][576.308s][info ][safepoint     ] Entering safepoint region: Cleanup
[2023-02-09T10:27:59.525+0000][576.310s][info ][safepoint     ] Leaving safepoint region
[2023-02-09T10:27:59.526+0000][576.310s][info ][safepoint     ] Total time for which application threads were stopped: 0.0037934 seconds, Stopping threads took: 0.0022501 seconds
[2023-02-09T10:28:00.527+0000][577.311s][debug][safepoint     ] Safepoint synchronization initiated. (180 threads)
[2023-02-09T10:28:00.527+0000][577.312s][info ][safepoint     ] Application time: 1.0010293 seconds
[2023-02-09T10:28:00.528+0000][577.312s][info ][safepoint     ] Entering safepoint region: Cleanup
[2023-02-09T10:28:00.529+0000][577.314s][info ][safepoint     ] Leaving safepoint region
[2023-02-09T10:28:00.530+0000][577.314s][info ][safepoint     ] Total time for which application threads were stopped: 0.0019355 seconds, Stopping threads took: 0.0005702 seconds
[2023-02-09T10:28:01.530+0000][578.315s][debug][safepoint     ] Safepoint synchronization initiated. (180 threads)
[2023-02-09T10:28:01.531+0000][578.316s][info ][safepoint     ] Application time: 1.0009915 seconds
[2023-02-09T10:28:01.532+0000][578.316s][info ][safepoint     ] Entering safepoint region: Cleanup
[2023-02-09T10:28:01.534+0000][578.318s][info ][safepoint     ] Leaving safepoint region
[2023-02-09T10:28:01.534+0000][578.318s][debug][safepoint     ] ... found polling page return exception at pc = 0x00007f086881d084, stub =0x00007f086085a800
[2023-02-09T10:28:01.534+0000][578.318s][debug][safepoint     ] ... found polling page return exception at pc = 0x00007f086881d084, stub =0x00007f086085a800
[2023-02-09T10:28:01.534+0000][578.318s][debug][safepoint     ] ... found polling page return exception at pc = 0x00007f086881d084, stub =0x00007f086085a800
[2023-02-09T10:28:01.534+0000][578.319s][info ][safepoint     ] Total time for which application threads were stopped: 0.0025644 seconds, Stopping threads took: 0.0008673 seconds
[2023-02-09T10:28:02.537+0000][579.322s][debug][safepoint     ] Safepoint synchronization initiated. (180 threads)
[2023-02-09T10:28:02.538+0000][579.323s][info ][safepoint     ] Application time: 1.0014046 seconds
[2023-02-09T10:28:02.539+0000][579.323s][info ][safepoint     ] Entering safepoint region: Cleanup
[2023-02-09T10:28:02.540+0000][579.325s][info ][safepoint     ] Leaving safepoint region
[2023-02-09T10:28:02.541+0000][579.325s][info ][safepoint     ] Total time for which application threads were stopped: 0.0021131 seconds, Stopping threads took: 0.0006780 seconds
[2023-02-09T10:28:03.541+0000][580.326s][debug][safepoint     ] Safepoint synchronization initiated. (179 threads)
[2023-02-09T10:28:03.542+0000][580.327s][info ][safepoint     ] Application time: 1.0009795 seconds
[2023-02-09T10:28:03.543+0000][580.328s][info ][safepoint     ] Entering safepoint region: Cleanup
[2023-02-09T10:28:03.545+0000][580.330s][info ][safepoint     ] Leaving safepoint region
[2023-02-09T10:28:03.546+0000][580.330s][info ][safepoint     ] Total time for which application threads were stopped: 0.0025265 seconds, Stopping threads took: 0.0009091 seconds
[2023-02-09T10:28:04.547+0000][581.331s][debug][safepoint     ] Safepoint synchronization initiated. (179 threads)
[2023-02-09T10:28:04.547+0000][581.332s][info ][safepoint     ] Application time: 1.0014175 seconds
[2023-02-09T10:28:04.548+0000][581.333s][info ][safepoint     ] Entering safepoint region: Cleanup
[2023-02-09T10:28:04.550+0000][581.334s][info ][safepoint     ] Leaving safepoint region
[2023-02-09T10:28:04.550+0000][581.335s][info ][safepoint     ] Total time for which application threads were stopped: 0.0020400 seconds, Stopping threads took: 0.0006536 seconds
[2023-02-09T10:28:05.551+0000][582.336s][debug][safepoint     ] Safepoint synchronization initiated. (179 threads)
[2023-02-09T10:28:05.552+0000][582.337s][info ][safepoint     ] Application time: 1.0013046 seconds
[2023-02-09T10:28:05.553+0000][582.337s][info ][safepoint     ] Entering safepoint region: Cleanup
[2023-02-09T10:28:05.554+0000][582.339s][info ][safepoint     ] Leaving safepoint region
[2023-02-09T10:28:05.555+0000][582.339s][info ][safepoint     ] Total time for which application threads were stopped: 0.0021426 seconds, Stopping threads took: 0.0006346 seconds
[2023-02-09T10:28:06.555+0000][583.340s][debug][safepoint     ] Safepoint synchronization initiated. (179 threads)
[2023-02-09T10:28:06.556+0000][583.341s][info ][safepoint     ] Application time: 1.0008111 seconds
[2023-02-09T10:28:06.557+0000][583.341s][info ][safepoint     ] Entering safepoint region: Cleanup
[2023-02-09T10:28:06.558+0000][583.342s][info ][safepoint     ] Leaving safepoint region
[2023-02-09T10:28:06.558+0000][583.343s][info ][safepoint     ] Total time for which application threads were stopped: 0.0019611 seconds, Stopping threads took: 0.0005423 seconds
[2023-02-09T10:28:07.559+0000][584.344s][debug][safepoint     ] Safepoint synchronization initiated. (179 threads)
[2023-02-09T10:28:07.560+0000][584.344s][info ][safepoint     ] Application time: 1.0008825 seconds
[2023-02-09T10:28:07.560+0000][584.345s][info ][safepoint     ] Entering safepoint region: Cleanup
[2023-02-09T10:28:07.562+0000][584.346s][info ][safepoint     ] Leaving safepoint region
[2023-02-09T10:28:07.563+0000][584.348s][info ][safepoint     ] Total time for which application threads were stopped: 0.0027525 seconds, Stopping threads took: 0.0006478 seconds
[2023-02-09T10:28:08.564+0000][585.348s][debug][safepoint     ] Safepoint synchronization initiated. (179 threads)
[2023-02-09T10:28:08.565+0000][585.349s][info ][safepoint     ] Application time: 1.0012441 seconds
[2023-02-09T10:28:08.566+0000][585.350s][info ][safepoint     ] Entering safepoint region: Cleanup
[2023-02-09T10:28:08.567+0000][585.352s][info ][safepoint     ] Leaving safepoint region
[2023-02-09T10:28:08.568+0000][585.353s][info ][safepoint     ] Total time for which application threads were stopped: 0.0023242 seconds, Stopping threads took: 0.0006797 seconds
[2023-02-09T10:28:09.569+0000][586.354s][debug][safepoint     ] Safepoint synchronization initiated. (179 threads)
[2023-02-09T10:28:09.570+0000][586.355s][info ][safepoint     ] Application time: 1.0014820 seconds
[2023-02-09T10:28:09.571+0000][586.355s][info ][safepoint     ] Entering safepoint region: Cleanup
[2023-02-09T10:28:09.572+0000][586.357s][info ][safepoint     ] Leaving safepoint region
[2023-02-09T10:28:09.573+0000][586.358s][info ][safepoint     ] Total time for which application threads were stopped: 0.0023158 seconds, Stopping threads took: 0.0008427 seconds
[2023-02-09T10:28:10.574+0000][587.359s][debug][safepoint     ] Safepoint synchronization initiated. (179 threads)
[2023-02-09T10:28:10.575+0000][587.359s][info ][safepoint     ] Application time: 1.0013297 seconds
[2023-02-09T10:28:10.575+0000][587.360s][info ][safepoint     ] Entering safepoint region: Cleanup
[2023-02-09T10:28:10.577+0000][587.362s][info ][safepoint     ] Leaving safepoint region
[2023-02-09T10:28:10.578+0000][587.362s][info ][safepoint     ] Total time for which application threads were stopped: 0.0024496 seconds, Stopping threads took: 0.0008430 seconds
[2023-02-09T10:28:11.579+0000][588.363s][debug][safepoint     ] Safepoint synchronization initiated. (179 threads)
[2023-02-09T10:28:11.579+0000][588.364s][info ][safepoint     ] Application time: 1.0009399 seconds
[2023-02-09T10:28:11.580+0000][588.365s][info ][safepoint     ] Entering safepoint region: Cleanup
[2023-02-09T10:28:11.582+0000][588.366s][info ][safepoint     ] Leaving safepoint region
[2023-02-09T10:28:11.582+0000][588.367s][info ][safepoint     ] Total time for which application threads were stopped: 0.0022876 seconds, Stopping threads took: 0.0006162 seconds
[2023-02-09T10:28:12.583+0000][589.368s][debug][safepoint     ] Safepoint synchronization initiated. (179 threads)
[2023-02-09T10:28:12.584+0000][589.369s][info ][safepoint     ] Application time: 1.0012642 seconds
[2023-02-09T10:28:12.585+0000][589.370s][info ][safepoint     ] Entering safepoint region: Cleanup
[2023-02-09T10:28:12.587+0000][589.371s][info ][safepoint     ] Leaving safepoint region
[2023-02-09T10:28:12.588+0000][589.372s][info ][safepoint     ] Total time for which application threads were stopped: 0.0025282 seconds, Stopping threads took: 0.0008730 seconds
[2023-02-09T10:28:13.589+0000][590.373s][debug][safepoint     ] Safepoint synchronization initiated. (180 threads)
[2023-02-09T10:28:13.592+0000][590.377s][info ][safepoint     ] Application time: 1.0037662 seconds
[2023-02-09T10:28:13.593+0000][590.378s][debug][safepoint     ] ... found polling page return exception at pc = 0x00007f08692e77ad, stub =0x00007f086085a800
[2023-02-09T10:28:13.593+0000][590.378s][debug][safepoint     ] ... found polling page return exception at pc = 0x00007f0868b17d66, stub =0x00007f086085a800
[2023-02-09T10:28:13.593+0000][590.378s][debug][safepoint     ] ... found polling page return exception at pc = 0x00007f0868b17d66, stub =0x00007f086085a800
[2023-02-09T10:28:13.595+0000][590.379s][debug][safepoint     ] Waiting for 3 thread(s) to block
[2023-02-09T10:28:13.595+0000][590.380s][info ][safepoint     ] Entering safepoint region: Cleanup
[2023-02-09T10:28:13.596+0000][590.381s][info ][safepoint     ] Leaving safepoint region
[2023-02-09T10:28:13.597+0000][590.381s][info ][safepoint     ] Total time for which application threads were stopped: 0.0037622 seconds, Stopping threads took: 0.0027486 seconds
[2023-02-09T10:28:14.597+0000][591.382s][debug][safepoint     ] Safepoint synchronization initiated. (182 threads)
[2023-02-09T10:28:14.598+0000][591.383s][info ][safepoint     ] Application time: 1.0010983 seconds
[2023-02-09T10:28:14.599+0000][591.383s][info ][safepoint     ] Entering safepoint region: Cleanup
[2023-02-09T10:28:14.600+0000][591.384s][info ][safepoint     ] Leaving safepoint region
[2023-02-09T10:28:14.600+0000][591.385s][info ][safepoint     ] Total time for which application threads were stopped: 0.0013560 seconds, Stopping threads took: 0.0004923 seconds
[2023-02-09T10:28:15.601+0000][592.385s][debug][safepoint     ] Safepoint synchronization initiated. (182 threads)
[2023-02-09T10:28:15.601+0000][592.386s][info ][safepoint     ] Application time: 1.0005996 seconds
[2023-02-09T10:28:15.601+0000][592.386s][debug][safepoint     ] Waiting for 1 thread(s) to block
[2023-02-09T10:28:15.602+0000][592.386s][info ][safepoint     ] Entering safepoint region: Cleanup
[2023-02-09T10:28:15.603+0000][592.387s][info ][safepoint     ] Leaving safepoint region
[2023-02-09T10:28:15.603+0000][592.388s][info ][safepoint     ] Total time for which application threads were stopped: 0.0017895 seconds, Stopping threads took: 0.0008003 seconds
[2023-02-09T10:28:16.604+0000][593.388s][debug][safepoint     ] Safepoint synchronization initiated. (182 threads)
[2023-02-09T10:28:16.604+0000][593.389s][info ][safepoint     ] Application time: 1.0008678 seconds
[2023-02-09T10:28:16.605+0000][593.390s][info ][safepoint     ] Entering safepoint region: Cleanup
[2023-02-09T10:28:16.606+0000][593.391s][info ][safepoint     ] Leaving safepoint region
[2023-02-09T10:28:16.606+0000][593.391s][info ][safepoint     ] Total time for which application threads were stopped: 0.0014866 seconds, Stopping threads took: 0.0006061 seconds
[2023-02-09T10:28:17.607+0000][594.392s][debug][safepoint     ] Safepoint synchronization initiated. (182 threads)
[2023-02-09T10:28:17.633+0000][594.417s][info ][safepoint     ] Application time: 1.0259427 seconds
[2023-02-09T10:28:17.636+0000][594.421s][info ][safepoint     ] Entering safepoint region: Cleanup
[2023-02-09T10:28:17.638+0000][594.423s][info ][safepoint     ] Leaving safepoint region
[2023-02-09T10:28:17.640+0000][594.424s][info ][safepoint     ] Total time for which application threads were stopped: 0.0041380 seconds, Stopping threads took: 0.0017896 seconds
[2023-02-09T10:28:18.641+0000][595.426s][debug][safepoint     ] Safepoint synchronization initiated. (182 threads)
[2023-02-09T10:28:18.642+0000][595.427s][info ][safepoint     ] Application time: 1.0013168 seconds
[2023-02-09T10:28:18.643+0000][595.427s][info ][safepoint     ] Entering safepoint region: Cleanup
[2023-02-09T10:28:18.644+0000][595.429s][info ][safepoint     ] Leaving safepoint region
[2023-02-09T10:28:18.645+0000][595.429s][info ][safepoint     ] Total time for which application threads were stopped: 0.0021476 seconds, Stopping threads took: 0.0006127 seconds
[2023-02-09T10:28:19.645+0000][596.430s][debug][safepoint     ] Safepoint synchronization initiated. (182 threads)
[2023-02-09T10:28:19.646+0000][596.431s][info ][safepoint     ] Application time: 1.0012830 seconds
[2023-02-09T10:28:19.647+0000][596.432s][info ][safepoint     ] Entering safepoint region: Cleanup
[2023-02-09T10:28:19.648+0000][596.433s][info ][safepoint     ] Leaving safepoint region
[2023-02-09T10:28:19.649+0000][596.434s][info ][safepoint     ] Total time for which application threads were stopped: 0.0022384 seconds, Stopping threads took: 0.0006901 seconds
[2023-02-09T10:28:20.650+0000][597.435s][debug][safepoint     ] Safepoint synchronization initiated. (182 threads)
[2023-02-09T10:28:20.651+0000][597.436s][info ][safepoint     ] Application time: 1.0012768 seconds
[2023-02-09T10:28:20.652+0000][597.436s][info ][safepoint     ] Entering safepoint region: Cleanup
[2023-02-09T10:28:20.653+0000][597.438s][info ][safepoint     ] Leaving safepoint region
[2023-02-09T10:28:20.655+0000][597.439s][info ][safepoint     ] Total time for which application threads were stopped: 0.0029759 seconds, Stopping threads took: 0.0007563 seconds
[2023-02-09T10:28:21.655+0000][598.440s][debug][safepoint     ] Safepoint synchronization initiated. (182 threads)
[2023-02-09T10:28:21.656+0000][598.441s][info ][safepoint     ] Application time: 1.0010697 seconds
[2023-02-09T10:28:21.657+0000][598.442s][info ][safepoint     ] Entering safepoint region: Cleanup
[2023-02-09T10:28:21.659+0000][598.443s][info ][safepoint     ] Leaving safepoint region
[2023-02-09T10:28:21.660+0000][598.444s][info ][safepoint     ] Total time for which application threads were stopped: 0.0026572 seconds, Stopping threads took: 0.0008876 seconds
[2023-02-09T10:28:22.661+0000][599.446s][debug][safepoint     ] Safepoint synchronization initiated. (180 threads)
[2023-02-09T10:28:22.662+0000][599.447s][info ][safepoint     ] Application time: 1.0014344 seconds
[2023-02-09T10:28:22.663+0000][599.447s][info ][safepoint     ] Entering safepoint region: Cleanup
[2023-02-09T10:28:22.664+0000][599.449s][info ][safepoint     ] Leaving safepoint region
[2023-02-09T10:28:22.665+0000][599.449s][info ][safepoint     ] Total time for which application threads were stopped: 0.0020059 seconds, Stopping threads took: 0.0006711 seconds
[2023-02-09T10:28:23.665+0000][600.450s][debug][safepoint     ] Safepoint synchronization initiated. (180 threads)
[2023-02-09T10:28:23.666+0000][600.451s][info ][safepoint     ] Application time: 1.0010931 seconds
[2023-02-09T10:28:23.667+0000][600.452s][info ][safepoint     ] Entering safepoint region: Cleanup
[2023-02-09T10:28:23.669+0000][600.453s][info ][safepoint     ] Leaving safepoint region
[2023-02-09T10:28:23.669+0000][600.454s][info ][safepoint     ] Total time for which application threads were stopped: 0.0022140 seconds, Stopping threads took: 0.0007315 seconds
[2023-02-09T10:28:24.670+0000][601.455s][debug][safepoint     ] Safepoint synchronization initiated. (180 threads)
[2023-02-09T10:28:24.671+0000][601.456s][info ][safepoint     ] Application time: 1.0011757 seconds
[2023-02-09T10:28:24.672+0000][601.457s][info ][safepoint     ] Entering safepoint region: Cleanup
[2023-02-09T10:28:24.675+0000][601.459s][info ][safepoint     ] Leaving safepoint region
[2023-02-09T10:28:24.675+0000][601.460s][info ][safepoint     ] Total time for which application threads were stopped: 0.0032620 seconds, Stopping threads took: 0.0015629 seconds
[2023-02-09T10:28:25.676+0000][602.461s][debug][safepoint     ] Safepoint synchronization initiated. (180 threads)
[2023-02-09T10:28:25.677+0000][602.462s][info ][safepoint     ] Application time: 1.0010973 seconds
[2023-02-09T10:28:25.678+0000][602.463s][info ][safepoint     ] Entering safepoint region: Cleanup
[2023-02-09T10:28:25.680+0000][602.464s][info ][safepoint     ] Leaving safepoint region
[2023-02-09T10:28:25.680+0000][602.465s][info ][safepoint     ] Total time for which application threads were stopped: 0.0025374 seconds, Stopping threads took: 0.0007538 seconds
[2023-02-09T10:28:26.682+0000][603.466s][debug][safepoint     ] Safepoint synchronization initiated. (180 threads)
[2023-02-09T10:28:26.683+0000][603.467s][info ][safepoint     ] Application time: 1.0014178 seconds
[2023-02-09T10:28:26.684+0000][603.469s][info ][safepoint     ] Entering safepoint region: Cleanup
[2023-02-09T10:28:26.688+0000][603.473s][info ][safepoint     ] Leaving safepoint region
[2023-02-09T10:28:26.691+0000][603.475s][info ][safepoint     ] Total time for which application threads were stopped: 0.0069562 seconds, Stopping threads took: 0.0034753 seconds
[2023-02-09T10:28:27.692+0000][604.477s][debug][safepoint     ] Safepoint synchronization initiated. (179 threads)
[2023-02-09T10:28:27.693+0000][604.477s][info ][safepoint     ] Application time: 1.0011390 seconds
[2023-02-09T10:28:27.693+0000][604.478s][info ][safepoint     ] Entering safepoint region: Cleanup
[2023-02-09T10:28:27.695+0000][604.479s][info ][safepoint     ] Leaving safepoint region
[2023-02-09T10:28:27.696+0000][604.480s][info ][safepoint     ] Total time for which application threads were stopped: 0.0022599 seconds, Stopping threads took: 0.0008341 seconds
[2023-02-09T10:28:28.696+0000][605.481s][debug][safepoint     ] Safepoint synchronization initiated. (179 threads)
[2023-02-09T10:28:28.697+0000][605.482s][info ][safepoint     ] Application time: 1.0009264 seconds
[2023-02-09T10:28:28.698+0000][605.482s][info ][safepoint     ] Entering safepoint region: Cleanup
[2023-02-09T10:28:28.699+0000][605.484s][info ][safepoint     ] Leaving safepoint region
[2023-02-09T10:28:28.700+0000][605.484s][info ][safepoint     ] Total time for which application threads were stopped: 0.0022505 seconds, Stopping threads took: 0.0005848 seconds
[2023-02-09T10:28:29.701+0000][606.485s][debug][safepoint     ] Safepoint synchronization initiated. (179 threads)
[2023-02-09T10:28:29.701+0000][606.486s][info ][safepoint     ] Application time: 1.0010188 seconds
[2023-02-09T10:28:29.702+0000][606.487s][info ][safepoint     ] Entering safepoint region: Cleanup
[2023-02-09T10:28:29.704+0000][606.488s][info ][safepoint     ] Leaving safepoint region
[2023-02-09T10:28:29.704+0000][606.489s][info ][safepoint     ] Total time for which application threads were stopped: 0.0024607 seconds, Stopping threads took: 0.0006452 seconds
[2023-02-09T10:28:30.705+0000][607.490s][debug][safepoint     ] Safepoint synchronization initiated. (179 threads)
[2023-02-09T10:28:30.706+0000][607.491s][info ][safepoint     ] Application time: 1.0011267 seconds
[2023-02-09T10:28:30.707+0000][607.492s][info ][safepoint     ] Entering safepoint region: Cleanup
[2023-02-09T10:28:30.709+0000][607.494s][info ][safepoint     ] Leaving safepoint region
[2023-02-09T10:28:30.710+0000][607.494s][info ][safepoint     ] Total time for which application threads were stopped: 0.0025801 seconds, Stopping threads took: 0.0008112 seconds
[2023-02-09T10:28:31.710+0000][608.495s][debug][safepoint     ] Safepoint synchronization initiated. (180 threads)
[2023-02-09T10:28:31.711+0000][608.495s][info ][safepoint     ] Application time: 1.0005510 seconds
[2023-02-09T10:28:31.711+0000][608.496s][info ][safepoint     ] Entering safepoint region: Cleanup
[2023-02-09T10:28:31.712+0000][608.497s][info ][safepoint     ] Leaving safepoint region
[2023-02-09T10:28:31.712+0000][608.497s][info ][safepoint     ] Total time for which application threads were stopped: 0.0012693 seconds, Stopping threads took: 0.0002821 seconds
[2023-02-09T10:28:32.713+0000][609.498s][debug][safepoint     ] Safepoint synchronization initiated. (180 threads)
[2023-02-09T10:28:32.714+0000][609.498s][info ][safepoint     ] Application time: 1.0009044 seconds
[2023-02-09T10:28:32.714+0000][609.499s][info ][safepoint     ] Entering safepoint region: Cleanup
[2023-02-09T10:28:32.716+0000][609.501s][info ][safepoint     ] Leaving safepoint region
[2023-02-09T10:28:32.717+0000][609.502s][info ][safepoint     ] Total time for which application threads were stopped: 0.0028711 seconds, Stopping threads took: 0.0006581 seconds
[2023-02-09T10:28:35.719+0000][612.503s][debug][safepoint     ] Safepoint synchronization initiated. (180 threads)
[2023-02-09T10:28:35.720+0000][612.504s][info ][safepoint     ] Application time: 3.0019624 seconds
[2023-02-09T10:28:35.720+0000][612.505s][info ][safepoint     ] Entering safepoint region: Cleanup
[2023-02-09T10:28:35.722+0000][612.506s][info ][safepoint     ] Leaving safepoint region
[2023-02-09T10:28:35.722+0000][612.507s][info ][safepoint     ] Total time for which application threads were stopped: 0.0023002 seconds, Stopping threads took: 0.0006465 seconds
[2023-02-09T10:29:03.633+0000][640.418s][debug][safepoint     ] Safepoint synchronization initiated. (180 threads)
[2023-02-09T10:29:03.634+0000][640.419s][info ][safepoint     ] Application time: 27.9111117 seconds
[2023-02-09T10:29:03.635+0000][640.420s][info ][safepoint     ] Entering safepoint region: G1CollectForAllocation
[2023-02-09T10:29:03.637+0000][640.422s][info ][gc,start      ] GC(52) Pause Young (Normal) (G1 Evacuation Pause)
[2023-02-09T10:29:03.639+0000][640.423s][info ][gc,task       ] GC(52) Using 13 workers of 13 for evacuation
[2023-02-09T10:29:03.679+0000][640.464s][info ][gc,phases     ] GC(52)   Pre Evacuate Collection Set: 0.1ms
[2023-02-09T10:29:03.680+0000][640.464s][info ][gc,phases     ] GC(52)   Evacuate Collection Set: 27.3ms
[2023-02-09T10:29:03.680+0000][640.465s][info ][gc,phases     ] GC(52)   Post Evacuate Collection Set: 11.7ms
[2023-02-09T10:29:03.680+0000][640.465s][info ][gc,phases     ] GC(52)   Other: 2.9ms
[2023-02-09T10:29:03.681+0000][640.466s][info ][gc,heap       ] GC(52) Eden regions: 209->0(207)
[2023-02-09T10:29:03.681+0000][640.466s][info ][gc,heap       ] GC(52) Survivor regions: 14->15(28)
[2023-02-09T10:29:03.682+0000][640.466s][info ][gc,heap       ] GC(52) Old regions: 126->126
[2023-02-09T10:29:03.682+0000][640.467s][info ][gc,heap       ] GC(52) Humongous regions: 0->0
[2023-02-09T10:29:03.682+0000][640.467s][info ][gc,metaspace  ] GC(52) Metaspace: 156341K->156341K(1191936K)
[2023-02-09T10:29:03.683+0000][640.468s][info ][gc            ] GC(52) Pause Young (Normal) (G1 Evacuation Pause) 347M->139M(404M) 45.653ms
[2023-02-09T10:29:03.684+0000][640.468s][info ][gc,cpu        ] GC(52) User=0.32s Sys=0.00s Real=0.05s
[2023-02-09T10:29:03.684+0000][640.469s][info ][safepoint     ] Leaving safepoint region
[2023-02-09T10:29:03.684+0000][640.469s][info ][safepoint     ] Total time for which application threads were stopped: 0.0496010 seconds, Stopping threads took: 0.0015322 seconds
[2023-02-09T10:29:03.685+0000][640.470s][info ][gc,stringdedup] Concurrent String Deduplication (640.470s)
[2023-02-09T10:29:03.687+0000][640.472s][info ][gc,stringdedup] Concurrent String Deduplication 101.2K->52352.0B(51288.0B) avg 52.7% (640.470s, 640.472s) 2.391ms
[2023-02-09T10:29:05.685+0000][642.470s][debug][safepoint     ] Safepoint synchronization initiated. (181 threads)
[2023-02-09T10:29:05.686+0000][642.471s][info ][safepoint     ] Application time: 2.0011366 seconds
[2023-02-09T10:29:05.686+0000][642.471s][info ][safepoint     ] Entering safepoint region: Cleanup
[2023-02-09T10:29:05.687+0000][642.472s][info ][safepoint     ] Leaving safepoint region
[2023-02-09T10:29:05.687+0000][642.472s][info ][safepoint     ] Total time for which application threads were stopped: 0.0011953 seconds, Stopping threads took: 0.0003312 seconds
[2023-02-09T10:29:12.869+0000][649.653s][debug][safepoint     ] Safepoint synchronization initiated. (180 threads)
[2023-02-09T10:29:12.869+0000][649.654s][info ][safepoint     ] Application time: 7.1815694 seconds
[2023-02-09T10:29:12.870+0000][649.655s][info ][safepoint     ] Entering safepoint region: Deoptimize
[2023-02-09T10:29:12.878+0000][649.662s][info ][safepoint     ] Leaving safepoint region
[2023-02-09T10:29:12.879+0000][649.663s][info ][safepoint     ] Total time for which application threads were stopped: 0.0085715 seconds, Stopping threads took: 0.0009898 seconds
[2023-02-09T10:29:12.880+0000][649.665s][debug][safepoint     ] Safepoint synchronization initiated. (180 threads)
[2023-02-09T10:29:12.881+0000][649.666s][info ][safepoint     ] Application time: 0.0018197 seconds
[2023-02-09T10:29:12.882+0000][649.667s][info ][safepoint     ] Entering safepoint region: Deoptimize
[2023-02-09T10:29:12.891+0000][649.676s][info ][safepoint     ] Leaving safepoint region
[2023-02-09T10:29:12.892+0000][649.677s][info ][safepoint     ] Total time for which application threads were stopped: 0.0101932 seconds, Stopping threads took: 0.0009147 seconds
[2023-02-09T10:29:12.894+0000][649.679s][debug][safepoint     ] Safepoint synchronization initiated. (180 threads)
[2023-02-09T10:29:12.895+0000][649.679s][info ][safepoint     ] Application time: 0.0022945 seconds
[2023-02-09T10:29:12.895+0000][649.680s][info ][safepoint     ] Entering safepoint region: Deoptimize
[2023-02-09T10:29:12.902+0000][649.687s][info ][safepoint     ] Leaving safepoint region
[2023-02-09T10:29:12.903+0000][649.688s][info ][safepoint     ] Total time for which application threads were stopped: 0.0081016 seconds, Stopping threads took: 0.0008224 seconds
[2023-02-09T10:29:13.905+0000][650.690s][debug][safepoint     ] Safepoint synchronization initiated. (180 threads)
[2023-02-09T10:29:13.906+0000][650.691s][info ][safepoint     ] Application time: 1.0016076 seconds
[2023-02-09T10:29:13.907+0000][650.692s][info ][safepoint     ] Entering safepoint region: Cleanup
[2023-02-09T10:29:13.908+0000][650.693s][info ][safepoint     ] Leaving safepoint region
[2023-02-09T10:29:13.909+0000][650.694s][info ][safepoint     ] Total time for which application threads were stopped: 0.0023206 seconds, Stopping threads took: 0.0008266 seconds
[2023-02-09T10:29:20.909+0000][657.697s][debug][safepoint     ] Safepoint synchronization initiated. (180 threads)
[2023-02-09T10:29:20.910+0000][657.697s][info ][safepoint     ] Application time: 7.0029409 seconds
[2023-02-09T10:29:20.910+0000][657.698s][info ][safepoint     ] Entering safepoint region: Cleanup
[2023-02-09T10:29:20.912+0000][657.699s][info ][safepoint     ] Leaving safepoint region
[2023-02-09T10:29:20.912+0000][657.700s][info ][safepoint     ] Total time for which application threads were stopped: 0.0019902 seconds, Stopping threads took: 0.0006251 seconds
[2023-02-09T10:29:30.916+0000][667.703s][debug][safepoint     ] Safepoint synchronization initiated. (183 threads)
[2023-02-09T10:29:30.917+0000][667.704s][info ][safepoint     ] Application time: 10.0039854 seconds
[2023-02-09T10:29:30.917+0000][667.705s][debug][safepoint     ] Waiting for 1 thread(s) to block
[2023-02-09T10:29:30.918+0000][667.706s][info ][safepoint     ] Entering safepoint region: Cleanup
[2023-02-09T10:29:30.920+0000][667.708s][info ][safepoint     ] Leaving safepoint region
[2023-02-09T10:29:30.920+0000][667.708s][debug][safepoint     ] ... found polling page return exception at pc = 0x00007f086881d084, stub =0x00007f086085a800
[2023-02-09T10:29:30.921+0000][667.708s][info ][safepoint     ] Total time for which application threads were stopped: 0.0034797 seconds, Stopping threads took: 0.0015946 seconds
[2023-02-09T10:29:31.922+0000][668.710s][debug][safepoint     ] Safepoint synchronization initiated. (187 threads)
[2023-02-09T10:29:31.923+0000][668.710s][info ][safepoint     ] Application time: 1.0010931 seconds
[2023-02-09T10:29:31.923+0000][668.711s][info ][safepoint     ] Entering safepoint region: Cleanup
[2023-02-09T10:29:31.925+0000][668.713s][info ][safepoint     ] Leaving safepoint region
[2023-02-09T10:29:31.926+0000][668.713s][info ][safepoint     ] Total time for which application threads were stopped: 0.0022016 seconds, Stopping threads took: 0.0006499 seconds
[2023-02-09T10:29:35.927+0000][672.715s][debug][safepoint     ] Safepoint synchronization initiated. (186 threads)
[2023-02-09T10:29:35.928+0000][672.716s][info ][safepoint     ] Application time: 4.0018029 seconds
[2023-02-09T10:29:35.929+0000][672.716s][info ][safepoint     ] Entering safepoint region: Cleanup
[2023-02-09T10:29:35.930+0000][672.718s][info ][safepoint     ] Leaving safepoint region
[2023-02-09T10:29:35.932+0000][672.719s][info ][safepoint     ] Total time for which application threads were stopped: 0.0030107 seconds, Stopping threads took: 0.0008084 seconds
[2023-02-09T10:29:39.933+0000][676.721s][debug][safepoint     ] Safepoint synchronization initiated. (186 threads)
[2023-02-09T10:29:39.934+0000][676.722s][info ][safepoint     ] Application time: 4.0016823 seconds
[2023-02-09T10:29:39.934+0000][676.722s][info ][safepoint     ] Entering safepoint region: Cleanup
[2023-02-09T10:29:39.936+0000][676.724s][info ][safepoint     ] Leaving safepoint region
[2023-02-09T10:29:39.937+0000][676.724s][info ][safepoint     ] Total time for which application threads were stopped: 0.0021477 seconds, Stopping threads took: 0.0008156 seconds
[2023-02-09T10:29:40.339+0000][677.126s][debug][safepoint     ] Safepoint synchronization initiated. (187 threads)
[2023-02-09T10:29:40.339+0000][677.127s][info ][safepoint     ] Application time: 0.4024280 seconds
[2023-02-09T10:29:40.340+0000][677.128s][info ][safepoint     ] Entering safepoint region: Deoptimize
[2023-02-09T10:29:40.346+0000][677.134s][info ][safepoint     ] Leaving safepoint region
[2023-02-09T10:29:40.347+0000][677.135s][info ][safepoint     ] Total time for which application threads were stopped: 0.0072149 seconds, Stopping threads took: 0.0003880 seconds
[2023-02-09T10:29:41.348+0000][678.135s][debug][safepoint     ] Safepoint synchronization initiated. (188 threads)
[2023-02-09T10:29:41.348+0000][678.136s][info ][safepoint     ] Application time: 1.0010351 seconds
[2023-02-09T10:29:41.349+0000][678.137s][info ][safepoint     ] Entering safepoint region: Cleanup
[2023-02-09T10:29:41.351+0000][678.138s][info ][safepoint     ] Leaving safepoint region
[2023-02-09T10:29:41.351+0000][678.139s][info ][safepoint     ] Total time for which application threads were stopped: 0.0023413 seconds, Stopping threads took: 0.0007222 seconds
[2023-02-09T10:29:42.352+0000][679.140s][debug][safepoint     ] Safepoint synchronization initiated. (193 threads)
[2023-02-09T10:29:42.353+0000][679.140s][info ][safepoint     ] Application time: 1.0008518 seconds
[2023-02-09T10:29:42.353+0000][679.141s][info ][safepoint     ] Entering safepoint region: Cleanup
[2023-02-09T10:29:42.354+0000][679.142s][info ][safepoint     ] Leaving safepoint region
[2023-02-09T10:29:42.354+0000][679.142s][info ][safepoint     ] Total time for which application threads were stopped: 0.0012754 seconds, Stopping threads took: 0.0004428 seconds
[2023-02-09T10:29:43.355+0000][680.143s][debug][safepoint     ] Safepoint synchronization initiated. (194 threads)
[2023-02-09T10:29:43.356+0000][680.143s][info ][safepoint     ] Application time: 1.0008168 seconds
[2023-02-09T10:29:43.356+0000][680.144s][info ][safepoint     ] Entering safepoint region: Cleanup
[2023-02-09T10:29:43.357+0000][680.145s][info ][safepoint     ] Leaving safepoint region
[2023-02-09T10:29:43.357+0000][680.145s][info ][safepoint     ] Total time for which application threads were stopped: 0.0013090 seconds, Stopping threads took: 0.0004135 seconds
[2023-02-09T10:29:44.358+0000][681.145s][debug][safepoint     ] Safepoint synchronization initiated. (195 threads)
[2023-02-09T10:29:44.358+0000][681.146s][info ][safepoint     ] Application time: 1.0008987 seconds
[2023-02-09T10:29:44.359+0000][681.146s][debug][safepoint     ] ... found polling page loop exception at pc = 0x00007f08628ab3ce, stub =0x00007f086085ab00
[2023-02-09T10:29:44.359+0000][681.147s][debug][safepoint     ] Waiting for 1 thread(s) to block
[2023-02-09T10:29:44.360+0000][681.147s][info ][safepoint     ] Entering safepoint region: Cleanup
[2023-02-09T10:29:44.360+0000][681.148s][info ][safepoint     ] Leaving safepoint region
[2023-02-09T10:29:44.361+0000][681.148s][info ][safepoint     ] Total time for which application threads were stopped: 0.0019948 seconds, Stopping threads took: 0.0010831 seconds
[2023-02-09T10:29:45.361+0000][682.149s][debug][safepoint     ] Safepoint synchronization initiated. (194 threads)
[2023-02-09T10:29:45.362+0000][682.149s][info ][safepoint     ] Application time: 1.0007243 seconds
[2023-02-09T10:29:45.362+0000][682.150s][info ][safepoint     ] Entering safepoint region: Cleanup
[2023-02-09T10:29:45.363+0000][682.151s][info ][safepoint     ] Leaving safepoint region
[2023-02-09T10:29:45.364+0000][682.152s][info ][safepoint     ] Total time for which application threads were stopped: 0.0017751 seconds, Stopping threads took: 0.0004455 seconds
[2023-02-09T10:29:48.367+0000][685.153s][debug][safepoint     ] Safepoint synchronization initiated. (194 threads)
[2023-02-09T10:29:48.367+0000][685.154s][info ][safepoint     ] Application time: 3.0019376 seconds
[2023-02-09T10:29:48.368+0000][685.155s][info ][safepoint     ] Entering safepoint region: Cleanup
[2023-02-09T10:29:48.369+0000][685.156s][info ][safepoint     ] Leaving safepoint region
[2023-02-09T10:29:48.370+0000][685.157s][info ][safepoint     ] Total time for which application threads were stopped: 0.0022577 seconds, Stopping threads took: 0.0006988 seconds
[2023-02-09T10:29:57.375+0000][694.162s][debug][safepoint     ] Safepoint synchronization initiated. (191 threads)
[2023-02-09T10:29:57.376+0000][694.163s][info ][safepoint     ] Application time: 9.0053396 seconds
[2023-02-09T10:29:57.377+0000][694.163s][info ][safepoint     ] Entering safepoint region: Cleanup
[2023-02-09T10:29:57.378+0000][694.165s][info ][safepoint     ] Leaving safepoint region
[2023-02-09T10:29:57.379+0000][694.165s][info ][safepoint     ] Total time for which application threads were stopped: 0.0021117 seconds, Stopping threads took: 0.0006400 seconds
[2023-02-09T10:30:05.382+0000][702.169s][debug][safepoint     ] Safepoint synchronization initiated. (191 threads)
[2023-02-09T10:30:05.383+0000][702.169s][info ][safepoint     ] Application time: 8.0034699 seconds
[2023-02-09T10:30:05.384+0000][702.170s][info ][safepoint     ] Entering safepoint region: Cleanup
[2023-02-09T10:30:05.385+0000][702.172s][info ][safepoint     ] Leaving safepoint region
[2023-02-09T10:30:05.386+0000][702.173s][info ][safepoint     ] Total time for which application threads were stopped: 0.0026803 seconds, Stopping threads took: 0.0008751 seconds
[2023-02-09T10:30:06.387+0000][703.174s][debug][safepoint     ] Safepoint synchronization initiated. (191 threads)
[2023-02-09T10:30:06.388+0000][703.175s][info ][safepoint     ] Application time: 1.0012990 seconds
[2023-02-09T10:30:06.389+0000][703.175s][info ][safepoint     ] Entering safepoint region: Cleanup
[2023-02-09T10:30:06.390+0000][703.177s][info ][safepoint     ] Leaving safepoint region
[2023-02-09T10:30:06.391+0000][703.177s][info ][safepoint     ] Total time for which application threads were stopped: 0.0020463 seconds, Stopping threads took: 0.0006519 seconds
[2023-02-09T10:30:09.092+0000][705.879s][debug][safepoint     ] Safepoint synchronization initiated. (191 threads)
[2023-02-09T10:30:09.093+0000][705.879s][info ][safepoint     ] Application time: 2.7016086 seconds
[2023-02-09T10:30:09.093+0000][705.880s][info ][safepoint     ] Entering safepoint region: Deoptimize
[2023-02-09T10:30:09.102+0000][705.888s][info ][safepoint     ] Leaving safepoint region
[2023-02-09T10:30:09.103+0000][705.889s][info ][safepoint     ] Total time for which application threads were stopped: 0.0092054 seconds, Stopping threads took: 0.0007055 seconds
[2023-02-09T10:30:10.103+0000][706.890s][debug][safepoint     ] Safepoint synchronization initiated. (191 threads)
[2023-02-09T10:30:10.105+0000][706.891s][info ][safepoint     ] Application time: 1.0016062 seconds
[2023-02-09T10:30:10.106+0000][706.892s][info ][safepoint     ] Entering safepoint region: Cleanup
[2023-02-09T10:30:10.107+0000][706.894s][info ][safepoint     ] Leaving safepoint region
[2023-02-09T10:30:10.108+0000][706.895s][info ][safepoint     ] Total time for which application threads were stopped: 0.0026327 seconds, Stopping threads took: 0.0009051 seconds
[2023-02-09T10:30:12.109+0000][708.896s][debug][safepoint     ] Safepoint synchronization initiated. (191 threads)
[2023-02-09T10:30:12.110+0000][708.897s][info ][safepoint     ] Application time: 2.0014869 seconds
[2023-02-09T10:30:12.111+0000][708.897s][info ][safepoint     ] Entering safepoint region: Cleanup
[2023-02-09T10:30:12.112+0000][708.899s][info ][safepoint     ] Leaving safepoint region
[2023-02-09T10:30:12.112+0000][708.899s][info ][safepoint     ] Total time for which application threads were stopped: 0.0017997 seconds, Stopping threads took: 0.0005840 seconds
[2023-02-09T10:30:13.113+0000][709.900s][debug][safepoint     ] Safepoint synchronization initiated. (191 threads)
[2023-02-09T10:30:13.114+0000][709.900s][info ][safepoint     ] Application time: 1.0009257 seconds
[2023-02-09T10:30:13.114+0000][709.901s][info ][safepoint     ] Entering safepoint region: Cleanup
[2023-02-09T10:30:13.116+0000][709.903s][info ][safepoint     ] Leaving safepoint region
[2023-02-09T10:30:13.117+0000][709.904s][info ][safepoint     ] Total time for which application threads were stopped: 0.0031459 seconds, Stopping threads took: 0.0007474 seconds
[2023-02-09T10:30:16.119+0000][712.905s][debug][safepoint     ] Safepoint synchronization initiated. (191 threads)
[2023-02-09T10:30:16.119+0000][712.906s][info ][safepoint     ] Application time: 3.0012788 seconds
[2023-02-09T10:30:16.120+0000][712.907s][info ][safepoint     ] Entering safepoint region: Cleanup
[2023-02-09T10:30:16.122+0000][712.908s][info ][safepoint     ] Leaving safepoint region
[2023-02-09T10:30:16.122+0000][712.909s][info ][safepoint     ] Total time for which application threads were stopped: 0.0023734 seconds, Stopping threads took: 0.0007007 seconds
[2023-02-09T10:30:25.127+0000][721.912s][debug][safepoint     ] Safepoint synchronization initiated. (191 threads)
[2023-02-09T10:30:25.128+0000][721.913s][info ][safepoint     ] Application time: 9.0030501 seconds
[2023-02-09T10:30:25.129+0000][721.913s][info ][safepoint     ] Entering safepoint region: Cleanup
[2023-02-09T10:30:25.130+0000][721.915s][info ][safepoint     ] Leaving safepoint region
[2023-02-09T10:30:25.131+0000][721.916s][info ][safepoint     ] Total time for which application threads were stopped: 0.0024162 seconds, Stopping threads took: 0.0006429 seconds
[2023-02-09T10:30:29.133+0000][725.918s][debug][safepoint     ] Safepoint synchronization initiated. (191 threads)
[2023-02-09T10:30:29.134+0000][725.919s][info ][safepoint     ] Application time: 4.0024847 seconds
[2023-02-09T10:30:29.135+0000][725.919s][info ][safepoint     ] Entering safepoint region: Cleanup
[2023-02-09T10:30:29.137+0000][725.921s][info ][safepoint     ] Leaving safepoint region
[2023-02-09T10:30:29.138+0000][725.922s][info ][safepoint     ] Total time for which application threads were stopped: 0.0029974 seconds, Stopping threads took: 0.0009815 seconds
[2023-02-09T10:30:40.142+0000][736.926s][debug][safepoint     ] Safepoint synchronization initiated. (191 threads)
[2023-02-09T10:30:40.143+0000][736.927s][info ][safepoint     ] Application time: 11.0041191 seconds
[2023-02-09T10:30:40.143+0000][736.928s][info ][safepoint     ] Entering safepoint region: Cleanup
[2023-02-09T10:30:40.145+0000][736.929s][info ][safepoint     ] Leaving safepoint region
[2023-02-09T10:30:40.145+0000][736.930s][info ][safepoint     ] Total time for which application threads were stopped: 0.0021768 seconds, Stopping threads took: 0.0007484 seconds
[2023-02-09T10:30:42.147+0000][738.931s][debug][safepoint     ] Safepoint synchronization initiated. (192 threads)
[2023-02-09T10:30:42.147+0000][738.932s][info ][safepoint     ] Application time: 2.0014975 seconds
[2023-02-09T10:30:42.148+0000][738.933s][info ][safepoint     ] Entering safepoint region: Cleanup
[2023-02-09T10:30:42.150+0000][738.934s][info ][safepoint     ] Leaving safepoint region
[2023-02-09T10:30:42.150+0000][738.935s][info ][safepoint     ] Total time for which application threads were stopped: 0.0023368 seconds, Stopping threads took: 0.0009410 seconds
[2023-02-09T10:30:44.092+0000][740.877s][debug][safepoint     ] Safepoint synchronization initiated. (194 threads)
[2023-02-09T10:30:44.093+0000][740.878s][info ][safepoint     ] Application time: 1.9423612 seconds
[2023-02-09T10:30:44.094+0000][740.878s][debug][safepoint     ] Waiting for 1 thread(s) to block
[2023-02-09T10:30:44.094+0000][740.879s][info ][safepoint     ] Entering safepoint region: G1CollectForAllocation
[2023-02-09T10:30:44.095+0000][740.880s][info ][gc,start      ] GC(53) Pause Young (Normal) (G1 Evacuation Pause)
[2023-02-09T10:30:44.096+0000][740.880s][info ][gc,task       ] GC(53) Using 13 workers of 13 for evacuation
[2023-02-09T10:30:44.118+0000][740.902s][info ][gc,phases     ] GC(53)   Pre Evacuate Collection Set: 0.1ms
[2023-02-09T10:30:44.118+0000][740.903s][info ][gc,phases     ] GC(53)   Evacuate Collection Set: 15.3ms
[2023-02-09T10:30:44.119+0000][740.903s][info ][gc,phases     ] GC(53)   Post Evacuate Collection Set: 5.9ms
[2023-02-09T10:30:44.119+0000][740.904s][info ][gc,phases     ] GC(53)   Other: 1.1ms
[2023-02-09T10:30:44.120+0000][740.904s][info ][gc,heap       ] GC(53) Eden regions: 207->0(201)
[2023-02-09T10:30:44.120+0000][740.905s][info ][gc,heap       ] GC(53) Survivor regions: 15->18(28)
[2023-02-09T10:30:44.121+0000][740.905s][info ][gc,heap       ] GC(53) Old regions: 126->126
[2023-02-09T10:30:44.121+0000][740.905s][info ][gc,heap       ] GC(53) Humongous regions: 0->0
[2023-02-09T10:30:44.121+0000][740.906s][info ][gc,metaspace  ] GC(53) Metaspace: 159899K->159899K(1193984K)
[2023-02-09T10:30:44.122+0000][740.906s][info ][gc            ] GC(53) Pause Young (Normal) (G1 Evacuation Pause) 346M->141M(404M) 26.594ms
[2023-02-09T10:30:44.122+0000][740.907s][info ][gc,cpu        ] GC(53) User=0.23s Sys=0.01s Real=0.03s
[2023-02-09T10:30:44.123+0000][740.907s][info ][safepoint     ] Leaving safepoint region
[2023-02-09T10:30:44.123+0000][740.908s][info ][safepoint     ] Total time for which application threads were stopped: 0.0295924 seconds, Stopping threads took: 0.0010006 seconds
[2023-02-09T10:30:44.124+0000][740.908s][info ][gc,stringdedup] Concurrent String Deduplication (740.908s)
[2023-02-09T10:30:44.124+0000][740.909s][info ][gc,stringdedup] Concurrent String Deduplication 192.0B->72.0B(120.0B) avg 52.7% (740.908s, 740.909s) 0.719ms
[2023-02-09T10:30:45.124+0000][741.908s][debug][safepoint     ] Safepoint synchronization initiated. (194 threads)
[2023-02-09T10:30:45.125+0000][741.909s][info ][safepoint     ] Application time: 1.0011755 seconds
[2023-02-09T10:30:45.126+0000][741.910s][info ][safepoint     ] Entering safepoint region: Cleanup
[2023-02-09T10:30:45.127+0000][741.912s][info ][safepoint     ] Leaving safepoint region
[2023-02-09T10:30:45.128+0000][741.912s][info ][safepoint     ] Total time for which application threads were stopped: 0.0024206 seconds, Stopping threads took: 0.0007210 seconds
[2023-02-09T10:31:06.135+0000][762.920s][debug][safepoint     ] Safepoint synchronization initiated. (189 threads)
[2023-02-09T10:31:06.136+0000][762.920s][info ][safepoint     ] Application time: 21.0074531 seconds
[2023-02-09T10:31:06.136+0000][762.921s][info ][safepoint     ] Entering safepoint region: Cleanup
[2023-02-09T10:31:06.138+0000][762.922s][info ][safepoint     ] Leaving safepoint region
[2023-02-09T10:31:06.138+0000][762.923s][info ][safepoint     ] Total time for which application threads were stopped: 0.0021933 seconds, Stopping threads took: 0.0006003 seconds
[2023-02-09T10:31:45.152+0000][801.936s][debug][safepoint     ] Safepoint synchronization initiated. (189 threads)
[2023-02-09T10:31:45.153+0000][801.937s][info ][safepoint     ] Application time: 39.0138730 seconds
[2023-02-09T10:31:45.154+0000][801.939s][info ][safepoint     ] Entering safepoint region: Cleanup
[2023-02-09T10:31:45.156+0000][801.940s][info ][safepoint     ] Leaving safepoint region
[2023-02-09T10:31:45.157+0000][801.941s][info ][safepoint     ] Total time for which application threads were stopped: 0.0029258 seconds, Stopping threads took: 0.0011120 seconds
[2023-02-09T10:31:49.158+0000][805.943s][debug][safepoint     ] Safepoint synchronization initiated. (188 threads)
[2023-02-09T10:31:49.159+0000][805.943s][info ][safepoint     ] Application time: 4.0016960 seconds
[2023-02-09T10:31:49.159+0000][805.944s][info ][safepoint     ] Entering safepoint region: Cleanup
[2023-02-09T10:31:49.161+0000][805.945s][info ][safepoint     ] Leaving safepoint region
[2023-02-09T10:31:49.161+0000][805.946s][info ][safepoint     ] Total time for which application threads were stopped: 0.0021232 seconds, Stopping threads took: 0.0006085 seconds
[2023-02-09T10:31:50.162+0000][806.947s][debug][safepoint     ] Safepoint synchronization initiated. (188 threads)
[2023-02-09T10:31:50.163+0000][806.948s][info ][safepoint     ] Application time: 1.0013309 seconds
[2023-02-09T10:31:50.164+0000][806.949s][info ][safepoint     ] Entering safepoint region: Cleanup
[2023-02-09T10:31:50.165+0000][806.950s][info ][safepoint     ] Leaving safepoint region
[2023-02-09T10:31:50.166+0000][806.951s][info ][safepoint     ] Total time for which application threads were stopped: 0.0022864 seconds, Stopping threads took: 0.0007027 seconds
[2023-02-09T10:32:03.170+0000][819.955s][debug][safepoint     ] Safepoint synchronization initiated. (188 threads)
[2023-02-09T10:32:03.171+0000][819.956s][info ][safepoint     ] Application time: 13.0041683 seconds
[2023-02-09T10:32:03.171+0000][819.956s][info ][safepoint     ] Entering safepoint region: Cleanup
[2023-02-09T10:32:03.172+0000][819.957s][info ][safepoint     ] Leaving safepoint region
[2023-02-09T10:32:03.173+0000][819.958s][info ][safepoint     ] Total time for which application threads were stopped: 0.0016219 seconds, Stopping threads took: 0.0004845 seconds
[2023-02-09T10:32:06.175+0000][822.959s][debug][safepoint     ] Safepoint synchronization initiated. (188 threads)
[2023-02-09T10:32:06.176+0000][822.960s][info ][safepoint     ] Application time: 3.0022046 seconds
[2023-02-09T10:32:06.176+0000][822.961s][info ][safepoint     ] Entering safepoint region: Cleanup
[2023-02-09T10:32:06.178+0000][822.962s][debug][safepoint     ] ... found polling page return exception at pc = 0x00007f086881d084, stub =0x00007f086085a800
[2023-02-09T10:32:06.178+0000][822.962s][info ][safepoint     ] Leaving safepoint region
[2023-02-09T10:32:06.179+0000][822.964s][info ][safepoint     ] Total time for which application threads were stopped: 0.0029504 seconds, Stopping threads took: 0.0007135 seconds
[2023-02-09T10:32:09.180+0000][825.965s][debug][safepoint     ] Safepoint synchronization initiated. (189 threads)
[2023-02-09T10:32:09.181+0000][825.966s][info ][safepoint     ] Application time: 3.0015282 seconds
[2023-02-09T10:32:09.182+0000][825.966s][info ][safepoint     ] Entering safepoint region: Cleanup
[2023-02-09T10:32:09.183+0000][825.968s][info ][safepoint     ] Leaving safepoint region
[2023-02-09T10:32:09.184+0000][825.969s][info ][safepoint     ] Total time for which application threads were stopped: 0.0024092 seconds, Stopping threads took: 0.0008610 seconds
[2023-02-09T10:32:12.185+0000][828.970s][debug][safepoint     ] Safepoint synchronization initiated. (207 threads)
[2023-02-09T10:32:12.186+0000][828.971s][info ][safepoint     ] Application time: 3.0017856 seconds
[2023-02-09T10:32:12.187+0000][828.971s][info ][safepoint     ] Entering safepoint region: Cleanup
[2023-02-09T10:32:12.188+0000][828.973s][info ][safepoint     ] Leaving safepoint region
[2023-02-09T10:32:12.188+0000][828.973s][info ][safepoint     ] Total time for which application threads were stopped: 0.0019065 seconds, Stopping threads took: 0.0005629 seconds
[2023-02-09T10:32:20.959+0000][837.743s][debug][safepoint     ] Safepoint synchronization initiated. (209 threads)
[2023-02-09T10:32:20.960+0000][837.745s][info ][safepoint     ] Application time: 8.7711910 seconds
[2023-02-09T10:32:20.961+0000][837.746s][info ][safepoint     ] Entering safepoint region: ICBufferFull
[2023-02-09T10:32:20.964+0000][837.748s][info ][safepoint     ] Leaving safepoint region
[2023-02-09T10:32:20.965+0000][837.749s][info ][safepoint     ] Total time for which application threads were stopped: 0.0033934 seconds, Stopping threads took: 0.0010102 seconds
[2023-02-09T10:32:21.966+0000][838.750s][debug][safepoint     ] Safepoint synchronization initiated. (209 threads)
[2023-02-09T10:32:21.966+0000][838.751s][info ][safepoint     ] Application time: 1.0010517 seconds
[2023-02-09T10:32:21.967+0000][838.752s][info ][safepoint     ] Entering safepoint region: Cleanup
[2023-02-09T10:32:21.969+0000][838.753s][info ][safepoint     ] Leaving safepoint region
[2023-02-09T10:32:21.969+0000][838.754s][info ][safepoint     ] Total time for which application threads were stopped: 0.0021321 seconds, Stopping threads took: 0.0006709 seconds
[2023-02-09T10:32:22.970+0000][839.754s][debug][safepoint     ] Safepoint synchronization initiated. (212 threads)
[2023-02-09T10:32:22.970+0000][839.755s][info ][safepoint     ] Application time: 1.0005158 seconds
[2023-02-09T10:32:22.970+0000][839.755s][info ][safepoint     ] Entering safepoint region: Cleanup
[2023-02-09T10:32:22.971+0000][839.756s][info ][safepoint     ] Leaving safepoint region
[2023-02-09T10:32:22.972+0000][839.756s][info ][safepoint     ] Total time for which application threads were stopped: 0.0011710 seconds, Stopping threads took: 0.0003178 seconds
[2023-02-09T10:32:23.972+0000][840.757s][debug][safepoint     ] Safepoint synchronization initiated. (214 threads)
[2023-02-09T10:32:23.973+0000][840.757s][info ][safepoint     ] Application time: 1.0008650 seconds
[2023-02-09T10:32:23.973+0000][840.758s][info ][safepoint     ] Entering safepoint region: Cleanup
[2023-02-09T10:32:23.975+0000][840.759s][info ][safepoint     ] Leaving safepoint region
[2023-02-09T10:32:23.975+0000][840.760s][info ][safepoint     ] Total time for which application threads were stopped: 0.0022837 seconds, Stopping threads took: 0.0007080 seconds
[2023-02-09T10:32:24.977+0000][841.761s][debug][safepoint     ] Safepoint synchronization initiated. (214 threads)
[2023-02-09T10:32:24.977+0000][841.762s][info ][safepoint     ] Application time: 1.0013322 seconds
[2023-02-09T10:32:24.978+0000][841.763s][debug][safepoint     ] ... found polling page return exception at pc = 0x00007f08684c5148, stub =0x00007f086085a800
[2023-02-09T10:32:24.979+0000][841.763s][debug][safepoint     ] Waiting for 1 thread(s) to block
[2023-02-09T10:32:24.980+0000][841.764s][info ][safepoint     ] Entering safepoint region: Cleanup
[2023-02-09T10:32:24.981+0000][841.766s][info ][safepoint     ] Leaving safepoint region
[2023-02-09T10:32:24.981+0000][841.766s][info ][safepoint     ] Total time for which application threads were stopped: 0.0032700 seconds, Stopping threads took: 0.0019546 seconds
[2023-02-09T10:32:25.982+0000][842.767s][debug][safepoint     ] Safepoint synchronization initiated. (215 threads)
[2023-02-09T10:32:25.983+0000][842.767s][info ][safepoint     ] Application time: 1.0007982 seconds
[2023-02-09T10:32:25.983+0000][842.768s][info ][safepoint     ] Entering safepoint region: Cleanup
[2023-02-09T10:32:25.984+0000][842.769s][info ][safepoint     ] Leaving safepoint region
[2023-02-09T10:32:25.984+0000][842.769s][info ][safepoint     ] Total time for which application threads were stopped: 0.0012704 seconds, Stopping threads took: 0.0004099 seconds
[2023-02-09T10:32:26.985+0000][843.770s][debug][safepoint     ] Safepoint synchronization initiated. (211 threads)
[2023-02-09T10:32:26.986+0000][843.770s][info ][safepoint     ] Application time: 1.0009692 seconds
[2023-02-09T10:32:26.986+0000][843.771s][info ][safepoint     ] Entering safepoint region: Cleanup
[2023-02-09T10:32:26.988+0000][843.772s][info ][safepoint     ] Leaving safepoint region
[2023-02-09T10:32:26.988+0000][843.773s][info ][safepoint     ] Total time for which application threads were stopped: 0.0021939 seconds, Stopping threads took: 0.0006479 seconds
[2023-02-09T10:32:27.989+0000][844.774s][debug][safepoint     ] Safepoint synchronization initiated. (211 threads)
[2023-02-09T10:32:27.990+0000][844.775s][info ][safepoint     ] Application time: 1.0010678 seconds
[2023-02-09T10:32:27.991+0000][844.776s][info ][safepoint     ] Entering safepoint region: Cleanup
[2023-02-09T10:32:27.992+0000][844.777s][info ][safepoint     ] Leaving safepoint region
[2023-02-09T10:32:27.993+0000][844.778s][info ][safepoint     ] Total time for which application threads were stopped: 0.0022163 seconds, Stopping threads took: 0.0006083 seconds
[2023-02-09T10:32:28.994+0000][845.778s][debug][safepoint     ] Safepoint synchronization initiated. (211 threads)
[2023-02-09T10:32:28.994+0000][845.779s][info ][safepoint     ] Application time: 1.0009709 seconds
[2023-02-09T10:32:28.995+0000][845.780s][info ][safepoint     ] Entering safepoint region: Cleanup
[2023-02-09T10:32:28.997+0000][845.782s][info ][safepoint     ] Leaving safepoint region
[2023-02-09T10:32:28.998+0000][845.782s][info ][safepoint     ] Total time for which application threads were stopped: 0.0026456 seconds, Stopping threads took: 0.0008366 seconds
[2023-02-09T10:32:29.999+0000][846.783s][debug][safepoint     ] Safepoint synchronization initiated. (211 threads)
[2023-02-09T10:32:29.999+0000][846.784s][info ][safepoint     ] Application time: 1.0011137 seconds
[2023-02-09T10:32:30.000+0000][846.785s][info ][safepoint     ] Entering safepoint region: Cleanup
[2023-02-09T10:32:30.001+0000][846.786s][info ][safepoint     ] Leaving safepoint region
[2023-02-09T10:32:30.002+0000][846.787s][info ][safepoint     ] Total time for which application threads were stopped: 0.0023063 seconds, Stopping threads took: 0.0006972 seconds
[2023-02-09T10:32:31.003+0000][847.788s][debug][safepoint     ] Safepoint synchronization initiated. (211 threads)
[2023-02-09T10:32:31.004+0000][847.788s][info ][safepoint     ] Application time: 1.0009464 seconds
[2023-02-09T10:32:31.004+0000][847.789s][info ][safepoint     ] Entering safepoint region: Cleanup
[2023-02-09T10:32:31.006+0000][847.790s][info ][safepoint     ] Leaving safepoint region
[2023-02-09T10:32:31.006+0000][847.791s][info ][safepoint     ] Total time for which application threads were stopped: 0.0021316 seconds, Stopping threads took: 0.0006940 seconds
[2023-02-09T10:32:32.007+0000][848.792s][debug][safepoint     ] Safepoint synchronization initiated. (211 threads)
[2023-02-09T10:32:32.008+0000][848.793s][info ][safepoint     ] Application time: 1.0012541 seconds
[2023-02-09T10:32:32.009+0000][848.793s][debug][safepoint     ] ... found polling page return exception at pc = 0x00007f0868687568, stub =0x00007f086085a800
[2023-02-09T10:32:32.009+0000][848.793s][debug][safepoint     ] ... found polling page return exception at pc = 0x00007f0868687568, stub =0x00007f086085a800
[2023-02-09T10:32:32.011+0000][848.796s][debug][safepoint     ] Waiting for 2 thread(s) to block
[2023-02-09T10:32:32.012+0000][848.797s][info ][safepoint     ] Entering safepoint region: Cleanup
[2023-02-09T10:32:32.014+0000][848.799s][info ][safepoint     ] Leaving safepoint region
[2023-02-09T10:32:32.015+0000][848.799s][info ][safepoint     ] Total time for which application threads were stopped: 0.0060094 seconds, Stopping threads took: 0.0042280 seconds
[2023-02-09T10:32:33.016+0000][849.801s][debug][safepoint     ] Safepoint synchronization initiated. (211 threads)
[2023-02-09T10:32:33.017+0000][849.801s][info ][safepoint     ] Application time: 1.0012280 seconds
[2023-02-09T10:32:33.018+0000][849.802s][info ][safepoint     ] Entering safepoint region: Cleanup
[2023-02-09T10:32:33.019+0000][849.804s][info ][safepoint     ] Leaving safepoint region
[2023-02-09T10:32:33.020+0000][849.804s][info ][safepoint     ] Total time for which application threads were stopped: 0.0021189 seconds, Stopping threads took: 0.0008172 seconds
[2023-02-09T10:32:34.020+0000][850.805s][debug][safepoint     ] Safepoint synchronization initiated. (211 threads)
[2023-02-09T10:32:34.021+0000][850.806s][info ][safepoint     ] Application time: 1.0009094 seconds
[2023-02-09T10:32:34.022+0000][850.806s][info ][safepoint     ] Entering safepoint region: Cleanup
[2023-02-09T10:32:34.023+0000][850.808s][info ][safepoint     ] Leaving safepoint region
[2023-02-09T10:32:34.024+0000][850.808s][info ][safepoint     ] Total time for which application threads were stopped: 0.0020469 seconds, Stopping threads took: 0.0006243 seconds
[2023-02-09T10:32:35.025+0000][851.809s][debug][safepoint     ] Safepoint synchronization initiated. (211 threads)
[2023-02-09T10:32:35.025+0000][851.810s][info ][safepoint     ] Application time: 1.0011216 seconds
[2023-02-09T10:32:35.026+0000][851.811s][info ][safepoint     ] Entering safepoint region: Cleanup
[2023-02-09T10:32:35.028+0000][851.812s][info ][safepoint     ] Leaving safepoint region
[2023-02-09T10:32:35.028+0000][851.813s][info ][safepoint     ] Total time for which application threads were stopped: 0.0023777 seconds, Stopping threads took: 0.0007359 seconds
[2023-02-09T10:32:36.029+0000][852.814s][debug][safepoint     ] Safepoint synchronization initiated. (211 threads)
[2023-02-09T10:32:36.030+0000][852.815s][info ][safepoint     ] Application time: 1.0013210 seconds
[2023-02-09T10:32:36.031+0000][852.816s][info ][safepoint     ] Entering safepoint region: Cleanup
[2023-02-09T10:32:36.033+0000][852.817s][info ][safepoint     ] Leaving safepoint region
[2023-02-09T10:32:36.033+0000][852.818s][info ][safepoint     ] Total time for which application threads were stopped: 0.0026926 seconds, Stopping threads took: 0.0006067 seconds
[2023-02-09T10:32:37.034+0000][853.819s][debug][safepoint     ] Safepoint synchronization initiated. (211 threads)
[2023-02-09T10:32:37.035+0000][853.820s][info ][safepoint     ] Application time: 1.0011429 seconds
[2023-02-09T10:32:37.036+0000][853.821s][info ][safepoint     ] Entering safepoint region: Cleanup
[2023-02-09T10:32:37.037+0000][853.822s][info ][safepoint     ] Leaving safepoint region
[2023-02-09T10:32:37.038+0000][853.823s][info ][safepoint     ] Total time for which application threads were stopped: 0.0022036 seconds, Stopping threads took: 0.0007253 seconds
[2023-02-09T10:32:38.039+0000][854.824s][debug][safepoint     ] Safepoint synchronization initiated. (211 threads)
[2023-02-09T10:32:38.040+0000][854.824s][info ][safepoint     ] Application time: 1.0009998 seconds
[2023-02-09T10:32:38.040+0000][854.825s][info ][safepoint     ] Entering safepoint region: Cleanup
[2023-02-09T10:32:38.042+0000][854.827s][info ][safepoint     ] Leaving safepoint region
[2023-02-09T10:32:38.043+0000][854.828s][info ][safepoint     ] Total time for which application threads were stopped: 0.0025755 seconds, Stopping threads took: 0.0006795 seconds
[2023-02-09T10:32:39.044+0000][855.829s][debug][safepoint     ] Safepoint synchronization initiated. (211 threads)
[2023-02-09T10:32:39.044+0000][855.829s][info ][safepoint     ] Application time: 1.0008175 seconds
[2023-02-09T10:32:39.045+0000][855.829s][info ][safepoint     ] Entering safepoint region: Cleanup
[2023-02-09T10:32:39.046+0000][855.830s][info ][safepoint     ] Leaving safepoint region
[2023-02-09T10:32:39.046+0000][855.831s][info ][safepoint     ] Total time for which application threads were stopped: 0.0013371 seconds, Stopping threads took: 0.0004412 seconds
[2023-02-09T10:32:40.047+0000][856.831s][debug][safepoint     ] Safepoint synchronization initiated. (211 threads)
[2023-02-09T10:32:40.047+0000][856.832s][info ][safepoint     ] Application time: 1.0009118 seconds
[2023-02-09T10:32:40.048+0000][856.832s][info ][safepoint     ] Entering safepoint region: Cleanup
[2023-02-09T10:32:40.049+0000][856.834s][info ][safepoint     ] Leaving safepoint region
[2023-02-09T10:32:40.050+0000][856.835s][info ][safepoint     ] Total time for which application threads were stopped: 0.0023658 seconds, Stopping threads took: 0.0006347 seconds
[2023-02-09T10:32:41.051+0000][857.836s][debug][safepoint     ] Safepoint synchronization initiated. (211 threads)
[2023-02-09T10:32:41.052+0000][857.836s][info ][safepoint     ] Application time: 1.0009562 seconds
[2023-02-09T10:32:41.052+0000][857.837s][debug][safepoint     ] ... found polling page return exception at pc = 0x00007f0868b04720, stub =0x00007f086085a800
[2023-02-09T10:32:41.053+0000][857.838s][debug][safepoint     ] Waiting for 1 thread(s) to block
[2023-02-09T10:32:41.053+0000][857.838s][info ][safepoint     ] Entering safepoint region: Cleanup
[2023-02-09T10:32:41.054+0000][857.839s][info ][safepoint     ] Leaving safepoint region
[2023-02-09T10:32:41.055+0000][857.840s][info ][safepoint     ] Total time for which application threads were stopped: 0.0025315 seconds, Stopping threads took: 0.0014738 seconds
[2023-02-09T10:32:42.055+0000][858.840s][debug][safepoint     ] Safepoint synchronization initiated. (211 threads)
[2023-02-09T10:32:42.057+0000][858.841s][info ][safepoint     ] Application time: 1.0012693 seconds
[2023-02-09T10:32:42.057+0000][858.842s][info ][safepoint     ] Entering safepoint region: Cleanup
[2023-02-09T10:32:42.059+0000][858.844s][info ][safepoint     ] Leaving safepoint region
[2023-02-09T10:32:42.060+0000][858.844s][info ][safepoint     ] Total time for which application threads were stopped: 0.0025376 seconds, Stopping threads took: 0.0009286 seconds
[2023-02-09T10:32:43.061+0000][859.846s][debug][safepoint     ] Safepoint synchronization initiated. (211 threads)
[2023-02-09T10:32:43.062+0000][859.846s][info ][safepoint     ] Application time: 1.0010627 seconds
[2023-02-09T10:32:43.062+0000][859.847s][info ][safepoint     ] Entering safepoint region: Cleanup
[2023-02-09T10:32:43.064+0000][859.848s][info ][safepoint     ] Leaving safepoint region
[2023-02-09T10:32:43.064+0000][859.849s][info ][safepoint     ] Total time for which application threads were stopped: 0.0021971 seconds, Stopping threads took: 0.0006672 seconds
[2023-02-09T10:32:44.065+0000][860.850s][debug][safepoint     ] Safepoint synchronization initiated. (211 threads)
[2023-02-09T10:32:44.066+0000][860.851s][info ][safepoint     ] Application time: 1.0011743 seconds
[2023-02-09T10:32:44.067+0000][860.851s][info ][safepoint     ] Entering safepoint region: Cleanup
[2023-02-09T10:32:44.068+0000][860.853s][info ][safepoint     ] Leaving safepoint region
[2023-02-09T10:32:44.069+0000][860.854s][info ][safepoint     ] Total time for which application threads were stopped: 0.0025693 seconds, Stopping threads took: 0.0007869 seconds
[2023-02-09T10:32:45.070+0000][861.855s][debug][safepoint     ] Safepoint synchronization initiated. (211 threads)
[2023-02-09T10:32:45.071+0000][861.856s][info ][safepoint     ] Application time: 1.0013326 seconds
[2023-02-09T10:32:45.072+0000][861.856s][info ][safepoint     ] Entering safepoint region: Cleanup
[2023-02-09T10:32:45.073+0000][861.858s][info ][safepoint     ] Leaving safepoint region
[2023-02-09T10:32:45.074+0000][861.859s][info ][safepoint     ] Total time for which application threads were stopped: 0.0027966 seconds, Stopping threads took: 0.0007291 seconds
[2023-02-09T10:32:46.075+0000][862.860s][debug][safepoint     ] Safepoint synchronization initiated. (211 threads)
[2023-02-09T10:32:46.076+0000][862.861s][info ][safepoint     ] Application time: 1.0013476 seconds
[2023-02-09T10:32:46.077+0000][862.862s][info ][safepoint     ] Entering safepoint region: Cleanup
[2023-02-09T10:32:46.078+0000][862.863s][info ][safepoint     ] Leaving safepoint region
[2023-02-09T10:32:46.079+0000][862.864s][info ][safepoint     ] Total time for which application threads were stopped: 0.0021327 seconds, Stopping threads took: 0.0006999 seconds
[2023-02-09T10:32:47.080+0000][863.865s][debug][safepoint     ] Safepoint synchronization initiated. (211 threads)
[2023-02-09T10:32:47.081+0000][863.865s][info ][safepoint     ] Application time: 1.0010980 seconds
[2023-02-09T10:32:47.081+0000][863.866s][info ][safepoint     ] Entering safepoint region: Cleanup
[2023-02-09T10:32:47.083+0000][863.868s][info ][safepoint     ] Leaving safepoint region
[2023-02-09T10:32:47.085+0000][863.870s][info ][safepoint     ] Total time for which application threads were stopped: 0.0039587 seconds, Stopping threads took: 0.0011164 seconds
[2023-02-09T10:32:48.086+0000][864.871s][debug][safepoint     ] Safepoint synchronization initiated. (211 threads)
[2023-02-09T10:32:48.087+0000][864.872s][info ][safepoint     ] Application time: 1.0009737 seconds
[2023-02-09T10:32:48.088+0000][864.873s][info ][safepoint     ] Entering safepoint region: Cleanup
[2023-02-09T10:32:48.089+0000][864.874s][info ][safepoint     ] Leaving safepoint region
[2023-02-09T10:32:48.090+0000][864.875s][info ][safepoint     ] Total time for which application threads were stopped: 0.0022080 seconds, Stopping threads took: 0.0006720 seconds
[2023-02-09T10:32:49.090+0000][865.875s][debug][safepoint     ] Safepoint synchronization initiated. (211 threads)
[2023-02-09T10:32:49.091+0000][865.876s][info ][safepoint     ] Application time: 1.0009388 seconds
[2023-02-09T10:32:49.092+0000][865.877s][info ][safepoint     ] Entering safepoint region: Cleanup
[2023-02-09T10:32:49.092+0000][865.878s][info ][safepoint     ] Leaving safepoint region
[2023-02-09T10:32:49.093+0000][865.878s][info ][safepoint     ] Total time for which application threads were stopped: 0.0014440 seconds, Stopping threads took: 0.0004663 seconds
[2023-02-09T10:32:50.093+0000][866.879s][debug][safepoint     ] Safepoint synchronization initiated. (211 threads)
[2023-02-09T10:32:50.094+0000][866.879s][info ][safepoint     ] Application time: 1.0010286 seconds
[2023-02-09T10:32:50.095+0000][866.880s][info ][safepoint     ] Entering safepoint region: Cleanup
[2023-02-09T10:32:50.096+0000][866.881s][info ][safepoint     ] Leaving safepoint region
[2023-02-09T10:32:50.097+0000][866.882s][info ][safepoint     ] Total time for which application threads were stopped: 0.0019892 seconds, Stopping threads took: 0.0006552 seconds
[2023-02-09T10:32:51.097+0000][867.882s][debug][safepoint     ] Safepoint synchronization initiated. (211 threads)
[2023-02-09T10:32:51.099+0000][867.884s][info ][safepoint     ] Application time: 1.0016946 seconds
[2023-02-09T10:32:51.100+0000][867.885s][info ][safepoint     ] Entering safepoint region: Cleanup
[2023-02-09T10:32:51.102+0000][867.887s][info ][safepoint     ] Leaving safepoint region
[2023-02-09T10:32:51.102+0000][867.888s][info ][safepoint     ] Total time for which application threads were stopped: 0.0027601 seconds, Stopping threads took: 0.0009450 seconds
[2023-02-09T10:32:52.103+0000][868.888s][debug][safepoint     ] Safepoint synchronization initiated. (211 threads)
[2023-02-09T10:32:52.104+0000][868.889s][info ][safepoint     ] Application time: 1.0010360 seconds
[2023-02-09T10:32:52.105+0000][868.890s][info ][safepoint     ] Entering safepoint region: Cleanup
[2023-02-09T10:32:52.106+0000][868.891s][info ][safepoint     ] Leaving safepoint region
[2023-02-09T10:32:52.107+0000][868.892s][info ][safepoint     ] Total time for which application threads were stopped: 0.0023998 seconds, Stopping threads took: 0.0007861 seconds
[2023-02-09T10:32:53.108+0000][869.893s][debug][safepoint     ] Safepoint synchronization initiated. (211 threads)
[2023-02-09T10:32:53.108+0000][869.894s][info ][safepoint     ] Application time: 1.0008792 seconds
[2023-02-09T10:32:53.109+0000][869.894s][debug][safepoint     ] Waiting for 1 thread(s) to block
[2023-02-09T10:32:53.110+0000][869.895s][info ][safepoint     ] Entering safepoint region: Cleanup
[2023-02-09T10:32:53.111+0000][869.896s][info ][safepoint     ] Leaving safepoint region
[2023-02-09T10:32:53.112+0000][869.897s][info ][safepoint     ] Total time for which application threads were stopped: 0.0029792 seconds, Stopping threads took: 0.0013822 seconds
[2023-02-09T10:32:54.113+0000][870.898s][debug][safepoint     ] Safepoint synchronization initiated. (211 threads)
[2023-02-09T10:32:54.113+0000][870.899s][info ][safepoint     ] Application time: 1.0010109 seconds
[2023-02-09T10:32:54.115+0000][870.900s][info ][safepoint     ] Entering safepoint region: Cleanup
[2023-02-09T10:32:54.116+0000][870.901s][info ][safepoint     ] Leaving safepoint region
[2023-02-09T10:32:54.117+0000][870.903s][info ][safepoint     ] Total time for which application threads were stopped: 0.0029396 seconds, Stopping threads took: 0.0009447 seconds
[2023-02-09T10:32:55.119+0000][871.904s][debug][safepoint     ] Safepoint synchronization initiated. (211 threads)
[2023-02-09T10:32:55.120+0000][871.905s][info ][safepoint     ] Application time: 1.0017307 seconds
[2023-02-09T10:32:55.121+0000][871.906s][debug][safepoint     ] ... found polling page return exception at pc = 0x00007f0868f6fc30, stub =0x00007f086085a800
[2023-02-09T10:32:55.121+0000][871.906s][debug][safepoint     ] Waiting for 1 thread(s) to block
[2023-02-09T10:32:55.122+0000][871.907s][info ][safepoint     ] Entering safepoint region: Cleanup
[2023-02-09T10:32:55.124+0000][871.909s][info ][safepoint     ] Leaving safepoint region
[2023-02-09T10:32:55.124+0000][871.909s][info ][safepoint     ] Total time for which application threads were stopped: 0.0037564 seconds, Stopping threads took: 0.0020531 seconds
[2023-02-09T10:32:56.125+0000][872.910s][debug][safepoint     ] Safepoint synchronization initiated. (211 threads)
[2023-02-09T10:32:56.126+0000][872.911s][info ][safepoint     ] Application time: 1.0011291 seconds
[2023-02-09T10:32:56.127+0000][872.912s][info ][safepoint     ] Entering safepoint region: Cleanup
[2023-02-09T10:32:56.128+0000][872.913s][info ][safepoint     ] Leaving safepoint region
[2023-02-09T10:32:56.129+0000][872.914s][info ][safepoint     ] Total time for which application threads were stopped: 0.0021178 seconds, Stopping threads took: 0.0006391 seconds
[2023-02-09T10:32:57.129+0000][873.915s][debug][safepoint     ] Safepoint synchronization initiated. (211 threads)
[2023-02-09T10:32:57.130+0000][873.915s][info ][safepoint     ] Application time: 1.0010894 seconds
[2023-02-09T10:32:57.131+0000][873.917s][info ][safepoint     ] Entering safepoint region: Cleanup
[2023-02-09T10:32:57.133+0000][873.918s][info ][safepoint     ] Leaving safepoint region
[2023-02-09T10:32:57.134+0000][873.919s][info ][safepoint     ] Total time for which application threads were stopped: 0.0028421 seconds, Stopping threads took: 0.0009712 seconds
[2023-02-09T10:32:58.135+0000][874.920s][debug][safepoint     ] Safepoint synchronization initiated. (211 threads)
[2023-02-09T10:32:58.136+0000][874.921s][info ][safepoint     ] Application time: 1.0014768 seconds
[2023-02-09T10:32:58.137+0000][874.922s][info ][safepoint     ] Entering safepoint region: Cleanup
[2023-02-09T10:32:58.138+0000][874.923s][info ][safepoint     ] Leaving safepoint region
[2023-02-09T10:32:58.139+0000][874.924s][info ][safepoint     ] Total time for which application threads were stopped: 0.0021551 seconds, Stopping threads took: 0.0006750 seconds
[2023-02-09T10:32:59.140+0000][875.925s][debug][safepoint     ] Safepoint synchronization initiated. (211 threads)
[2023-02-09T10:32:59.140+0000][875.926s][info ][safepoint     ] Application time: 1.0011015 seconds
[2023-02-09T10:32:59.141+0000][875.926s][info ][safepoint     ] Entering safepoint region: Cleanup
[2023-02-09T10:32:59.143+0000][875.928s][info ][safepoint     ] Leaving safepoint region
[2023-02-09T10:32:59.144+0000][875.929s][info ][safepoint     ] Total time for which application threads were stopped: 0.0030684 seconds, Stopping threads took: 0.0007620 seconds
[2023-02-09T10:32:59.143+0000][875.928s][debug][safepoint     ] ... found polling page return exception at pc = 0x00007f086881d084, stub =0x00007f086085a800
[2023-02-09T10:32:59.143+0000][875.928s][debug][safepoint     ] ... found polling page return exception at pc = 0x00007f086881d084, stub =0x00007f086085a800
[2023-02-09T10:32:59.143+0000][875.928s][debug][safepoint     ] ... found polling page return exception at pc = 0x00007f086881d084, stub =0x00007f086085a800
[2023-02-09T10:32:59.143+0000][875.928s][debug][safepoint     ] ... found polling page return exception at pc = 0x00007f086881d084, stub =0x00007f086085a800
[2023-02-09T10:33:00.145+0000][876.930s][debug][safepoint     ] Safepoint synchronization initiated. (211 threads)
[2023-02-09T10:33:00.146+0000][876.931s][info ][safepoint     ] Application time: 1.0010991 seconds
[2023-02-09T10:33:00.147+0000][876.932s][info ][safepoint     ] Entering safepoint region: Cleanup
[2023-02-09T10:33:00.148+0000][876.934s][info ][safepoint     ] Leaving safepoint region
[2023-02-09T10:33:00.149+0000][876.934s][info ][safepoint     ] Total time for which application threads were stopped: 0.0028211 seconds, Stopping threads took: 0.0007474 seconds
[2023-02-09T10:33:01.150+0000][877.935s][debug][safepoint     ] Safepoint synchronization initiated. (211 threads)
[2023-02-09T10:33:01.151+0000][877.936s][info ][safepoint     ] Application time: 1.0011198 seconds
[2023-02-09T10:33:01.152+0000][877.937s][info ][safepoint     ] Entering safepoint region: Cleanup
[2023-02-09T10:33:01.153+0000][877.939s][info ][safepoint     ] Leaving safepoint region
[2023-02-09T10:33:01.154+0000][877.939s][info ][safepoint     ] Total time for which application threads were stopped: 0.0024542 seconds, Stopping threads took: 0.0006688 seconds
[2023-02-09T10:33:02.155+0000][878.941s][debug][safepoint     ] Safepoint synchronization initiated. (211 threads)
[2023-02-09T10:33:02.156+0000][878.941s][info ][safepoint     ] Application time: 1.0014967 seconds
[2023-02-09T10:33:02.157+0000][878.942s][info ][safepoint     ] Entering safepoint region: Cleanup
[2023-02-09T10:33:02.158+0000][878.944s][info ][safepoint     ] Leaving safepoint region
[2023-02-09T10:33:02.159+0000][878.944s][info ][safepoint     ] Total time for which application threads were stopped: 0.0021474 seconds, Stopping threads took: 0.0006566 seconds
[2023-02-09T10:33:02.416+0000][879.201s][debug][safepoint     ] Safepoint synchronization initiated. (211 threads)
[2023-02-09T10:33:02.417+0000][879.202s][info ][safepoint     ] Application time: 0.2570813 seconds
[2023-02-09T10:33:02.417+0000][879.203s][info ][safepoint     ] Entering safepoint region: G1CollectForAllocation
[2023-02-09T10:33:02.419+0000][879.204s][info ][gc,start      ] GC(54) Pause Young (Normal) (G1 Evacuation Pause)
[2023-02-09T10:33:02.420+0000][879.205s][info ][gc,task       ] GC(54) Using 13 workers of 13 for evacuation
[2023-02-09T10:33:02.463+0000][879.248s][info ][gc,phases     ] GC(54)   Pre Evacuate Collection Set: 0.0ms
[2023-02-09T10:33:02.463+0000][879.248s][info ][gc,phases     ] GC(54)   Evacuate Collection Set: 33.6ms
[2023-02-09T10:33:02.464+0000][879.249s][info ][gc,phases     ] GC(54)   Post Evacuate Collection Set: 8.1ms
[2023-02-09T10:33:02.464+0000][879.249s][info ][gc,phases     ] GC(54)   Other: 2.0ms
[2023-02-09T10:33:02.465+0000][879.250s][info ][gc,heap       ] GC(54) Eden regions: 201->0(200)
[2023-02-09T10:33:02.465+0000][879.251s][info ][gc,heap       ] GC(54) Survivor regions: 18->17(28)
[2023-02-09T10:33:02.466+0000][879.251s][info ][gc,heap       ] GC(54) Old regions: 126->129
[2023-02-09T10:33:02.467+0000][879.252s][info ][gc,heap       ] GC(54) Humongous regions: 0->0
[2023-02-09T10:33:02.467+0000][879.252s][info ][gc,metaspace  ] GC(54) Metaspace: 160831K->160831K(1196032K)
[2023-02-09T10:33:02.468+0000][879.253s][info ][gc            ] GC(54) Pause Young (Normal) (G1 Evacuation Pause) 342M->144M(404M) 48.875ms
[2023-02-09T10:33:02.469+0000][879.254s][info ][gc,cpu        ] GC(54) User=0.44s Sys=0.01s Real=0.05s
[2023-02-09T10:33:02.469+0000][879.254s][info ][safepoint     ] Leaving safepoint region
[2023-02-09T10:33:02.470+0000][879.255s][info ][safepoint     ] Total time for which application threads were stopped: 0.0522890 seconds, Stopping threads took: 0.0010169 seconds
[2023-02-09T10:33:02.470+0000][879.255s][info ][gc,stringdedup] Concurrent String Deduplication (879.255s)
[2023-02-09T10:33:02.472+0000][879.257s][info ][gc,stringdedup] Concurrent String Deduplication 74848.0B->35392.0B(39456.0B) avg 52.7% (879.255s, 879.257s) 1.890ms
[2023-02-09T10:33:03.470+0000][880.255s][debug][safepoint     ] Safepoint synchronization initiated. (211 threads)
[2023-02-09T10:33:03.471+0000][880.256s][info ][safepoint     ] Application time: 1.0011590 seconds
[2023-02-09T10:33:03.472+0000][880.257s][info ][safepoint     ] Entering safepoint region: Cleanup
[2023-02-09T10:33:03.474+0000][880.259s][info ][safepoint     ] Leaving safepoint region
[2023-02-09T10:33:03.474+0000][880.260s][info ][safepoint     ] Total time for which application threads were stopped: 0.0024684 seconds, Stopping threads took: 0.0007906 seconds
[2023-02-09T10:33:04.475+0000][881.260s][debug][safepoint     ] Safepoint synchronization initiated. (211 threads)
[2023-02-09T10:33:04.476+0000][881.261s][info ][safepoint     ] Application time: 1.0009866 seconds
[2023-02-09T10:33:04.477+0000][881.262s][info ][safepoint     ] Entering safepoint region: Cleanup
[2023-02-09T10:33:04.478+0000][881.263s][info ][safepoint     ] Leaving safepoint region
[2023-02-09T10:33:04.479+0000][881.264s][info ][safepoint     ] Total time for which application threads were stopped: 0.0021925 seconds, Stopping threads took: 0.0006093 seconds
[2023-02-09T10:33:05.480+0000][882.265s][debug][safepoint     ] Safepoint synchronization initiated. (211 threads)
[2023-02-09T10:33:05.481+0000][882.266s][info ][safepoint     ] Application time: 1.0016975 seconds
[2023-02-09T10:33:05.482+0000][882.267s][info ][safepoint     ] Entering safepoint region: Cleanup
[2023-02-09T10:33:05.484+0000][882.269s][info ][safepoint     ] Leaving safepoint region
[2023-02-09T10:33:05.484+0000][882.270s][info ][safepoint     ] Total time for which application threads were stopped: 0.0025517 seconds, Stopping threads took: 0.0006720 seconds
[2023-02-09T10:33:06.485+0000][883.271s][debug][safepoint     ] Safepoint synchronization initiated. (211 threads)
[2023-02-09T10:33:06.486+0000][883.271s][info ][safepoint     ] Application time: 1.0009954 seconds
[2023-02-09T10:33:06.487+0000][883.272s][info ][safepoint     ] Entering safepoint region: Cleanup
[2023-02-09T10:33:06.489+0000][883.274s][info ][safepoint     ] Leaving safepoint region
[2023-02-09T10:33:06.489+0000][883.274s][info ][safepoint     ] Total time for which application threads were stopped: 0.0023619 seconds, Stopping threads took: 0.0007211 seconds
[2023-02-09T10:33:07.490+0000][884.276s][debug][safepoint     ] Safepoint synchronization initiated. (211 threads)
[2023-02-09T10:33:07.491+0000][884.276s][info ][safepoint     ] Application time: 1.0012553 seconds
[2023-02-09T10:33:07.492+0000][884.277s][info ][safepoint     ] Entering safepoint region: Cleanup
[2023-02-09T10:33:07.493+0000][884.278s][info ][safepoint     ] Leaving safepoint region
[2023-02-09T10:33:07.494+0000][884.279s][info ][safepoint     ] Total time for which application threads were stopped: 0.0021172 seconds, Stopping threads took: 0.0007145 seconds
[2023-02-09T10:33:08.495+0000][885.280s][debug][safepoint     ] Safepoint synchronization initiated. (211 threads)
[2023-02-09T10:33:08.495+0000][885.280s][info ][safepoint     ] Application time: 1.0008075 seconds
[2023-02-09T10:33:08.496+0000][885.281s][info ][safepoint     ] Entering safepoint region: Cleanup
[2023-02-09T10:33:08.497+0000][885.282s][info ][safepoint     ] Leaving safepoint region
[2023-02-09T10:33:08.498+0000][885.283s][info ][safepoint     ] Total time for which application threads were stopped: 0.0019911 seconds, Stopping threads took: 0.0005577 seconds
[2023-02-09T10:33:09.498+0000][886.283s][debug][safepoint     ] Safepoint synchronization initiated. (210 threads)
[2023-02-09T10:33:09.499+0000][886.284s][info ][safepoint     ] Application time: 1.0007109 seconds
[2023-02-09T10:33:09.499+0000][886.285s][info ][safepoint     ] Entering safepoint region: Cleanup
[2023-02-09T10:33:09.500+0000][886.286s][info ][safepoint     ] Leaving safepoint region
[2023-02-09T10:33:09.501+0000][886.286s][info ][safepoint     ] Total time for which application threads were stopped: 0.0016357 seconds, Stopping threads took: 0.0006598 seconds
[2023-02-09T10:33:10.502+0000][887.287s][debug][safepoint     ] Safepoint synchronization initiated. (210 threads)
[2023-02-09T10:33:10.503+0000][887.288s][info ][safepoint     ] Application time: 1.0013276 seconds
[2023-02-09T10:33:10.504+0000][887.289s][info ][safepoint     ] Entering safepoint region: Cleanup
[2023-02-09T10:33:10.506+0000][887.291s][info ][safepoint     ] Leaving safepoint region
[2023-02-09T10:33:10.507+0000][887.292s][info ][safepoint     ] Total time for which application threads were stopped: 0.0030202 seconds, Stopping threads took: 0.0012243 seconds
[2023-02-09T10:33:11.508+0000][888.293s][debug][safepoint     ] Safepoint synchronization initiated. (211 threads)
[2023-02-09T10:33:11.508+0000][888.293s][info ][safepoint     ] Application time: 1.0010540 seconds
[2023-02-09T10:33:11.509+0000][888.294s][info ][safepoint     ] Entering safepoint region: Cleanup
[2023-02-09T10:33:11.511+0000][888.296s][info ][safepoint     ] Leaving safepoint region
[2023-02-09T10:33:11.512+0000][888.297s][info ][safepoint     ] Total time for which application threads were stopped: 0.0026686 seconds, Stopping threads took: 0.0008789 seconds
[2023-02-09T10:33:12.514+0000][889.299s][debug][safepoint     ] Safepoint synchronization initiated. (211 threads)
[2023-02-09T10:33:12.514+0000][889.299s][info ][safepoint     ] Application time: 1.0010622 seconds
[2023-02-09T10:33:12.515+0000][889.300s][info ][safepoint     ] Entering safepoint region: Cleanup
[2023-02-09T10:33:12.517+0000][889.302s][info ][safepoint     ] Leaving safepoint region
[2023-02-09T10:33:12.517+0000][889.303s][info ][safepoint     ] Total time for which application threads were stopped: 0.0024924 seconds, Stopping threads took: 0.0008832 seconds
[2023-02-09T10:33:13.519+0000][890.304s][debug][safepoint     ] Safepoint synchronization initiated. (211 threads)
[2023-02-09T10:33:13.519+0000][890.305s][info ][safepoint     ] Application time: 1.0012963 seconds
[2023-02-09T10:33:13.520+0000][890.306s][info ][safepoint     ] Entering safepoint region: Cleanup
[2023-02-09T10:33:13.522+0000][890.307s][info ][safepoint     ] Leaving safepoint region
[2023-02-09T10:33:13.523+0000][890.308s][info ][safepoint     ] Total time for which application threads were stopped: 0.0026763 seconds, Stopping threads took: 0.0008833 seconds
[2023-02-09T10:33:14.524+0000][891.309s][debug][safepoint     ] Safepoint synchronization initiated. (211 threads)
[2023-02-09T10:33:14.526+0000][891.311s][info ][safepoint     ] Application time: 1.0018635 seconds
[2023-02-09T10:33:14.526+0000][891.311s][info ][safepoint     ] Entering safepoint region: Cleanup
[2023-02-09T10:33:14.528+0000][891.313s][info ][safepoint     ] Leaving safepoint region
[2023-02-09T10:33:14.529+0000][891.314s][info ][safepoint     ] Total time for which application threads were stopped: 0.0026320 seconds, Stopping threads took: 0.0008835 seconds
[2023-02-09T10:33:15.530+0000][892.315s][debug][safepoint     ] Safepoint synchronization initiated. (211 threads)
[2023-02-09T10:33:15.530+0000][892.315s][info ][safepoint     ] Application time: 1.0010553 seconds
[2023-02-09T10:33:15.531+0000][892.316s][info ][safepoint     ] Entering safepoint region: Cleanup
[2023-02-09T10:33:15.533+0000][892.318s][info ][safepoint     ] Leaving safepoint region
[2023-02-09T10:33:15.534+0000][892.319s][info ][safepoint     ] Total time for which application threads were stopped: 0.0031249 seconds, Stopping threads took: 0.0011829 seconds
[2023-02-09T10:33:16.536+0000][893.321s][debug][safepoint     ] Safepoint synchronization initiated. (211 threads)
[2023-02-09T10:33:16.536+0000][893.321s][info ][safepoint     ] Application time: 1.0010316 seconds
[2023-02-09T10:33:16.537+0000][893.322s][info ][safepoint     ] Entering safepoint region: Cleanup
[2023-02-09T10:33:16.539+0000][893.324s][info ][safepoint     ] Leaving safepoint region
[2023-02-09T10:33:16.539+0000][893.324s][info ][safepoint     ] Total time for which application threads were stopped: 0.0024197 seconds, Stopping threads took: 0.0008445 seconds
[2023-02-09T10:33:16.751+0000][893.536s][debug][safepoint     ] Safepoint synchronization initiated. (213 threads)
[2023-02-09T10:33:16.763+0000][893.549s][info ][safepoint     ] Application time: 0.2237435 seconds
[2023-02-09T10:33:16.765+0000][893.551s][debug][safepoint     ] ... found polling page return exception at pc = 0x00007f0868c4c11f, stub =0x00007f086085a800
[2023-02-09T10:33:16.766+0000][893.551s][debug][safepoint     ] ... found polling page return exception at pc = 0x00007f0868d3c575, stub =0x00007f086085a800
[2023-02-09T10:33:16.765+0000][893.551s][debug][safepoint     ] ... found polling page return exception at pc = 0x00007f08683f0fce, stub =0x00007f086085a800
[2023-02-09T10:33:16.766+0000][893.552s][debug][safepoint     ] ... found polling page return exception at pc = 0x00007f0868b14bf5, stub =0x00007f086085a800
[2023-02-09T10:33:16.766+0000][893.552s][debug][safepoint     ] ... found polling page return exception at pc = 0x00007f0868c4c11f, stub =0x00007f086085a800
[2023-02-09T10:33:16.765+0000][893.551s][debug][safepoint     ] ... found polling page return exception at pc = 0x00007f0868df509f, stub =0x00007f086085a800
[2023-02-09T10:33:16.768+0000][893.553s][debug][safepoint     ] ... found polling page return exception at pc = 0x00007f0864233fb8, stub =0x00007f086085a800
[2023-02-09T10:33:16.770+0000][893.555s][debug][safepoint     ] Waiting for 7 thread(s) to block
[2023-02-09T10:33:16.771+0000][893.556s][info ][safepoint     ] Entering safepoint region: Deoptimize
[2023-02-09T10:33:16.775+0000][893.561s][info ][safepoint     ] Leaving safepoint region
[2023-02-09T10:33:16.776+0000][893.561s][info ][safepoint     ] Total time for which application threads were stopped: 0.0109914 seconds, Stopping threads took: 0.0059577 seconds
[2023-02-09T10:33:17.777+0000][894.562s][debug][safepoint     ] Safepoint synchronization initiated. (212 threads)
[2023-02-09T10:33:17.778+0000][894.563s][info ][safepoint     ] Application time: 1.0012508 seconds
[2023-02-09T10:33:17.778+0000][894.563s][info ][safepoint     ] Entering safepoint region: Cleanup
[2023-02-09T10:33:17.780+0000][894.565s][info ][safepoint     ] Leaving safepoint region
[2023-02-09T10:33:17.780+0000][894.565s][info ][safepoint     ] Total time for which application threads were stopped: 0.0021711 seconds, Stopping threads took: 0.0006342 seconds
[2023-02-09T10:33:18.782+0000][895.567s][debug][safepoint     ] Safepoint synchronization initiated. (212 threads)
[2023-02-09T10:33:18.784+0000][895.569s][info ][safepoint     ] Application time: 1.0023584 seconds
[2023-02-09T10:33:18.785+0000][895.570s][info ][safepoint     ] Entering safepoint region: Cleanup
[2023-02-09T10:33:18.786+0000][895.571s][info ][safepoint     ] Leaving safepoint region
[2023-02-09T10:33:18.787+0000][895.572s][info ][safepoint     ] Total time for which application threads were stopped: 0.0026132 seconds, Stopping threads took: 0.0009915 seconds
[2023-02-09T10:33:19.788+0000][896.573s][debug][safepoint     ] Safepoint synchronization initiated. (211 threads)
[2023-02-09T10:33:19.789+0000][896.574s][info ][safepoint     ] Application time: 1.0015818 seconds
[2023-02-09T10:33:19.790+0000][896.575s][info ][safepoint     ] Entering safepoint region: Cleanup
[2023-02-09T10:33:19.791+0000][896.576s][info ][safepoint     ] Leaving safepoint region
[2023-02-09T10:33:19.792+0000][896.577s][info ][safepoint     ] Total time for which application threads were stopped: 0.0021074 seconds, Stopping threads took: 0.0006282 seconds
[2023-02-09T10:33:20.793+0000][897.578s][debug][safepoint     ] Safepoint synchronization initiated. (211 threads)
[2023-02-09T10:33:20.793+0000][897.578s][info ][safepoint     ] Application time: 1.0010385 seconds
[2023-02-09T10:33:20.794+0000][897.579s][info ][safepoint     ] Entering safepoint region: Cleanup
[2023-02-09T10:33:20.795+0000][897.580s][info ][safepoint     ] Leaving safepoint region
[2023-02-09T10:33:20.796+0000][897.581s][info ][safepoint     ] Total time for which application threads were stopped: 0.0021320 seconds, Stopping threads took: 0.0006840 seconds
[2023-02-09T10:33:21.797+0000][898.582s][debug][safepoint     ] Safepoint synchronization initiated. (211 threads)
[2023-02-09T10:33:21.797+0000][898.582s][info ][safepoint     ] Application time: 1.0009002 seconds
[2023-02-09T10:33:21.798+0000][898.583s][info ][safepoint     ] Entering safepoint region: Cleanup
[2023-02-09T10:33:21.800+0000][898.585s][info ][safepoint     ] Leaving safepoint region
[2023-02-09T10:33:21.801+0000][898.586s][info ][safepoint     ] Total time for which application threads were stopped: 0.0026537 seconds, Stopping threads took: 0.0007423 seconds
[2023-02-09T10:33:22.802+0000][899.587s][debug][safepoint     ] Safepoint synchronization initiated. (211 threads)
[2023-02-09T10:33:22.802+0000][899.587s][info ][safepoint     ] Application time: 1.0011551 seconds
[2023-02-09T10:33:22.803+0000][899.588s][info ][safepoint     ] Entering safepoint region: Cleanup
[2023-02-09T10:33:22.804+0000][899.589s][info ][safepoint     ] Leaving safepoint region
[2023-02-09T10:33:22.805+0000][899.590s][info ][safepoint     ] Total time for which application threads were stopped: 0.0020636 seconds, Stopping threads took: 0.0006510 seconds
[2023-02-09T10:33:23.806+0000][900.591s][debug][safepoint     ] Safepoint synchronization initiated. (211 threads)
[2023-02-09T10:33:23.807+0000][900.592s][info ][safepoint     ] Application time: 1.0012684 seconds
[2023-02-09T10:33:23.808+0000][900.593s][info ][safepoint     ] Entering safepoint region: Cleanup
[2023-02-09T10:33:23.809+0000][900.594s][info ][safepoint     ] Leaving safepoint region
[2023-02-09T10:33:23.810+0000][900.595s][info ][safepoint     ] Total time for which application threads were stopped: 0.0021912 seconds, Stopping threads took: 0.0007243 seconds
[2023-02-09T10:33:24.811+0000][901.596s][debug][safepoint     ] Safepoint synchronization initiated. (211 threads)
[2023-02-09T10:33:24.812+0000][901.597s][info ][safepoint     ] Application time: 1.0018728 seconds
[2023-02-09T10:33:24.813+0000][901.598s][info ][safepoint     ] Entering safepoint region: Cleanup
[2023-02-09T10:33:24.814+0000][901.599s][info ][safepoint     ] Leaving safepoint region
[2023-02-09T10:33:24.815+0000][901.600s][info ][safepoint     ] Total time for which application threads were stopped: 0.0024492 seconds, Stopping threads took: 0.0006227 seconds
[2023-02-09T10:33:25.816+0000][902.601s][debug][safepoint     ] Safepoint synchronization initiated. (211 threads)
[2023-02-09T10:33:25.816+0000][902.601s][info ][safepoint     ] Application time: 1.0010324 seconds
[2023-02-09T10:33:25.817+0000][902.602s][info ][safepoint     ] Entering safepoint region: Cleanup
[2023-02-09T10:33:25.819+0000][902.604s][info ][safepoint     ] Leaving safepoint region
[2023-02-09T10:33:25.819+0000][902.604s][info ][safepoint     ] Total time for which application threads were stopped: 0.0023001 seconds, Stopping threads took: 0.0008122 seconds
[2023-02-09T10:33:26.820+0000][903.605s][debug][safepoint     ] Safepoint synchronization initiated. (211 threads)
[2023-02-09T10:33:26.821+0000][903.606s][info ][safepoint     ] Application time: 1.0011491 seconds
[2023-02-09T10:33:26.822+0000][903.607s][info ][safepoint     ] Entering safepoint region: Cleanup
[2023-02-09T10:33:26.824+0000][903.609s][info ][safepoint     ] Leaving safepoint region
[2023-02-09T10:33:26.825+0000][903.610s][info ][safepoint     ] Total time for which application threads were stopped: 0.0028019 seconds, Stopping threads took: 0.0010006 seconds
[2023-02-09T10:33:27.826+0000][904.611s][debug][safepoint     ] Safepoint synchronization initiated. (211 threads)
[2023-02-09T10:33:27.827+0000][904.612s][info ][safepoint     ] Application time: 1.0014400 seconds
[2023-02-09T10:33:27.828+0000][904.613s][info ][safepoint     ] Entering safepoint region: Cleanup
[2023-02-09T10:33:27.829+0000][904.614s][info ][safepoint     ] Leaving safepoint region
[2023-02-09T10:33:27.830+0000][904.615s][info ][safepoint     ] Total time for which application threads were stopped: 0.0022118 seconds, Stopping threads took: 0.0006869 seconds
[2023-02-09T10:33:28.831+0000][905.616s][debug][safepoint     ] Safepoint synchronization initiated. (211 threads)
[2023-02-09T10:33:28.831+0000][905.616s][info ][safepoint     ] Application time: 1.0011826 seconds
[2023-02-09T10:33:28.832+0000][905.617s][info ][safepoint     ] Entering safepoint region: Cleanup
[2023-02-09T10:33:28.834+0000][905.619s][info ][safepoint     ] Leaving safepoint region
[2023-02-09T10:33:28.835+0000][905.620s][info ][safepoint     ] Total time for which application threads were stopped: 0.0025838 seconds, Stopping threads took: 0.0008117 seconds
[2023-02-09T10:33:29.835+0000][906.620s][debug][safepoint     ] Safepoint synchronization initiated. (211 threads)
[2023-02-09T10:33:29.836+0000][906.621s][info ][safepoint     ] Application time: 1.0009934 seconds
[2023-02-09T10:33:29.837+0000][906.622s][info ][safepoint     ] Entering safepoint region: Cleanup
[2023-02-09T10:33:29.838+0000][906.623s][info ][safepoint     ] Leaving safepoint region
[2023-02-09T10:33:29.839+0000][906.624s][info ][safepoint     ] Total time for which application threads were stopped: 0.0022422 seconds, Stopping threads took: 0.0006629 seconds
[2023-02-09T10:33:30.840+0000][907.625s][debug][safepoint     ] Safepoint synchronization initiated. (211 threads)
[2023-02-09T10:33:30.841+0000][907.626s][info ][safepoint     ] Application time: 1.0018243 seconds
[2023-02-09T10:33:30.842+0000][907.627s][info ][safepoint     ] Entering safepoint region: Cleanup
[2023-02-09T10:33:30.844+0000][907.629s][info ][safepoint     ] Leaving safepoint region
[2023-02-09T10:33:30.844+0000][907.629s][info ][safepoint     ] Total time for which application threads were stopped: 0.0022646 seconds, Stopping threads took: 0.0006719 seconds
[2023-02-09T10:33:31.845+0000][908.630s][debug][safepoint     ] Safepoint synchronization initiated. (211 threads)
[2023-02-09T10:33:31.846+0000][908.631s][info ][safepoint     ] Application time: 1.0009987 seconds
[2023-02-09T10:33:31.847+0000][908.632s][info ][safepoint     ] Entering safepoint region: Cleanup
[2023-02-09T10:33:31.848+0000][908.633s][info ][safepoint     ] Leaving safepoint region
[2023-02-09T10:33:31.849+0000][908.634s][info ][safepoint     ] Total time for which application threads were stopped: 0.0028163 seconds, Stopping threads took: 0.0009582 seconds
[2023-02-09T10:33:32.850+0000][909.635s][debug][safepoint     ] Safepoint synchronization initiated. (211 threads)
[2023-02-09T10:33:32.851+0000][909.636s][info ][safepoint     ] Application time: 1.0008589 seconds
[2023-02-09T10:33:32.851+0000][909.636s][info ][safepoint     ] Entering safepoint region: Cleanup
[2023-02-09T10:33:32.852+0000][909.637s][info ][safepoint     ] Leaving safepoint region
[2023-02-09T10:33:32.853+0000][909.638s][info ][safepoint     ] Total time for which application threads were stopped: 0.0015890 seconds, Stopping threads took: 0.0005208 seconds
[2023-02-09T10:33:33.853+0000][910.638s][debug][safepoint     ] Safepoint synchronization initiated. (211 threads)
[2023-02-09T10:33:33.854+0000][910.639s][info ][safepoint     ] Application time: 1.0008897 seconds
[2023-02-09T10:33:33.855+0000][910.640s][info ][safepoint     ] Entering safepoint region: Cleanup
[2023-02-09T10:33:33.856+0000][910.641s][info ][safepoint     ] Leaving safepoint region
[2023-02-09T10:33:33.857+0000][910.642s][info ][safepoint     ] Total time for which application threads were stopped: 0.0020307 seconds, Stopping threads took: 0.0006277 seconds
[2023-02-09T10:33:34.858+0000][911.643s][debug][safepoint     ] Safepoint synchronization initiated. (211 threads)
[2023-02-09T10:33:34.858+0000][911.643s][info ][safepoint     ] Application time: 1.0009254 seconds
[2023-02-09T10:33:34.859+0000][911.644s][info ][safepoint     ] Entering safepoint region: Cleanup
[2023-02-09T10:33:34.860+0000][911.645s][info ][safepoint     ] Leaving safepoint region
[2023-02-09T10:33:34.861+0000][911.646s][info ][safepoint     ] Total time for which application threads were stopped: 0.0024630 seconds, Stopping threads took: 0.0006867 seconds
[2023-02-09T10:33:35.862+0000][912.647s][debug][safepoint     ] Safepoint synchronization initiated. (211 threads)
[2023-02-09T10:33:35.863+0000][912.648s][info ][safepoint     ] Application time: 1.0010373 seconds
[2023-02-09T10:33:35.863+0000][912.648s][info ][safepoint     ] Entering safepoint region: Cleanup
[2023-02-09T10:33:35.865+0000][912.650s][info ][safepoint     ] Leaving safepoint region
[2023-02-09T10:33:35.866+0000][912.651s][info ][safepoint     ] Total time for which application threads were stopped: 0.0023630 seconds, Stopping threads took: 0.0006141 seconds
[2023-02-09T10:33:36.866+0000][913.651s][debug][safepoint     ] Safepoint synchronization initiated. (211 threads)
[2023-02-09T10:33:36.867+0000][913.652s][info ][safepoint     ] Application time: 1.0009321 seconds
[2023-02-09T10:33:36.868+0000][913.653s][info ][safepoint     ] Entering safepoint region: Cleanup
[2023-02-09T10:33:36.869+0000][913.654s][info ][safepoint     ] Leaving safepoint region
[2023-02-09T10:33:36.869+0000][913.654s][info ][safepoint     ] Total time for which application threads were stopped: 0.0017817 seconds, Stopping threads took: 0.0005300 seconds
[2023-02-09T10:33:37.870+0000][914.655s][debug][safepoint     ] Safepoint synchronization initiated. (211 threads)
[2023-02-09T10:33:37.871+0000][914.656s][info ][safepoint     ] Application time: 1.0007660 seconds
[2023-02-09T10:33:37.871+0000][914.656s][info ][safepoint     ] Entering safepoint region: Cleanup
[2023-02-09T10:33:37.872+0000][914.657s][info ][safepoint     ] Leaving safepoint region
[2023-02-09T10:33:37.873+0000][914.658s][info ][safepoint     ] Total time for which application threads were stopped: 0.0018281 seconds, Stopping threads took: 0.0005207 seconds
[2023-02-09T10:33:38.874+0000][915.659s][debug][safepoint     ] Safepoint synchronization initiated. (211 threads)
[2023-02-09T10:33:38.874+0000][915.659s][info ][safepoint     ] Application time: 1.0009889 seconds
[2023-02-09T10:33:38.875+0000][915.660s][info ][safepoint     ] Entering safepoint region: Cleanup
[2023-02-09T10:33:38.876+0000][915.661s][info ][safepoint     ] Leaving safepoint region
[2023-02-09T10:33:38.877+0000][915.662s][info ][safepoint     ] Total time for which application threads were stopped: 0.0022654 seconds, Stopping threads took: 0.0006559 seconds
[2023-02-09T10:33:39.878+0000][916.663s][debug][safepoint     ] Safepoint synchronization initiated. (211 threads)
[2023-02-09T10:33:39.879+0000][916.664s][info ][safepoint     ] Application time: 1.0009819 seconds
[2023-02-09T10:33:39.879+0000][916.664s][info ][safepoint     ] Entering safepoint region: Cleanup
[2023-02-09T10:33:39.881+0000][916.666s][info ][safepoint     ] Leaving safepoint region
[2023-02-09T10:33:39.882+0000][916.667s][info ][safepoint     ] Total time for which application threads were stopped: 0.0027419 seconds, Stopping threads took: 0.0008311 seconds
[2023-02-09T10:33:40.884+0000][917.669s][debug][safepoint     ] Safepoint synchronization initiated. (211 threads)
[2023-02-09T10:33:40.884+0000][917.669s][info ][safepoint     ] Application time: 1.0009865 seconds
[2023-02-09T10:33:40.885+0000][917.670s][info ][safepoint     ] Entering safepoint region: Cleanup
[2023-02-09T10:33:40.887+0000][917.672s][info ][safepoint     ] Leaving safepoint region
[2023-02-09T10:33:40.887+0000][917.672s][info ][safepoint     ] Total time for which application threads were stopped: 0.0022154 seconds, Stopping threads took: 0.0005983 seconds
[2023-02-09T10:33:41.888+0000][918.673s][debug][safepoint     ] Safepoint synchronization initiated. (211 threads)
[2023-02-09T10:33:41.889+0000][918.674s][info ][safepoint     ] Application time: 1.0008918 seconds
[2023-02-09T10:33:41.889+0000][918.674s][info ][safepoint     ] Entering safepoint region: Cleanup
[2023-02-09T10:33:41.891+0000][918.676s][info ][safepoint     ] Leaving safepoint region
[2023-02-09T10:33:41.891+0000][918.676s][info ][safepoint     ] Total time for which application threads were stopped: 0.0020344 seconds, Stopping threads took: 0.0005820 seconds
[2023-02-09T10:33:42.892+0000][919.677s][debug][safepoint     ] Safepoint synchronization initiated. (211 threads)
[2023-02-09T10:33:42.892+0000][919.677s][info ][safepoint     ] Application time: 1.0006774 seconds
[2023-02-09T10:33:42.893+0000][919.678s][info ][safepoint     ] Entering safepoint region: Cleanup
[2023-02-09T10:33:42.894+0000][919.679s][info ][safepoint     ] Leaving safepoint region
[2023-02-09T10:33:42.895+0000][919.680s][info ][safepoint     ] Total time for which application threads were stopped: 0.0022285 seconds, Stopping threads took: 0.0006828 seconds
[2023-02-09T10:33:43.896+0000][920.681s][debug][safepoint     ] Safepoint synchronization initiated. (211 threads)
[2023-02-09T10:33:43.897+0000][920.682s][info ][safepoint     ] Application time: 1.0009284 seconds
[2023-02-09T10:33:43.899+0000][920.684s][info ][safepoint     ] Entering safepoint region: Cleanup
[2023-02-09T10:33:43.901+0000][920.686s][info ][safepoint     ] Leaving safepoint region
[2023-02-09T10:33:43.901+0000][920.686s][info ][safepoint     ] Total time for which application threads were stopped: 0.0025881 seconds, Stopping threads took: 0.0009738 seconds
[2023-02-09T10:33:44.903+0000][921.688s][debug][safepoint     ] Safepoint synchronization initiated. (211 threads)
[2023-02-09T10:33:44.904+0000][921.689s][info ][safepoint     ] Application time: 1.0012796 seconds
[2023-02-09T10:33:44.905+0000][921.690s][info ][safepoint     ] Entering safepoint region: Cleanup
[2023-02-09T10:33:44.906+0000][921.691s][info ][safepoint     ] Leaving safepoint region
[2023-02-09T10:33:44.907+0000][921.692s][info ][safepoint     ] Total time for which application threads were stopped: 0.0021756 seconds, Stopping threads took: 0.0007583 seconds
[2023-02-09T10:33:45.907+0000][922.692s][debug][safepoint     ] Safepoint synchronization initiated. (211 threads)
[2023-02-09T10:33:45.909+0000][922.694s][info ][safepoint     ] Application time: 1.0016494 seconds
[2023-02-09T10:33:45.910+0000][922.695s][info ][safepoint     ] Entering safepoint region: Cleanup
[2023-02-09T10:33:45.911+0000][922.696s][info ][safepoint     ] Leaving safepoint region
[2023-02-09T10:33:45.912+0000][922.697s][info ][safepoint     ] Total time for which application threads were stopped: 0.0019932 seconds, Stopping threads took: 0.0006292 seconds
[2023-02-09T10:33:46.912+0000][923.697s][debug][safepoint     ] Safepoint synchronization initiated. (211 threads)
[2023-02-09T10:33:46.913+0000][923.698s][info ][safepoint     ] Application time: 1.0009553 seconds
[2023-02-09T10:33:46.914+0000][923.699s][info ][safepoint     ] Entering safepoint region: Cleanup
[2023-02-09T10:33:46.915+0000][923.700s][info ][safepoint     ] Leaving safepoint region
[2023-02-09T10:33:46.916+0000][923.701s][info ][safepoint     ] Total time for which application threads were stopped: 0.0025753 seconds, Stopping threads took: 0.0009054 seconds
[2023-02-09T10:33:47.917+0000][924.702s][debug][safepoint     ] Safepoint synchronization initiated. (211 threads)
[2023-02-09T10:33:47.918+0000][924.703s][info ][safepoint     ] Application time: 1.0010564 seconds
[2023-02-09T10:33:47.918+0000][924.703s][info ][safepoint     ] Entering safepoint region: Cleanup
[2023-02-09T10:33:47.920+0000][924.705s][info ][safepoint     ] Leaving safepoint region
[2023-02-09T10:33:47.921+0000][924.706s][info ][safepoint     ] Total time for which application threads were stopped: 0.0025785 seconds, Stopping threads took: 0.0008445 seconds
[2023-02-09T10:33:48.919+0000][925.707s][debug][safepoint     ] Safepoint synchronization initiated. (211 threads)
[2023-02-09T10:33:48.920+0000][925.708s][info ][safepoint     ] Application time: 1.0013293 seconds
[2023-02-09T10:33:48.920+0000][925.708s][info ][safepoint     ] Entering safepoint region: Cleanup
[2023-02-09T10:33:48.922+0000][925.710s][info ][safepoint     ] Leaving safepoint region
[2023-02-09T10:33:48.923+0000][925.711s][info ][safepoint     ] Total time for which application threads were stopped: 0.0024106 seconds, Stopping threads took: 0.0008041 seconds
[2023-02-09T10:33:49.924+0000][926.712s][debug][safepoint     ] Safepoint synchronization initiated. (211 threads)
[2023-02-09T10:33:49.924+0000][926.712s][info ][safepoint     ] Application time: 1.0012253 seconds
[2023-02-09T10:33:49.925+0000][926.713s][info ][safepoint     ] Entering safepoint region: Cleanup
[2023-02-09T10:33:49.926+0000][926.714s][info ][safepoint     ] Leaving safepoint region
[2023-02-09T10:33:49.927+0000][926.715s][info ][safepoint     ] Total time for which application threads were stopped: 0.0020334 seconds, Stopping threads took: 0.0005669 seconds
[2023-02-09T10:33:50.928+0000][927.716s][debug][safepoint     ] Safepoint synchronization initiated. (211 threads)
[2023-02-09T10:33:50.929+0000][927.717s][info ][safepoint     ] Application time: 1.0010218 seconds
[2023-02-09T10:33:50.929+0000][927.717s][info ][safepoint     ] Entering safepoint region: Cleanup
[2023-02-09T10:33:50.930+0000][927.718s][info ][safepoint     ] Leaving safepoint region
[2023-02-09T10:33:50.931+0000][927.719s][info ][safepoint     ] Total time for which application threads were stopped: 0.0016225 seconds, Stopping threads took: 0.0005767 seconds
[2023-02-09T10:33:51.931+0000][928.720s][debug][safepoint     ] Safepoint synchronization initiated. (211 threads)
[2023-02-09T10:33:51.932+0000][928.720s][info ][safepoint     ] Application time: 1.0010524 seconds
[2023-02-09T10:33:51.933+0000][928.721s][debug][safepoint     ] ... found polling page return exception at pc = 0x00007f0868bfd880, stub =0x00007f086085a800
[2023-02-09T10:33:51.934+0000][928.722s][debug][safepoint     ] Waiting for 1 thread(s) to block
[2023-02-09T10:33:51.934+0000][928.722s][info ][safepoint     ] Entering safepoint region: Cleanup
[2023-02-09T10:33:51.936+0000][928.724s][info ][safepoint     ] Leaving safepoint region
[2023-02-09T10:33:51.936+0000][928.724s][info ][safepoint     ] Total time for which application threads were stopped: 0.0034974 seconds, Stopping threads took: 0.0021277 seconds
[2023-02-09T10:33:52.937+0000][929.725s][debug][safepoint     ] Safepoint synchronization initiated. (211 threads)
[2023-02-09T10:33:52.938+0000][929.726s][info ][safepoint     ] Application time: 1.0008905 seconds
[2023-02-09T10:33:52.938+0000][929.726s][info ][safepoint     ] Entering safepoint region: Cleanup
[2023-02-09T10:33:52.940+0000][929.728s][info ][safepoint     ] Leaving safepoint region
[2023-02-09T10:33:52.940+0000][929.729s][info ][safepoint     ] Total time for which application threads were stopped: 0.0021995 seconds, Stopping threads took: 0.0006186 seconds
[2023-02-09T10:33:53.941+0000][930.729s][debug][safepoint     ] Safepoint synchronization initiated. (211 threads)
[2023-02-09T10:33:53.942+0000][930.730s][info ][safepoint     ] Application time: 1.0010571 seconds
[2023-02-09T10:33:53.943+0000][930.731s][info ][safepoint     ] Entering safepoint region: Cleanup
[2023-02-09T10:33:53.944+0000][930.732s][info ][safepoint     ] Leaving safepoint region
[2023-02-09T10:33:53.945+0000][930.733s][info ][safepoint     ] Total time for which application threads were stopped: 0.0021711 seconds, Stopping threads took: 0.0004990 seconds
[2023-02-09T10:33:54.945+0000][931.734s][debug][safepoint     ] Safepoint synchronization initiated. (211 threads)
[2023-02-09T10:33:54.946+0000][931.734s][info ][safepoint     ] Application time: 1.0008799 seconds
[2023-02-09T10:33:54.947+0000][931.735s][info ][safepoint     ] Entering safepoint region: Cleanup
[2023-02-09T10:33:54.948+0000][931.736s][info ][safepoint     ] Leaving safepoint region
[2023-02-09T10:33:54.949+0000][931.737s][info ][safepoint     ] Total time for which application threads were stopped: 0.0019566 seconds, Stopping threads took: 0.0005767 seconds
[2023-02-09T10:33:55.949+0000][932.737s][debug][safepoint     ] Safepoint synchronization initiated. (211 threads)
[2023-02-09T10:33:55.950+0000][932.738s][info ][safepoint     ] Application time: 1.0012589 seconds
[2023-02-09T10:33:55.951+0000][932.739s][info ][safepoint     ] Entering safepoint region: Cleanup
[2023-02-09T10:33:55.952+0000][932.740s][info ][safepoint     ] Leaving safepoint region
[2023-02-09T10:33:55.953+0000][932.741s][info ][safepoint     ] Total time for which application threads were stopped: 0.0020800 seconds, Stopping threads took: 0.0005690 seconds
[2023-02-09T10:33:56.954+0000][933.742s][debug][safepoint     ] Safepoint synchronization initiated. (211 threads)
[2023-02-09T10:33:56.954+0000][933.742s][info ][safepoint     ] Application time: 1.0009143 seconds
[2023-02-09T10:33:56.955+0000][933.743s][info ][safepoint     ] Entering safepoint region: Cleanup
[2023-02-09T10:33:56.957+0000][933.745s][info ][safepoint     ] Leaving safepoint region
[2023-02-09T10:33:56.957+0000][933.745s][info ][safepoint     ] Total time for which application threads were stopped: 0.0022515 seconds, Stopping threads took: 0.0007039 seconds
[2023-02-09T10:33:57.958+0000][934.746s][debug][safepoint     ] Safepoint synchronization initiated. (211 threads)
[2023-02-09T10:33:57.959+0000][934.747s][info ][safepoint     ] Application time: 1.0008170 seconds
[2023-02-09T10:33:57.959+0000][934.747s][info ][safepoint     ] Entering safepoint region: Cleanup
[2023-02-09T10:33:57.961+0000][934.749s][info ][safepoint     ] Leaving safepoint region
[2023-02-09T10:33:57.962+0000][934.750s][info ][safepoint     ] Total time for which application threads were stopped: 0.0024888 seconds, Stopping threads took: 0.0007882 seconds
[2023-02-09T10:33:58.963+0000][935.751s][debug][safepoint     ] Safepoint synchronization initiated. (211 threads)
[2023-02-09T10:33:58.963+0000][935.752s][info ][safepoint     ] Application time: 1.0010309 seconds
[2023-02-09T10:33:58.964+0000][935.752s][info ][safepoint     ] Entering safepoint region: Cleanup
[2023-02-09T10:33:58.966+0000][935.754s][info ][safepoint     ] Leaving safepoint region
[2023-02-09T10:33:58.967+0000][935.755s][info ][safepoint     ] Total time for which application threads were stopped: 0.0025781 seconds, Stopping threads took: 0.0006767 seconds
[2023-02-09T10:33:59.967+0000][936.755s][debug][safepoint     ] Safepoint synchronization initiated. (211 threads)
[2023-02-09T10:33:59.968+0000][936.756s][info ][safepoint     ] Application time: 1.0009879 seconds
[2023-02-09T10:33:59.969+0000][936.757s][info ][safepoint     ] Entering safepoint region: Cleanup
[2023-02-09T10:33:59.970+0000][936.758s][info ][safepoint     ] Leaving safepoint region
[2023-02-09T10:33:59.971+0000][936.759s][info ][safepoint     ] Total time for which application threads were stopped: 0.0027308 seconds, Stopping threads took: 0.0007543 seconds
[2023-02-09T10:33:59.970+0000][936.759s][debug][safepoint     ] ... found polling page return exception at pc = 0x00007f086881d084, stub =0x00007f086085a800
[2023-02-09T10:33:59.970+0000][936.759s][debug][safepoint     ] ... found polling page return exception at pc = 0x00007f086881d084, stub =0x00007f086085a800
[2023-02-09T10:33:59.970+0000][936.759s][debug][safepoint     ] ... found polling page return exception at pc = 0x00007f086881d084, stub =0x00007f086085a800
[2023-02-09T10:34:00.972+0000][937.760s][debug][safepoint     ] Safepoint synchronization initiated. (211 threads)
[2023-02-09T10:34:00.973+0000][937.761s][info ][safepoint     ] Application time: 1.0011229 seconds
[2023-02-09T10:34:00.974+0000][937.762s][debug][safepoint     ] ... found polling page loop exception at pc = 0x00007f08685cb446, stub =0x00007f086085ab00
[2023-02-09T10:34:00.974+0000][937.762s][debug][safepoint     ] Waiting for 1 thread(s) to block
[2023-02-09T10:34:00.975+0000][937.763s][info ][safepoint     ] Entering safepoint region: Cleanup
[2023-02-09T10:34:00.976+0000][937.764s][info ][safepoint     ] Leaving safepoint region
[2023-02-09T10:34:00.977+0000][937.765s][info ][safepoint     ] Total time for which application threads were stopped: 0.0032806 seconds, Stopping threads took: 0.0017074 seconds
[2023-02-09T10:34:01.978+0000][938.766s][debug][safepoint     ] Safepoint synchronization initiated. (211 threads)
[2023-02-09T10:34:01.979+0000][938.767s][info ][safepoint     ] Application time: 1.0011519 seconds
[2023-02-09T10:34:01.980+0000][938.768s][info ][safepoint     ] Entering safepoint region: Cleanup
[2023-02-09T10:34:01.981+0000][938.769s][info ][safepoint     ] Leaving safepoint region
[2023-02-09T10:34:01.982+0000][938.770s][info ][safepoint     ] Total time for which application threads were stopped: 0.0024103 seconds, Stopping threads took: 0.0008324 seconds
[2023-02-09T10:34:02.983+0000][939.771s][debug][safepoint     ] Safepoint synchronization initiated. (211 threads)
[2023-02-09T10:34:02.984+0000][939.772s][info ][safepoint     ] Application time: 1.0014476 seconds
[2023-02-09T10:34:02.985+0000][939.773s][info ][safepoint     ] Entering safepoint region: Cleanup
[2023-02-09T10:34:02.986+0000][939.774s][info ][safepoint     ] Leaving safepoint region
[2023-02-09T10:34:02.987+0000][939.775s][info ][safepoint     ] Total time for which application threads were stopped: 0.0022931 seconds, Stopping threads took: 0.0006444 seconds
[2023-02-09T10:34:03.988+0000][940.776s][debug][safepoint     ] Safepoint synchronization initiated. (211 threads)
[2023-02-09T10:34:03.989+0000][940.777s][info ][safepoint     ] Application time: 1.0015760 seconds
[2023-02-09T10:34:03.990+0000][940.778s][info ][safepoint     ] Entering safepoint region: Cleanup
[2023-02-09T10:34:03.991+0000][940.779s][info ][safepoint     ] Leaving safepoint region
[2023-02-09T10:34:03.991+0000][940.779s][info ][safepoint     ] Total time for which application threads were stopped: 0.0018051 seconds, Stopping threads took: 0.0005318 seconds
[2023-02-09T10:34:04.992+0000][941.780s][debug][safepoint     ] Safepoint synchronization initiated. (211 threads)
[2023-02-09T10:34:04.993+0000][941.781s][info ][safepoint     ] Application time: 1.0015246 seconds
[2023-02-09T10:34:04.994+0000][941.782s][debug][safepoint     ] Waiting for 1 thread(s) to block
[2023-02-09T10:34:04.995+0000][941.783s][info ][safepoint     ] Entering safepoint region: Cleanup
[2023-02-09T10:34:04.997+0000][941.785s][info ][safepoint     ] Leaving safepoint region
[2023-02-09T10:34:04.997+0000][941.785s][info ][safepoint     ] Total time for which application threads were stopped: 0.0031274 seconds, Stopping threads took: 0.0016236 seconds
[2023-02-09T10:34:05.998+0000][942.786s][debug][safepoint     ] Safepoint synchronization initiated. (211 threads)
[2023-02-09T10:34:05.999+0000][942.787s][info ][safepoint     ] Application time: 1.0009869 seconds
[2023-02-09T10:34:05.999+0000][942.787s][info ][safepoint     ] Entering safepoint region: Cleanup
[2023-02-09T10:34:06.000+0000][942.788s][info ][safepoint     ] Leaving safepoint region
[2023-02-09T10:34:06.001+0000][942.789s][info ][safepoint     ] Total time for which application threads were stopped: 0.0017567 seconds, Stopping threads took: 0.0005648 seconds
[2023-02-09T10:34:07.001+0000][943.789s][debug][safepoint     ] Safepoint synchronization initiated. (211 threads)
[2023-02-09T10:34:07.002+0000][943.790s][info ][safepoint     ] Application time: 1.0007337 seconds
[2023-02-09T10:34:07.002+0000][943.790s][info ][safepoint     ] Entering safepoint region: Cleanup
[2023-02-09T10:34:07.004+0000][943.792s][info ][safepoint     ] Leaving safepoint region
[2023-02-09T10:34:07.004+0000][943.792s][info ][safepoint     ] Total time for which application threads were stopped: 0.0018480 seconds, Stopping threads took: 0.0004847 seconds
[2023-02-09T10:34:08.005+0000][944.793s][debug][safepoint     ] Safepoint synchronization initiated. (211 threads)
[2023-02-09T10:34:08.038+0000][944.826s][info ][safepoint     ] Application time: 1.0333963 seconds
[2023-02-09T10:34:08.045+0000][944.834s][info ][safepoint     ] Entering safepoint region: Cleanup
[2023-02-09T10:34:08.047+0000][944.835s][info ][safepoint     ] Leaving safepoint region
[2023-02-09T10:34:08.047+0000][944.835s][info ][safepoint     ] Total time for which application threads were stopped: 0.0021846 seconds, Stopping threads took: 0.0011216 seconds
[2023-02-09T10:34:09.048+0000][945.836s][debug][safepoint     ] Safepoint synchronization initiated. (211 threads)
[2023-02-09T10:34:09.049+0000][945.837s][info ][safepoint     ] Application time: 1.0009412 seconds
[2023-02-09T10:34:09.050+0000][945.838s][info ][safepoint     ] Entering safepoint region: Cleanup
[2023-02-09T10:34:09.051+0000][945.839s][info ][safepoint     ] Leaving safepoint region
[2023-02-09T10:34:09.052+0000][945.840s][info ][safepoint     ] Total time for which application threads were stopped: 0.0020598 seconds, Stopping threads took: 0.0006827 seconds
[2023-02-09T10:34:10.052+0000][946.840s][debug][safepoint     ] Safepoint synchronization initiated. (211 threads)
[2023-02-09T10:34:10.053+0000][946.841s][info ][safepoint     ] Application time: 1.0006358 seconds
[2023-02-09T10:34:10.053+0000][946.841s][info ][safepoint     ] Entering safepoint region: Cleanup
[2023-02-09T10:34:10.054+0000][946.842s][info ][safepoint     ] Leaving safepoint region
[2023-02-09T10:34:10.054+0000][946.842s][info ][safepoint     ] Total time for which application threads were stopped: 0.0012314 seconds, Stopping threads took: 0.0003387 seconds
[2023-02-09T10:34:11.055+0000][947.843s][debug][safepoint     ] Safepoint synchronization initiated. (210 threads)
[2023-02-09T10:34:11.055+0000][947.843s][info ][safepoint     ] Application time: 1.0005211 seconds
[2023-02-09T10:34:11.055+0000][947.843s][info ][safepoint     ] Entering safepoint region: Cleanup
[2023-02-09T10:34:11.056+0000][947.844s][info ][safepoint     ] Leaving safepoint region
[2023-02-09T10:34:11.057+0000][947.845s][info ][safepoint     ] Total time for which application threads were stopped: 0.0013684 seconds, Stopping threads took: 0.0005122 seconds
[2023-02-09T10:34:12.057+0000][948.845s][debug][safepoint     ] Safepoint synchronization initiated. (210 threads)
[2023-02-09T10:34:12.058+0000][948.846s][info ][safepoint     ] Application time: 1.0006199 seconds
[2023-02-09T10:34:12.058+0000][948.846s][info ][safepoint     ] Entering safepoint region: Cleanup
[2023-02-09T10:34:12.059+0000][948.847s][info ][safepoint     ] Leaving safepoint region
[2023-02-09T10:34:12.059+0000][948.847s][info ][safepoint     ] Total time for which application threads were stopped: 0.0013075 seconds, Stopping threads took: 0.0003337 seconds
[2023-02-09T10:34:13.060+0000][949.848s][debug][safepoint     ] Safepoint synchronization initiated. (210 threads)
[2023-02-09T10:34:13.061+0000][949.849s][info ][safepoint     ] Application time: 1.0017097 seconds
[2023-02-09T10:34:13.062+0000][949.850s][info ][safepoint     ] Entering safepoint region: Cleanup
[2023-02-09T10:34:13.064+0000][949.852s][info ][safepoint     ] Leaving safepoint region
[2023-02-09T10:34:13.065+0000][949.853s][info ][safepoint     ] Total time for which application threads were stopped: 0.0028929 seconds, Stopping threads took: 0.0011340 seconds
[2023-02-09T10:34:14.066+0000][950.854s][debug][safepoint     ] Safepoint synchronization initiated. (210 threads)
[2023-02-09T10:34:14.067+0000][950.855s][info ][safepoint     ] Application time: 1.0013878 seconds
[2023-02-09T10:34:14.067+0000][950.856s][info ][safepoint     ] Entering safepoint region: Cleanup
[2023-02-09T10:34:14.069+0000][950.857s][info ][safepoint     ] Leaving safepoint region
[2023-02-09T10:34:14.070+0000][950.858s][info ][safepoint     ] Total time for which application threads were stopped: 0.0023792 seconds, Stopping threads took: 0.0006846 seconds
[2023-02-09T10:34:15.071+0000][951.859s][debug][safepoint     ] Safepoint synchronization initiated. (210 threads)
[2023-02-09T10:34:15.071+0000][951.859s][info ][safepoint     ] Application time: 1.0010024 seconds
[2023-02-09T10:34:15.072+0000][951.860s][info ][safepoint     ] Entering safepoint region: Cleanup
[2023-02-09T10:34:15.073+0000][951.861s][info ][safepoint     ] Leaving safepoint region
[2023-02-09T10:34:15.074+0000][951.862s][info ][safepoint     ] Total time for which application threads were stopped: 0.0021718 seconds, Stopping threads took: 0.0006995 seconds
[2023-02-09T10:34:16.075+0000][952.863s][debug][safepoint     ] Safepoint synchronization initiated. (210 threads)
[2023-02-09T10:34:16.076+0000][952.864s][info ][safepoint     ] Application time: 1.0012954 seconds
[2023-02-09T10:34:16.076+0000][952.864s][info ][safepoint     ] Entering safepoint region: Cleanup
[2023-02-09T10:34:16.078+0000][952.866s][info ][safepoint     ] Leaving safepoint region
[2023-02-09T10:34:16.079+0000][952.867s][info ][safepoint     ] Total time for which application threads were stopped: 0.0026290 seconds, Stopping threads took: 0.0006691 seconds
[2023-02-09T10:34:17.080+0000][953.868s][debug][safepoint     ] Safepoint synchronization initiated. (210 threads)
[2023-02-09T10:34:17.081+0000][953.869s][info ][safepoint     ] Application time: 1.0011553 seconds
[2023-02-09T10:34:17.082+0000][953.870s][info ][safepoint     ] Entering safepoint region: Cleanup
[2023-02-09T10:34:17.083+0000][953.871s][info ][safepoint     ] Leaving safepoint region
[2023-02-09T10:34:17.084+0000][953.872s][info ][safepoint     ] Total time for which application threads were stopped: 0.0021066 seconds, Stopping threads took: 0.0007238 seconds
[2023-02-09T10:34:18.084+0000][954.873s][debug][safepoint     ] Safepoint synchronization initiated. (210 threads)
[2023-02-09T10:34:18.085+0000][954.873s][info ][safepoint     ] Application time: 1.0009121 seconds
[2023-02-09T10:34:18.086+0000][954.874s][info ][safepoint     ] Entering safepoint region: Cleanup
[2023-02-09T10:34:18.087+0000][954.875s][info ][safepoint     ] Leaving safepoint region
[2023-02-09T10:34:18.088+0000][954.876s][info ][safepoint     ] Total time for which application threads were stopped: 0.0021641 seconds, Stopping threads took: 0.0006482 seconds
[2023-02-09T10:34:19.092+0000][955.877s][debug][safepoint     ] Safepoint synchronization initiated. (210 threads)
[2023-02-09T10:34:19.093+0000][955.878s][info ][safepoint     ] Application time: 1.0011617 seconds
[2023-02-09T10:34:19.093+0000][955.878s][debug][safepoint     ] ... found polling page return exception at pc = 0x00007f0868a885f2, stub =0x00007f086085a800
[2023-02-09T10:34:19.094+0000][955.879s][debug][safepoint     ] Waiting for 3 thread(s) to block
[2023-02-09T10:34:19.094+0000][955.879s][info ][safepoint     ] Entering safepoint region: Cleanup
[2023-02-09T10:34:19.095+0000][955.880s][info ][safepoint     ] Leaving safepoint region
[2023-02-09T10:34:19.096+0000][955.881s][info ][safepoint     ] Total time for which application threads were stopped: 0.0026859 seconds, Stopping threads took: 0.0015075 seconds
[2023-02-09T10:34:20.097+0000][956.882s][debug][safepoint     ] Safepoint synchronization initiated. (210 threads)
[2023-02-09T10:34:20.098+0000][956.883s][info ][safepoint     ] Application time: 1.0011379 seconds
[2023-02-09T10:34:20.098+0000][956.883s][info ][safepoint     ] Entering safepoint region: Cleanup
[2023-02-09T10:34:20.099+0000][956.884s][info ][safepoint     ] Leaving safepoint region
[2023-02-09T10:34:20.100+0000][956.885s][info ][safepoint     ] Total time for which application threads were stopped: 0.0016698 seconds, Stopping threads took: 0.0005743 seconds
[2023-02-09T10:34:21.100+0000][957.885s][debug][safepoint     ] Safepoint synchronization initiated. (210 threads)
[2023-02-09T10:34:21.101+0000][957.886s][info ][safepoint     ] Application time: 1.0009581 seconds
[2023-02-09T10:34:21.102+0000][957.887s][info ][safepoint     ] Entering safepoint region: Cleanup
[2023-02-09T10:34:21.103+0000][957.888s][info ][safepoint     ] Leaving safepoint region
[2023-02-09T10:34:21.103+0000][957.888s][info ][safepoint     ] Total time for which application threads were stopped: 0.0018561 seconds, Stopping threads took: 0.0005981 seconds
[2023-02-09T10:34:22.104+0000][958.889s][debug][safepoint     ] Safepoint synchronization initiated. (210 threads)
[2023-02-09T10:34:22.104+0000][958.889s][info ][safepoint     ] Application time: 1.0005219 seconds
[2023-02-09T10:34:22.105+0000][958.890s][info ][safepoint     ] Entering safepoint region: Cleanup
[2023-02-09T10:34:22.106+0000][958.891s][info ][safepoint     ] Leaving safepoint region
[2023-02-09T10:34:22.106+0000][958.891s][info ][safepoint     ] Total time for which application threads were stopped: 0.0012440 seconds, Stopping threads took: 0.0003970 seconds
[2023-02-09T10:34:23.106+0000][959.891s][debug][safepoint     ] Safepoint synchronization initiated. (210 threads)
[2023-02-09T10:34:23.107+0000][959.892s][info ][safepoint     ] Application time: 1.0008507 seconds
[2023-02-09T10:34:23.108+0000][959.893s][info ][safepoint     ] Entering safepoint region: Cleanup
[2023-02-09T10:34:23.109+0000][959.894s][info ][safepoint     ] Leaving safepoint region
[2023-02-09T10:34:23.110+0000][959.895s][info ][safepoint     ] Total time for which application threads were stopped: 0.0020383 seconds, Stopping threads took: 0.0005962 seconds
[2023-02-09T10:34:24.110+0000][960.895s][debug][safepoint     ] Safepoint synchronization initiated. (210 threads)
[2023-02-09T10:34:24.111+0000][960.896s][info ][safepoint     ] Application time: 1.0009687 seconds
[2023-02-09T10:34:24.112+0000][960.897s][info ][safepoint     ] Entering safepoint region: Cleanup
[2023-02-09T10:34:24.113+0000][960.898s][info ][safepoint     ] Leaving safepoint region
[2023-02-09T10:34:24.114+0000][960.898s][info ][safepoint     ] Total time for which application threads were stopped: 0.0019123 seconds, Stopping threads took: 0.0006807 seconds
[2023-02-09T10:34:25.115+0000][961.900s][debug][safepoint     ] Safepoint synchronization initiated. (210 threads)
[2023-02-09T10:34:25.115+0000][961.900s][info ][safepoint     ] Application time: 1.0011207 seconds
[2023-02-09T10:34:25.116+0000][961.901s][info ][safepoint     ] Entering safepoint region: Cleanup
[2023-02-09T10:34:25.118+0000][961.903s][info ][safepoint     ] Leaving safepoint region
[2023-02-09T10:34:25.119+0000][961.904s][info ][safepoint     ] Total time for which application threads were stopped: 0.0025723 seconds, Stopping threads took: 0.0007851 seconds
[2023-02-09T10:34:26.119+0000][962.904s][debug][safepoint     ] Safepoint synchronization initiated. (210 threads)
[2023-02-09T10:34:26.120+0000][962.905s][info ][safepoint     ] Application time: 1.0008501 seconds
[2023-02-09T10:34:26.121+0000][962.906s][info ][safepoint     ] Entering safepoint region: Cleanup
[2023-02-09T10:34:26.122+0000][962.907s][info ][safepoint     ] Leaving safepoint region
[2023-02-09T10:34:26.123+0000][962.908s][info ][safepoint     ] Total time for which application threads were stopped: 0.0021848 seconds, Stopping threads took: 0.0006425 seconds
[2023-02-09T10:34:27.124+0000][963.908s][debug][safepoint     ] Safepoint synchronization initiated. (210 threads)
[2023-02-09T10:34:27.124+0000][963.909s][info ][safepoint     ] Application time: 1.0005282 seconds
[2023-02-09T10:34:27.124+0000][963.909s][debug][safepoint     ] ... found polling page return exception at pc = 0x00007f08683ccd9d, stub =0x00007f086085a800
[2023-02-09T10:34:27.125+0000][963.910s][debug][safepoint     ] Waiting for 1 thread(s) to block
[2023-02-09T10:34:27.125+0000][963.910s][info ][safepoint     ] Entering safepoint region: Cleanup
[2023-02-09T10:34:27.126+0000][963.911s][info ][safepoint     ] Leaving safepoint region
[2023-02-09T10:34:27.126+0000][963.911s][info ][safepoint     ] Total time for which application threads were stopped: 0.0020831 seconds, Stopping threads took: 0.0013121 seconds
[2023-02-09T10:34:28.127+0000][964.912s][debug][safepoint     ] Safepoint synchronization initiated. (210 threads)
[2023-02-09T10:34:28.127+0000][964.912s][info ][safepoint     ] Application time: 1.0009346 seconds
[2023-02-09T10:34:28.128+0000][964.913s][info ][safepoint     ] Entering safepoint region: Cleanup
[2023-02-09T10:34:28.128+0000][964.913s][info ][safepoint     ] Leaving safepoint region
[2023-02-09T10:34:28.129+0000][964.914s][info ][safepoint     ] Total time for which application threads were stopped: 0.0009422 seconds, Stopping threads took: 0.0003419 seconds
[2023-02-09T10:34:29.130+0000][965.915s][debug][safepoint     ] Safepoint synchronization initiated. (210 threads)
[2023-02-09T10:34:29.131+0000][965.916s][info ][safepoint     ] Application time: 1.0017179 seconds
[2023-02-09T10:34:29.132+0000][965.916s][info ][safepoint     ] Entering safepoint region: Cleanup
[2023-02-09T10:34:29.133+0000][965.918s][info ][safepoint     ] Leaving safepoint region
[2023-02-09T10:34:29.134+0000][965.919s][info ][safepoint     ] Total time for which application threads were stopped: 0.0025534 seconds, Stopping threads took: 0.0009350 seconds
[2023-02-09T10:34:30.135+0000][966.920s][debug][safepoint     ] Safepoint synchronization initiated. (210 threads)
[2023-02-09T10:34:30.135+0000][966.920s][info ][safepoint     ] Application time: 1.0004846 seconds
[2023-02-09T10:34:30.135+0000][966.920s][info ][safepoint     ] Entering safepoint region: Cleanup
[2023-02-09T10:34:30.136+0000][966.921s][info ][safepoint     ] Leaving safepoint region
[2023-02-09T10:34:30.136+0000][966.921s][info ][safepoint     ] Total time for which application threads were stopped: 0.0011518 seconds, Stopping threads took: 0.0002943 seconds
[2023-02-09T10:34:31.137+0000][967.922s][debug][safepoint     ] Safepoint synchronization initiated. (210 threads)
[2023-02-09T10:34:31.137+0000][967.922s][info ][safepoint     ] Application time: 1.0004595 seconds
[2023-02-09T10:34:31.137+0000][967.922s][info ][safepoint     ] Entering safepoint region: Cleanup
[2023-02-09T10:34:31.138+0000][967.923s][info ][safepoint     ] Leaving safepoint region
[2023-02-09T10:34:31.138+0000][967.923s][info ][safepoint     ] Total time for which application threads were stopped: 0.0007433 seconds, Stopping threads took: 0.0002062 seconds
[2023-02-09T10:34:32.138+0000][968.923s][debug][safepoint     ] Safepoint synchronization initiated. (210 threads)
[2023-02-09T10:34:32.139+0000][968.924s][info ][safepoint     ] Application time: 1.0011384 seconds
[2023-02-09T10:34:32.140+0000][968.925s][info ][safepoint     ] Entering safepoint region: Cleanup
[2023-02-09T10:34:32.141+0000][968.926s][info ][safepoint     ] Leaving safepoint region
[2023-02-09T10:34:32.142+0000][968.927s][info ][safepoint     ] Total time for which application threads were stopped: 0.0022751 seconds, Stopping threads took: 0.0005540 seconds
[2023-02-09T10:34:33.143+0000][969.928s][debug][safepoint     ] Safepoint synchronization initiated. (210 threads)
[2023-02-09T10:34:33.143+0000][969.928s][info ][safepoint     ] Application time: 1.0006811 seconds
[2023-02-09T10:34:33.144+0000][969.929s][info ][safepoint     ] Entering safepoint region: Cleanup
[2023-02-09T10:34:33.145+0000][969.930s][info ][safepoint     ] Leaving safepoint region
[2023-02-09T10:34:33.145+0000][969.930s][info ][safepoint     ] Total time for which application threads were stopped: 0.0013939 seconds, Stopping threads took: 0.0004351 seconds
[2023-02-09T10:34:34.146+0000][970.931s][debug][safepoint     ] Safepoint synchronization initiated. (210 threads)
[2023-02-09T10:34:34.147+0000][970.932s][info ][safepoint     ] Application time: 1.0011458 seconds
[2023-02-09T10:34:34.147+0000][970.932s][info ][safepoint     ] Entering safepoint region: Cleanup
[2023-02-09T10:34:34.149+0000][970.934s][info ][safepoint     ] Leaving safepoint region
[2023-02-09T10:34:34.150+0000][970.934s][info ][safepoint     ] Total time for which application threads were stopped: 0.0022541 seconds, Stopping threads took: 0.0007248 seconds
[2023-02-09T10:34:35.150+0000][971.935s][debug][safepoint     ] Safepoint synchronization initiated. (210 threads)
[2023-02-09T10:34:35.151+0000][971.936s][info ][safepoint     ] Application time: 1.0009420 seconds
[2023-02-09T10:34:35.151+0000][971.936s][info ][safepoint     ] Entering safepoint region: Cleanup
[2023-02-09T10:34:35.152+0000][971.937s][info ][safepoint     ] Leaving safepoint region
[2023-02-09T10:34:35.153+0000][971.938s][info ][safepoint     ] Total time for which application threads were stopped: 0.0015307 seconds, Stopping threads took: 0.0005034 seconds
[2023-02-09T10:34:36.154+0000][972.939s][debug][safepoint     ] Safepoint synchronization initiated. (210 threads)
[2023-02-09T10:34:36.155+0000][972.940s][info ][safepoint     ] Application time: 1.0013216 seconds
[2023-02-09T10:34:36.155+0000][972.940s][info ][safepoint     ] Entering safepoint region: Cleanup
[2023-02-09T10:34:36.157+0000][972.942s][info ][safepoint     ] Leaving safepoint region
[2023-02-09T10:34:36.157+0000][972.942s][info ][safepoint     ] Total time for which application threads were stopped: 0.0021023 seconds, Stopping threads took: 0.0006651 seconds
[2023-02-09T10:34:37.158+0000][973.943s][debug][safepoint     ] Safepoint synchronization initiated. (210 threads)
[2023-02-09T10:34:37.159+0000][973.944s][info ][safepoint     ] Application time: 1.0010244 seconds
[2023-02-09T10:34:37.160+0000][973.944s][info ][safepoint     ] Entering safepoint region: Cleanup
[2023-02-09T10:34:37.161+0000][973.946s][info ][safepoint     ] Leaving safepoint region
[2023-02-09T10:34:37.161+0000][973.946s][info ][safepoint     ] Total time for which application threads were stopped: 0.0020270 seconds, Stopping threads took: 0.0006237 seconds
[2023-02-09T10:34:38.162+0000][974.947s][debug][safepoint     ] Safepoint synchronization initiated. (210 threads)
[2023-02-09T10:34:38.163+0000][974.948s][info ][safepoint     ] Application time: 1.0010909 seconds
[2023-02-09T10:34:38.164+0000][974.949s][info ][safepoint     ] Entering safepoint region: Cleanup
[2023-02-09T10:34:38.166+0000][974.950s][info ][safepoint     ] Leaving safepoint region
[2023-02-09T10:34:38.166+0000][974.951s][info ][safepoint     ] Total time for which application threads were stopped: 0.0024169 seconds, Stopping threads took: 0.0007661 seconds
[2023-02-09T10:34:39.167+0000][975.952s][debug][safepoint     ] Safepoint synchronization initiated. (210 threads)
[2023-02-09T10:34:39.168+0000][975.953s][info ][safepoint     ] Application time: 1.0010918 seconds
[2023-02-09T10:34:39.169+0000][975.953s][info ][safepoint     ] Entering safepoint region: Cleanup
[2023-02-09T10:34:39.170+0000][975.955s][info ][safepoint     ] Leaving safepoint region
[2023-02-09T10:34:39.171+0000][975.955s][info ][safepoint     ] Total time for which application threads were stopped: 0.0020887 seconds, Stopping threads took: 0.0006713 seconds
[2023-02-09T10:34:40.172+0000][976.957s][debug][safepoint     ] Safepoint synchronization initiated. (210 threads)
[2023-02-09T10:34:40.182+0000][976.967s][info ][safepoint     ] Application time: 1.0103409 seconds
[2023-02-09T10:34:40.183+0000][976.968s][info ][safepoint     ] Entering safepoint region: Cleanup
[2023-02-09T10:34:40.184+0000][976.969s][info ][safepoint     ] Leaving safepoint region
[2023-02-09T10:34:40.185+0000][976.970s][info ][safepoint     ] Total time for which application threads were stopped: 0.0022245 seconds, Stopping threads took: 0.0007376 seconds
[2023-02-09T10:34:41.186+0000][977.970s][debug][safepoint     ] Safepoint synchronization initiated. (210 threads)
[2023-02-09T10:34:41.186+0000][977.971s][info ][safepoint     ] Application time: 1.0008363 seconds
[2023-02-09T10:34:41.187+0000][977.972s][info ][safepoint     ] Entering safepoint region: Cleanup
[2023-02-09T10:34:41.188+0000][977.973s][info ][safepoint     ] Leaving safepoint region
[2023-02-09T10:34:41.189+0000][977.974s][info ][safepoint     ] Total time for which application threads were stopped: 0.0023682 seconds, Stopping threads took: 0.0007181 seconds
[2023-02-09T10:34:42.190+0000][978.975s][debug][safepoint     ] Safepoint synchronization initiated. (210 threads)
[2023-02-09T10:34:42.191+0000][978.976s][info ][safepoint     ] Application time: 1.0009040 seconds
[2023-02-09T10:34:42.191+0000][978.976s][info ][safepoint     ] Entering safepoint region: Cleanup
[2023-02-09T10:34:42.192+0000][978.977s][info ][safepoint     ] Leaving safepoint region
[2023-02-09T10:34:42.193+0000][978.978s][info ][safepoint     ] Total time for which application threads were stopped: 0.0015462 seconds, Stopping threads took: 0.0005360 seconds
[2023-02-09T10:34:43.193+0000][979.978s][debug][safepoint     ] Safepoint synchronization initiated. (210 threads)
[2023-02-09T10:34:43.194+0000][979.979s][info ][safepoint     ] Application time: 1.0007691 seconds
[2023-02-09T10:34:43.194+0000][979.979s][info ][safepoint     ] Entering safepoint region: Cleanup
[2023-02-09T10:34:43.196+0000][979.981s][info ][safepoint     ] Leaving safepoint region
[2023-02-09T10:34:43.197+0000][979.982s][info ][safepoint     ] Total time for which application threads were stopped: 0.0024965 seconds, Stopping threads took: 0.0006118 seconds
[2023-02-09T10:34:44.198+0000][980.983s][debug][safepoint     ] Safepoint synchronization initiated. (210 threads)
[2023-02-09T10:34:44.199+0000][980.984s][info ][safepoint     ] Application time: 1.0017384 seconds
[2023-02-09T10:34:44.200+0000][980.984s][info ][safepoint     ] Entering safepoint region: Cleanup
[2023-02-09T10:34:44.200+0000][980.985s][info ][safepoint     ] Leaving safepoint region
[2023-02-09T10:34:44.201+0000][980.986s][info ][safepoint     ] Total time for which application threads were stopped: 0.0013498 seconds, Stopping threads took: 0.0003319 seconds
[2023-02-09T10:34:45.202+0000][981.987s][debug][safepoint     ] Safepoint synchronization initiated. (210 threads)
[2023-02-09T10:34:45.203+0000][981.987s][info ][safepoint     ] Application time: 1.0013970 seconds
[2023-02-09T10:34:45.203+0000][981.988s][info ][safepoint     ] Entering safepoint region: Cleanup
[2023-02-09T10:34:45.205+0000][981.990s][info ][safepoint     ] Leaving safepoint region
[2023-02-09T10:34:45.206+0000][981.991s][info ][safepoint     ] Total time for which application threads were stopped: 0.0028364 seconds, Stopping threads took: 0.0009895 seconds
[2023-02-09T10:34:46.207+0000][982.992s][debug][safepoint     ] Safepoint synchronization initiated. (210 threads)
[2023-02-09T10:34:46.208+0000][982.993s][info ][safepoint     ] Application time: 1.0014782 seconds
[2023-02-09T10:34:46.209+0000][982.994s][info ][safepoint     ] Entering safepoint region: Cleanup
[2023-02-09T10:34:46.210+0000][982.995s][info ][safepoint     ] Leaving safepoint region
[2023-02-09T10:34:46.211+0000][982.996s][info ][safepoint     ] Total time for which application threads were stopped: 0.0021915 seconds, Stopping threads took: 0.0006984 seconds
[2023-02-09T10:34:47.212+0000][983.997s][debug][safepoint     ] Safepoint synchronization initiated. (210 threads)
[2023-02-09T10:34:47.213+0000][983.998s][info ][safepoint     ] Application time: 1.0014376 seconds
[2023-02-09T10:34:47.214+0000][983.998s][info ][safepoint     ] Entering safepoint region: Cleanup
[2023-02-09T10:34:47.215+0000][984.000s][info ][safepoint     ] Leaving safepoint region
[2023-02-09T10:34:47.216+0000][984.001s][info ][safepoint     ] Total time for which application threads were stopped: 0.0026469 seconds, Stopping threads took: 0.0011584 seconds
[2023-02-09T10:34:48.217+0000][985.002s][debug][safepoint     ] Safepoint synchronization initiated. (210 threads)
[2023-02-09T10:34:48.218+0000][985.002s][info ][safepoint     ] Application time: 1.0008647 seconds
[2023-02-09T10:34:48.218+0000][985.003s][info ][safepoint     ] Entering safepoint region: Cleanup
[2023-02-09T10:34:48.219+0000][985.004s][info ][safepoint     ] Leaving safepoint region
[2023-02-09T10:34:48.220+0000][985.005s][info ][safepoint     ] Total time for which application threads were stopped: 0.0017954 seconds, Stopping threads took: 0.0005868 seconds
[2023-02-09T10:34:49.221+0000][986.005s][debug][safepoint     ] Safepoint synchronization initiated. (210 threads)
[2023-02-09T10:34:49.222+0000][986.006s][info ][safepoint     ] Application time: 1.0013849 seconds
[2023-02-09T10:34:49.222+0000][986.007s][info ][safepoint     ] Entering safepoint region: Cleanup
[2023-02-09T10:34:49.224+0000][986.009s][info ][safepoint     ] Leaving safepoint region
[2023-02-09T10:34:49.225+0000][986.009s][info ][safepoint     ] Total time for which application threads were stopped: 0.0024675 seconds, Stopping threads took: 0.0006847 seconds
[2023-02-09T10:34:50.226+0000][987.010s][debug][safepoint     ] Safepoint synchronization initiated. (210 threads)
[2023-02-09T10:34:50.227+0000][987.011s][info ][safepoint     ] Application time: 1.0013971 seconds
[2023-02-09T10:34:50.227+0000][987.012s][info ][safepoint     ] Entering safepoint region: Cleanup
[2023-02-09T10:34:50.229+0000][987.013s][info ][safepoint     ] Leaving safepoint region
[2023-02-09T10:34:50.229+0000][987.014s][info ][safepoint     ] Total time for which application threads were stopped: 0.0022342 seconds, Stopping threads took: 0.0006741 seconds
[2023-02-09T10:34:51.231+0000][988.015s][debug][safepoint     ] Safepoint synchronization initiated. (210 threads)
[2023-02-09T10:34:51.231+0000][988.016s][info ][safepoint     ] Application time: 1.0011227 seconds
[2023-02-09T10:34:51.232+0000][988.017s][info ][safepoint     ] Entering safepoint region: Cleanup
[2023-02-09T10:34:51.234+0000][988.018s][info ][safepoint     ] Leaving safepoint region
[2023-02-09T10:34:51.234+0000][988.019s][info ][safepoint     ] Total time for which application threads were stopped: 0.0022452 seconds, Stopping threads took: 0.0007360 seconds
[2023-02-09T10:34:52.235+0000][989.020s][debug][safepoint     ] Safepoint synchronization initiated. (210 threads)
[2023-02-09T10:34:52.236+0000][989.020s][info ][safepoint     ] Application time: 1.0010270 seconds
[2023-02-09T10:34:52.237+0000][989.021s][info ][safepoint     ] Entering safepoint region: Cleanup
[2023-02-09T10:34:52.238+0000][989.023s][info ][safepoint     ] Leaving safepoint region
[2023-02-09T10:34:52.239+0000][989.024s][info ][safepoint     ] Total time for which application threads were stopped: 0.0025100 seconds, Stopping threads took: 0.0007833 seconds
[2023-02-09T10:34:53.240+0000][990.025s][debug][safepoint     ] Safepoint synchronization initiated. (210 threads)
[2023-02-09T10:34:53.241+0000][990.026s][info ][safepoint     ] Application time: 1.0014243 seconds
[2023-02-09T10:34:53.241+0000][990.026s][info ][safepoint     ] Entering safepoint region: Cleanup
[2023-02-09T10:34:53.243+0000][990.027s][info ][safepoint     ] Leaving safepoint region
[2023-02-09T10:34:53.243+0000][990.028s][info ][safepoint     ] Total time for which application threads were stopped: 0.0018237 seconds, Stopping threads took: 0.0005239 seconds
[2023-02-09T10:34:54.244+0000][991.029s][debug][safepoint     ] Safepoint synchronization initiated. (210 threads)
[2023-02-09T10:34:54.245+0000][991.030s][info ][safepoint     ] Application time: 1.0013728 seconds
[2023-02-09T10:34:54.246+0000][991.031s][info ][safepoint     ] Entering safepoint region: Cleanup
[2023-02-09T10:34:54.248+0000][991.033s][info ][safepoint     ] Leaving safepoint region
[2023-02-09T10:34:54.249+0000][991.034s][info ][safepoint     ] Total time for which application threads were stopped: 0.0033937 seconds, Stopping threads took: 0.0014001 seconds
[2023-02-09T10:34:55.250+0000][992.035s][debug][safepoint     ] Safepoint synchronization initiated. (210 threads)
[2023-02-09T10:34:55.251+0000][992.036s][info ][safepoint     ] Application time: 1.0010436 seconds
[2023-02-09T10:34:55.252+0000][992.036s][info ][safepoint     ] Entering safepoint region: Cleanup
[2023-02-09T10:34:55.253+0000][992.038s][info ][safepoint     ] Leaving safepoint region
[2023-02-09T10:34:55.254+0000][992.038s][info ][safepoint     ] Total time for which application threads were stopped: 0.0021035 seconds, Stopping threads took: 0.0006413 seconds
[2023-02-09T10:34:56.254+0000][993.039s][debug][safepoint     ] Safepoint synchronization initiated. (210 threads)
[2023-02-09T10:34:56.255+0000][993.040s][info ][safepoint     ] Application time: 1.0010860 seconds
[2023-02-09T10:34:56.256+0000][993.041s][info ][safepoint     ] Entering safepoint region: Cleanup
[2023-02-09T10:34:56.257+0000][993.042s][info ][safepoint     ] Leaving safepoint region
[2023-02-09T10:34:56.258+0000][993.043s][info ][safepoint     ] Total time for which application threads were stopped: 0.0024304 seconds, Stopping threads took: 0.0006652 seconds
[2023-02-09T10:34:56.257+0000][993.042s][debug][safepoint     ] ... found polling page return exception at pc = 0x00007f086881d084, stub =0x00007f086085a800
[2023-02-09T10:34:56.257+0000][993.042s][debug][safepoint     ] ... found polling page return exception at pc = 0x00007f086881d084, stub =0x00007f086085a800
[2023-02-09T10:34:57.259+0000][994.044s][debug][safepoint     ] Safepoint synchronization initiated. (210 threads)
[2023-02-09T10:34:57.260+0000][994.044s][info ][safepoint     ] Application time: 1.0009466 seconds
[2023-02-09T10:34:57.261+0000][994.045s][info ][safepoint     ] Entering safepoint region: Cleanup
[2023-02-09T10:34:57.262+0000][994.047s][info ][safepoint     ] Leaving safepoint region
[2023-02-09T10:34:57.263+0000][994.047s][info ][safepoint     ] Total time for which application threads were stopped: 0.0021778 seconds, Stopping threads took: 0.0006680 seconds
[2023-02-09T10:34:58.265+0000][995.049s][debug][safepoint     ] Safepoint synchronization initiated. (210 threads)
[2023-02-09T10:34:58.266+0000][995.050s][info ][safepoint     ] Application time: 1.0013384 seconds
[2023-02-09T10:34:58.267+0000][995.051s][info ][safepoint     ] Entering safepoint region: Cleanup
[2023-02-09T10:34:58.268+0000][995.053s][info ][safepoint     ] Leaving safepoint region
[2023-02-09T10:34:58.269+0000][995.054s][info ][safepoint     ] Total time for which application threads were stopped: 0.0027487 seconds, Stopping threads took: 0.0009169 seconds
[2023-02-09T10:34:59.270+0000][996.055s][debug][safepoint     ] Safepoint synchronization initiated. (210 threads)
[2023-02-09T10:34:59.271+0000][996.055s][info ][safepoint     ] Application time: 1.0010084 seconds
[2023-02-09T10:34:59.271+0000][996.056s][info ][safepoint     ] Entering safepoint region: Cleanup
[2023-02-09T10:34:59.273+0000][996.058s][info ][safepoint     ] Leaving safepoint region
[2023-02-09T10:34:59.273+0000][996.058s][info ][safepoint     ] Total time for which application threads were stopped: 0.0021084 seconds, Stopping threads took: 0.0006511 seconds
[2023-02-09T10:35:00.274+0000][997.059s][debug][safepoint     ] Safepoint synchronization initiated. (210 threads)
[2023-02-09T10:35:00.275+0000][997.060s][info ][safepoint     ] Application time: 1.0014628 seconds
[2023-02-09T10:35:00.276+0000][997.061s][info ][safepoint     ] Entering safepoint region: Cleanup
[2023-02-09T10:35:00.278+0000][997.062s][info ][safepoint     ] Leaving safepoint region
[2023-02-09T10:35:00.278+0000][997.063s][info ][safepoint     ] Total time for which application threads were stopped: 0.0023600 seconds, Stopping threads took: 0.0009597 seconds
[2023-02-09T10:35:01.279+0000][998.064s][debug][safepoint     ] Safepoint synchronization initiated. (210 threads)
[2023-02-09T10:35:01.280+0000][998.065s][info ][safepoint     ] Application time: 1.0017222 seconds
[2023-02-09T10:35:01.281+0000][998.066s][info ][safepoint     ] Entering safepoint region: Cleanup
[2023-02-09T10:35:01.282+0000][998.067s][info ][safepoint     ] Leaving safepoint region
[2023-02-09T10:35:01.283+0000][998.068s][info ][safepoint     ] Total time for which application threads were stopped: 0.0021460 seconds, Stopping threads took: 0.0006171 seconds
[2023-02-09T10:35:02.284+0000][999.068s][debug][safepoint     ] Safepoint synchronization initiated. (210 threads)
[2023-02-09T10:35:02.284+0000][999.069s][info ][safepoint     ] Application time: 1.0009362 seconds
[2023-02-09T10:35:02.285+0000][999.070s][info ][safepoint     ] Entering safepoint region: Cleanup
[2023-02-09T10:35:02.286+0000][999.071s][info ][safepoint     ] Leaving safepoint region
[2023-02-09T10:35:02.287+0000][999.072s][info ][safepoint     ] Total time for which application threads were stopped: 0.0021905 seconds, Stopping threads took: 0.0007199 seconds
[2023-02-09T10:35:03.288+0000][1000.072s][debug][safepoint     ] Safepoint synchronization initiated. (210 threads)
[2023-02-09T10:35:03.288+0000][1000.073s][info ][safepoint     ] Application time: 1.0008386 seconds
[2023-02-09T10:35:03.289+0000][1000.074s][info ][safepoint     ] Entering safepoint region: Cleanup
[2023-02-09T10:35:03.290+0000][1000.075s][info ][safepoint     ] Leaving safepoint region
[2023-02-09T10:35:03.290+0000][1000.075s][info ][safepoint     ] Total time for which application threads were stopped: 0.0015695 seconds, Stopping threads took: 0.0004261 seconds
[2023-02-09T10:35:04.291+0000][1001.076s][debug][safepoint     ] Safepoint synchronization initiated. (210 threads)
[2023-02-09T10:35:04.292+0000][1001.076s][info ][safepoint     ] Application time: 1.0009677 seconds
[2023-02-09T10:35:04.292+0000][1001.077s][info ][safepoint     ] Entering safepoint region: Cleanup
[2023-02-09T10:35:04.294+0000][1001.078s][info ][safepoint     ] Leaving safepoint region
[2023-02-09T10:35:04.294+0000][1001.079s][info ][safepoint     ] Total time for which application threads were stopped: 0.0017842 seconds, Stopping threads took: 0.0005533 seconds
[2023-02-09T10:35:05.295+0000][1002.079s][debug][safepoint     ] Safepoint synchronization initiated. (210 threads)
[2023-02-09T10:35:05.295+0000][1002.080s][info ][safepoint     ] Application time: 1.0008856 seconds
[2023-02-09T10:35:05.296+0000][1002.081s][info ][safepoint     ] Entering safepoint region: Cleanup
[2023-02-09T10:35:05.298+0000][1002.082s][info ][safepoint     ] Leaving safepoint region
[2023-02-09T10:35:05.298+0000][1002.083s][info ][safepoint     ] Total time for which application threads were stopped: 0.0024364 seconds, Stopping threads took: 0.0007430 seconds
[2023-02-09T10:35:06.299+0000][1003.084s][debug][safepoint     ] Safepoint synchronization initiated. (210 threads)
[2023-02-09T10:35:06.300+0000][1003.085s][info ][safepoint     ] Application time: 1.0010541 seconds
[2023-02-09T10:35:06.301+0000][1003.085s][info ][safepoint     ] Entering safepoint region: Cleanup
[2023-02-09T10:35:06.302+0000][1003.087s][info ][safepoint     ] Leaving safepoint region
[2023-02-09T10:35:06.302+0000][1003.087s][info ][safepoint     ] Total time for which application threads were stopped: 0.0017689 seconds, Stopping threads took: 0.0007248 seconds
[2023-02-09T10:35:07.303+0000][1004.088s][debug][safepoint     ] Safepoint synchronization initiated. (210 threads)
[2023-02-09T10:35:07.304+0000][1004.088s][info ][safepoint     ] Application time: 1.0009532 seconds
[2023-02-09T10:35:07.304+0000][1004.089s][info ][safepoint     ] Entering safepoint region: Cleanup
[2023-02-09T10:35:07.306+0000][1004.090s][info ][safepoint     ] Leaving safepoint region
[2023-02-09T10:35:07.306+0000][1004.091s][info ][safepoint     ] Total time for which application threads were stopped: 0.0020971 seconds, Stopping threads took: 0.0006677 seconds
[2023-02-09T10:35:08.307+0000][1005.092s][debug][safepoint     ] Safepoint synchronization initiated. (210 threads)
[2023-02-09T10:35:08.308+0000][1005.093s][info ][safepoint     ] Application time: 1.0012112 seconds
[2023-02-09T10:35:08.309+0000][1005.093s][info ][safepoint     ] Entering safepoint region: Cleanup
[2023-02-09T10:35:08.310+0000][1005.095s][info ][safepoint     ] Leaving safepoint region
[2023-02-09T10:35:08.310+0000][1005.095s][debug][safepoint     ] ... found polling page return exception at pc = 0x00007f086881d084, stub =0x00007f086085a800
[2023-02-09T10:35:08.312+0000][1005.096s][info ][safepoint     ] Total time for which application threads were stopped: 0.0029583 seconds, Stopping threads took: 0.0006329 seconds
[2023-02-09T10:35:09.314+0000][1006.098s][debug][safepoint     ] Safepoint synchronization initiated. (210 threads)
[2023-02-09T10:35:09.315+0000][1006.099s][info ][safepoint     ] Application time: 1.0011209 seconds
[2023-02-09T10:35:09.315+0000][1006.100s][info ][safepoint     ] Entering safepoint region: Cleanup
[2023-02-09T10:35:09.317+0000][1006.101s][info ][safepoint     ] Leaving safepoint region
[2023-02-09T10:35:09.317+0000][1006.102s][info ][safepoint     ] Total time for which application threads were stopped: 0.0020637 seconds, Stopping threads took: 0.0005826 seconds
[2023-02-09T10:35:10.318+0000][1007.102s][debug][safepoint     ] Safepoint synchronization initiated. (210 threads)
[2023-02-09T10:35:10.319+0000][1007.103s][info ][safepoint     ] Application time: 1.0010297 seconds
[2023-02-09T10:35:10.319+0000][1007.104s][info ][safepoint     ] Entering safepoint region: Cleanup
[2023-02-09T10:35:10.321+0000][1007.105s][info ][safepoint     ] Leaving safepoint region
[2023-02-09T10:35:10.321+0000][1007.106s][info ][safepoint     ] Total time for which application threads were stopped: 0.0021946 seconds, Stopping threads took: 0.0007375 seconds
[2023-02-09T10:35:11.322+0000][1008.107s][debug][safepoint     ] Safepoint synchronization initiated. (210 threads)
[2023-02-09T10:35:11.323+0000][1008.108s][info ][safepoint     ] Application time: 1.0009037 seconds
[2023-02-09T10:35:11.324+0000][1008.108s][info ][safepoint     ] Entering safepoint region: Cleanup
[2023-02-09T10:35:11.325+0000][1008.110s][info ][safepoint     ] Leaving safepoint region
[2023-02-09T10:35:11.325+0000][1008.110s][info ][safepoint     ] Total time for which application threads were stopped: 0.0020916 seconds, Stopping threads took: 0.0006504 seconds
[2023-02-09T10:35:12.327+0000][1009.111s][debug][safepoint     ] Safepoint synchronization initiated. (210 threads)
[2023-02-09T10:35:12.327+0000][1009.112s][info ][safepoint     ] Application time: 1.0013862 seconds
[2023-02-09T10:35:12.328+0000][1009.113s][info ][safepoint     ] Entering safepoint region: Cleanup
[2023-02-09T10:35:12.329+0000][1009.114s][debug][safepoint     ] ... found polling page return exception at pc = 0x00007f086881d084, stub =0x00007f086085a800
[2023-02-09T10:35:12.329+0000][1009.114s][info ][safepoint     ] Leaving safepoint region
[2023-02-09T10:35:12.333+0000][1009.118s][info ][safepoint     ] Total time for which application threads were stopped: 0.0050764 seconds, Stopping threads took: 0.0006059 seconds
[2023-02-09T10:35:13.334+0000][1010.119s][debug][safepoint     ] Safepoint synchronization initiated. (210 threads)
[2023-02-09T10:35:13.363+0000][1010.148s][info ][safepoint     ] Application time: 1.0294003 seconds
[2023-02-09T10:35:13.364+0000][1010.149s][info ][safepoint     ] Entering safepoint region: Cleanup
[2023-02-09T10:35:13.366+0000][1010.150s][info ][safepoint     ] Leaving safepoint region
[2023-02-09T10:35:13.366+0000][1010.151s][info ][safepoint     ] Total time for which application threads were stopped: 0.0026002 seconds, Stopping threads took: 0.0010706 seconds
[2023-02-09T10:35:14.367+0000][1011.151s][debug][safepoint     ] Safepoint synchronization initiated. (210 threads)
[2023-02-09T10:35:14.368+0000][1011.152s][info ][safepoint     ] Application time: 1.0010215 seconds
[2023-02-09T10:35:14.368+0000][1011.153s][info ][safepoint     ] Entering safepoint region: Cleanup
[2023-02-09T10:35:14.370+0000][1011.154s][info ][safepoint     ] Leaving safepoint region
[2023-02-09T10:35:14.370+0000][1011.155s][info ][safepoint     ] Total time for which application threads were stopped: 0.0021493 seconds, Stopping threads took: 0.0006885 seconds
[2023-02-09T10:35:15.371+0000][1012.156s][debug][safepoint     ] Safepoint synchronization initiated. (210 threads)
[2023-02-09T10:35:15.372+0000][1012.157s][info ][safepoint     ] Application time: 1.0013181 seconds
[2023-02-09T10:35:15.373+0000][1012.157s][info ][safepoint     ] Entering safepoint region: Cleanup
[2023-02-09T10:35:15.374+0000][1012.159s][info ][safepoint     ] Leaving safepoint region
[2023-02-09T10:35:15.375+0000][1012.159s][info ][safepoint     ] Total time for which application threads were stopped: 0.0020352 seconds, Stopping threads took: 0.0006309 seconds
[2023-02-09T10:35:16.376+0000][1013.160s][debug][safepoint     ] Safepoint synchronization initiated. (210 threads)
[2023-02-09T10:35:16.377+0000][1013.161s][info ][safepoint     ] Application time: 1.0012258 seconds
[2023-02-09T10:35:16.377+0000][1013.162s][info ][safepoint     ] Entering safepoint region: Cleanup
[2023-02-09T10:35:16.379+0000][1013.164s][info ][safepoint     ] Leaving safepoint region
[2023-02-09T10:35:16.380+0000][1013.164s][info ][safepoint     ] Total time for which application threads were stopped: 0.0026733 seconds, Stopping threads took: 0.0007984 seconds
[2023-02-09T10:35:17.381+0000][1014.165s][debug][safepoint     ] Safepoint synchronization initiated. (210 threads)
[2023-02-09T10:35:17.384+0000][1014.168s][info ][safepoint     ] Application time: 1.0032223 seconds
[2023-02-09T10:35:17.384+0000][1014.169s][info ][safepoint     ] Entering safepoint region: Cleanup
[2023-02-09T10:35:17.386+0000][1014.170s][info ][safepoint     ] Leaving safepoint region
[2023-02-09T10:35:17.386+0000][1014.171s][info ][safepoint     ] Total time for which application threads were stopped: 0.0022226 seconds, Stopping threads took: 0.0007517 seconds
[2023-02-09T10:35:18.387+0000][1015.172s][debug][safepoint     ] Safepoint synchronization initiated. (210 threads)
[2023-02-09T10:35:18.388+0000][1015.173s][info ][safepoint     ] Application time: 1.0010259 seconds
[2023-02-09T10:35:18.390+0000][1015.174s][info ][safepoint     ] Entering safepoint region: Cleanup
[2023-02-09T10:35:18.391+0000][1015.176s][info ][safepoint     ] Leaving safepoint region
[2023-02-09T10:35:18.392+0000][1015.177s][info ][safepoint     ] Total time for which application threads were stopped: 0.0022437 seconds, Stopping threads took: 0.0006635 seconds
[2023-02-09T10:35:19.393+0000][1016.177s][debug][safepoint     ] Safepoint synchronization initiated. (210 threads)
[2023-02-09T10:35:19.394+0000][1016.178s][info ][safepoint     ] Application time: 1.0012570 seconds
[2023-02-09T10:35:19.394+0000][1016.179s][info ][safepoint     ] Entering safepoint region: Cleanup
[2023-02-09T10:35:19.396+0000][1016.180s][info ][safepoint     ] Leaving safepoint region
[2023-02-09T10:35:19.396+0000][1016.181s][info ][safepoint     ] Total time for which application threads were stopped: 0.0020595 seconds, Stopping threads took: 0.0006163 seconds
[2023-02-09T10:35:20.397+0000][1017.182s][debug][safepoint     ] Safepoint synchronization initiated. (210 threads)
[2023-02-09T10:35:20.398+0000][1017.183s][info ][safepoint     ] Application time: 1.0014303 seconds
[2023-02-09T10:35:20.400+0000][1017.184s][info ][safepoint     ] Entering safepoint region: Cleanup
[2023-02-09T10:35:20.401+0000][1017.186s][info ][safepoint     ] Leaving safepoint region
[2023-02-09T10:35:20.402+0000][1017.186s][info ][safepoint     ] Total time for which application threads were stopped: 0.0021148 seconds, Stopping threads took: 0.0006361 seconds
[2023-02-09T10:35:21.403+0000][1018.187s][debug][safepoint     ] Safepoint synchronization initiated. (210 threads)
[2023-02-09T10:35:21.404+0000][1018.188s][info ][safepoint     ] Application time: 1.0013134 seconds
[2023-02-09T10:35:21.404+0000][1018.189s][info ][safepoint     ] Entering safepoint region: Cleanup
[2023-02-09T10:35:21.406+0000][1018.190s][info ][safepoint     ] Leaving safepoint region
[2023-02-09T10:35:21.406+0000][1018.191s][info ][safepoint     ] Total time for which application threads were stopped: 0.0020033 seconds, Stopping threads took: 0.0006140 seconds
[2023-02-09T10:35:22.407+0000][1019.191s][debug][safepoint     ] Safepoint synchronization initiated. (210 threads)
[2023-02-09T10:35:22.431+0000][1019.216s][info ][safepoint     ] Application time: 1.0246399 seconds
[2023-02-09T10:35:22.432+0000][1019.216s][info ][safepoint     ] Entering safepoint region: Cleanup
[2023-02-09T10:35:22.433+0000][1019.218s][info ][safepoint     ] Leaving safepoint region
[2023-02-09T10:35:22.434+0000][1019.218s][info ][safepoint     ] Total time for which application threads were stopped: 0.0020900 seconds, Stopping threads took: 0.0006827 seconds
[2023-02-09T10:35:23.435+0000][1020.220s][debug][safepoint     ] Safepoint synchronization initiated. (210 threads)
[2023-02-09T10:35:23.436+0000][1020.220s][info ][safepoint     ] Application time: 1.0013746 seconds
[2023-02-09T10:35:23.437+0000][1020.221s][info ][safepoint     ] Entering safepoint region: Cleanup
[2023-02-09T10:35:23.438+0000][1020.222s][info ][safepoint     ] Leaving safepoint region
[2023-02-09T10:35:23.438+0000][1020.223s][info ][safepoint     ] Total time for which application threads were stopped: 0.0020328 seconds, Stopping threads took: 0.0006338 seconds
[2023-02-09T10:35:24.439+0000][1021.224s][debug][safepoint     ] Safepoint synchronization initiated. (210 threads)
[2023-02-09T10:35:24.440+0000][1021.225s][info ][safepoint     ] Application time: 1.0012353 seconds
[2023-02-09T10:35:24.441+0000][1021.225s][info ][safepoint     ] Entering safepoint region: Cleanup
[2023-02-09T10:35:24.442+0000][1021.227s][info ][safepoint     ] Leaving safepoint region
[2023-02-09T10:35:24.443+0000][1021.227s][info ][safepoint     ] Total time for which application threads were stopped: 0.0020791 seconds, Stopping threads took: 0.0006293 seconds
[2023-02-09T10:35:25.444+0000][1022.228s][debug][safepoint     ] Safepoint synchronization initiated. (210 threads)
[2023-02-09T10:35:25.445+0000][1022.229s][info ][safepoint     ] Application time: 1.0015715 seconds
[2023-02-09T10:35:25.446+0000][1022.230s][info ][safepoint     ] Entering safepoint region: Cleanup
[2023-02-09T10:35:25.447+0000][1022.231s][info ][safepoint     ] Leaving safepoint region
[2023-02-09T10:35:25.447+0000][1022.232s][info ][safepoint     ] Total time for which application threads were stopped: 0.0019105 seconds, Stopping threads took: 0.0005809 seconds
[2023-02-09T10:35:26.448+0000][1023.233s][debug][safepoint     ] Safepoint synchronization initiated. (210 threads)
[2023-02-09T10:35:26.449+0000][1023.233s][info ][safepoint     ] Application time: 1.0007237 seconds
[2023-02-09T10:35:26.449+0000][1023.234s][info ][safepoint     ] Entering safepoint region: Cleanup
[2023-02-09T10:35:26.451+0000][1023.235s][info ][safepoint     ] Leaving safepoint region
[2023-02-09T10:35:26.451+0000][1023.236s][info ][safepoint     ] Total time for which application threads were stopped: 0.0024548 seconds, Stopping threads took: 0.0006247 seconds
[2023-02-09T10:35:27.452+0000][1024.237s][debug][safepoint     ] Safepoint synchronization initiated. (210 threads)
[2023-02-09T10:35:27.453+0000][1024.238s][info ][safepoint     ] Application time: 1.0010655 seconds
[2023-02-09T10:35:27.454+0000][1024.238s][info ][safepoint     ] Entering safepoint region: Cleanup
[2023-02-09T10:35:27.455+0000][1024.239s][debug][safepoint     ] ... found polling page return exception at pc = 0x00007f086881d084, stub =0x00007f086085a800
[2023-02-09T10:35:27.455+0000][1024.239s][info ][safepoint     ] Leaving safepoint region
[2023-02-09T10:35:27.455+0000][1024.240s][debug][safepoint     ] ... found polling page return exception at pc = 0x00007f086881d084, stub =0x00007f086085a800
[2023-02-09T10:35:27.457+0000][1024.241s][info ][safepoint     ] Total time for which application threads were stopped: 0.0028907 seconds, Stopping threads took: 0.0005876 seconds
[2023-02-09T10:35:28.458+0000][1025.242s][debug][safepoint     ] Safepoint synchronization initiated. (210 threads)
[2023-02-09T10:35:28.458+0000][1025.243s][info ][safepoint     ] Application time: 1.0013312 seconds
[2023-02-09T10:35:28.459+0000][1025.244s][info ][safepoint     ] Entering safepoint region: Cleanup
[2023-02-09T10:35:28.460+0000][1025.245s][info ][safepoint     ] Leaving safepoint region
[2023-02-09T10:35:28.461+0000][1025.245s][info ][safepoint     ] Total time for which application threads were stopped: 0.0020582 seconds, Stopping threads took: 0.0006327 seconds
[2023-02-09T10:35:29.462+0000][1026.246s][debug][safepoint     ] Safepoint synchronization initiated. (210 threads)
[2023-02-09T10:35:29.463+0000][1026.247s][info ][safepoint     ] Application time: 1.0010163 seconds
[2023-02-09T10:35:29.463+0000][1026.248s][info ][safepoint     ] Entering safepoint region: Cleanup
[2023-02-09T10:35:29.465+0000][1026.249s][info ][safepoint     ] Leaving safepoint region
[2023-02-09T10:35:29.465+0000][1026.250s][info ][safepoint     ] Total time for which application threads were stopped: 0.0022312 seconds, Stopping threads took: 0.0006766 seconds
[2023-02-09T10:35:30.466+0000][1027.251s][debug][safepoint     ] Safepoint synchronization initiated. (210 threads)
[2023-02-09T10:35:30.467+0000][1027.251s][info ][safepoint     ] Application time: 1.0010826 seconds
[2023-02-09T10:35:30.468+0000][1027.252s][info ][safepoint     ] Entering safepoint region: Cleanup
[2023-02-09T10:35:30.469+0000][1027.254s][info ][safepoint     ] Leaving safepoint region
[2023-02-09T10:35:30.470+0000][1027.255s][info ][safepoint     ] Total time for which application threads were stopped: 0.0027169 seconds, Stopping threads took: 0.0007261 seconds
[2023-02-09T10:35:30.469+0000][1027.254s][debug][safepoint     ] ... found polling page return exception at pc = 0x00007f086881d084, stub =0x00007f086085a800
[2023-02-09T10:35:31.471+0000][1028.256s][debug][safepoint     ] Safepoint synchronization initiated. (210 threads)
[2023-02-09T10:35:31.472+0000][1028.257s][info ][safepoint     ] Application time: 1.0011130 seconds
[2023-02-09T10:35:31.473+0000][1028.257s][info ][safepoint     ] Entering safepoint region: Cleanup
[2023-02-09T10:35:31.474+0000][1028.259s][info ][safepoint     ] Leaving safepoint region
[2023-02-09T10:35:31.475+0000][1028.259s][info ][safepoint     ] Total time for which application threads were stopped: 0.0022335 seconds, Stopping threads took: 0.0007425 seconds
[2023-02-09T10:35:32.476+0000][1029.260s][debug][safepoint     ] Safepoint synchronization initiated. (210 threads)
[2023-02-09T10:35:32.476+0000][1029.261s][info ][safepoint     ] Application time: 1.0006742 seconds
[2023-02-09T10:35:32.477+0000][1029.261s][info ][safepoint     ] Entering safepoint region: Cleanup
[2023-02-09T10:35:32.478+0000][1029.262s][info ][safepoint     ] Leaving safepoint region
[2023-02-09T10:35:32.478+0000][1029.262s][info ][safepoint     ] Total time for which application threads were stopped: 0.0013845 seconds, Stopping threads took: 0.0004955 seconds
[2023-02-09T10:35:33.479+0000][1030.263s][debug][safepoint     ] Safepoint synchronization initiated. (208 threads)
[2023-02-09T10:35:33.479+0000][1030.264s][info ][safepoint     ] Application time: 1.0010147 seconds
[2023-02-09T10:35:33.481+0000][1030.266s][info ][safepoint     ] Entering safepoint region: Cleanup
[2023-02-09T10:35:33.484+0000][1030.268s][info ][safepoint     ] Leaving safepoint region
[2023-02-09T10:35:33.484+0000][1030.269s][info ][safepoint     ] Total time for which application threads were stopped: 0.0030295 seconds, Stopping threads took: 0.0014229 seconds
[2023-02-09T10:35:34.485+0000][1031.270s][debug][safepoint     ] Safepoint synchronization initiated. (208 threads)
[2023-02-09T10:35:34.486+0000][1031.270s][info ][safepoint     ] Application time: 1.0011007 seconds
[2023-02-09T10:35:34.487+0000][1031.271s][info ][safepoint     ] Entering safepoint region: Cleanup
[2023-02-09T10:35:34.488+0000][1031.272s][info ][safepoint     ] Leaving safepoint region
[2023-02-09T10:35:34.489+0000][1031.273s][info ][safepoint     ] Total time for which application threads were stopped: 0.0019250 seconds, Stopping threads took: 0.0006962 seconds
[2023-02-09T10:35:35.489+0000][1032.274s][debug][safepoint     ] Safepoint synchronization initiated. (208 threads)
[2023-02-09T10:35:35.490+0000][1032.274s][info ][safepoint     ] Application time: 1.0009187 seconds
[2023-02-09T10:35:35.491+0000][1032.275s][info ][safepoint     ] Entering safepoint region: Cleanup
[2023-02-09T10:35:35.492+0000][1032.276s][info ][safepoint     ] Leaving safepoint region
[2023-02-09T10:35:35.493+0000][1032.277s][info ][safepoint     ] Total time for which application threads were stopped: 0.0022262 seconds, Stopping threads took: 0.0007218 seconds
[2023-02-09T10:35:36.493+0000][1033.278s][debug][safepoint     ] Safepoint synchronization initiated. (206 threads)
[2023-02-09T10:35:36.494+0000][1033.278s][info ][safepoint     ] Application time: 1.0007643 seconds
[2023-02-09T10:35:36.495+0000][1033.279s][info ][safepoint     ] Entering safepoint region: Cleanup
[2023-02-09T10:35:36.497+0000][1033.281s][info ][safepoint     ] Leaving safepoint region
[2023-02-09T10:35:36.498+0000][1033.283s][info ][safepoint     ] Total time for which application threads were stopped: 0.0032774 seconds, Stopping threads took: 0.0015629 seconds
[2023-02-09T10:35:37.499+0000][1034.283s][debug][safepoint     ] Safepoint synchronization initiated. (206 threads)
[2023-02-09T10:35:37.500+0000][1034.284s][info ][safepoint     ] Application time: 1.0011425 seconds
[2023-02-09T10:35:37.501+0000][1034.285s][info ][safepoint     ] Entering safepoint region: Cleanup
[2023-02-09T10:35:37.502+0000][1034.286s][info ][safepoint     ] Leaving safepoint region
[2023-02-09T10:35:37.503+0000][1034.287s][info ][safepoint     ] Total time for which application threads were stopped: 0.0022591 seconds, Stopping threads took: 0.0006958 seconds
[2023-02-09T10:35:38.504+0000][1035.288s][debug][safepoint     ] Safepoint synchronization initiated. (206 threads)
[2023-02-09T10:35:38.505+0000][1035.289s][info ][safepoint     ] Application time: 1.0014254 seconds
[2023-02-09T10:35:38.505+0000][1035.290s][info ][safepoint     ] Entering safepoint region: Cleanup
[2023-02-09T10:35:38.507+0000][1035.291s][info ][safepoint     ] Leaving safepoint region
[2023-02-09T10:35:38.507+0000][1035.292s][info ][safepoint     ] Total time for which application threads were stopped: 0.0021576 seconds, Stopping threads took: 0.0006913 seconds
[2023-02-09T10:35:39.508+0000][1036.293s][debug][safepoint     ] Safepoint synchronization initiated. (206 threads)
[2023-02-09T10:35:39.509+0000][1036.294s][info ][safepoint     ] Application time: 1.0013514 seconds
[2023-02-09T10:35:39.510+0000][1036.294s][info ][safepoint     ] Entering safepoint region: Cleanup
[2023-02-09T10:35:39.511+0000][1036.296s][info ][safepoint     ] Leaving safepoint region
[2023-02-09T10:35:39.512+0000][1036.297s][info ][safepoint     ] Total time for which application threads were stopped: 0.0023017 seconds, Stopping threads took: 0.0006400 seconds
[2023-02-09T10:35:40.513+0000][1037.298s][debug][safepoint     ] Safepoint synchronization initiated. (206 threads)
[2023-02-09T10:35:40.514+0000][1037.299s][info ][safepoint     ] Application time: 1.0012271 seconds
[2023-02-09T10:35:40.515+0000][1037.299s][info ][safepoint     ] Entering safepoint region: Cleanup
[2023-02-09T10:35:40.516+0000][1037.301s][info ][safepoint     ] Leaving safepoint region
[2023-02-09T10:35:40.517+0000][1037.302s][info ][safepoint     ] Total time for which application threads were stopped: 0.0023838 seconds, Stopping threads took: 0.0008306 seconds
[2023-02-09T10:35:41.518+0000][1038.302s][debug][safepoint     ] Safepoint synchronization initiated. (206 threads)
[2023-02-09T10:35:41.519+0000][1038.303s][info ][safepoint     ] Application time: 1.0010790 seconds
[2023-02-09T10:35:41.520+0000][1038.304s][info ][safepoint     ] Entering safepoint region: Cleanup
[2023-02-09T10:35:41.521+0000][1038.306s][info ][safepoint     ] Leaving safepoint region
[2023-02-09T10:35:41.522+0000][1038.307s][info ][safepoint     ] Total time for which application threads were stopped: 0.0027082 seconds, Stopping threads took: 0.0009696 seconds
[2023-02-09T10:35:42.523+0000][1039.308s][debug][safepoint     ] Safepoint synchronization initiated. (207 threads)
[2023-02-09T10:35:42.524+0000][1039.309s][info ][safepoint     ] Application time: 1.0012824 seconds
[2023-02-09T10:35:42.525+0000][1039.309s][info ][safepoint     ] Entering safepoint region: Cleanup
[2023-02-09T10:35:42.526+0000][1039.311s][info ][safepoint     ] Leaving safepoint region
[2023-02-09T10:35:42.527+0000][1039.311s][info ][safepoint     ] Total time for which application threads were stopped: 0.0021208 seconds, Stopping threads took: 0.0006740 seconds
[2023-02-09T10:35:43.528+0000][1040.312s][debug][safepoint     ] Safepoint synchronization initiated. (207 threads)
[2023-02-09T10:35:43.529+0000][1040.313s][info ][safepoint     ] Application time: 1.0015779 seconds
[2023-02-09T10:35:43.530+0000][1040.314s][info ][safepoint     ] Entering safepoint region: Cleanup
[2023-02-09T10:35:43.531+0000][1040.316s][info ][safepoint     ] Leaving safepoint region
[2023-02-09T10:35:43.532+0000][1040.317s][info ][safepoint     ] Total time for which application threads were stopped: 0.0025347 seconds, Stopping threads took: 0.0008837 seconds
[2023-02-09T10:35:44.533+0000][1041.318s][debug][safepoint     ] Safepoint synchronization initiated. (207 threads)
[2023-02-09T10:35:44.534+0000][1041.318s][info ][safepoint     ] Application time: 1.0011626 seconds
[2023-02-09T10:35:44.535+0000][1041.319s][info ][safepoint     ] Entering safepoint region: Cleanup
[2023-02-09T10:35:44.536+0000][1041.321s][info ][safepoint     ] Leaving safepoint region
[2023-02-09T10:35:44.537+0000][1041.322s][info ][safepoint     ] Total time for which application threads were stopped: 0.0025977 seconds, Stopping threads took: 0.0007879 seconds
[2023-02-09T10:35:45.538+0000][1042.323s][debug][safepoint     ] Safepoint synchronization initiated. (207 threads)
[2023-02-09T10:35:45.539+0000][1042.323s][info ][safepoint     ] Application time: 1.0008863 seconds
[2023-02-09T10:35:45.539+0000][1042.324s][info ][safepoint     ] Entering safepoint region: Cleanup
[2023-02-09T10:35:45.541+0000][1042.325s][info ][safepoint     ] Leaving safepoint region
[2023-02-09T10:35:45.542+0000][1042.326s][info ][safepoint     ] Total time for which application threads were stopped: 0.0022859 seconds, Stopping threads took: 0.0006650 seconds
[2023-02-09T10:35:46.543+0000][1043.327s][debug][safepoint     ] Safepoint synchronization initiated. (207 threads)
[2023-02-09T10:35:46.544+0000][1043.328s][info ][safepoint     ] Application time: 1.0008884 seconds
[2023-02-09T10:35:46.544+0000][1043.329s][info ][safepoint     ] Entering safepoint region: Cleanup
[2023-02-09T10:35:46.546+0000][1043.330s][info ][safepoint     ] Leaving safepoint region
[2023-02-09T10:35:46.547+0000][1043.331s][info ][safepoint     ] Total time for which application threads were stopped: 0.0026474 seconds, Stopping threads took: 0.0009165 seconds
[2023-02-09T10:35:47.548+0000][1044.332s][debug][safepoint     ] Safepoint synchronization initiated. (207 threads)
[2023-02-09T10:35:47.548+0000][1044.333s][info ][safepoint     ] Application time: 1.0011197 seconds
[2023-02-09T10:35:47.549+0000][1044.334s][info ][safepoint     ] Entering safepoint region: Cleanup
[2023-02-09T10:35:47.551+0000][1044.335s][info ][safepoint     ] Leaving safepoint region
[2023-02-09T10:35:47.551+0000][1044.336s][info ][safepoint     ] Total time for which application threads were stopped: 0.0022155 seconds, Stopping threads took: 0.0007635 seconds
[2023-02-09T10:35:48.552+0000][1045.337s][debug][safepoint     ] Safepoint synchronization initiated. (207 threads)
[2023-02-09T10:35:48.553+0000][1045.338s][info ][safepoint     ] Application time: 1.0014514 seconds
[2023-02-09T10:35:48.554+0000][1045.339s][info ][safepoint     ] Entering safepoint region: Cleanup
[2023-02-09T10:35:48.555+0000][1045.340s][info ][safepoint     ] Leaving safepoint region
[2023-02-09T10:35:48.556+0000][1045.341s][info ][safepoint     ] Total time for which application threads were stopped: 0.0022701 seconds, Stopping threads took: 0.0006960 seconds
[2023-02-09T10:35:49.557+0000][1046.342s][debug][safepoint     ] Safepoint synchronization initiated. (208 threads)
[2023-02-09T10:35:49.558+0000][1046.343s][info ][safepoint     ] Application time: 1.0014183 seconds
[2023-02-09T10:35:49.558+0000][1046.343s][info ][safepoint     ] Entering safepoint region: Cleanup
[2023-02-09T10:35:49.560+0000][1046.345s][info ][safepoint     ] Leaving safepoint region
[2023-02-09T10:35:49.560+0000][1046.345s][info ][safepoint     ] Total time for which application threads were stopped: 0.0021601 seconds, Stopping threads took: 0.0006491 seconds
[2023-02-09T10:35:50.562+0000][1047.347s][debug][safepoint     ] Safepoint synchronization initiated. (208 threads)
[2023-02-09T10:35:50.562+0000][1047.348s][info ][safepoint     ] Application time: 1.0011729 seconds
[2023-02-09T10:35:50.563+0000][1047.348s][info ][safepoint     ] Entering safepoint region: Cleanup
[2023-02-09T10:35:50.565+0000][1047.350s][info ][safepoint     ] Leaving safepoint region
[2023-02-09T10:35:50.566+0000][1047.351s][info ][safepoint     ] Total time for which application threads were stopped: 0.0028783 seconds, Stopping threads took: 0.0009287 seconds
[2023-02-09T10:35:51.567+0000][1048.352s][debug][safepoint     ] Safepoint synchronization initiated. (207 threads)
[2023-02-09T10:35:51.568+0000][1048.353s][info ][safepoint     ] Application time: 1.0010428 seconds
[2023-02-09T10:35:51.569+0000][1048.354s][info ][safepoint     ] Entering safepoint region: Cleanup
[2023-02-09T10:35:51.571+0000][1048.356s][info ][safepoint     ] Leaving safepoint region
[2023-02-09T10:35:51.571+0000][1048.356s][info ][safepoint     ] Total time for which application threads were stopped: 0.0028533 seconds, Stopping threads took: 0.0007948 seconds
[2023-02-09T10:35:52.572+0000][1049.357s][debug][safepoint     ] Safepoint synchronization initiated. (207 threads)
[2023-02-09T10:35:52.573+0000][1049.358s][info ][safepoint     ] Application time: 1.0011456 seconds
[2023-02-09T10:35:52.574+0000][1049.359s][info ][safepoint     ] Entering safepoint region: Cleanup
[2023-02-09T10:35:52.575+0000][1049.360s][info ][safepoint     ] Leaving safepoint region
[2023-02-09T10:35:52.576+0000][1049.361s][info ][safepoint     ] Total time for which application threads were stopped: 0.0020719 seconds, Stopping threads took: 0.0006660 seconds
[2023-02-09T10:35:53.577+0000][1050.362s][debug][safepoint     ] Safepoint synchronization initiated. (207 threads)
[2023-02-09T10:35:53.578+0000][1050.363s][info ][safepoint     ] Application time: 1.0014209 seconds
[2023-02-09T10:35:53.579+0000][1050.364s][info ][safepoint     ] Entering safepoint region: Cleanup
[2023-02-09T10:35:53.580+0000][1050.366s][info ][safepoint     ] Leaving safepoint region
[2023-02-09T10:35:53.581+0000][1050.366s][info ][safepoint     ] Total time for which application threads were stopped: 0.0029367 seconds, Stopping threads took: 0.0011504 seconds
[2023-02-09T10:35:54.582+0000][1051.367s][debug][safepoint     ] Safepoint synchronization initiated. (208 threads)
[2023-02-09T10:35:54.583+0000][1051.368s][info ][safepoint     ] Application time: 1.0010217 seconds
[2023-02-09T10:35:54.584+0000][1051.369s][info ][safepoint     ] Entering safepoint region: Cleanup
[2023-02-09T10:35:54.585+0000][1051.370s][info ][safepoint     ] Leaving safepoint region
[2023-02-09T10:35:54.585+0000][1051.370s][info ][safepoint     ] Total time for which application threads were stopped: 0.0016158 seconds, Stopping threads took: 0.0006126 seconds
[2023-02-09T10:35:55.586+0000][1052.371s][debug][safepoint     ] Safepoint synchronization initiated. (207 threads)
[2023-02-09T10:35:55.587+0000][1052.372s][info ][safepoint     ] Application time: 1.0012507 seconds
[2023-02-09T10:35:55.588+0000][1052.373s][info ][safepoint     ] Entering safepoint region: Cleanup
[2023-02-09T10:35:55.589+0000][1052.374s][info ][safepoint     ] Leaving safepoint region
[2023-02-09T10:35:55.590+0000][1052.375s][info ][safepoint     ] Total time for which application threads were stopped: 0.0022542 seconds, Stopping threads took: 0.0007011 seconds
[2023-02-09T10:35:56.591+0000][1053.376s][debug][safepoint     ] Safepoint synchronization initiated. (207 threads)
[2023-02-09T10:35:56.591+0000][1053.376s][info ][safepoint     ] Application time: 1.0010440 seconds
[2023-02-09T10:35:56.592+0000][1053.377s][info ][safepoint     ] Entering safepoint region: Cleanup
[2023-02-09T10:35:56.594+0000][1053.379s][info ][safepoint     ] Leaving safepoint region
[2023-02-09T10:35:56.598+0000][1053.383s][info ][safepoint     ] Total time for which application threads were stopped: 0.0061609 seconds, Stopping threads took: 0.0007479 seconds
[2023-02-09T10:35:57.599+0000][1054.384s][debug][safepoint     ] Safepoint synchronization initiated. (207 threads)
[2023-02-09T10:35:57.600+0000][1054.385s][info ][safepoint     ] Application time: 1.0007552 seconds
[2023-02-09T10:35:57.600+0000][1054.385s][info ][safepoint     ] Entering safepoint region: Cleanup
[2023-02-09T10:35:57.602+0000][1054.387s][info ][safepoint     ] Leaving safepoint region
[2023-02-09T10:35:57.602+0000][1054.387s][info ][safepoint     ] Total time for which application threads were stopped: 0.0020217 seconds, Stopping threads took: 0.0006532 seconds
[2023-02-09T10:35:58.603+0000][1055.388s][debug][safepoint     ] Safepoint synchronization initiated. (207 threads)
[2023-02-09T10:35:58.604+0000][1055.389s][info ][safepoint     ] Application time: 1.0012429 seconds
[2023-02-09T10:35:58.605+0000][1055.390s][info ][safepoint     ] Entering safepoint region: Cleanup
[2023-02-09T10:35:58.606+0000][1055.391s][info ][safepoint     ] Leaving safepoint region
[2023-02-09T10:35:58.607+0000][1055.392s][info ][safepoint     ] Total time for which application threads were stopped: 0.0022132 seconds, Stopping threads took: 0.0006542 seconds
[2023-02-09T10:35:59.607+0000][1056.392s][debug][safepoint     ] Safepoint synchronization initiated. (207 threads)
[2023-02-09T10:35:59.608+0000][1056.393s][info ][safepoint     ] Application time: 1.0009476 seconds
[2023-02-09T10:35:59.609+0000][1056.394s][info ][safepoint     ] Entering safepoint region: Cleanup
[2023-02-09T10:35:59.610+0000][1056.395s][info ][safepoint     ] Leaving safepoint region
[2023-02-09T10:35:59.611+0000][1056.396s][info ][safepoint     ] Total time for which application threads were stopped: 0.0022014 seconds, Stopping threads took: 0.0006968 seconds
[2023-02-09T10:36:00.612+0000][1057.397s][debug][safepoint     ] Safepoint synchronization initiated. (207 threads)
[2023-02-09T10:36:00.613+0000][1057.398s][info ][safepoint     ] Application time: 1.0011695 seconds
[2023-02-09T10:36:00.614+0000][1057.399s][info ][safepoint     ] Entering safepoint region: Cleanup
[2023-02-09T10:36:00.615+0000][1057.400s][info ][safepoint     ] Leaving safepoint region
[2023-02-09T10:36:00.616+0000][1057.401s][info ][safepoint     ] Total time for which application threads were stopped: 0.0025054 seconds, Stopping threads took: 0.0008663 seconds
[2023-02-09T10:36:01.397+0000][1058.182s][debug][safepoint     ] Safepoint synchronization initiated. (207 threads)
[2023-02-09T10:36:01.399+0000][1058.184s][info ][safepoint     ] Application time: 0.7819612 seconds
[2023-02-09T10:36:01.400+0000][1058.185s][info ][safepoint     ] Entering safepoint region: G1CollectForAllocation
[2023-02-09T10:36:01.402+0000][1058.187s][info ][gc,start      ] GC(55) Pause Young (Normal) (G1 Evacuation Pause)
[2023-02-09T10:36:01.403+0000][1058.188s][info ][gc,task       ] GC(55) Using 13 workers of 13 for evacuation
[2023-02-09T10:36:01.474+0000][1058.259s][info ][gc,phases     ] GC(55)   Pre Evacuate Collection Set: 0.1ms
[2023-02-09T10:36:01.474+0000][1058.259s][info ][gc,phases     ] GC(55)   Evacuate Collection Set: 53.0ms
[2023-02-09T10:36:01.475+0000][1058.260s][info ][gc,phases     ] GC(55)   Post Evacuate Collection Set: 15.8ms
[2023-02-09T10:36:01.475+0000][1058.260s][info ][gc,phases     ] GC(55)   Other: 3.3ms
[2023-02-09T10:36:01.476+0000][1058.261s][info ][gc,heap       ] GC(55) Eden regions: 200->0(202)
[2023-02-09T10:36:01.476+0000][1058.261s][info ][gc,heap       ] GC(55) Survivor regions: 17->15(28)
[2023-02-09T10:36:01.476+0000][1058.262s][info ][gc,heap       ] GC(55) Old regions: 129->131
[2023-02-09T10:36:01.477+0000][1058.262s][info ][gc,heap       ] GC(55) Humongous regions: 0->0
[2023-02-09T10:36:01.477+0000][1058.262s][info ][gc,metaspace  ] GC(55) Metaspace: 161287K->161287K(1196032K)
[2023-02-09T10:36:01.478+0000][1058.263s][info ][gc            ] GC(55) Pause Young (Normal) (G1 Evacuation Pause) 344M->144M(404M) 76.277ms
[2023-02-09T10:36:01.478+0000][1058.263s][info ][gc,cpu        ] GC(55) User=0.80s Sys=0.01s Real=0.08s
[2023-02-09T10:36:01.479+0000][1058.264s][info ][safepoint     ] Leaving safepoint region
[2023-02-09T10:36:01.479+0000][1058.264s][info ][safepoint     ] Total time for which application threads were stopped: 0.0795956 seconds, Stopping threads took: 0.0010061 seconds
[2023-02-09T10:36:01.479+0000][1058.265s][info ][gc,stringdedup] Concurrent String Deduplication (1058.264s)
[2023-02-09T10:36:01.483+0000][1058.268s][info ][gc,stringdedup] Concurrent String Deduplication 244.9K->114.2K(130.7K) avg 52.7% (1058.264s, 1058.268s) 3.947ms
[2023-02-09T10:36:02.480+0000][1059.265s][debug][safepoint     ] Safepoint synchronization initiated. (207 threads)
[2023-02-09T10:36:02.481+0000][1059.266s][info ][safepoint     ] Application time: 1.0013973 seconds
[2023-02-09T10:36:02.481+0000][1059.266s][info ][safepoint     ] Entering safepoint region: Cleanup
[2023-02-09T10:36:02.483+0000][1059.268s][info ][safepoint     ] Leaving safepoint region
[2023-02-09T10:36:02.484+0000][1059.269s][info ][safepoint     ] Total time for which application threads were stopped: 0.0030475 seconds, Stopping threads took: 0.0010844 seconds
[2023-02-09T10:36:03.485+0000][1060.270s][debug][safepoint     ] Safepoint synchronization initiated. (207 threads)
[2023-02-09T10:36:03.486+0000][1060.271s][info ][safepoint     ] Application time: 1.0011257 seconds
[2023-02-09T10:36:03.487+0000][1060.272s][info ][safepoint     ] Entering safepoint region: Cleanup
[2023-02-09T10:36:03.489+0000][1060.274s][info ][safepoint     ] Leaving safepoint region
[2023-02-09T10:36:03.490+0000][1060.275s][info ][safepoint     ] Total time for which application threads were stopped: 0.0027028 seconds, Stopping threads took: 0.0007265 seconds
[2023-02-09T10:36:04.490+0000][1061.275s][debug][safepoint     ] Safepoint synchronization initiated. (207 threads)
[2023-02-09T10:36:04.491+0000][1061.276s][info ][safepoint     ] Application time: 1.0010564 seconds
[2023-02-09T10:36:04.492+0000][1061.277s][info ][safepoint     ] Entering safepoint region: Cleanup
[2023-02-09T10:36:04.493+0000][1061.278s][info ][safepoint     ] Leaving safepoint region
[2023-02-09T10:36:04.495+0000][1061.281s][info ][safepoint     ] Total time for which application threads were stopped: 0.0037574 seconds, Stopping threads took: 0.0006365 seconds
[2023-02-09T10:36:05.498+0000][1062.283s][debug][safepoint     ] Safepoint synchronization initiated. (207 threads)
[2023-02-09T10:36:05.499+0000][1062.284s][info ][safepoint     ] Application time: 1.0011185 seconds
[2023-02-09T10:36:05.499+0000][1062.285s][info ][safepoint     ] Entering safepoint region: Cleanup
[2023-02-09T10:36:05.501+0000][1062.286s][info ][safepoint     ] Leaving safepoint region
[2023-02-09T10:36:05.502+0000][1062.287s][info ][safepoint     ] Total time for which application threads were stopped: 0.0030457 seconds, Stopping threads took: 0.0006924 seconds
[2023-02-09T10:36:06.503+0000][1063.288s][debug][safepoint     ] Safepoint synchronization initiated. (207 threads)
[2023-02-09T10:36:06.504+0000][1063.289s][info ][safepoint     ] Application time: 1.0009895 seconds
[2023-02-09T10:36:06.505+0000][1063.290s][info ][safepoint     ] Entering safepoint region: Cleanup
[2023-02-09T10:36:06.507+0000][1063.292s][info ][safepoint     ] Leaving safepoint region
[2023-02-09T10:36:06.508+0000][1063.293s][info ][safepoint     ] Total time for which application threads were stopped: 0.0026998 seconds, Stopping threads took: 0.0008578 seconds
[2023-02-09T10:36:07.508+0000][1064.294s][debug][safepoint     ] Safepoint synchronization initiated. (207 threads)
[2023-02-09T10:36:07.509+0000][1064.294s][info ][safepoint     ] Application time: 1.0008301 seconds
[2023-02-09T10:36:07.510+0000][1064.295s][info ][safepoint     ] Entering safepoint region: Cleanup
[2023-02-09T10:36:07.512+0000][1064.297s][info ][safepoint     ] Leaving safepoint region
[2023-02-09T10:36:07.513+0000][1064.298s][info ][safepoint     ] Total time for which application threads were stopped: 0.0030691 seconds, Stopping threads took: 0.0007359 seconds
[2023-02-09T10:36:08.514+0000][1065.299s][debug][safepoint     ] Safepoint synchronization initiated. (207 threads)
[2023-02-09T10:36:08.515+0000][1065.300s][info ][safepoint     ] Application time: 1.0011194 seconds
[2023-02-09T10:36:08.515+0000][1065.300s][info ][safepoint     ] Entering safepoint region: Cleanup
[2023-02-09T10:36:08.517+0000][1065.302s][info ][safepoint     ] Leaving safepoint region
[2023-02-09T10:36:08.517+0000][1065.302s][info ][safepoint     ] Total time for which application threads were stopped: 0.0020900 seconds, Stopping threads took: 0.0006526 seconds
[2023-02-09T10:36:09.518+0000][1066.303s][debug][safepoint     ] Safepoint synchronization initiated. (207 threads)
[2023-02-09T10:36:09.519+0000][1066.304s][info ][safepoint     ] Application time: 1.0012737 seconds
[2023-02-09T10:36:09.520+0000][1066.305s][info ][safepoint     ] Entering safepoint region: Cleanup
[2023-02-09T10:36:09.521+0000][1066.306s][info ][safepoint     ] Leaving safepoint region
[2023-02-09T10:36:09.522+0000][1066.307s][info ][safepoint     ] Total time for which application threads were stopped: 0.0021135 seconds, Stopping threads took: 0.0006623 seconds
[2023-02-09T10:36:10.523+0000][1067.308s][debug][safepoint     ] Safepoint synchronization initiated. (207 threads)
[2023-02-09T10:36:10.524+0000][1067.309s][info ][safepoint     ] Application time: 1.0014136 seconds
[2023-02-09T10:36:10.524+0000][1067.309s][info ][safepoint     ] Entering safepoint region: Cleanup
[2023-02-09T10:36:10.526+0000][1067.311s][info ][safepoint     ] Leaving safepoint region
[2023-02-09T10:36:10.526+0000][1067.311s][info ][safepoint     ] Total time for which application threads were stopped: 0.0021666 seconds, Stopping threads took: 0.0006625 seconds
[2023-02-09T10:36:11.527+0000][1068.312s][debug][safepoint     ] Safepoint synchronization initiated. (207 threads)
[2023-02-09T10:36:11.529+0000][1068.314s][info ][safepoint     ] Application time: 1.0014969 seconds
[2023-02-09T10:36:11.530+0000][1068.315s][info ][safepoint     ] Entering safepoint region: Cleanup
[2023-02-09T10:36:11.531+0000][1068.316s][info ][safepoint     ] Leaving safepoint region
[2023-02-09T10:36:11.532+0000][1068.317s][info ][safepoint     ] Total time for which application threads were stopped: 0.0021588 seconds, Stopping threads took: 0.0008922 seconds
[2023-02-09T10:36:12.532+0000][1069.317s][debug][safepoint     ] Safepoint synchronization initiated. (207 threads)
[2023-02-09T10:36:12.533+0000][1069.318s][info ][safepoint     ] Application time: 1.0011434 seconds
[2023-02-09T10:36:12.534+0000][1069.319s][info ][safepoint     ] Entering safepoint region: Cleanup
[2023-02-09T10:36:12.535+0000][1069.320s][info ][safepoint     ] Leaving safepoint region
[2023-02-09T10:36:12.536+0000][1069.321s][info ][safepoint     ] Total time for which application threads were stopped: 0.0024528 seconds, Stopping threads took: 0.0007014 seconds
[2023-02-09T10:36:13.537+0000][1070.322s][debug][safepoint     ] Safepoint synchronization initiated. (207 threads)
[2023-02-09T10:36:13.538+0000][1070.323s][info ][safepoint     ] Application time: 1.0011053 seconds
[2023-02-09T10:36:13.539+0000][1070.324s][info ][safepoint     ] Entering safepoint region: Cleanup
[2023-02-09T10:36:13.540+0000][1070.325s][info ][safepoint     ] Leaving safepoint region
[2023-02-09T10:36:13.541+0000][1070.326s][info ][safepoint     ] Total time for which application threads were stopped: 0.0023463 seconds, Stopping threads took: 0.0006713 seconds
[2023-02-09T10:36:14.542+0000][1071.327s][debug][safepoint     ] Safepoint synchronization initiated. (207 threads)
[2023-02-09T10:36:14.543+0000][1071.328s][info ][safepoint     ] Application time: 1.0016307 seconds
[2023-02-09T10:36:14.544+0000][1071.329s][info ][safepoint     ] Entering safepoint region: Cleanup
[2023-02-09T10:36:14.546+0000][1071.331s][info ][safepoint     ] Leaving safepoint region
[2023-02-09T10:36:14.547+0000][1071.332s][info ][safepoint     ] Total time for which application threads were stopped: 0.0028527 seconds, Stopping threads took: 0.0009233 seconds
[2023-02-09T10:36:15.548+0000][1072.333s][debug][safepoint     ] Safepoint synchronization initiated. (207 threads)
[2023-02-09T10:36:15.549+0000][1072.334s][info ][safepoint     ] Application time: 1.0012042 seconds
[2023-02-09T10:36:15.549+0000][1072.334s][info ][safepoint     ] Entering safepoint region: Cleanup
[2023-02-09T10:36:15.551+0000][1072.336s][info ][safepoint     ] Leaving safepoint region
[2023-02-09T10:36:15.552+0000][1072.337s][info ][safepoint     ] Total time for which application threads were stopped: 0.0032716 seconds, Stopping threads took: 0.0009611 seconds
[2023-02-09T10:36:16.553+0000][1073.338s][debug][safepoint     ] Safepoint synchronization initiated. (207 threads)
[2023-02-09T10:36:16.554+0000][1073.339s][info ][safepoint     ] Application time: 1.0011910 seconds
[2023-02-09T10:36:16.555+0000][1073.340s][info ][safepoint     ] Entering safepoint region: Cleanup
[2023-02-09T10:36:16.556+0000][1073.341s][info ][safepoint     ] Leaving safepoint region
[2023-02-09T10:36:16.557+0000][1073.342s][info ][safepoint     ] Total time for which application threads were stopped: 0.0024683 seconds, Stopping threads took: 0.0007441 seconds
[2023-02-09T10:36:17.558+0000][1074.344s][debug][safepoint     ] Safepoint synchronization initiated. (207 threads)
[2023-02-09T10:36:17.559+0000][1074.344s][info ][safepoint     ] Application time: 1.0013301 seconds
[2023-02-09T10:36:17.560+0000][1074.345s][info ][safepoint     ] Entering safepoint region: Cleanup
[2023-02-09T10:36:17.562+0000][1074.347s][info ][safepoint     ] Leaving safepoint region
[2023-02-09T10:36:17.563+0000][1074.348s][info ][safepoint     ] Total time for which application threads were stopped: 0.0028346 seconds, Stopping threads took: 0.0010902 seconds
[2023-02-09T10:36:18.564+0000][1075.349s][debug][safepoint     ] Safepoint synchronization initiated. (207 threads)
[2023-02-09T10:36:18.564+0000][1075.349s][info ][safepoint     ] Application time: 1.0009625 seconds
[2023-02-09T10:36:18.565+0000][1075.350s][info ][safepoint     ] Entering safepoint region: Cleanup
[2023-02-09T10:36:18.566+0000][1075.351s][info ][safepoint     ] Leaving safepoint region
[2023-02-09T10:36:18.567+0000][1075.352s][info ][safepoint     ] Total time for which application threads were stopped: 0.0015734 seconds, Stopping threads took: 0.0006231 seconds
[2023-02-09T10:36:19.567+0000][1076.352s][debug][safepoint     ] Safepoint synchronization initiated. (207 threads)
[2023-02-09T10:36:19.568+0000][1076.353s][info ][safepoint     ] Application time: 1.0011074 seconds
[2023-02-09T10:36:19.569+0000][1076.354s][info ][safepoint     ] Entering safepoint region: Cleanup
[2023-02-09T10:36:19.570+0000][1076.355s][info ][safepoint     ] Leaving safepoint region
[2023-02-09T10:36:19.571+0000][1076.356s][info ][safepoint     ] Total time for which application threads were stopped: 0.0020850 seconds, Stopping threads took: 0.0006588 seconds
[2023-02-09T10:36:20.572+0000][1077.357s][debug][safepoint     ] Safepoint synchronization initiated. (207 threads)
[2023-02-09T10:36:20.572+0000][1077.357s][info ][safepoint     ] Application time: 1.0011860 seconds
[2023-02-09T10:36:20.573+0000][1077.358s][info ][safepoint     ] Entering safepoint region: Cleanup
[2023-02-09T10:36:20.575+0000][1077.360s][info ][safepoint     ] Leaving safepoint region
[2023-02-09T10:36:20.576+0000][1077.361s][info ][safepoint     ] Total time for which application threads were stopped: 0.0024565 seconds, Stopping threads took: 0.0008065 seconds
[2023-02-09T10:36:21.576+0000][1078.361s][debug][safepoint     ] Safepoint synchronization initiated. (207 threads)
[2023-02-09T10:36:21.577+0000][1078.362s][info ][safepoint     ] Application time: 1.0010538 seconds
[2023-02-09T10:36:21.579+0000][1078.364s][info ][safepoint     ] Entering safepoint region: Cleanup
[2023-02-09T10:36:21.582+0000][1078.367s][info ][safepoint     ] Leaving safepoint region
[2023-02-09T10:36:21.583+0000][1078.368s][info ][safepoint     ] Total time for which application threads were stopped: 0.0042278 seconds, Stopping threads took: 0.0024763 seconds
[2023-02-09T10:36:22.583+0000][1079.368s][debug][safepoint     ] Safepoint synchronization initiated. (207 threads)
[2023-02-09T10:36:22.584+0000][1079.369s][info ][safepoint     ] Application time: 1.0010613 seconds
[2023-02-09T10:36:22.585+0000][1079.370s][info ][safepoint     ] Entering safepoint region: Cleanup
[2023-02-09T10:36:22.586+0000][1079.371s][info ][safepoint     ] Leaving safepoint region
[2023-02-09T10:36:22.587+0000][1079.372s][info ][safepoint     ] Total time for which application threads were stopped: 0.0021225 seconds, Stopping threads took: 0.0006946 seconds
[2023-02-09T10:36:23.588+0000][1080.373s][debug][safepoint     ] Safepoint synchronization initiated. (207 threads)
[2023-02-09T10:36:23.588+0000][1080.373s][info ][safepoint     ] Application time: 1.0009879 seconds
[2023-02-09T10:36:23.589+0000][1080.374s][info ][safepoint     ] Entering safepoint region: Cleanup
[2023-02-09T10:36:23.591+0000][1080.376s][info ][safepoint     ] Leaving safepoint region
[2023-02-09T10:36:23.591+0000][1080.376s][info ][safepoint     ] Total time for which application threads were stopped: 0.0021110 seconds, Stopping threads took: 0.0006979 seconds
[2023-02-09T10:36:24.592+0000][1081.377s][debug][safepoint     ] Safepoint synchronization initiated. (207 threads)
[2023-02-09T10:36:24.593+0000][1081.378s][info ][safepoint     ] Application time: 1.0010439 seconds
[2023-02-09T10:36:24.594+0000][1081.379s][info ][safepoint     ] Entering safepoint region: Cleanup
[2023-02-09T10:36:24.596+0000][1081.381s][info ][safepoint     ] Leaving safepoint region
[2023-02-09T10:36:24.597+0000][1081.382s][info ][safepoint     ] Total time for which application threads were stopped: 0.0033973 seconds, Stopping threads took: 0.0014517 seconds
[2023-02-09T10:36:25.598+0000][1082.383s][debug][safepoint     ] Safepoint synchronization initiated. (207 threads)
[2023-02-09T10:36:25.599+0000][1082.384s][info ][safepoint     ] Application time: 1.0010686 seconds
[2023-02-09T10:36:25.600+0000][1082.385s][info ][safepoint     ] Entering safepoint region: Cleanup
[2023-02-09T10:36:25.601+0000][1082.386s][info ][safepoint     ] Leaving safepoint region
[2023-02-09T10:36:25.602+0000][1082.387s][info ][safepoint     ] Total time for which application threads were stopped: 0.0021060 seconds, Stopping threads took: 0.0006393 seconds
[2023-02-09T10:36:26.602+0000][1083.387s][debug][safepoint     ] Safepoint synchronization initiated. (207 threads)
[2023-02-09T10:36:26.603+0000][1083.388s][info ][safepoint     ] Application time: 1.0009753 seconds
[2023-02-09T10:36:26.604+0000][1083.389s][info ][safepoint     ] Entering safepoint region: Cleanup
[2023-02-09T10:36:26.606+0000][1083.391s][info ][safepoint     ] Leaving safepoint region
[2023-02-09T10:36:26.606+0000][1083.391s][info ][safepoint     ] Total time for which application threads were stopped: 0.0026559 seconds, Stopping threads took: 0.0007888 seconds
[2023-02-09T10:36:27.608+0000][1084.393s][debug][safepoint     ] Safepoint synchronization initiated. (207 threads)
[2023-02-09T10:36:27.609+0000][1084.394s][info ][safepoint     ] Application time: 1.0009865 seconds
[2023-02-09T10:36:27.609+0000][1084.394s][info ][safepoint     ] Entering safepoint region: Cleanup
[2023-02-09T10:36:27.611+0000][1084.396s][info ][safepoint     ] Leaving safepoint region
[2023-02-09T10:36:27.612+0000][1084.397s][info ][safepoint     ] Total time for which application threads were stopped: 0.0027077 seconds, Stopping threads took: 0.0008884 seconds
[2023-02-09T10:36:28.613+0000][1085.398s][debug][safepoint     ] Safepoint synchronization initiated. (207 threads)
[2023-02-09T10:36:28.614+0000][1085.399s][info ][safepoint     ] Application time: 1.0010513 seconds
[2023-02-09T10:36:28.615+0000][1085.400s][info ][safepoint     ] Entering safepoint region: Cleanup
[2023-02-09T10:36:28.616+0000][1085.401s][info ][safepoint     ] Leaving safepoint region
[2023-02-09T10:36:28.617+0000][1085.402s][info ][safepoint     ] Total time for which application threads were stopped: 0.0024599 seconds, Stopping threads took: 0.0006698 seconds
[2023-02-09T10:36:29.618+0000][1086.403s][debug][safepoint     ] Safepoint synchronization initiated. (207 threads)
[2023-02-09T10:36:29.619+0000][1086.404s][info ][safepoint     ] Application time: 1.0014128 seconds
[2023-02-09T10:36:29.620+0000][1086.405s][info ][safepoint     ] Entering safepoint region: Cleanup
[2023-02-09T10:36:29.621+0000][1086.406s][info ][safepoint     ] Leaving safepoint region
[2023-02-09T10:36:29.622+0000][1086.407s][info ][safepoint     ] Total time for which application threads were stopped: 0.0021405 seconds, Stopping threads took: 0.0006423 seconds
[2023-02-09T10:36:30.623+0000][1087.408s][debug][safepoint     ] Safepoint synchronization initiated. (207 threads)
[2023-02-09T10:36:30.624+0000][1087.409s][info ][safepoint     ] Application time: 1.0015036 seconds
[2023-02-09T10:36:30.625+0000][1087.410s][info ][safepoint     ] Entering safepoint region: Cleanup
[2023-02-09T10:36:30.626+0000][1087.411s][info ][safepoint     ] Leaving safepoint region
[2023-02-09T10:36:30.627+0000][1087.412s][info ][safepoint     ] Total time for which application threads were stopped: 0.0024883 seconds, Stopping threads took: 0.0006674 seconds
[2023-02-09T10:36:31.628+0000][1088.413s][debug][safepoint     ] Safepoint synchronization initiated. (207 threads)
[2023-02-09T10:36:31.629+0000][1088.414s][info ][safepoint     ] Application time: 1.0010978 seconds
[2023-02-09T10:36:31.629+0000][1088.414s][info ][safepoint     ] Entering safepoint region: Cleanup
[2023-02-09T10:36:31.631+0000][1088.416s][info ][safepoint     ] Leaving safepoint region
[2023-02-09T10:36:31.632+0000][1088.417s][info ][safepoint     ] Total time for which application threads were stopped: 0.0023554 seconds, Stopping threads took: 0.0006465 seconds
[2023-02-09T10:36:32.633+0000][1089.418s][debug][safepoint     ] Safepoint synchronization initiated. (207 threads)
[2023-02-09T10:36:32.633+0000][1089.418s][info ][safepoint     ] Application time: 1.0011433 seconds
[2023-02-09T10:36:32.634+0000][1089.419s][info ][safepoint     ] Entering safepoint region: Cleanup
[2023-02-09T10:36:32.636+0000][1089.421s][info ][safepoint     ] Leaving safepoint region
[2023-02-09T10:36:32.637+0000][1089.422s][info ][safepoint     ] Total time for which application threads were stopped: 0.0024019 seconds, Stopping threads took: 0.0007565 seconds
[2023-02-09T10:36:33.637+0000][1090.422s][debug][safepoint     ] Safepoint synchronization initiated. (207 threads)
[2023-02-09T10:36:33.638+0000][1090.423s][info ][safepoint     ] Application time: 1.0010833 seconds
[2023-02-09T10:36:33.639+0000][1090.424s][info ][safepoint     ] Entering safepoint region: Cleanup
[2023-02-09T10:36:33.640+0000][1090.425s][info ][safepoint     ] Leaving safepoint region
[2023-02-09T10:36:33.641+0000][1090.426s][info ][safepoint     ] Total time for which application threads were stopped: 0.0022303 seconds, Stopping threads took: 0.0007018 seconds
[2023-02-09T10:36:34.642+0000][1091.427s][debug][safepoint     ] Safepoint synchronization initiated. (207 threads)
[2023-02-09T10:36:34.643+0000][1091.428s][info ][safepoint     ] Application time: 1.0011671 seconds
[2023-02-09T10:36:34.644+0000][1091.429s][info ][safepoint     ] Entering safepoint region: Cleanup
[2023-02-09T10:36:34.645+0000][1091.430s][info ][safepoint     ] Leaving safepoint region
[2023-02-09T10:36:34.646+0000][1091.431s][info ][safepoint     ] Total time for which application threads were stopped: 0.0025060 seconds, Stopping threads took: 0.0007479 seconds
[2023-02-09T10:36:35.648+0000][1092.433s][debug][safepoint     ] Safepoint synchronization initiated. (207 threads)
[2023-02-09T10:36:35.649+0000][1092.434s][info ][safepoint     ] Application time: 1.0011135 seconds
[2023-02-09T10:36:35.649+0000][1092.434s][info ][safepoint     ] Entering safepoint region: Cleanup
[2023-02-09T10:36:35.651+0000][1092.436s][info ][safepoint     ] Leaving safepoint region
[2023-02-09T10:36:35.651+0000][1092.436s][info ][safepoint     ] Total time for which application threads were stopped: 0.0022154 seconds, Stopping threads took: 0.0006725 seconds
[2023-02-09T10:36:36.652+0000][1093.437s][debug][safepoint     ] Safepoint synchronization initiated. (207 threads)
[2023-02-09T10:36:36.653+0000][1093.438s][info ][safepoint     ] Application time: 1.0007339 seconds
[2023-02-09T10:36:36.653+0000][1093.438s][info ][safepoint     ] Entering safepoint region: Cleanup
[2023-02-09T10:36:36.655+0000][1093.440s][info ][safepoint     ] Leaving safepoint region
[2023-02-09T10:36:36.656+0000][1093.441s][info ][safepoint     ] Total time for which application threads were stopped: 0.0024497 seconds, Stopping threads took: 0.0007311 seconds
[2023-02-09T10:36:37.657+0000][1094.442s][debug][safepoint     ] Safepoint synchronization initiated. (207 threads)
[2023-02-09T10:36:37.657+0000][1094.442s][info ][safepoint     ] Application time: 1.0005328 seconds
[2023-02-09T10:36:37.657+0000][1094.442s][info ][safepoint     ] Entering safepoint region: Cleanup
[2023-02-09T10:36:37.659+0000][1094.444s][info ][safepoint     ] Leaving safepoint region
[2023-02-09T10:36:37.659+0000][1094.444s][info ][safepoint     ] Total time for which application threads were stopped: 0.0016603 seconds, Stopping threads took: 0.0006010 seconds
[2023-02-09T10:36:38.660+0000][1095.445s][debug][safepoint     ] Safepoint synchronization initiated. (207 threads)
[2023-02-09T10:36:38.661+0000][1095.446s][info ][safepoint     ] Application time: 1.0011740 seconds
[2023-02-09T10:36:38.661+0000][1095.446s][info ][safepoint     ] Entering safepoint region: Cleanup
[2023-02-09T10:36:38.663+0000][1095.448s][info ][safepoint     ] Leaving safepoint region
[2023-02-09T10:36:38.664+0000][1095.449s][info ][safepoint     ] Total time for which application threads were stopped: 0.0028016 seconds, Stopping threads took: 0.0009996 seconds
[2023-02-09T10:36:39.665+0000][1096.450s][debug][safepoint     ] Safepoint synchronization initiated. (207 threads)
[2023-02-09T10:36:39.667+0000][1096.452s][info ][safepoint     ] Application time: 1.0022345 seconds
[2023-02-09T10:36:39.668+0000][1096.453s][info ][safepoint     ] Entering safepoint region: Cleanup
[2023-02-09T10:36:39.669+0000][1096.454s][info ][safepoint     ] Leaving safepoint region
[2023-02-09T10:36:39.670+0000][1096.455s][info ][safepoint     ] Total time for which application threads were stopped: 0.0025453 seconds, Stopping threads took: 0.0006904 seconds
[2023-02-09T10:36:40.671+0000][1097.456s][debug][safepoint     ] Safepoint synchronization initiated. (207 threads)
[2023-02-09T10:36:40.672+0000][1097.457s][info ][safepoint     ] Application time: 1.0014271 seconds
[2023-02-09T10:36:40.673+0000][1097.458s][info ][safepoint     ] Entering safepoint region: Cleanup
[2023-02-09T10:36:40.674+0000][1097.459s][info ][safepoint     ] Leaving safepoint region
[2023-02-09T10:36:40.675+0000][1097.460s][info ][safepoint     ] Total time for which application threads were stopped: 0.0024750 seconds, Stopping threads took: 0.0006734 seconds
[2023-02-09T10:36:41.676+0000][1098.461s][debug][safepoint     ] Safepoint synchronization initiated. (207 threads)
[2023-02-09T10:36:41.679+0000][1098.464s][info ][safepoint     ] Application time: 1.0035804 seconds
[2023-02-09T10:36:41.680+0000][1098.465s][info ][safepoint     ] Entering safepoint region: Cleanup
[2023-02-09T10:36:41.682+0000][1098.467s][info ][safepoint     ] Leaving safepoint region
[2023-02-09T10:36:41.683+0000][1098.468s][info ][safepoint     ] Total time for which application threads were stopped: 0.0026948 seconds, Stopping threads took: 0.0008535 seconds
[2023-02-09T10:36:42.684+0000][1099.469s][debug][safepoint     ] Safepoint synchronization initiated. (208 threads)
[2023-02-09T10:36:42.685+0000][1099.470s][info ][safepoint     ] Application time: 1.0014123 seconds
[2023-02-09T10:36:42.686+0000][1099.471s][info ][safepoint     ] Entering safepoint region: Cleanup
[2023-02-09T10:36:42.687+0000][1099.472s][info ][safepoint     ] Leaving safepoint region
[2023-02-09T10:36:42.688+0000][1099.473s][info ][safepoint     ] Total time for which application threads were stopped: 0.0024203 seconds, Stopping threads took: 0.0010129 seconds
[2023-02-09T10:36:43.689+0000][1100.474s][debug][safepoint     ] Safepoint synchronization initiated. (208 threads)
[2023-02-09T10:36:43.690+0000][1100.475s][info ][safepoint     ] Application time: 1.0013141 seconds
[2023-02-09T10:36:43.690+0000][1100.475s][info ][safepoint     ] Entering safepoint region: Cleanup
[2023-02-09T10:36:43.692+0000][1100.477s][info ][safepoint     ] Leaving safepoint region
[2023-02-09T10:36:43.692+0000][1100.477s][info ][safepoint     ] Total time for which application threads were stopped: 0.0021532 seconds, Stopping threads took: 0.0006515 seconds
[2023-02-09T10:36:44.693+0000][1101.478s][debug][safepoint     ] Safepoint synchronization initiated. (208 threads)
[2023-02-09T10:36:44.695+0000][1101.480s][info ][safepoint     ] Application time: 1.0016471 seconds
[2023-02-09T10:36:44.696+0000][1101.481s][info ][safepoint     ] Entering safepoint region: Cleanup
[2023-02-09T10:36:44.697+0000][1101.482s][info ][safepoint     ] Leaving safepoint region
[2023-02-09T10:36:44.698+0000][1101.483s][info ][safepoint     ] Total time for which application threads were stopped: 0.0024218 seconds, Stopping threads took: 0.0008320 seconds
[2023-02-09T10:36:45.699+0000][1102.484s][debug][safepoint     ] Safepoint synchronization initiated. (208 threads)
[2023-02-09T10:36:45.700+0000][1102.485s][info ][safepoint     ] Application time: 1.0013540 seconds
[2023-02-09T10:36:45.701+0000][1102.486s][info ][safepoint     ] Entering safepoint region: Cleanup
[2023-02-09T10:36:45.702+0000][1102.487s][info ][safepoint     ] Leaving safepoint region
[2023-02-09T10:36:45.703+0000][1102.488s][info ][safepoint     ] Total time for which application threads were stopped: 0.0021365 seconds, Stopping threads took: 0.0006661 seconds
[2023-02-09T10:36:46.703+0000][1103.488s][debug][safepoint     ] Safepoint synchronization initiated. (208 threads)
[2023-02-09T10:36:46.704+0000][1103.489s][info ][safepoint     ] Application time: 1.0009248 seconds
[2023-02-09T10:36:46.705+0000][1103.490s][info ][safepoint     ] Entering safepoint region: Cleanup
[2023-02-09T10:36:46.706+0000][1103.491s][info ][safepoint     ] Leaving safepoint region
[2023-02-09T10:36:46.707+0000][1103.492s][info ][safepoint     ] Total time for which application threads were stopped: 0.0023123 seconds, Stopping threads took: 0.0006688 seconds
[2023-02-09T10:36:47.708+0000][1104.493s][debug][safepoint     ] Safepoint synchronization initiated. (208 threads)
[2023-02-09T10:36:47.709+0000][1104.494s][info ][safepoint     ] Application time: 1.0014185 seconds
[2023-02-09T10:36:47.710+0000][1104.495s][info ][safepoint     ] Entering safepoint region: Cleanup
[2023-02-09T10:36:47.712+0000][1104.497s][info ][safepoint     ] Leaving safepoint region
[2023-02-09T10:36:47.713+0000][1104.498s][info ][safepoint     ] Total time for which application threads were stopped: 0.0028580 seconds, Stopping threads took: 0.0010616 seconds
[2023-02-09T10:36:48.712+0000][1105.499s][debug][safepoint     ] Safepoint synchronization initiated. (208 threads)
[2023-02-09T10:36:48.713+0000][1105.500s][info ][safepoint     ] Application time: 1.0009319 seconds
[2023-02-09T10:36:48.714+0000][1105.501s][info ][safepoint     ] Entering safepoint region: Cleanup
[2023-02-09T10:36:48.715+0000][1105.502s][info ][safepoint     ] Leaving safepoint region
[2023-02-09T10:36:48.716+0000][1105.503s][info ][safepoint     ] Total time for which application threads were stopped: 0.0021464 seconds, Stopping threads took: 0.0006716 seconds
[2023-02-09T10:36:49.716+0000][1106.503s][debug][safepoint     ] Safepoint synchronization initiated. (208 threads)
[2023-02-09T10:36:49.717+0000][1106.504s][info ][safepoint     ] Application time: 1.0009141 seconds
[2023-02-09T10:36:49.718+0000][1106.505s][debug][safepoint     ] ... found polling page return exception at pc = 0x00007f0868687568, stub =0x00007f086085a800
[2023-02-09T10:36:49.719+0000][1106.506s][debug][safepoint     ] Waiting for 1 thread(s) to block
[2023-02-09T10:36:49.720+0000][1106.506s][info ][safepoint     ] Entering safepoint region: Cleanup
[2023-02-09T10:36:49.721+0000][1106.508s][info ][safepoint     ] Leaving safepoint region
[2023-02-09T10:36:49.722+0000][1106.508s][info ][safepoint     ] Total time for which application threads were stopped: 0.0034349 seconds, Stopping threads took: 0.0018910 seconds
[2023-02-09T10:36:50.722+0000][1107.509s][debug][safepoint     ] Safepoint synchronization initiated. (208 threads)
[2023-02-09T10:36:50.723+0000][1107.510s][info ][safepoint     ] Application time: 1.0011368 seconds
[2023-02-09T10:36:50.724+0000][1107.511s][info ][safepoint     ] Entering safepoint region: Cleanup
[2023-02-09T10:36:50.726+0000][1107.512s][info ][safepoint     ] Leaving safepoint region
[2023-02-09T10:36:50.727+0000][1107.513s][info ][safepoint     ] Total time for which application threads were stopped: 0.0026643 seconds, Stopping threads took: 0.0007870 seconds
[2023-02-09T10:36:51.728+0000][1108.514s][debug][safepoint     ] Safepoint synchronization initiated. (208 threads)
[2023-02-09T10:36:51.728+0000][1108.515s][info ][safepoint     ] Application time: 1.0012865 seconds
[2023-02-09T10:36:51.729+0000][1108.516s][info ][safepoint     ] Entering safepoint region: Cleanup
[2023-02-09T10:36:51.731+0000][1108.518s][info ][safepoint     ] Leaving safepoint region
[2023-02-09T10:36:51.732+0000][1108.519s][info ][safepoint     ] Total time for which application threads were stopped: 0.0025106 seconds, Stopping threads took: 0.0007805 seconds
[2023-02-09T10:36:52.589+0000][1109.376s][debug][safepoint     ] Safepoint synchronization initiated. (208 threads)
[2023-02-09T10:36:52.590+0000][1109.377s][info ][safepoint     ] Application time: 0.8576089 seconds
[2023-02-09T10:36:52.590+0000][1109.377s][info ][safepoint     ] Entering safepoint region: Deoptimize
[2023-02-09T10:36:52.600+0000][1109.387s][info ][safepoint     ] Leaving safepoint region
[2023-02-09T10:36:52.601+0000][1109.388s][info ][safepoint     ] Total time for which application threads were stopped: 0.0109023 seconds, Stopping threads took: 0.0007947 seconds
[2023-02-09T10:36:53.602+0000][1110.389s][debug][safepoint     ] Safepoint synchronization initiated. (208 threads)
[2023-02-09T10:36:53.603+0000][1110.390s][info ][safepoint     ] Application time: 1.0014502 seconds
[2023-02-09T10:36:53.604+0000][1110.391s][info ][safepoint     ] Entering safepoint region: Cleanup
[2023-02-09T10:36:53.605+0000][1110.392s][info ][safepoint     ] Leaving safepoint region
[2023-02-09T10:36:53.606+0000][1110.393s][info ][safepoint     ] Total time for which application threads were stopped: 0.0020792 seconds, Stopping threads took: 0.0006591 seconds
[2023-02-09T10:36:54.607+0000][1111.394s][debug][safepoint     ] Safepoint synchronization initiated. (211 threads)
[2023-02-09T10:36:54.608+0000][1111.395s][info ][safepoint     ] Application time: 1.0012723 seconds
[2023-02-09T10:36:54.609+0000][1111.395s][info ][safepoint     ] Entering safepoint region: Cleanup
[2023-02-09T10:36:54.611+0000][1111.397s][info ][safepoint     ] Leaving safepoint region
[2023-02-09T10:36:54.611+0000][1111.398s][info ][safepoint     ] Total time for which application threads were stopped: 0.0029778 seconds, Stopping threads took: 0.0008747 seconds
[2023-02-09T10:36:55.613+0000][1112.399s][debug][safepoint     ] Safepoint synchronization initiated. (210 threads)
[2023-02-09T10:36:55.613+0000][1112.400s][info ][safepoint     ] Application time: 1.0014971 seconds
[2023-02-09T10:36:55.614+0000][1112.401s][info ][safepoint     ] Entering safepoint region: Cleanup
[2023-02-09T10:36:55.615+0000][1112.402s][info ][safepoint     ] Leaving safepoint region
[2023-02-09T10:36:55.616+0000][1112.403s][info ][safepoint     ] Total time for which application threads were stopped: 0.0021574 seconds, Stopping threads took: 0.0006694 seconds
[2023-02-09T10:36:56.617+0000][1113.404s][debug][safepoint     ] Safepoint synchronization initiated. (210 threads)
[2023-02-09T10:36:56.618+0000][1113.405s][info ][safepoint     ] Application time: 1.0009807 seconds
[2023-02-09T10:36:56.618+0000][1113.405s][debug][safepoint     ] Waiting for 1 thread(s) to block
[2023-02-09T10:36:56.619+0000][1113.406s][info ][safepoint     ] Entering safepoint region: Cleanup
[2023-02-09T10:36:56.621+0000][1113.408s][info ][safepoint     ] Leaving safepoint region
[2023-02-09T10:36:56.621+0000][1113.408s][info ][safepoint     ] Total time for which application threads were stopped: 0.0030281 seconds, Stopping threads took: 0.0014759 seconds
[2023-02-09T10:36:57.623+0000][1114.409s][debug][safepoint     ] Safepoint synchronization initiated. (210 threads)
[2023-02-09T10:36:57.623+0000][1114.410s][info ][safepoint     ] Application time: 1.0014295 seconds
[2023-02-09T10:36:57.624+0000][1114.411s][debug][safepoint     ] ... found polling page loop exception at pc = 0x00007f08685cb50a, stub =0x00007f086085ab00
[2023-02-09T10:36:57.625+0000][1114.412s][debug][safepoint     ] Waiting for 1 thread(s) to block
[2023-02-09T10:36:57.626+0000][1114.412s][info ][safepoint     ] Entering safepoint region: Cleanup
[2023-02-09T10:36:57.628+0000][1114.414s][info ][safepoint     ] Leaving safepoint region
[2023-02-09T10:36:57.628+0000][1114.415s][info ][safepoint     ] Total time for which application threads were stopped: 0.0042456 seconds, Stopping threads took: 0.0024531 seconds
[2023-02-09T10:36:58.629+0000][1115.416s][debug][safepoint     ] Safepoint synchronization initiated. (210 threads)
[2023-02-09T10:36:58.630+0000][1115.417s][info ][safepoint     ] Application time: 1.0013875 seconds
[2023-02-09T10:36:58.631+0000][1115.418s][info ][safepoint     ] Entering safepoint region: Cleanup
[2023-02-09T10:36:58.632+0000][1115.419s][info ][safepoint     ] Leaving safepoint region
[2023-02-09T10:36:58.633+0000][1115.420s][info ][safepoint     ] Total time for which application threads were stopped: 0.0022431 seconds, Stopping threads took: 0.0006945 seconds
[2023-02-09T10:36:59.634+0000][1116.421s][debug][safepoint     ] Safepoint synchronization initiated. (210 threads)
[2023-02-09T10:36:59.635+0000][1116.422s][info ][safepoint     ] Application time: 1.0010577 seconds
[2023-02-09T10:36:59.635+0000][1116.422s][info ][safepoint     ] Entering safepoint region: Cleanup
[2023-02-09T10:36:59.637+0000][1116.424s][info ][safepoint     ] Leaving safepoint region
[2023-02-09T10:36:59.637+0000][1116.424s][info ][safepoint     ] Total time for which application threads were stopped: 0.0022379 seconds, Stopping threads took: 0.0006787 seconds
[2023-02-09T10:37:00.638+0000][1117.425s][debug][safepoint     ] Safepoint synchronization initiated. (208 threads)
[2023-02-09T10:37:00.639+0000][1117.426s][info ][safepoint     ] Application time: 1.0013066 seconds
[2023-02-09T10:37:00.640+0000][1117.427s][info ][safepoint     ] Entering safepoint region: Cleanup
[2023-02-09T10:37:00.642+0000][1117.429s][info ][safepoint     ] Leaving safepoint region
[2023-02-09T10:37:00.642+0000][1117.429s][info ][safepoint     ] Total time for which application threads were stopped: 0.0026086 seconds, Stopping threads took: 0.0007837 seconds
[2023-02-09T10:37:01.643+0000][1118.430s][debug][safepoint     ] Safepoint synchronization initiated. (208 threads)
[2023-02-09T10:37:01.644+0000][1118.431s][info ][safepoint     ] Application time: 1.0012124 seconds
[2023-02-09T10:37:01.645+0000][1118.432s][info ][safepoint     ] Entering safepoint region: Cleanup
[2023-02-09T10:37:01.647+0000][1118.434s][info ][safepoint     ] Leaving safepoint region
[2023-02-09T10:37:01.648+0000][1118.435s][info ][safepoint     ] Total time for which application threads were stopped: 0.0023773 seconds, Stopping threads took: 0.0008956 seconds
[2023-02-09T10:37:02.649+0000][1119.436s][debug][safepoint     ] Safepoint synchronization initiated. (208 threads)
[2023-02-09T10:37:02.650+0000][1119.437s][info ][safepoint     ] Application time: 1.0014220 seconds
[2023-02-09T10:37:02.650+0000][1119.437s][info ][safepoint     ] Entering safepoint region: Cleanup
[2023-02-09T10:37:02.652+0000][1119.439s][info ][safepoint     ] Leaving safepoint region
[2023-02-09T10:37:02.653+0000][1119.439s][info ][safepoint     ] Total time for which application threads were stopped: 0.0023363 seconds, Stopping threads took: 0.0006746 seconds
[2023-02-09T10:37:03.654+0000][1120.441s][debug][safepoint     ] Safepoint synchronization initiated. (208 threads)
[2023-02-09T10:37:03.655+0000][1120.442s][info ][safepoint     ] Application time: 1.0014958 seconds
[2023-02-09T10:37:03.655+0000][1120.442s][info ][safepoint     ] Entering safepoint region: Cleanup
[2023-02-09T10:37:03.657+0000][1120.444s][info ][safepoint     ] Leaving safepoint region
[2023-02-09T10:37:03.657+0000][1120.444s][info ][safepoint     ] Total time for which application threads were stopped: 0.0022105 seconds, Stopping threads took: 0.0007223 seconds
[2023-02-09T10:37:04.658+0000][1121.445s][debug][safepoint     ] Safepoint synchronization initiated. (208 threads)
[2023-02-09T10:37:04.659+0000][1121.446s][info ][safepoint     ] Application time: 1.0010719 seconds
[2023-02-09T10:37:04.661+0000][1121.448s][info ][safepoint     ] Entering safepoint region: Cleanup
[2023-02-09T10:37:04.663+0000][1121.450s][info ][safepoint     ] Leaving safepoint region
[2023-02-09T10:37:04.663+0000][1121.450s][info ][safepoint     ] Total time for which application threads were stopped: 0.0023712 seconds, Stopping threads took: 0.0007543 seconds
[2023-02-09T10:37:05.664+0000][1122.451s][debug][safepoint     ] Safepoint synchronization initiated. (208 threads)
[2023-02-09T10:37:05.665+0000][1122.452s][info ][safepoint     ] Application time: 1.0013799 seconds
[2023-02-09T10:37:05.666+0000][1122.453s][info ][safepoint     ] Entering safepoint region: Cleanup
[2023-02-09T10:37:05.667+0000][1122.454s][info ][safepoint     ] Leaving safepoint region
[2023-02-09T10:37:05.668+0000][1122.455s][info ][safepoint     ] Total time for which application threads were stopped: 0.0021226 seconds, Stopping threads took: 0.0007096 seconds
[2023-02-09T10:37:06.669+0000][1123.456s][debug][safepoint     ] Safepoint synchronization initiated. (208 threads)
[2023-02-09T10:37:06.670+0000][1123.457s][info ][safepoint     ] Application time: 1.0010988 seconds
[2023-02-09T10:37:06.670+0000][1123.457s][info ][safepoint     ] Entering safepoint region: Cleanup
[2023-02-09T10:37:06.672+0000][1123.459s][info ][safepoint     ] Leaving safepoint region
[2023-02-09T10:37:06.673+0000][1123.460s][info ][safepoint     ] Total time for which application threads were stopped: 0.0022828 seconds, Stopping threads took: 0.0007055 seconds
[2023-02-09T10:37:07.674+0000][1124.461s][debug][safepoint     ] Safepoint synchronization initiated. (208 threads)
[2023-02-09T10:37:07.675+0000][1124.462s][info ][safepoint     ] Application time: 1.0015186 seconds
[2023-02-09T10:37:07.675+0000][1124.462s][info ][safepoint     ] Entering safepoint region: Cleanup
[2023-02-09T10:37:07.677+0000][1124.464s][info ][safepoint     ] Leaving safepoint region
[2023-02-09T10:37:07.678+0000][1124.465s][info ][safepoint     ] Total time for which application threads were stopped: 0.0027850 seconds, Stopping threads took: 0.0009904 seconds
[2023-02-09T10:37:08.679+0000][1125.466s][debug][safepoint     ] Safepoint synchronization initiated. (211 threads)
[2023-02-09T10:37:08.680+0000][1125.467s][info ][safepoint     ] Application time: 1.0013724 seconds
[2023-02-09T10:37:08.681+0000][1125.468s][info ][safepoint     ] Entering safepoint region: Cleanup
[2023-02-09T10:37:08.682+0000][1125.469s][info ][safepoint     ] Leaving safepoint region
[2023-02-09T10:37:08.683+0000][1125.470s][info ][safepoint     ] Total time for which application threads were stopped: 0.0020893 seconds, Stopping threads took: 0.0006640 seconds
[2023-02-09T10:37:09.684+0000][1126.471s][debug][safepoint     ] Safepoint synchronization initiated. (209 threads)
[2023-02-09T10:37:09.685+0000][1126.471s][info ][safepoint     ] Application time: 1.0013845 seconds
[2023-02-09T10:37:09.685+0000][1126.472s][info ][safepoint     ] Entering safepoint region: Cleanup
[2023-02-09T10:37:09.687+0000][1126.473s][info ][safepoint     ] Leaving safepoint region
[2023-02-09T10:37:09.687+0000][1126.474s][info ][safepoint     ] Total time for which application threads were stopped: 0.0021067 seconds, Stopping threads took: 0.0006728 seconds
[2023-02-09T10:37:10.688+0000][1127.475s][debug][safepoint     ] Safepoint synchronization initiated. (208 threads)
[2023-02-09T10:37:10.689+0000][1127.476s][info ][safepoint     ] Application time: 1.0012915 seconds
[2023-02-09T10:37:10.690+0000][1127.477s][info ][safepoint     ] Entering safepoint region: Cleanup
[2023-02-09T10:37:10.692+0000][1127.479s][debug][safepoint     ] ... found polling page loop exception at pc = 0x00007f08685cb446, stub =0x00007f086085ab00
[2023-02-09T10:37:10.692+0000][1127.479s][info ][safepoint     ] Leaving safepoint region
[2023-02-09T10:37:10.694+0000][1127.481s][info ][safepoint     ] Total time for which application threads were stopped: 0.0040148 seconds, Stopping threads took: 0.0007257 seconds
[2023-02-09T10:37:11.695+0000][1128.482s][debug][safepoint     ] Safepoint synchronization initiated. (208 threads)
[2023-02-09T10:37:11.696+0000][1128.483s][info ][safepoint     ] Application time: 1.0010742 seconds
[2023-02-09T10:37:11.696+0000][1128.483s][info ][safepoint     ] Entering safepoint region: Cleanup
[2023-02-09T10:37:11.698+0000][1128.485s][info ][safepoint     ] Leaving safepoint region
[2023-02-09T10:37:11.698+0000][1128.485s][info ][safepoint     ] Total time for which application threads were stopped: 0.0018497 seconds, Stopping threads took: 0.0006497 seconds
[2023-02-09T10:37:12.699+0000][1129.486s][debug][safepoint     ] Safepoint synchronization initiated. (208 threads)
[2023-02-09T10:37:12.700+0000][1129.487s][info ][safepoint     ] Application time: 1.0010795 seconds
[2023-02-09T10:37:12.700+0000][1129.487s][info ][safepoint     ] Entering safepoint region: Cleanup
[2023-02-09T10:37:12.702+0000][1129.489s][info ][safepoint     ] Leaving safepoint region
[2023-02-09T10:37:12.703+0000][1129.489s][info ][safepoint     ] Total time for which application threads were stopped: 0.0022906 seconds, Stopping threads took: 0.0007390 seconds
[2023-02-09T10:37:13.703+0000][1130.490s][debug][safepoint     ] Safepoint synchronization initiated. (208 threads)
[2023-02-09T10:37:13.704+0000][1130.491s][info ][safepoint     ] Application time: 1.0010890 seconds
[2023-02-09T10:37:13.705+0000][1130.492s][info ][safepoint     ] Entering safepoint region: Cleanup
[2023-02-09T10:37:13.706+0000][1130.493s][info ][safepoint     ] Leaving safepoint region
[2023-02-09T10:37:13.710+0000][1130.497s][info ][safepoint     ] Total time for which application threads were stopped: 0.0048336 seconds, Stopping threads took: 0.0005457 seconds
[2023-02-09T10:37:14.712+0000][1131.499s][debug][safepoint     ] Safepoint synchronization initiated. (208 threads)
[2023-02-09T10:37:14.713+0000][1131.500s][info ][safepoint     ] Application time: 1.0011343 seconds
[2023-02-09T10:37:14.714+0000][1131.501s][info ][safepoint     ] Entering safepoint region: Cleanup
[2023-02-09T10:37:14.715+0000][1131.502s][info ][safepoint     ] Leaving safepoint region
[2023-02-09T10:37:14.716+0000][1131.503s][info ][safepoint     ] Total time for which application threads were stopped: 0.0021154 seconds, Stopping threads took: 0.0006234 seconds
[2023-02-09T10:37:15.717+0000][1132.504s][debug][safepoint     ] Safepoint synchronization initiated. (208 threads)
[2023-02-09T10:37:15.718+0000][1132.505s][info ][safepoint     ] Application time: 1.0012744 seconds
[2023-02-09T10:37:15.718+0000][1132.505s][info ][safepoint     ] Entering safepoint region: Cleanup
[2023-02-09T10:37:15.720+0000][1132.506s][info ][safepoint     ] Leaving safepoint region
[2023-02-09T10:37:15.720+0000][1132.507s][info ][safepoint     ] Total time for which application threads were stopped: 0.0020217 seconds, Stopping threads took: 0.0006899 seconds
[2023-02-09T10:37:16.721+0000][1133.508s][debug][safepoint     ] Safepoint synchronization initiated. (208 threads)
[2023-02-09T10:37:16.722+0000][1133.509s][info ][safepoint     ] Application time: 1.0011044 seconds
[2023-02-09T10:37:16.722+0000][1133.509s][info ][safepoint     ] Entering safepoint region: Cleanup
[2023-02-09T10:37:16.724+0000][1133.511s][info ][safepoint     ] Leaving safepoint region
[2023-02-09T10:37:16.725+0000][1133.512s][info ][safepoint     ] Total time for which application threads were stopped: 0.0025764 seconds, Stopping threads took: 0.0007285 seconds
[2023-02-09T10:37:17.726+0000][1134.513s][debug][safepoint     ] Safepoint synchronization initiated. (208 threads)
[2023-02-09T10:37:17.727+0000][1134.514s][info ][safepoint     ] Application time: 1.0013235 seconds
[2023-02-09T10:37:17.728+0000][1134.515s][info ][safepoint     ] Entering safepoint region: Cleanup
[2023-02-09T10:37:17.730+0000][1134.517s][debug][safepoint     ] ... found polling page return exception at pc = 0x00007f086881d084, stub =0x00007f086085a800
[2023-02-09T10:37:17.730+0000][1134.517s][info ][safepoint     ] Leaving safepoint region
[2023-02-09T10:37:17.731+0000][1134.518s][info ][safepoint     ] Total time for which application threads were stopped: 0.0035508 seconds, Stopping threads took: 0.0008626 seconds
[2023-02-09T10:37:17.730+0000][1134.517s][debug][safepoint     ] ... found polling page return exception at pc = 0x00007f086881d084, stub =0x00007f086085a800
[2023-02-09T10:37:17.730+0000][1134.517s][debug][safepoint     ] ... found polling page return exception at pc = 0x00007f086881d084, stub =0x00007f086085a800
[2023-02-09T10:37:17.730+0000][1134.517s][debug][safepoint     ] ... found polling page return exception at pc = 0x00007f086881d084, stub =0x00007f086085a800
[2023-02-09T10:37:17.730+0000][1134.517s][debug][safepoint     ] ... found polling page return exception at pc = 0x00007f086881d084, stub =0x00007f086085a800
[2023-02-09T10:37:18.729+0000][1135.519s][debug][safepoint     ] Safepoint synchronization initiated. (208 threads)
[2023-02-09T10:37:18.730+0000][1135.520s][info ][safepoint     ] Application time: 1.0012530 seconds
[2023-02-09T10:37:18.730+0000][1135.521s][info ][safepoint     ] Entering safepoint region: Cleanup
[2023-02-09T10:37:18.732+0000][1135.523s][info ][safepoint     ] Leaving safepoint region
[2023-02-09T10:37:18.733+0000][1135.523s][info ][safepoint     ] Total time for which application threads were stopped: 0.0022257 seconds, Stopping threads took: 0.0007278 seconds
[2023-02-09T10:37:19.733+0000][1136.524s][debug][safepoint     ] Safepoint synchronization initiated. (208 threads)
[2023-02-09T10:37:19.734+0000][1136.525s][info ][safepoint     ] Application time: 1.0009918 seconds
[2023-02-09T10:37:19.735+0000][1136.525s][info ][safepoint     ] Entering safepoint region: Cleanup
[2023-02-09T10:37:19.736+0000][1136.527s][info ][safepoint     ] Leaving safepoint region
[2023-02-09T10:37:19.737+0000][1136.528s][info ][safepoint     ] Total time for which application threads were stopped: 0.0026702 seconds, Stopping threads took: 0.0007276 seconds
[2023-02-09T10:37:20.739+0000][1137.529s][debug][safepoint     ] Safepoint synchronization initiated. (208 threads)
[2023-02-09T10:37:20.740+0000][1137.530s][info ][safepoint     ] Application time: 1.0016009 seconds
[2023-02-09T10:37:20.741+0000][1137.531s][info ][safepoint     ] Entering safepoint region: Cleanup
[2023-02-09T10:37:20.742+0000][1137.533s][info ][safepoint     ] Leaving safepoint region
[2023-02-09T10:37:20.743+0000][1137.534s][info ][safepoint     ] Total time for which application threads were stopped: 0.0027279 seconds, Stopping threads took: 0.0010134 seconds
[2023-02-09T10:37:21.744+0000][1138.535s][debug][safepoint     ] Safepoint synchronization initiated. (208 threads)
[2023-02-09T10:37:21.745+0000][1138.536s][info ][safepoint     ] Application time: 1.0010061 seconds
[2023-02-09T10:37:21.745+0000][1138.536s][info ][safepoint     ] Entering safepoint region: Cleanup
[2023-02-09T10:37:21.746+0000][1138.537s][info ][safepoint     ] Leaving safepoint region
[2023-02-09T10:37:21.747+0000][1138.538s][info ][safepoint     ] Total time for which application threads were stopped: 0.0015704 seconds, Stopping threads took: 0.0003895 seconds
[2023-02-09T10:37:22.748+0000][1139.538s][debug][safepoint     ] Safepoint synchronization initiated. (208 threads)
[2023-02-09T10:37:22.748+0000][1139.539s][info ][safepoint     ] Application time: 1.0009515 seconds
[2023-02-09T10:37:22.749+0000][1139.540s][info ][safepoint     ] Entering safepoint region: Cleanup
[2023-02-09T10:37:22.750+0000][1139.541s][info ][safepoint     ] Leaving safepoint region
[2023-02-09T10:37:22.751+0000][1139.542s][info ][safepoint     ] Total time for which application threads were stopped: 0.0020231 seconds, Stopping threads took: 0.0006524 seconds
[2023-02-09T10:37:23.752+0000][1140.542s][debug][safepoint     ] Safepoint synchronization initiated. (208 threads)
[2023-02-09T10:37:23.753+0000][1140.543s][info ][safepoint     ] Application time: 1.0012575 seconds
[2023-02-09T10:37:23.754+0000][1140.544s][info ][safepoint     ] Entering safepoint region: Cleanup
[2023-02-09T10:37:23.756+0000][1140.546s][info ][safepoint     ] Leaving safepoint region
[2023-02-09T10:37:23.757+0000][1140.547s][info ][safepoint     ] Total time for which application threads were stopped: 0.0029992 seconds, Stopping threads took: 0.0010958 seconds
[2023-02-09T10:37:24.758+0000][1141.548s][debug][safepoint     ] Safepoint synchronization initiated. (208 threads)
[2023-02-09T10:37:24.759+0000][1141.549s][info ][safepoint     ] Application time: 1.0013857 seconds
[2023-02-09T10:37:24.759+0000][1141.550s][info ][safepoint     ] Entering safepoint region: Cleanup
[2023-02-09T10:37:24.761+0000][1141.552s][info ][safepoint     ] Leaving safepoint region
[2023-02-09T10:37:24.762+0000][1141.552s][info ][safepoint     ] Total time for which application threads were stopped: 0.0023851 seconds, Stopping threads took: 0.0006711 seconds
[2023-02-09T10:37:25.763+0000][1142.553s][debug][safepoint     ] Safepoint synchronization initiated. (208 threads)
[2023-02-09T10:37:25.764+0000][1142.554s][info ][safepoint     ] Application time: 1.0013671 seconds
[2023-02-09T10:37:25.765+0000][1142.555s][info ][safepoint     ] Entering safepoint region: Cleanup
[2023-02-09T10:37:25.766+0000][1142.557s][info ][safepoint     ] Leaving safepoint region
[2023-02-09T10:37:25.767+0000][1142.557s][info ][safepoint     ] Total time for which application threads were stopped: 0.0024538 seconds, Stopping threads took: 0.0008307 seconds
[2023-02-09T10:37:26.768+0000][1143.558s][debug][safepoint     ] Safepoint synchronization initiated. (208 threads)
[2023-02-09T10:37:26.768+0000][1143.559s][info ][safepoint     ] Application time: 1.0009758 seconds
[2023-02-09T10:37:26.769+0000][1143.559s][info ][safepoint     ] Entering safepoint region: Cleanup
[2023-02-09T10:37:26.770+0000][1143.561s][info ][safepoint     ] Leaving safepoint region
[2023-02-09T10:37:26.771+0000][1143.562s][info ][safepoint     ] Total time for which application threads were stopped: 0.0021740 seconds, Stopping threads took: 0.0005187 seconds
[2023-02-09T10:37:27.772+0000][1144.562s][debug][safepoint     ] Safepoint synchronization initiated. (208 threads)
[2023-02-09T10:37:27.773+0000][1144.563s][info ][safepoint     ] Application time: 1.0012308 seconds
[2023-02-09T10:37:27.774+0000][1144.564s][info ][safepoint     ] Entering safepoint region: Cleanup
[2023-02-09T10:37:27.775+0000][1144.566s][info ][safepoint     ] Leaving safepoint region
[2023-02-09T10:37:27.776+0000][1144.566s][info ][safepoint     ] Total time for which application threads were stopped: 0.0025174 seconds, Stopping threads took: 0.0008948 seconds
[2023-02-09T10:37:28.777+0000][1145.567s][debug][safepoint     ] Safepoint synchronization initiated. (208 threads)
[2023-02-09T10:37:28.778+0000][1145.568s][info ][safepoint     ] Application time: 1.0010585 seconds
[2023-02-09T10:37:28.778+0000][1145.569s][info ][safepoint     ] Entering safepoint region: Cleanup
[2023-02-09T10:37:28.780+0000][1145.570s][info ][safepoint     ] Leaving safepoint region
[2023-02-09T10:37:28.780+0000][1145.571s][info ][safepoint     ] Total time for which application threads were stopped: 0.0022241 seconds, Stopping threads took: 0.0006637 seconds
[2023-02-09T10:37:29.781+0000][1146.572s][debug][safepoint     ] Safepoint synchronization initiated. (208 threads)
[2023-02-09T10:37:29.782+0000][1146.573s][info ][safepoint     ] Application time: 1.0011458 seconds
[2023-02-09T10:37:29.783+0000][1146.573s][info ][safepoint     ] Entering safepoint region: Cleanup
[2023-02-09T10:37:29.785+0000][1146.575s][info ][safepoint     ] Leaving safepoint region
[2023-02-09T10:37:29.785+0000][1146.576s][info ][safepoint     ] Total time for which application threads were stopped: 0.0026727 seconds, Stopping threads took: 0.0009023 seconds
[2023-02-09T10:37:30.787+0000][1147.577s][debug][safepoint     ] Safepoint synchronization initiated. (208 threads)
[2023-02-09T10:37:30.788+0000][1147.578s][info ][safepoint     ] Application time: 1.0010963 seconds
[2023-02-09T10:37:30.788+0000][1147.579s][debug][safepoint     ] ... found polling page return exception at pc = 0x00007f08696ea5de, stub =0x00007f086085a800
[2023-02-09T10:37:30.790+0000][1147.580s][debug][safepoint     ] Waiting for 2 thread(s) to block
[2023-02-09T10:37:30.791+0000][1147.582s][info ][safepoint     ] Entering safepoint region: Cleanup
[2023-02-09T10:37:30.793+0000][1147.583s][info ][safepoint     ] Leaving safepoint region
[2023-02-09T10:37:30.793+0000][1147.584s][info ][safepoint     ] Total time for which application threads were stopped: 0.0050328 seconds, Stopping threads took: 0.0032632 seconds
[2023-02-09T10:37:31.794+0000][1148.585s][debug][safepoint     ] Safepoint synchronization initiated. (208 threads)
[2023-02-09T10:37:31.795+0000][1148.586s][info ][safepoint     ] Application time: 1.0011947 seconds
[2023-02-09T10:37:31.796+0000][1148.587s][info ][safepoint     ] Entering safepoint region: Cleanup
[2023-02-09T10:37:31.797+0000][1148.588s][info ][safepoint     ] Leaving safepoint region
[2023-02-09T10:37:31.798+0000][1148.589s][info ][safepoint     ] Total time for which application threads were stopped: 0.0022765 seconds, Stopping threads took: 0.0007398 seconds
[2023-02-09T10:37:32.799+0000][1149.590s][debug][safepoint     ] Safepoint synchronization initiated. (208 threads)
[2023-02-09T10:37:32.800+0000][1149.591s][info ][safepoint     ] Application time: 1.0013201 seconds
[2023-02-09T10:37:32.801+0000][1149.591s][info ][safepoint     ] Entering safepoint region: Cleanup
[2023-02-09T10:37:32.802+0000][1149.593s][info ][safepoint     ] Leaving safepoint region
[2023-02-09T10:37:32.803+0000][1149.594s][info ][safepoint     ] Total time for which application threads were stopped: 0.0024583 seconds, Stopping threads took: 0.0007084 seconds
[2023-02-09T10:37:33.805+0000][1150.595s][debug][safepoint     ] Safepoint synchronization initiated. (208 threads)
[2023-02-09T10:37:33.806+0000][1150.596s][info ][safepoint     ] Application time: 1.0014574 seconds
[2023-02-09T10:37:33.807+0000][1150.597s][info ][safepoint     ] Entering safepoint region: Cleanup
[2023-02-09T10:37:33.808+0000][1150.599s][info ][safepoint     ] Leaving safepoint region
[2023-02-09T10:37:33.809+0000][1150.600s][info ][safepoint     ] Total time for which application threads were stopped: 0.0023199 seconds, Stopping threads took: 0.0008370 seconds
[2023-02-09T10:37:34.810+0000][1151.600s][debug][safepoint     ] Safepoint synchronization initiated. (208 threads)
[2023-02-09T10:37:34.811+0000][1151.601s][info ][safepoint     ] Application time: 1.0010284 seconds
[2023-02-09T10:37:34.811+0000][1151.602s][info ][safepoint     ] Entering safepoint region: Cleanup
[2023-02-09T10:37:34.813+0000][1151.603s][info ][safepoint     ] Leaving safepoint region
[2023-02-09T10:37:34.813+0000][1151.604s][info ][safepoint     ] Total time for which application threads were stopped: 0.0021378 seconds, Stopping threads took: 0.0006355 seconds
[2023-02-09T10:37:35.814+0000][1152.605s][debug][safepoint     ] Safepoint synchronization initiated. (208 threads)
[2023-02-09T10:37:35.815+0000][1152.605s][info ][safepoint     ] Application time: 1.0009767 seconds
[2023-02-09T10:37:35.815+0000][1152.606s][info ][safepoint     ] Entering safepoint region: Cleanup
[2023-02-09T10:37:35.817+0000][1152.607s][info ][safepoint     ] Leaving safepoint region
[2023-02-09T10:37:35.817+0000][1152.608s][info ][safepoint     ] Total time for which application threads were stopped: 0.0022286 seconds, Stopping threads took: 0.0006043 seconds
[2023-02-09T10:37:36.818+0000][1153.609s][debug][safepoint     ] Safepoint synchronization initiated. (208 threads)
[2023-02-09T10:37:36.819+0000][1153.610s][info ][safepoint     ] Application time: 1.0009816 seconds
[2023-02-09T10:37:36.820+0000][1153.610s][info ][safepoint     ] Entering safepoint region: Cleanup
[2023-02-09T10:37:36.821+0000][1153.612s][info ][safepoint     ] Leaving safepoint region
[2023-02-09T10:37:36.822+0000][1153.613s][info ][safepoint     ] Total time for which application threads were stopped: 0.0027204 seconds, Stopping threads took: 0.0009136 seconds
[2023-02-09T10:37:37.823+0000][1154.614s][debug][safepoint     ] Safepoint synchronization initiated. (208 threads)
[2023-02-09T10:37:37.824+0000][1154.615s][info ][safepoint     ] Application time: 1.0008691 seconds
[2023-02-09T10:37:37.825+0000][1154.615s][info ][safepoint     ] Entering safepoint region: Cleanup
[2023-02-09T10:37:37.826+0000][1154.617s][info ][safepoint     ] Leaving safepoint region
[2023-02-09T10:37:37.827+0000][1154.617s][info ][safepoint     ] Total time for which application threads were stopped: 0.0023710 seconds, Stopping threads took: 0.0007014 seconds
[2023-02-09T10:37:38.828+0000][1155.618s][debug][safepoint     ] Safepoint synchronization initiated. (208 threads)
[2023-02-09T10:37:38.828+0000][1155.619s][info ][safepoint     ] Application time: 1.0010493 seconds
[2023-02-09T10:37:38.829+0000][1155.620s][info ][safepoint     ] Entering safepoint region: Cleanup
[2023-02-09T10:37:38.830+0000][1155.621s][info ][safepoint     ] Leaving safepoint region
[2023-02-09T10:37:38.831+0000][1155.622s][info ][safepoint     ] Total time for which application threads were stopped: 0.0021101 seconds, Stopping threads took: 0.0006481 seconds
[2023-02-09T10:37:39.832+0000][1156.623s][debug][safepoint     ] Safepoint synchronization initiated. (208 threads)
[2023-02-09T10:37:39.833+0000][1156.623s][info ][safepoint     ] Application time: 1.0011937 seconds
[2023-02-09T10:37:39.834+0000][1156.624s][info ][safepoint     ] Entering safepoint region: Cleanup
[2023-02-09T10:37:39.835+0000][1156.626s][info ][safepoint     ] Leaving safepoint region
[2023-02-09T10:37:39.836+0000][1156.626s][info ][safepoint     ] Total time for which application threads were stopped: 0.0022189 seconds, Stopping threads took: 0.0006557 seconds
[2023-02-09T10:37:40.836+0000][1157.627s][debug][safepoint     ] Safepoint synchronization initiated. (208 threads)
[2023-02-09T10:37:40.838+0000][1157.628s][info ][safepoint     ] Application time: 1.0014636 seconds
[2023-02-09T10:37:40.839+0000][1157.630s][info ][safepoint     ] Entering safepoint region: Cleanup
[2023-02-09T10:37:40.841+0000][1157.632s][info ][safepoint     ] Leaving safepoint region
[2023-02-09T10:37:40.842+0000][1157.633s][info ][safepoint     ] Total time for which application threads were stopped: 0.0034357 seconds, Stopping threads took: 0.0018153 seconds
[2023-02-09T10:37:41.843+0000][1158.633s][debug][safepoint     ] Safepoint synchronization initiated. (208 threads)
[2023-02-09T10:37:41.844+0000][1158.634s][info ][safepoint     ] Application time: 1.0009705 seconds
[2023-02-09T10:37:41.844+0000][1158.635s][info ][safepoint     ] Entering safepoint region: Cleanup
[2023-02-09T10:37:41.846+0000][1158.636s][info ][safepoint     ] Leaving safepoint region
[2023-02-09T10:37:41.847+0000][1158.637s][info ][safepoint     ] Total time for which application threads were stopped: 0.0024151 seconds, Stopping threads took: 0.0007563 seconds
[2023-02-09T10:37:42.847+0000][1159.638s][debug][safepoint     ] Safepoint synchronization initiated. (208 threads)
[2023-02-09T10:37:42.848+0000][1159.639s][info ][safepoint     ] Application time: 1.0010863 seconds
[2023-02-09T10:37:42.849+0000][1159.640s][info ][safepoint     ] Entering safepoint region: Cleanup
[2023-02-09T10:37:42.850+0000][1159.641s][info ][safepoint     ] Leaving safepoint region
[2023-02-09T10:37:42.851+0000][1159.642s][info ][safepoint     ] Total time for which application threads were stopped: 0.0021956 seconds, Stopping threads took: 0.0006594 seconds
[2023-02-09T10:37:43.852+0000][1160.642s][debug][safepoint     ] Safepoint synchronization initiated. (208 threads)
[2023-02-09T10:37:43.853+0000][1160.643s][info ][safepoint     ] Application time: 1.0011517 seconds
[2023-02-09T10:37:43.853+0000][1160.644s][info ][safepoint     ] Entering safepoint region: Cleanup
[2023-02-09T10:37:43.856+0000][1160.646s][info ][safepoint     ] Leaving safepoint region
[2023-02-09T10:37:43.858+0000][1160.648s][info ][safepoint     ] Total time for which application threads were stopped: 0.0043467 seconds, Stopping threads took: 0.0013020 seconds
[2023-02-09T10:37:44.859+0000][1161.650s][debug][safepoint     ] Safepoint synchronization initiated. (208 threads)
[2023-02-09T10:37:44.860+0000][1161.650s][info ][safepoint     ] Application time: 1.0012940 seconds
[2023-02-09T10:37:44.860+0000][1161.651s][info ][safepoint     ] Entering safepoint region: Cleanup
[2023-02-09T10:37:44.862+0000][1161.653s][info ][safepoint     ] Leaving safepoint region
[2023-02-09T10:37:44.863+0000][1161.653s][info ][safepoint     ] Total time for which application threads were stopped: 0.0022357 seconds, Stopping threads took: 0.0006890 seconds
[2023-02-09T10:37:45.863+0000][1162.654s][debug][safepoint     ] Safepoint synchronization initiated. (208 threads)
[2023-02-09T10:37:45.864+0000][1162.655s][info ][safepoint     ] Application time: 1.0010801 seconds
[2023-02-09T10:37:45.865+0000][1162.655s][info ][safepoint     ] Entering safepoint region: Cleanup
[2023-02-09T10:37:45.866+0000][1162.656s][info ][safepoint     ] Leaving safepoint region
[2023-02-09T10:37:45.866+0000][1162.657s][info ][safepoint     ] Total time for which application threads were stopped: 0.0015235 seconds, Stopping threads took: 0.0005759 seconds
[2023-02-09T10:37:46.867+0000][1163.657s][debug][safepoint     ] Safepoint synchronization initiated. (208 threads)
[2023-02-09T10:37:46.867+0000][1163.658s][info ][safepoint     ] Application time: 1.0007783 seconds
[2023-02-09T10:37:46.868+0000][1163.658s][info ][safepoint     ] Entering safepoint region: Cleanup
[2023-02-09T10:37:46.869+0000][1163.660s][info ][safepoint     ] Leaving safepoint region
[2023-02-09T10:37:46.870+0000][1163.660s][info ][safepoint     ] Total time for which application threads were stopped: 0.0020435 seconds, Stopping threads took: 0.0006131 seconds
[2023-02-09T10:37:47.871+0000][1164.661s][debug][safepoint     ] Safepoint synchronization initiated. (208 threads)
[2023-02-09T10:37:47.871+0000][1164.662s][info ][safepoint     ] Application time: 1.0011006 seconds
[2023-02-09T10:37:47.873+0000][1164.663s][debug][safepoint     ] Waiting for 1 thread(s) to block
[2023-02-09T10:37:47.874+0000][1164.664s][info ][safepoint     ] Entering safepoint region: Cleanup
[2023-02-09T10:37:47.876+0000][1164.667s][info ][safepoint     ] Leaving safepoint region
[2023-02-09T10:37:47.877+0000][1164.667s][info ][safepoint     ] Total time for which application threads were stopped: 0.0042073 seconds, Stopping threads took: 0.0021657 seconds
[2023-02-09T10:37:48.877+0000][1165.668s][debug][safepoint     ] Safepoint synchronization initiated. (208 threads)
[2023-02-09T10:37:48.878+0000][1165.669s][info ][safepoint     ] Application time: 1.0012013 seconds
[2023-02-09T10:37:48.878+0000][1165.670s][info ][safepoint     ] Entering safepoint region: Cleanup
[2023-02-09T10:37:48.880+0000][1165.672s][info ][safepoint     ] Leaving safepoint region
[2023-02-09T10:37:48.881+0000][1165.672s][info ][safepoint     ] Total time for which application threads were stopped: 0.0025350 seconds, Stopping threads took: 0.0007251 seconds
[2023-02-09T10:37:49.881+0000][1166.673s][debug][safepoint     ] Safepoint synchronization initiated. (208 threads)
[2023-02-09T10:37:49.882+0000][1166.674s][info ][safepoint     ] Application time: 1.0010732 seconds
[2023-02-09T10:37:49.883+0000][1166.675s][info ][safepoint     ] Entering safepoint region: Cleanup
[2023-02-09T10:37:49.884+0000][1166.676s][info ][safepoint     ] Leaving safepoint region
[2023-02-09T10:37:49.886+0000][1166.677s][info ][safepoint     ] Total time for which application threads were stopped: 0.0026356 seconds, Stopping threads took: 0.0006764 seconds
[2023-02-09T10:37:50.887+0000][1167.679s][debug][safepoint     ] Safepoint synchronization initiated. (208 threads)
[2023-02-09T10:37:50.888+0000][1167.680s][info ][safepoint     ] Application time: 1.0011276 seconds
[2023-02-09T10:37:50.889+0000][1167.680s][info ][safepoint     ] Entering safepoint region: Cleanup
[2023-02-09T10:37:50.891+0000][1167.682s][info ][safepoint     ] Leaving safepoint region
[2023-02-09T10:37:50.892+0000][1167.683s][info ][safepoint     ] Total time for which application threads were stopped: 0.0029207 seconds, Stopping threads took: 0.0009205 seconds
[2023-02-09T10:37:51.893+0000][1168.684s][debug][safepoint     ] Safepoint synchronization initiated. (208 threads)
[2023-02-09T10:37:51.895+0000][1168.686s][info ][safepoint     ] Application time: 1.0021838 seconds
[2023-02-09T10:37:51.896+0000][1168.688s][info ][safepoint     ] Entering safepoint region: Cleanup
[2023-02-09T10:37:51.898+0000][1168.689s][info ][safepoint     ] Leaving safepoint region
[2023-02-09T10:37:51.898+0000][1168.690s][info ][safepoint     ] Total time for which application threads were stopped: 0.0022734 seconds, Stopping threads took: 0.0010753 seconds
[2023-02-09T10:37:52.899+0000][1169.691s][debug][safepoint     ] Safepoint synchronization initiated. (208 threads)
[2023-02-09T10:37:52.899+0000][1169.691s][info ][safepoint     ] Application time: 1.0007264 seconds
[2023-02-09T10:37:52.900+0000][1169.691s][info ][safepoint     ] Entering safepoint region: Cleanup
[2023-02-09T10:37:52.901+0000][1169.693s][info ][safepoint     ] Leaving safepoint region
[2023-02-09T10:37:52.902+0000][1169.693s][info ][safepoint     ] Total time for which application threads were stopped: 0.0018711 seconds, Stopping threads took: 0.0004754 seconds
[2023-02-09T10:37:53.902+0000][1170.694s][debug][safepoint     ] Safepoint synchronization initiated. (211 threads)
[2023-02-09T10:37:53.903+0000][1170.695s][info ][safepoint     ] Application time: 1.0009761 seconds
[2023-02-09T10:37:53.904+0000][1170.695s][info ][safepoint     ] Entering safepoint region: Cleanup
[2023-02-09T10:37:53.906+0000][1170.697s][info ][safepoint     ] Leaving safepoint region
[2023-02-09T10:37:53.906+0000][1170.698s][info ][safepoint     ] Total time for which application threads were stopped: 0.0027354 seconds, Stopping threads took: 0.0008701 seconds
[2023-02-09T10:37:54.907+0000][1171.699s][debug][safepoint     ] Safepoint synchronization initiated. (211 threads)
[2023-02-09T10:37:54.908+0000][1171.699s][info ][safepoint     ] Application time: 1.0009901 seconds
[2023-02-09T10:37:54.908+0000][1171.700s][info ][safepoint     ] Entering safepoint region: Cleanup
[2023-02-09T10:37:54.910+0000][1171.701s][info ][safepoint     ] Leaving safepoint region
[2023-02-09T10:37:54.910+0000][1171.702s][info ][safepoint     ] Total time for which application threads were stopped: 0.0019697 seconds, Stopping threads took: 0.0005647 seconds
[2023-02-09T10:37:55.911+0000][1172.702s][debug][safepoint     ] Safepoint synchronization initiated. (211 threads)
[2023-02-09T10:37:55.911+0000][1172.703s][info ][safepoint     ] Application time: 1.0008425 seconds
[2023-02-09T10:37:55.912+0000][1172.704s][debug][safepoint     ] ... found polling page return exception at pc = 0x00007f0868806d04, stub =0x00007f086085a800
[2023-02-09T10:37:55.914+0000][1172.705s][debug][safepoint     ] Waiting for 1 thread(s) to block
[2023-02-09T10:37:55.914+0000][1172.706s][info ][safepoint     ] Entering safepoint region: Cleanup
[2023-02-09T10:37:55.916+0000][1172.707s][info ][safepoint     ] Leaving safepoint region
[2023-02-09T10:37:55.916+0000][1172.708s][info ][safepoint     ] Total time for which application threads were stopped: 0.0045289 seconds, Stopping threads took: 0.0029791 seconds
[2023-02-09T10:37:56.917+0000][1173.709s][debug][safepoint     ] Safepoint synchronization initiated. (210 threads)
[2023-02-09T10:37:56.918+0000][1173.709s][info ][safepoint     ] Application time: 1.0008734 seconds
[2023-02-09T10:37:56.919+0000][1173.710s][info ][safepoint     ] Entering safepoint region: Cleanup
[2023-02-09T10:37:56.921+0000][1173.712s][info ][safepoint     ] Leaving safepoint region
[2023-02-09T10:37:56.922+0000][1173.713s][info ][safepoint     ] Total time for which application threads were stopped: 0.0028987 seconds, Stopping threads took: 0.0008860 seconds
[2023-02-09T10:37:57.923+0000][1174.714s][debug][safepoint     ] Safepoint synchronization initiated. (209 threads)
[2023-02-09T10:37:57.923+0000][1174.715s][info ][safepoint     ] Application time: 1.0008707 seconds
[2023-02-09T10:37:57.924+0000][1174.716s][info ][safepoint     ] Entering safepoint region: Cleanup
[2023-02-09T10:37:57.927+0000][1174.718s][info ][safepoint     ] Leaving safepoint region
[2023-02-09T10:37:57.927+0000][1174.719s][info ][safepoint     ] Total time for which application threads were stopped: 0.0035902 seconds, Stopping threads took: 0.0010165 seconds
